### PROVENANCE ###############################################
# tag: a_chw_bg_long_noda | started: 2026-08-25T19:56:54+00:00 | host: k8smr-macos-build--graphcast-v3-2600753541-task-0
# git commit: 6b057c3 | gpu: NVIDIA H100 80GB HBM3
# dataset: /data/datasets/multires_krsk_33f
# ckpt md5: 73b5cd394adc2ebef88d97437857cbc2 (эпоха 29)
# COMMAND:
#   python -u scripts/predict.py experiments/multires_krsk_33f_chw --data-dir /data/datasets/multires_krsk_33f --ckpt /data/paper_heavy/krsk_chw_bg_assim.pth --per-channel --no-save --save-sample-metrics /workdir/paper_results/a_chw_bg_long_noda_samples.npz --split test_only --ar-steps 56 --max-samples 200 --region 50 60 83 98
##############################################################

[predict] data_dir=/data/datasets/multires_krsk_33f (chunked=True, pred_steps=56)
[ChunkDataset] склеиваем data.npy (19ch) + data_extra.npy (14ch) → 33ch
[ChunkDataset] train: 12812 samples, flat_nodes=133279, feat=33, obs=2, pred=56
[ChunkDataset] склеиваем data.npy (19ch) + data_extra.npy (14ch) → 33ch
[ChunkDataset] val: 1601 samples, flat_nodes=133279, feat=33, obs=2, pred=56
[ChunkDataset] склеиваем data.npy (19ch) + data_extra.npy (14ch) → 33ch
[ChunkDataset] test_only: 1602 samples, flat_nodes=133279, feat=33, obs=2, pred=56
[graph] уровни меша [4, 6], признаки рёбер: legacy
[processor] InteractionNet: 12 шагов, агрегация 'mean'
Encoder summary: 
+---------------------------+----------------------------+----------------+----------+
| Layer                     | Input Shape                | Output Shape   | #Param   |
|---------------------------+----------------------------+----------------+----------|
| Model                     | [174241, 72], [2, 207099]  | [174241, 256]  | 348,162  |
| ├─(mlp)MLP                |                            | [174241, 256]  | 150,786  |
| │    └─(MLP)ModuleList    | --                         | --             | 150,786  |
| │    │    └─(0)Linear     | [174241, 72]               | [174241, 256]  | 18,688   |
| │    │    └─(1)PReLU      | [174241, 256]              | [174241, 256]  | 1        |
| │    │    └─(2)Linear     | [174241, 256]              | [174241, 256]  | 65,792   |
| │    │    └─(3)PReLU      | [174241, 256]              | [174241, 256]  | 1        |
| │    │    └─(4)Linear     | [174241, 256]              | [174241, 256]  | 65,792   |
| │    │    └─(5)LayerNorm  | [174241, 256]              | [174241, 256]  | 512      |
| ├─(graph_layer)GraphLayer |                            | [174241, 256]  | 197,376  |
| │    └─(activation)SiLU   | [174241, 256]              | [174241, 256]  | --       |
| │    └─(layers)ModuleList | --                         | --             | 197,376  |
| │    │    └─(0)GCNConv    | [174241, 256], [2, 207099] | [174241, 256]  | 65,792   |
| │    │    └─(1)SiLU       | [174241, 256]              | [174241, 256]  | --       |
| │    │    └─(2)GCNConv    | [174241, 256], [2, 207099] | [174241, 256]  | 65,792   |
| │    │    └─(3)SiLU       | --                         | --             | --       |
| │    │    └─(4)GCNConv    | [174241, 256], [2, 207099] | [174241, 256]  | 65,792   |
+---------------------------+----------------------------+----------------+----------+

Processor summary: 
  (summary skipped: Expected all tensors to be on the same device, but found at least two devices, cuda:0 and cpu! (when checking argument for argument mat1 in method wrapper_CUDA_addmm))

Decoder summary: 
+---------------------------+----------------------------+----------------+----------+
| Layer                     | Input Shape                | Output Shape   | #Param   |
|---------------------------+----------------------------+----------------+----------|
| Model                     | [174241, 256], [2, 399837] | [174241, 33]   | 152,483  |
| ├─(mlp)MLP                |                            | [174241, 128]  | 115,202  |
| │    └─(MLP)ModuleList    | --                         | --             | 115,202  |
| │    │    └─(0)Linear     | [174241, 256]              | [174241, 256]  | 65,792   |
| │    │    └─(1)PReLU      | [174241, 256]              | [174241, 256]  | 1        |
| │    │    └─(2)Linear     | [174241, 256]              | [174241, 128]  | 32,896   |
| │    │    └─(3)PReLU      | [174241, 128]              | [174241, 128]  | 1        |
| │    │    └─(4)Linear     | [174241, 128]              | [174241, 128]  | 16,512   |
| ├─(graph_layer)GraphLayer |                            | [174241, 33]   | 37,281   |
| │    └─(activation)SiLU   | [174241, 128]              | [174241, 128]  | --       |
| │    └─(layers)ModuleList | --                         | --             | 37,281   |
| │    │    └─(0)GCNConv    | [174241, 128], [2, 399837] | [174241, 128]  | 16,512   |
| │    │    └─(1)SiLU       | [174241, 128]              | [174241, 128]  | --       |
| │    │    └─(2)GCNConv    | [174241, 128], [2, 399837] | [174241, 128]  | 16,512   |
| │    │    └─(3)SiLU       | --                         | --             | --       |
| │    │    └─(4)GCNConv    | [174241, 128], [2, 399837] | [174241, 33]   | 4,257    |
+---------------------------+----------------------------+----------------+----------+

[AR-rollout] Модель выдаёт 1 шаг(ов), но мы прогоним 56 шагов авторегрессионно.
[static] Каналы [7, 8] — статика, carry-forward при AR
[forcing] Каналы [29, 30, 31, 32] — форсинг (из ground truth при AR)
[predict] device=cuda | grid=0x0 | 200/1602 test samples
[Region] 2501 nodes (--region [50.0,60.0]N x [83.0,98.0]E)
[metrics] Исключены из aggregate метрик: каналы [7, 8, 29, 30, 31, 32] (static+forcing)
[metrics] per-sample MSE будут сохранены в /workdir/paper_results/a_chw_bg_long_noda_samples.npz
[Main] Инференс (200 samples, DA=none)...
  [50/200] RMSE=0.618314 ACC=0.7957
  [100/200] RMSE=0.607778 ACC=0.7967
  [150/200] RMSE=0.603516 ACC=0.7997
  [200/200] RMSE=0.602939 ACC=0.8022
[Save] per-sample metrics → /workdir/paper_results/a_chw_bg_long_noda_samples.npz (N=200, AR=56, C=33)

============================================================
=== Inference summary (200 samples) ===
Grid: 0x0 (G=133279) | C=33 | AR=56 horizons
Overall: MSE=0.363535 | RMSE=0.602939 | MAE=0.318904
Baseline: RMSE=0.831300 | MAE=0.488264
Skill: 27.47%
ACC: 0.8022 | base: 0.6345 | Δ=+0.1676

Per-horizon:
  +06h: RMSE=0.124066 | base=0.353267 | skill=64.88% | ACC=0.9919 (base 0.9355)
  +12h: RMSE=0.155443 | base=0.501430 | skill=69.00% | ACC=0.9873 (base 0.8690)
  +18h: RMSE=0.183110 | base=0.592491 | skill=69.09% | ACC=0.9822 (base 0.8160)
  +24h: RMSE=0.201319 | base=0.651720 | skill=69.11% | ACC=0.9783 (base 0.7767)
  +30h: RMSE=0.216599 | base=0.700992 | skill=69.10% | ACC=0.9747 (base 0.7411)
  +36h: RMSE=0.231283 | base=0.734049 | skill=68.49% | ACC=0.9710 (base 0.7157)
  +42h: RMSE=0.246208 | base=0.756769 | skill=67.47% | ACC=0.9670 (base 0.6975)
  +48h: RMSE=0.261180 | base=0.770750 | skill=66.11% | ACC=0.9628 (base 0.6861)
  +54h: RMSE=0.276811 | base=0.786815 | skill=64.82% | ACC=0.9582 (base 0.6726)
  +60h: RMSE=0.293185 | base=0.797070 | skill=63.22% | ACC=0.9530 (base 0.6639)
  +66h: RMSE=0.310087 | base=0.803549 | skill=61.41% | ACC=0.9473 (base 0.6581)
  +72h: RMSE=0.327554 | base=0.805774 | skill=59.35% | ACC=0.9411 (base 0.6561)
  +78h: RMSE=0.345641 | base=0.811859 | skill=57.43% | ACC=0.9344 (base 0.6506)
  +84h: RMSE=0.364073 | base=0.814022 | skill=55.27% | ACC=0.9271 (base 0.6487)
  +90h: RMSE=0.382905 | base=0.814287 | skill=52.98% | ACC=0.9194 (base 0.6483)
  +96h: RMSE=0.402052 | base=0.813067 | skill=50.55% | ACC=0.9111 (base 0.6494)
  +102h: RMSE=0.421518 | base=0.819458 | skill=48.56% | ACC=0.9022 (base 0.6438)
  +108h: RMSE=0.440937 | base=0.826220 | skill=46.63% | ACC=0.8930 (base 0.6380)
  +114h: RMSE=0.460082 | base=0.833532 | skill=44.80% | ACC=0.8835 (base 0.6315)
  +120h: RMSE=0.478783 | base=0.838668 | skill=42.91% | ACC=0.8738 (base 0.6271)
  +126h: RMSE=0.497017 | base=0.848178 | skill=41.40% | ACC=0.8641 (base 0.6185)
  +132h: RMSE=0.515067 | base=0.853947 | skill=39.68% | ACC=0.8540 (base 0.6134)
  +138h: RMSE=0.532969 | base=0.857172 | skill=37.82% | ACC=0.8437 (base 0.6104)
  +144h: RMSE=0.550417 | base=0.857010 | skill=35.77% | ACC=0.8333 (base 0.6107)
  +150h: RMSE=0.567232 | base=0.860816 | skill=34.11% | ACC=0.8229 (base 0.6071)
  +156h: RMSE=0.583785 | base=0.861687 | skill=32.25% | ACC=0.8124 (base 0.6064)
  +162h: RMSE=0.600289 | base=0.861030 | skill=30.28% | ACC=0.8018 (base 0.6070)
  +168h: RMSE=0.616550 | base=0.858442 | skill=28.18% | ACC=0.7911 (base 0.6095)
  +174h: RMSE=0.632089 | base=0.861150 | skill=26.60% | ACC=0.7806 (base 0.6070)
  +180h: RMSE=0.647000 | base=0.862006 | skill=24.94% | ACC=0.7704 (base 0.6064)
  +186h: RMSE=0.660979 | base=0.862110 | skill=23.33% | ACC=0.7605 (base 0.6063)
  +192h: RMSE=0.673622 | base=0.860414 | skill=21.71% | ACC=0.7515 (base 0.6081)
  +198h: RMSE=0.685338 | base=0.864198 | skill=20.70% | ACC=0.7430 (base 0.6047)
  +204h: RMSE=0.696236 | base=0.866006 | skill=19.60% | ACC=0.7350 (base 0.6032)
  +210h: RMSE=0.706355 | base=0.866899 | skill=18.52% | ACC=0.7274 (base 0.6025)
  +216h: RMSE=0.715894 | base=0.865905 | skill=17.32% | ACC=0.7201 (base 0.6036)
  +222h: RMSE=0.725009 | base=0.870217 | skill=16.69% | ACC=0.7132 (base 0.5996)
  +228h: RMSE=0.733748 | base=0.872731 | skill=15.93% | ACC=0.7066 (base 0.5975)
  +234h: RMSE=0.742096 | base=0.874726 | skill=15.16% | ACC=0.7003 (base 0.5958)
  +240h: RMSE=0.749823 | base=0.874987 | skill=14.30% | ACC=0.6945 (base 0.5957)
  +246h: RMSE=0.756920 | base=0.880083 | skill=13.99% | ACC=0.6891 (base 0.5910)
  +252h: RMSE=0.763009 | base=0.882676 | skill=13.56% | ACC=0.6844 (base 0.5888)
  +258h: RMSE=0.768196 | base=0.883826 | skill=13.08% | ACC=0.6804 (base 0.5877)
  +264h: RMSE=0.772680 | base=0.882353 | skill=12.43% | ACC=0.6769 (base 0.5892)
  +270h: RMSE=0.776712 | base=0.885103 | skill=12.25% | ACC=0.6736 (base 0.5865)
  +276h: RMSE=0.780345 | base=0.884968 | skill=11.82% | ACC=0.6706 (base 0.5866)
  +282h: RMSE=0.783970 | base=0.883161 | skill=11.23% | ACC=0.6676 (base 0.5882)
  +288h: RMSE=0.787397 | base=0.879355 | skill=10.46% | ACC=0.6647 (base 0.5917)
  +294h: RMSE=0.790400 | base=0.881746 | skill=10.36% | ACC=0.6621 (base 0.5893)
  +300h: RMSE=0.793507 | base=0.883536 | skill=10.19% | ACC=0.6594 (base 0.5876)
  +306h: RMSE=0.796940 | base=0.884933 | skill=9.94% | ACC=0.6566 (base 0.5862)
  +312h: RMSE=0.800079 | base=0.883943 | skill=9.49% | ACC=0.6540 (base 0.5871)
  +318h: RMSE=0.802850 | base=0.887324 | skill=9.52% | ACC=0.6519 (base 0.5838)
  +324h: RMSE=0.805312 | base=0.888451 | skill=9.36% | ACC=0.6499 (base 0.5828)
  +330h: RMSE=0.807909 | base=0.888550 | skill=9.08% | ACC=0.6480 (base 0.5827)
  +336h: RMSE=0.810711 | base=0.886160 | skill=8.51% | ACC=0.6460 (base 0.5851)

Per-horizon per-channel RMSE (physical units):
         var   unit      +6h     +12h     +18h     +24h     +30h     +36h     +42h     +48h     +54h     +60h     +66h     +72h     +78h     +84h     +90h     +96h    +102h    +108h    +114h    +120h    +126h    +132h    +138h    +144h    +150h    +156h    +162h    +168h    +174h    +180h    +186h    +192h    +198h    +204h    +210h    +216h    +222h    +228h    +234h    +240h    +246h    +252h    +258h    +264h    +270h    +276h    +282h    +288h    +294h    +300h    +306h    +312h    +318h    +324h    +330h    +336h
         t2m      K    0.74°C    0.89°C    0.97°C    1.04°C    1.13°C    1.20°C    1.26°C    1.32°C    1.39°C    1.46°C    1.53°C    1.60°C    1.68°C    1.77°C    1.85°C    1.94°C    2.03°C    2.13°C    2.23°C    2.33°C    2.43°C    2.52°C    2.62°C    2.71°C    2.81°C    2.90°C    2.99°C    3.08°C    3.17°C    3.26°C    3.35°C    3.43°C    3.51°C    3.59°C    3.67°C    3.74°C    3.81°C    3.88°C    3.94°C    3.99°C    4.05°C    4.10°C    4.14°C    4.19°C    4.23°C    4.27°C    4.31°C    4.34°C    4.37°C    4.39°C    4.41°C    4.44°C    4.46°C    4.47°C    4.49°C    4.51°C
         10u    m/s     0.71     0.85     0.96     1.05     1.15     1.26     1.37     1.49     1.61     1.74     1.87     2.01     2.15     2.30     2.45     2.60     2.75     2.90     3.04     3.18     3.32     3.45     3.58     3.70     3.81     3.92     4.03     4.14     4.24     4.34     4.43     4.52     4.60     4.67     4.75     4.81     4.87     4.93     4.98     5.02     5.05     5.08     5.10     5.12     5.15     5.17     5.20     5.22     5.23     5.25     5.27     5.29     5.30     5.32     5.34     5.36
         10v    m/s     0.72     0.86     0.97     1.07     1.17     1.28     1.39     1.50     1.62     1.75     1.89     2.03     2.17     2.33     2.48     2.64     2.79     2.95     3.10     3.25     3.39     3.53     3.66     3.79     3.91     4.03     4.14     4.25     4.35     4.46     4.56     4.64     4.72     4.79     4.86     4.92     4.98     5.03     5.08     5.13     5.17     5.20     5.23     5.24     5.26     5.27     5.29     5.31     5.32     5.34     5.36     5.39     5.41     5.42     5.44     5.45
         msl    hPa     0.55     0.69     0.83     0.95     1.09     1.24     1.40     1.57     1.77     1.97     2.20     2.44     2.70     2.98     3.27     3.58     3.89     4.22     4.54     4.85     5.16     5.46     5.77     6.07     6.37     6.66     6.95     7.24     7.53     7.82     8.09     8.34     8.58     8.80     9.01     9.20     9.39     9.55     9.70     9.84     9.96    10.05    10.14    10.21    10.29    10.37    10.46    10.55    10.63    10.70    10.76    10.81    10.85    10.89    10.94    10.99
       t@850      K    0.59°C    0.72°C    0.81°C    0.87°C    0.94°C    1.01°C    1.07°C    1.14°C    1.22°C    1.30°C    1.39°C    1.48°C    1.58°C    1.68°C    1.79°C    1.90°C    2.01°C    2.13°C    2.26°C    2.38°C    2.50°C    2.62°C    2.75°C    2.87°C    3.00°C    3.12°C    3.25°C    3.37°C    3.49°C    3.61°C    3.72°C    3.81°C    3.90°C    3.98°C    4.07°C    4.15°C    4.23°C    4.31°C    4.38°C    4.45°C    4.51°C    4.57°C    4.62°C    4.66°C    4.70°C    4.74°C    4.77°C    4.79°C    4.82°C    4.84°C    4.87°C    4.91°C    4.94°C    4.98°C    5.00°C    5.03°C
       u@850    m/s     1.08     1.28     1.44     1.58     1.73     1.87     2.03     2.19     2.36     2.54     2.72     2.92     3.12     3.32     3.53     3.74     3.96     4.18     4.39     4.59     4.79     4.98     5.16     5.33     5.50     5.66     5.83     5.99     6.15     6.29     6.43     6.56     6.68     6.79     6.90     7.00     7.10     7.18     7.26     7.32     7.38     7.43     7.47     7.50     7.54     7.58     7.61     7.65     7.68     7.70     7.73     7.75     7.78     7.81     7.83     7.86
       v@850    m/s     1.09     1.29     1.45     1.59     1.73     1.87     2.02     2.18     2.35     2.53     2.71     2.91     3.12     3.33     3.55     3.77     3.99     4.22     4.43     4.64     4.83     5.02     5.20     5.38     5.55     5.72     5.87     6.02     6.17     6.31     6.44     6.56     6.67     6.76     6.86     6.94     7.03     7.11     7.19     7.26     7.32     7.37     7.41     7.44     7.47     7.49     7.52     7.54     7.55     7.58     7.62     7.65     7.68     7.69     7.71     7.74
       z@850    gpm      3.8      4.7      5.8      6.7      7.8      9.0     10.3     11.6     13.1     14.7     16.4     18.2     20.2     22.2     24.4     26.7     29.1     31.6     34.0     36.4     38.7     41.1     43.5     45.8     48.1     50.4     52.6     54.9     57.2     59.4     61.4     63.3     65.1     66.8     68.4     69.9     71.4     72.7     73.9     75.0     76.0     76.8     77.5     78.1     78.7     79.3     80.0     80.6     81.3     81.8     82.3     82.7     83.1     83.3     83.7     84.1
       z@500    gpm      4.5      5.7      7.1      8.4     10.0     11.7     13.4     15.3     17.4     19.6     22.0     24.5     27.3     30.1     33.1     36.2     39.4     42.7     46.0     49.4     52.8     56.2     59.8     63.3     66.8     70.3     73.8     77.2     80.5     83.6     86.4     89.0     91.5     93.8     96.0     98.3    100.5    102.6    104.6    106.5    108.1    109.6    110.8    111.9    112.8    113.5    114.2    114.9    115.4    116.0    116.5    117.1    117.6    118.1    118.7    119.3

Per-channel metrics overall (physical units, avg over 56 horizons):
    #        var      ACC  RMSE_norm    RMSE_phys     unit
    0        t2m   0.9867     0.1508       3.1863        K  (≈3.19 °C)
    1        10u   0.7137     0.7176       3.9932      m/s
    2        10v   0.5889     0.8553       4.0789      m/s
    3        msl   0.8132     0.5562       7.5282      hPa
    4         tp   0.3898     1.0440       0.0021        m
    5         sp   0.9967     0.0793       7.5642      hPa
    6       tcwv   0.9475     0.3250       5.4076    kg/m²
    7     z_surf   0.9998     0.0000       0.0000      gpm
    8        lsm   1.0000     0.0000       0.0000        -
    9      t@850   0.9710     0.2243       3.4780        K  (≈3.48 °C)
   10      u@850   0.7365     0.7064       5.8231      m/s
   11      v@850   0.5338     0.9221       5.7881      m/s
   12      z@850   0.9085     0.3762      57.3462      gpm
   13      q@850   0.9208     0.3989       0.0016    kg/kg
   14      t@500   0.9692     0.2515       3.2816        K  (≈3.28 °C)
   15      u@500   0.7579     0.6967       8.3789      m/s
   16      v@500   0.5347     0.9405       8.6596      m/s
   17      z@500   0.9694     0.2350      80.9780      gpm
   18      q@500   0.7798     0.6318       0.0007    kg/kg
   19      z@250   0.9814     0.1885     107.0274      gpm
   20      t@250   0.9112     0.3820       3.3087        K  (≈3.31 °C)
   21      u@250   0.7956     0.6444      11.6480      m/s
   22      v@250   0.5645     0.9268      12.4597      m/s
   23      q@250   0.8013     0.6149       0.0000    kg/kg
   24     z@1000   0.8228     0.5298      59.0271      gpm
   25     t@1000   0.9824     0.1833       3.1037        K  (≈3.10 °C)
   26     u@1000   0.7162     0.7169       4.4182      m/s
   27     v@1000   0.5852     0.8621       4.5818      m/s
   28     q@1000   0.9796     0.2042       0.0012    kg/kg
   29   sin_hour   0.2155     0.0000       0.0000        ?
   30   cos_hour   0.2155     0.0000       0.0000        ?
   31    sin_doy   0.0812     0.0000       0.0000        ?
   32    cos_doy   0.2285     0.0000       0.0000        ?

--- Region [50.0,60.0]N x [83.0,98.0]E (2501 nodes) ---
RMSE=0.474678 | base=0.663002 | skill=28.40%
ACC=0.5786 | base=0.3366

  Per-horizon (region):
    +06h: RMSE=0.073080 | base=0.251263 | skill=70.92% | ACC=0.9525 (base 0.8078)
    +12h: RMSE=0.086041 | base=0.377203 | skill=77.19% | ACC=0.9387 (base 0.6451)
    +18h: RMSE=0.095993 | base=0.460143 | skill=79.14% | ACC=0.9293 (base 0.5407)
    +24h: RMSE=0.104648 | base=0.517356 | skill=79.77% | ACC=0.9216 (base 0.4779)
    +30h: RMSE=0.114574 | base=0.560485 | skill=79.56% | ACC=0.9128 (base 0.4330)
    +36h: RMSE=0.124874 | base=0.594986 | skill=79.01% | ACC=0.9038 (base 0.3996)
    +42h: RMSE=0.136221 | base=0.623375 | skill=78.15% | ACC=0.8944 (base 0.3731)
    +48h: RMSE=0.149618 | base=0.646586 | skill=76.86% | ACC=0.8832 (base 0.3491)
    +54h: RMSE=0.165868 | base=0.668853 | skill=75.20% | ACC=0.8701 (base 0.3195)
    +60h: RMSE=0.183035 | base=0.683858 | skill=73.23% | ACC=0.8555 (base 0.2964)
    +66h: RMSE=0.202099 | base=0.695377 | skill=70.94% | ACC=0.8398 (base 0.2839)
    +72h: RMSE=0.221130 | base=0.702140 | skill=68.51% | ACC=0.8231 (base 0.2799)
    +78h: RMSE=0.238925 | base=0.707096 | skill=66.21% | ACC=0.8053 (base 0.2789)
    +84h: RMSE=0.254826 | base=0.709482 | skill=64.08% | ACC=0.7888 (base 0.2810)
    +90h: RMSE=0.270990 | base=0.710787 | skill=61.87% | ACC=0.7713 (base 0.2832)
    +96h: RMSE=0.287603 | base=0.710183 | skill=59.50% | ACC=0.7522 (base 0.2859)
    +102h: RMSE=0.307521 | base=0.706347 | skill=56.46% | ACC=0.7292 (base 0.2948)
    +108h: RMSE=0.328336 | base=0.699409 | skill=53.06% | ACC=0.7072 (base 0.3125)
    +114h: RMSE=0.349241 | base=0.694635 | skill=49.72% | ACC=0.6821 (base 0.3316)
    +120h: RMSE=0.368747 | base=0.690937 | skill=46.63% | ACC=0.6550 (base 0.3424)
    +126h: RMSE=0.386929 | base=0.692337 | skill=44.11% | ACC=0.6301 (base 0.3326)
    +132h: RMSE=0.403884 | base=0.692908 | skill=41.71% | ACC=0.6072 (base 0.3189)
    +138h: RMSE=0.419543 | base=0.690994 | skill=39.28% | ACC=0.5876 (base 0.3103)
    +144h: RMSE=0.435537 | base=0.687156 | skill=36.62% | ACC=0.5721 (base 0.3048)
    +150h: RMSE=0.453318 | base=0.682097 | skill=33.54% | ACC=0.5534 (base 0.2981)
    +156h: RMSE=0.469720 | base=0.671256 | skill=30.02% | ACC=0.5322 (base 0.3030)
    +162h: RMSE=0.482874 | base=0.657541 | skill=26.56% | ACC=0.5113 (base 0.3147)
    +168h: RMSE=0.494953 | base=0.644121 | skill=23.16% | ACC=0.4963 (base 0.3287)
    +174h: RMSE=0.508089 | base=0.638126 | skill=20.38% | ACC=0.4819 (base 0.3345)
    +180h: RMSE=0.522241 | base=0.638114 | skill=18.16% | ACC=0.4733 (base 0.3336)
    +186h: RMSE=0.530650 | base=0.644373 | skill=17.65% | ACC=0.4714 (base 0.3299)
    +192h: RMSE=0.532431 | base=0.649721 | skill=18.05% | ACC=0.4687 (base 0.3264)
    +198h: RMSE=0.533246 | base=0.652601 | skill=18.29% | ACC=0.4628 (base 0.3222)
    +204h: RMSE=0.539385 | base=0.649834 | skill=17.00% | ACC=0.4506 (base 0.3262)
    +210h: RMSE=0.545413 | base=0.644826 | skill=15.42% | ACC=0.4363 (base 0.3351)
    +216h: RMSE=0.550290 | base=0.641761 | skill=14.25% | ACC=0.4259 (base 0.3404)
    +222h: RMSE=0.554358 | base=0.644661 | skill=14.01% | ACC=0.4197 (base 0.3398)
    +228h: RMSE=0.559256 | base=0.651040 | skill=14.10% | ACC=0.4186 (base 0.3329)
    +234h: RMSE=0.565348 | base=0.661963 | skill=14.60% | ACC=0.4169 (base 0.3203)
    +240h: RMSE=0.580199 | base=0.671395 | skill=13.58% | ACC=0.4071 (base 0.3153)
    +246h: RMSE=0.597768 | base=0.681015 | skill=12.22% | ACC=0.3976 (base 0.3089)
    +252h: RMSE=0.606848 | base=0.690167 | skill=12.07% | ACC=0.3928 (base 0.3042)
    +258h: RMSE=0.614257 | base=0.698155 | skill=12.02% | ACC=0.3852 (base 0.3005)
    +264h: RMSE=0.623314 | base=0.703011 | skill=11.34% | ACC=0.3726 (base 0.2972)
    +270h: RMSE=0.632770 | base=0.706980 | skill=10.50% | ACC=0.3665 (base 0.2900)
    +276h: RMSE=0.642846 | base=0.707588 | skill=9.15% | ACC=0.3622 (base 0.2898)
    +282h: RMSE=0.649701 | base=0.706284 | skill=8.01% | ACC=0.3593 (base 0.2949)
    +288h: RMSE=0.653428 | base=0.703027 | skill=7.06% | ACC=0.3647 (base 0.3052)
    +294h: RMSE=0.655697 | base=0.702634 | skill=6.68% | ACC=0.3662 (base 0.3097)
    +300h: RMSE=0.657846 | base=0.704405 | skill=6.61% | ACC=0.3636 (base 0.3080)
    +306h: RMSE=0.652535 | base=0.707758 | skill=7.80% | ACC=0.3667 (base 0.2997)
    +312h: RMSE=0.641579 | base=0.708848 | skill=9.49% | ACC=0.3765 (base 0.2903)
    +318h: RMSE=0.634081 | base=0.708842 | skill=10.55% | ACC=0.3785 (base 0.2821)
    +324h: RMSE=0.635262 | base=0.705357 | skill=9.94% | ACC=0.3727 (base 0.2833)
    +330h: RMSE=0.641818 | base=0.698722 | skill=8.14% | ACC=0.3712 (base 0.2961)
    +336h: RMSE=0.650777 | base=0.692018 | skill=5.96% | ACC=0.3639 (base 0.3062)

  Per-horizon per-channel RMSE — REGION (2501 nodes):
           var   unit      +6h     +12h     +18h     +24h     +30h     +36h     +42h     +48h     +54h     +60h     +66h     +72h     +78h     +84h     +90h     +96h    +102h    +108h    +114h    +120h    +126h    +132h    +138h    +144h    +150h    +156h    +162h    +168h    +174h    +180h    +186h    +192h    +198h    +204h    +210h    +216h    +222h    +228h    +234h    +240h    +246h    +252h    +258h    +264h    +270h    +276h    +282h    +288h    +294h    +300h    +306h    +312h    +318h    +324h    +330h    +336h
           t2m      K    1.24°C    1.52°C    1.64°C    1.72°C    1.84°C    1.93°C    2.01°C    2.10°C    2.23°C    2.36°C    2.50°C    2.66°C    2.85°C    3.03°C    3.20°C    3.37°C    3.56°C    3.80°C    4.06°C    4.33°C    4.64°C    4.95°C    5.21°C    5.44°C    5.63°C    5.78°C    5.99°C    6.19°C    6.28°C    6.46°C    6.69°C    6.76°C    6.78°C    6.92°C    7.17°C    7.41°C    7.62°C    7.80°C    7.89°C    8.00°C    8.15°C    8.37°C    8.60°C    8.85°C    9.06°C    9.26°C    9.44°C    9.50°C    9.55°C    9.63°C    9.69°C    9.75°C    9.87°C    9.98°C    9.96°C    9.94°C
           10u    m/s     0.44     0.52     0.57     0.61     0.65     0.69     0.73     0.78     0.84     0.91     0.97     1.04     1.10     1.14     1.18     1.23     1.31     1.40     1.50     1.58     1.65     1.70     1.74     1.81     1.91     1.98     2.04     2.07     2.09     2.11     2.11     2.10     2.12     2.17     2.24     2.31     2.37     2.41     2.39     2.37     2.38     2.44     2.48     2.48     2.47     2.45     2.47     2.50     2.51     2.52     2.51     2.49     2.50     2.51     2.47     2.49
           10v    m/s     0.43     0.51     0.55     0.58     0.62     0.66     0.69     0.73     0.77     0.81     0.86     0.90     0.96     1.01     1.06     1.11     1.16     1.22     1.28     1.36     1.44     1.53     1.61     1.68     1.74     1.80     1.83     1.81     1.78     1.77     1.76     1.78     1.82     1.87     1.92     1.95     1.97     1.97     1.97     2.00     2.01     1.97     1.97     2.00     2.03     2.06     2.06     2.06     2.07     2.08     2.12     2.16     2.13     2.17     2.23     2.24
           msl    hPa     0.65     0.81     0.98     1.13     1.31     1.49     1.68     1.92     2.17     2.45     2.75     3.06     3.36     3.66     3.96     4.26     4.59     4.98     5.31     5.62     5.94     6.27     6.60     6.86     7.09     7.37     7.65     7.94     8.29     8.73     9.13     9.36     9.52     9.67     9.81     9.90     9.94     9.91     9.85     9.95    10.19    10.28    10.29    10.47    10.64    10.82    11.10    11.40    11.68    11.82    11.75    11.61    11.46    11.39    11.49    11.80
         t@850      K    0.66°C    0.83°C    0.94°C    1.01°C    1.09°C    1.15°C    1.21°C    1.28°C    1.37°C    1.48°C    1.61°C    1.77°C    1.92°C    2.07°C    2.21°C    2.35°C    2.52°C    2.73°C    2.92°C    3.12°C    3.30°C    3.52°C    3.76°C    3.96°C    4.16°C    4.35°C    4.51°C    4.64°C    4.77°C    4.86°C    4.82°C    4.64°C    4.56°C    4.60°C    4.72°C    4.89°C    5.15°C    5.43°C    5.65°C    5.76°C    5.90°C    6.13°C    6.34°C    6.53°C    6.71°C    6.83°C    6.84°C    6.77°C    6.60°C    6.39°C    6.28°C    6.36°C    6.47°C    6.57°C    6.67°C    6.75°C
         u@850    m/s     1.07     1.27     1.41     1.53     1.64     1.76     1.89     2.06     2.24     2.44     2.66     2.87     3.02     3.14     3.28     3.47     3.71     4.00     4.29     4.52     4.65     4.82     5.02     5.27     5.53     5.76     6.01     6.19     6.33     6.47     6.47     6.46     6.52     6.64     6.83     6.98     7.14     7.15     7.15     7.10     7.04     7.04     7.13     7.12     7.09     7.12     7.23     7.35     7.45     7.45     7.43     7.48     7.56     7.51     7.32     7.26
         v@850    m/s     0.97     1.12     1.25     1.34     1.43     1.54     1.66     1.79     1.94     2.09     2.27     2.43     2.60     2.75     2.90     3.07     3.26     3.38     3.51     3.67     3.85     3.96     4.04     4.21     4.41     4.59     4.67     4.69     4.71     4.74     4.70     4.69     4.69     4.76     4.82     4.89     4.95     5.04     5.18     5.45     5.57     5.56     5.62     5.80     5.93     5.97     5.97     5.97     5.84     5.73     5.77     5.68     5.53     5.62     5.89     6.02
         z@850    gpm      3.3      4.2      5.3      6.4      7.8      9.2     10.6     12.4     14.1     16.0     18.0     20.0     21.8     23.6     25.5     27.5     29.6     32.0     34.2     36.2     38.2     40.2     42.3     44.0     45.4     47.6     50.1     52.7     55.5     58.6     61.1     62.7     63.9     65.0     65.9     66.5     66.7     66.9     67.2     68.4     70.2     70.4     69.8     70.4     70.5     70.7     71.4     73.0     74.9     76.7     77.1     76.2     74.1     72.2     71.1     71.7
         z@500    gpm      4.3      5.6      7.1      8.4     10.3     12.3     14.4     16.8     19.7     22.7     25.9     29.1     31.7     34.0     36.4     39.2     42.2     45.9     50.2     54.3     58.0     62.3     67.1     71.5     75.2     79.2     84.0     88.9     93.3     96.4     97.8     98.5     99.4    100.4    102.2    105.0    108.6    112.9    116.5    118.6    120.5    122.0    123.3    124.9    126.0    126.2    125.5    124.2    123.1    123.5    125.2    126.2    126.0    125.4    123.3    120.4

  Per-channel region (physical units, avg over 56 horizons):
      #        var      ACC  RMSE_norm    RMSE_phys     unit
      0        t2m   0.7020     0.3106       6.5639        K  (≈6.56 °C)
      1        10u   0.5582     0.3454       1.9221      m/s
      2        10v   0.5387     0.3446       1.6434      m/s
      3        msl   0.6930     0.5984       8.1002      hPa
      4         tp   0.2613     0.0747       0.0001        m
      5         sp   0.9989     0.0754       7.1942      hPa
      6       tcwv   0.6519     0.1208       2.0095    kg/m²
      7     z_surf   1.0000     0.0000       0.0000      gpm
      8        lsm   1.0000     0.0000       0.0000        -
      9      t@850   0.6470     0.2960       4.5887        K  (≈4.59 °C)
     10      u@850   0.7031     0.6868       5.6614      m/s
     11      v@850   0.5278     0.7015       4.4034      m/s
     12      z@850   0.8633     0.3491      53.2103      gpm
     13      q@850   0.5004     0.1439       0.0006    kg/kg
     14      t@500   0.5657     0.3019       3.9385        K  (≈3.94 °C)
     15      u@500   0.4230     0.7838       9.4270      m/s
     16      v@500   0.4305     1.0159       9.3538      m/s
     17      z@500   0.8026     0.2569      88.5286      gpm
     18      q@500   0.3118     0.1648       0.0002    kg/kg
     19      z@250   0.7661     0.2137     121.3852      gpm
     20      t@250   0.3726     0.3884       3.3637        K  (≈3.36 °C)
     21      u@250   0.4273     0.7238      13.0830      m/s
     22      v@250   0.4117     1.0094      13.5699      m/s
     23      q@250   0.2079     0.0663       0.0000    kg/kg
     24     z@1000   0.7361     0.5290      58.9356      gpm
     25     t@1000   0.7856     0.3394       5.7460        K  (≈5.75 °C)
     26     u@1000   0.5578     0.3041       1.8743      m/s
     27     v@1000   0.5530     0.3139       1.6683      m/s
     28     q@1000   0.6235     0.1027       0.0006    kg/kg
     29   sin_hour   0.0155     0.0000       0.0000        ?
     30   cos_hour   0.0155     0.0000       0.0000        ?
     31    sin_doy   0.0021     0.0000       0.0000        ?
     32    cos_doy   0.0094     0.0000       0.0000        ?
============================================================
