### PROVENANCE ###############################################
# tag: a_chwb_long_oi10 | started: 2026-08-25T05:49:46+00:00 | host: k8smr-macos-build--graphcast-v3-2600753541-task-0
# git commit: 6bba8df | gpu: NVIDIA H100 80GB HBM3
# dataset: /data/datasets/multires_krsk_33f
# ckpt md5: 1ae10134e831b0674245d51be3ba0344 (эпоха 29)
# COMMAND:
#   python -u scripts/predict.py experiments/multires_krsk_33f_chwb --data-dir /data/datasets/multires_krsk_33f --ckpt /data/paper_heavy/krsk_chwb_assim.pth --per-channel --no-save --save-sample-metrics /workdir/paper_results/a_chwb_long_oi10_samples.npz --split test_only --ar-steps 56 --max-samples 200 --region 50 60 83 98 --assim-method oi --obs-sparsity 0.1 --obs-roi-only --obs-seed 42 --oi-corr-len 100000 --oi-sigma-o 0.5
##############################################################

[predict] data_dir=/data/datasets/multires_krsk_33f (chunked=True, pred_steps=56)
[ChunkDataset] склеиваем data.npy (19ch) + data_extra.npy (14ch) → 33ch
[ChunkDataset] train: 12812 samples, flat_nodes=133279, feat=33, obs=2, pred=56
[ChunkDataset] склеиваем data.npy (19ch) + data_extra.npy (14ch) → 33ch
[ChunkDataset] val: 1601 samples, flat_nodes=133279, feat=33, obs=2, pred=56
[ChunkDataset] склеиваем data.npy (19ch) + data_extra.npy (14ch) → 33ch
[ChunkDataset] test_only: 1602 samples, flat_nodes=133279, feat=33, obs=2, pred=56
[graph] уровни меша [4, 6], признаки рёбер: legacy
[processor] InteractionNet: 12 шагов, агрегация 'mean'
Encoder summary: 
+---------------------------+----------------------------+----------------+----------+
| Layer                     | Input Shape                | Output Shape   | #Param   |
|---------------------------+----------------------------+----------------+----------|
| Model                     | [174241, 72], [2, 207099]  | [174241, 256]  | 348,162  |
| ├─(mlp)MLP                |                            | [174241, 256]  | 150,786  |
| │    └─(MLP)ModuleList    | --                         | --             | 150,786  |
| │    │    └─(0)Linear     | [174241, 72]               | [174241, 256]  | 18,688   |
| │    │    └─(1)PReLU      | [174241, 256]              | [174241, 256]  | 1        |
| │    │    └─(2)Linear     | [174241, 256]              | [174241, 256]  | 65,792   |
| │    │    └─(3)PReLU      | [174241, 256]              | [174241, 256]  | 1        |
| │    │    └─(4)Linear     | [174241, 256]              | [174241, 256]  | 65,792   |
| │    │    └─(5)LayerNorm  | [174241, 256]              | [174241, 256]  | 512      |
| ├─(graph_layer)GraphLayer |                            | [174241, 256]  | 197,376  |
| │    └─(activation)SiLU   | [174241, 256]              | [174241, 256]  | --       |
| │    └─(layers)ModuleList | --                         | --             | 197,376  |
| │    │    └─(0)GCNConv    | [174241, 256], [2, 207099] | [174241, 256]  | 65,792   |
| │    │    └─(1)SiLU       | [174241, 256]              | [174241, 256]  | --       |
| │    │    └─(2)GCNConv    | [174241, 256], [2, 207099] | [174241, 256]  | 65,792   |
| │    │    └─(3)SiLU       | --                         | --             | --       |
| │    │    └─(4)GCNConv    | [174241, 256], [2, 207099] | [174241, 256]  | 65,792   |
+---------------------------+----------------------------+----------------+----------+

Processor summary: 
  (summary skipped: Expected all tensors to be on the same device, but found at least two devices, cuda:0 and cpu! (when checking argument for argument mat1 in method wrapper_CUDA_addmm))

Decoder summary: 
+---------------------------+----------------------------+----------------+----------+
| Layer                     | Input Shape                | Output Shape   | #Param   |
|---------------------------+----------------------------+----------------+----------|
| Model                     | [174241, 256], [2, 399837] | [174241, 33]   | 152,483  |
| ├─(mlp)MLP                |                            | [174241, 128]  | 115,202  |
| │    └─(MLP)ModuleList    | --                         | --             | 115,202  |
| │    │    └─(0)Linear     | [174241, 256]              | [174241, 256]  | 65,792   |
| │    │    └─(1)PReLU      | [174241, 256]              | [174241, 256]  | 1        |
| │    │    └─(2)Linear     | [174241, 256]              | [174241, 128]  | 32,896   |
| │    │    └─(3)PReLU      | [174241, 128]              | [174241, 128]  | 1        |
| │    │    └─(4)Linear     | [174241, 128]              | [174241, 128]  | 16,512   |
| ├─(graph_layer)GraphLayer |                            | [174241, 33]   | 37,281   |
| │    └─(activation)SiLU   | [174241, 128]              | [174241, 128]  | --       |
| │    └─(layers)ModuleList | --                         | --             | 37,281   |
| │    │    └─(0)GCNConv    | [174241, 128], [2, 399837] | [174241, 128]  | 16,512   |
| │    │    └─(1)SiLU       | [174241, 128]              | [174241, 128]  | --       |
| │    │    └─(2)GCNConv    | [174241, 128], [2, 399837] | [174241, 128]  | 16,512   |
| │    │    └─(3)SiLU       | --                         | --             | --       |
| │    │    └─(4)GCNConv    | [174241, 128], [2, 399837] | [174241, 33]   | 4,257    |
+---------------------------+----------------------------+----------------+----------+

[AR-rollout] Модель выдаёт 1 шаг(ов), но мы прогоним 56 шагов авторегрессионно.
[static] Каналы [7, 8] — статика, carry-forward при AR
[forcing] Каналы [29, 30, 31, 32] — форсинг (из ground truth при AR)
[predict] device=cuda | grid=0x0 | 200/1602 test samples
[Region] 2501 nodes (--region [50.0,60.0]N x [83.0,98.0]E)
[OI] ROI mode: B matrix 2501×2501 (25 MB)
[Inline-obs] 250 станций (10.0% от 2501 узлов, seed=42)
[metrics] Исключены из aggregate метрик: каналы [7, 8, 29, 30, 31, 32] (static+forcing)
[metrics] per-sample MSE будут сохранены в /workdir/paper_results/a_chwb_long_oi10_samples.npz
[assim] Residual-модель: ОИ применяется пошагово в AR-цикле
[Main] Инференс (200 samples, DA=oi)...
  [50/200] RMSE=0.607233 ACC=0.8013
  [100/200] RMSE=0.597085 ACC=0.8024
  [150/200] RMSE=0.592278 ACC=0.8055
  [200/200] RMSE=0.591854 ACC=0.8079
[Save] per-sample metrics → /workdir/paper_results/a_chwb_long_oi10_samples.npz (N=200, AR=56, C=33)

============================================================
=== Inference summary (200 samples) ===
Grid: 0x0 (G=133279) | C=33 | AR=56 horizons
Overall: MSE=0.350291 | RMSE=0.591854 | MAE=0.310766
Baseline: RMSE=0.831300 | MAE=0.488264
Skill: 28.80%
ACC: 0.8079 | base: 0.6345 | Δ=+0.1733

Per-horizon:
  +06h: RMSE=0.124156 | base=0.353267 | skill=64.85% | ACC=0.9919 (base 0.9355)
  +12h: RMSE=0.155486 | base=0.501430 | skill=68.99% | ACC=0.9873 (base 0.8690)
  +18h: RMSE=0.183034 | base=0.592491 | skill=69.11% | ACC=0.9822 (base 0.8160)
  +24h: RMSE=0.201231 | base=0.651720 | skill=69.12% | ACC=0.9783 (base 0.7767)
  +30h: RMSE=0.216512 | base=0.700992 | skill=69.11% | ACC=0.9747 (base 0.7411)
  +36h: RMSE=0.231150 | base=0.734049 | skill=68.51% | ACC=0.9710 (base 0.7157)
  +42h: RMSE=0.245990 | base=0.756769 | skill=67.49% | ACC=0.9670 (base 0.6975)
  +48h: RMSE=0.260864 | base=0.770750 | skill=66.15% | ACC=0.9628 (base 0.6861)
  +54h: RMSE=0.276337 | base=0.786815 | skill=64.88% | ACC=0.9582 (base 0.6726)
  +60h: RMSE=0.292496 | base=0.797070 | skill=63.30% | ACC=0.9530 (base 0.6639)
  +66h: RMSE=0.309139 | base=0.803549 | skill=61.53% | ACC=0.9474 (base 0.6581)
  +72h: RMSE=0.326303 | base=0.805774 | skill=59.50% | ACC=0.9413 (base 0.6561)
  +78h: RMSE=0.344007 | base=0.811859 | skill=57.63% | ACC=0.9347 (base 0.6506)
  +84h: RMSE=0.362041 | base=0.814022 | skill=55.52% | ACC=0.9276 (base 0.6487)
  +90h: RMSE=0.380463 | base=0.814287 | skill=53.28% | ACC=0.9200 (base 0.6483)
  +96h: RMSE=0.399139 | base=0.813067 | skill=50.91% | ACC=0.9119 (base 0.6494)
  +102h: RMSE=0.417963 | base=0.819458 | skill=49.00% | ACC=0.9033 (base 0.6438)
  +108h: RMSE=0.436644 | base=0.826220 | skill=47.15% | ACC=0.8945 (base 0.6380)
  +114h: RMSE=0.455069 | base=0.833532 | skill=45.40% | ACC=0.8853 (base 0.6315)
  +120h: RMSE=0.473147 | base=0.838668 | skill=43.58% | ACC=0.8760 (base 0.6271)
  +126h: RMSE=0.490803 | base=0.848178 | skill=42.13% | ACC=0.8666 (base 0.6185)
  +132h: RMSE=0.508255 | base=0.853947 | skill=40.48% | ACC=0.8569 (base 0.6134)
  +138h: RMSE=0.525521 | base=0.857172 | skill=38.69% | ACC=0.8471 (base 0.6104)
  +144h: RMSE=0.542291 | base=0.857010 | skill=36.72% | ACC=0.8371 (base 0.6107)
  +150h: RMSE=0.558399 | base=0.860816 | skill=35.13% | ACC=0.8273 (base 0.6071)
  +156h: RMSE=0.574056 | base=0.861687 | skill=33.38% | ACC=0.8175 (base 0.6064)
  +162h: RMSE=0.589614 | base=0.861030 | skill=31.52% | ACC=0.8075 (base 0.6070)
  +168h: RMSE=0.605102 | base=0.858442 | skill=29.51% | ACC=0.7975 (base 0.6095)
  +174h: RMSE=0.620079 | base=0.861150 | skill=27.99% | ACC=0.7876 (base 0.6070)
  +180h: RMSE=0.634365 | base=0.862006 | skill=26.41% | ACC=0.7779 (base 0.6064)
  +186h: RMSE=0.647806 | base=0.862110 | skill=24.86% | ACC=0.7686 (base 0.6063)
  +192h: RMSE=0.660204 | base=0.860414 | skill=23.27% | ACC=0.7599 (base 0.6081)
  +198h: RMSE=0.671735 | base=0.864198 | skill=22.27% | ACC=0.7517 (base 0.6047)
  +204h: RMSE=0.682495 | base=0.866006 | skill=21.19% | ACC=0.7439 (base 0.6032)
  +210h: RMSE=0.692699 | base=0.866899 | skill=20.09% | ACC=0.7363 (base 0.6025)
  +216h: RMSE=0.702252 | base=0.865905 | skill=18.90% | ACC=0.7291 (base 0.6036)
  +222h: RMSE=0.711138 | base=0.870217 | skill=18.28% | ACC=0.7224 (base 0.5996)
  +228h: RMSE=0.719511 | base=0.872731 | skill=17.56% | ACC=0.7160 (base 0.5975)
  +234h: RMSE=0.727470 | base=0.874726 | skill=16.83% | ACC=0.7098 (base 0.5958)
  +240h: RMSE=0.734694 | base=0.874987 | skill=16.03% | ACC=0.7042 (base 0.5957)
  +246h: RMSE=0.741196 | base=0.880083 | skill=15.78% | ACC=0.6991 (base 0.5910)
  +252h: RMSE=0.747162 | base=0.882676 | skill=15.35% | ACC=0.6945 (base 0.5888)
  +258h: RMSE=0.752426 | base=0.883826 | skill=14.87% | ACC=0.6904 (base 0.5877)
  +264h: RMSE=0.756934 | base=0.882353 | skill=14.21% | ACC=0.6868 (base 0.5892)
  +270h: RMSE=0.760613 | base=0.885103 | skill=14.07% | ACC=0.6839 (base 0.5865)
  +276h: RMSE=0.763574 | base=0.884968 | skill=13.72% | ACC=0.6815 (base 0.5866)
  +282h: RMSE=0.766414 | base=0.883161 | skill=13.22% | ACC=0.6793 (base 0.5882)
  +288h: RMSE=0.769417 | base=0.879355 | skill=12.50% | ACC=0.6769 (base 0.5917)
  +294h: RMSE=0.772668 | base=0.881746 | skill=12.37% | ACC=0.6742 (base 0.5893)
  +300h: RMSE=0.776143 | base=0.883536 | skill=12.15% | ACC=0.6712 (base 0.5876)
  +306h: RMSE=0.779764 | base=0.884933 | skill=11.88% | ACC=0.6681 (base 0.5862)
  +312h: RMSE=0.783145 | base=0.883943 | skill=11.40% | ACC=0.6653 (base 0.5871)
  +318h: RMSE=0.786416 | base=0.887324 | skill=11.37% | ACC=0.6626 (base 0.5838)
  +324h: RMSE=0.789519 | base=0.888451 | skill=11.14% | ACC=0.6601 (base 0.5828)
  +330h: RMSE=0.792479 | base=0.888550 | skill=10.81% | ACC=0.6576 (base 0.5827)
  +336h: RMSE=0.795221 | base=0.886160 | skill=10.26% | ACC=0.6554 (base 0.5851)

Per-horizon per-channel RMSE (physical units):
         var   unit      +6h     +12h     +18h     +24h     +30h     +36h     +42h     +48h     +54h     +60h     +66h     +72h     +78h     +84h     +90h     +96h    +102h    +108h    +114h    +120h    +126h    +132h    +138h    +144h    +150h    +156h    +162h    +168h    +174h    +180h    +186h    +192h    +198h    +204h    +210h    +216h    +222h    +228h    +234h    +240h    +246h    +252h    +258h    +264h    +270h    +276h    +282h    +288h    +294h    +300h    +306h    +312h    +318h    +324h    +330h    +336h
         t2m      K    0.71°C    0.85°C    0.93°C    0.99°C    1.08°C    1.15°C    1.20°C    1.26°C    1.33°C    1.40°C    1.46°C    1.53°C    1.61°C    1.69°C    1.77°C    1.86°C    1.95°C    2.04°C    2.13°C    2.22°C    2.30°C    2.39°C    2.48°C    2.57°C    2.66°C    2.74°C    2.83°C    2.92°C    3.01°C    3.09°C    3.17°C    3.25°C    3.32°C    3.40°C    3.46°C    3.53°C    3.59°C    3.65°C    3.70°C    3.76°C    3.81°C    3.85°C    3.89°C    3.93°C    3.97°C    4.00°C    4.03°C    4.06°C    4.08°C    4.11°C    4.13°C    4.15°C    4.17°C    4.18°C    4.20°C    4.22°C
         10u    m/s     0.70     0.84     0.95     1.04     1.15     1.25     1.36     1.48     1.60     1.73     1.86     2.00     2.14     2.29     2.44     2.59     2.73     2.88     3.02     3.15     3.28     3.41     3.54     3.66     3.77     3.88     3.98     4.08     4.18     4.27     4.37     4.45     4.54     4.62     4.70     4.77     4.82     4.87     4.92     4.96     4.99     5.02     5.04     5.07     5.09     5.11     5.13     5.14     5.16     5.19     5.21     5.23     5.25     5.27     5.29     5.30
         10v    m/s     0.71     0.85     0.96     1.06     1.16     1.27     1.38     1.50     1.62     1.75     1.88     2.02     2.17     2.32     2.47     2.63     2.78     2.94     3.09     3.24     3.37     3.51     3.64     3.76     3.88     3.98     4.08     4.19     4.29     4.40     4.50     4.58     4.66     4.72     4.79     4.84     4.90     4.95     5.00     5.04     5.08     5.13     5.16     5.19     5.21     5.22     5.22     5.24     5.25     5.28     5.30     5.32     5.34     5.36     5.38     5.39
         msl    hPa     0.54     0.67     0.81     0.93     1.07     1.22     1.38     1.55     1.74     1.94     2.16     2.40     2.65     2.93     3.21     3.51     3.81     4.12     4.43     4.73     5.02     5.32     5.61     5.90     6.19     6.47     6.76     7.04     7.33     7.60     7.86     8.10     8.32     8.54     8.74     8.93     9.11     9.28     9.43     9.56     9.66     9.76     9.84     9.92    10.00    10.07    10.15    10.23    10.32    10.40    10.49    10.56    10.63    10.69    10.74    10.80
       t@850      K    0.59°C    0.72°C    0.81°C    0.87°C    0.94°C    1.01°C    1.07°C    1.14°C    1.22°C    1.29°C    1.38°C    1.47°C    1.57°C    1.67°C    1.77°C    1.88°C    1.99°C    2.10°C    2.22°C    2.33°C    2.45°C    2.56°C    2.68°C    2.80°C    2.92°C    3.04°C    3.16°C    3.28°C    3.39°C    3.50°C    3.61°C    3.70°C    3.79°C    3.87°C    3.94°C    4.01°C    4.08°C    4.16°C    4.23°C    4.30°C    4.36°C    4.41°C    4.46°C    4.50°C    4.54°C    4.58°C    4.61°C    4.64°C    4.66°C    4.69°C    4.72°C    4.75°C    4.77°C    4.80°C    4.82°C    4.85°C
       u@850    m/s     1.08     1.28     1.44     1.58     1.72     1.87     2.02     2.18     2.35     2.52     2.70     2.89     3.09     3.29     3.50     3.70     3.91     4.11     4.31     4.51     4.70     4.88     5.06     5.23     5.39     5.55     5.70     5.86     6.01     6.15     6.29     6.41     6.54     6.66     6.77     6.87     6.95     7.03     7.11     7.17     7.22     7.26     7.31     7.35     7.39     7.42     7.44     7.47     7.50     7.54     7.57     7.60     7.63     7.65     7.68     7.70
       v@850    m/s     1.09     1.29     1.45     1.59     1.72     1.87     2.02     2.18     2.34     2.52     2.70     2.90     3.10     3.31     3.52     3.74     3.96     4.17     4.38     4.58     4.77     4.95     5.13     5.31     5.47     5.62     5.76     5.90     6.05     6.18     6.31     6.42     6.52     6.61     6.71     6.79     6.88     6.96     7.03     7.10     7.16     7.22     7.26     7.30     7.32     7.32     7.33     7.34     7.37     7.40     7.44     7.48     7.52     7.55     7.58     7.60
       z@850    gpm      3.8      4.7      5.7      6.7      7.8      8.9     10.2     11.5     12.9     14.5     16.2     18.0     19.9     22.0     24.1     26.3     28.7     31.0     33.3     35.6     37.9     40.2     42.5     44.8     47.0     49.2     51.4     53.7     55.9     57.9     59.9     61.7     63.4     65.0     66.6     68.1     69.6     70.9     72.2     73.2     74.1     74.9     75.6     76.2     76.7     77.3     77.8     78.4     79.1     79.7     80.4     81.0     81.6     82.1     82.6     83.1
       z@500    gpm      4.4      5.7      7.0      8.4      9.9     11.6     13.3     15.2     17.2     19.4     21.8     24.3     26.9     29.8     32.7     35.7     38.8     42.1     45.3     48.5     51.8     55.1     58.5     61.9     65.3     68.6     71.9     75.1     78.2     81.2     83.9     86.5     88.8     91.0     93.2     95.4     97.6     99.8    101.8    103.7    105.3    106.6    107.8    108.7    109.5    110.1    110.7    111.3    111.9    112.6    113.2    113.9    114.6    115.4    116.2    117.1

Per-channel metrics overall (physical units, avg over 56 horizons):
    #        var      ACC  RMSE_norm    RMSE_phys     unit
    0        t2m   0.9883     0.1419       2.9993        K  (≈3.00 °C)
    1        10u   0.7192     0.7096       3.9485      m/s
    2        10v   0.5969     0.8451       4.0300      m/s
    3        msl   0.8221     0.5415       7.3292      hPa
    4         tp   0.3931     1.0337       0.0020        m
    5         sp   0.9968     0.0778       7.4224      hPa
    6       tcwv   0.9491     0.3201       5.3251    kg/m²
    7     z_surf   0.9998     0.0000       0.0000      gpm
    8        lsm   1.0000     0.0000       0.0000        -
    9      t@850   0.9730     0.2174       3.3710        K  (≈3.37 °C)
   10      u@850   0.7446     0.6923       5.7072      m/s
   11      v@850   0.5478     0.9041       5.6752      m/s
   12      z@850   0.9114     0.3676      56.0383      gpm
   13      q@850   0.9229     0.3938       0.0016    kg/kg
   14      t@500   0.9711     0.2446       3.1917        K  (≈3.19 °C)
   15      u@500   0.7678     0.6786       8.1609      m/s
   16      v@500   0.5561     0.9140       8.4157      m/s
   17      z@500   0.9710     0.2288      78.8336      gpm
   18      q@500   0.7828     0.6252       0.0007    kg/kg
   19      z@250   0.9824     0.1841     104.5659      gpm
   20      t@250   0.9148     0.3737       3.2366        K  (≈3.24 °C)
   21      u@250   0.8040     0.6284      11.3578      m/s
   22      v@250   0.5836     0.9031      12.1405      m/s
   23      q@250   0.8036     0.6062       0.0000    kg/kg
   24     z@1000   0.8301     0.5168      57.5773      gpm
   25     t@1000   0.9842     0.1744       2.9523        K  (≈2.95 °C)
   26     u@1000   0.7213     0.7093       4.3716      m/s
   27     v@1000   0.5937     0.8510       4.5228      m/s
   28     q@1000   0.9803     0.2008       0.0012    kg/kg
   29   sin_hour   0.2155     0.0000       0.0000        ?
   30   cos_hour   0.2155     0.0000       0.0000        ?
   31    sin_doy   0.0812     0.0000       0.0000        ?
   32    cos_doy   0.2285     0.0000       0.0000        ?

--- Region [50.0,60.0]N x [83.0,98.0]E (2501 nodes) ---
RMSE=0.121169 | base=0.663002 | skill=81.72%
ACC=0.9069 | base=0.3366

  Per-horizon (region):
    +06h: RMSE=0.048243 | base=0.251263 | skill=80.80% | ACC=0.9779 (base 0.8078)
    +12h: RMSE=0.056647 | base=0.377203 | skill=84.98% | ACC=0.9729 (base 0.6451)
    +18h: RMSE=0.060838 | base=0.460143 | skill=86.78% | ACC=0.9702 (base 0.5407)
    +24h: RMSE=0.063679 | base=0.517356 | skill=87.69% | ACC=0.9683 (base 0.4779)
    +30h: RMSE=0.066578 | base=0.560485 | skill=88.12% | ACC=0.9659 (base 0.4330)
    +36h: RMSE=0.068811 | base=0.594986 | skill=88.43% | ACC=0.9642 (base 0.3996)
    +42h: RMSE=0.070662 | base=0.623375 | skill=88.66% | ACC=0.9627 (base 0.3731)
    +48h: RMSE=0.072344 | base=0.646586 | skill=88.81% | ACC=0.9614 (base 0.3491)
    +54h: RMSE=0.074361 | base=0.668853 | skill=88.88% | ACC=0.9598 (base 0.3195)
    +60h: RMSE=0.076330 | base=0.683858 | skill=88.84% | ACC=0.9582 (base 0.2964)
    +66h: RMSE=0.078214 | base=0.695377 | skill=88.75% | ACC=0.9569 (base 0.2839)
    +72h: RMSE=0.080217 | base=0.702140 | skill=88.58% | ACC=0.9555 (base 0.2799)
    +78h: RMSE=0.082421 | base=0.707096 | skill=88.34% | ACC=0.9534 (base 0.2789)
    +84h: RMSE=0.084424 | base=0.709482 | skill=88.10% | ACC=0.9514 (base 0.2810)
    +90h: RMSE=0.086412 | base=0.710787 | skill=87.84% | ACC=0.9493 (base 0.2832)
    +96h: RMSE=0.087950 | base=0.710183 | skill=87.62% | ACC=0.9475 (base 0.2859)
    +102h: RMSE=0.090475 | base=0.706347 | skill=87.19% | ACC=0.9452 (base 0.2948)
    +108h: RMSE=0.093262 | base=0.699409 | skill=86.67% | ACC=0.9424 (base 0.3125)
    +114h: RMSE=0.096341 | base=0.694635 | skill=86.13% | ACC=0.9393 (base 0.3316)
    +120h: RMSE=0.099211 | base=0.690937 | skill=85.64% | ACC=0.9363 (base 0.3424)
    +126h: RMSE=0.101585 | base=0.692337 | skill=85.33% | ACC=0.9331 (base 0.3326)
    +132h: RMSE=0.103605 | base=0.692908 | skill=85.05% | ACC=0.9299 (base 0.3189)
    +138h: RMSE=0.107083 | base=0.690994 | skill=84.50% | ACC=0.9261 (base 0.3103)
    +144h: RMSE=0.110126 | base=0.687156 | skill=83.97% | ACC=0.9221 (base 0.3048)
    +150h: RMSE=0.113076 | base=0.682097 | skill=83.42% | ACC=0.9185 (base 0.2981)
    +156h: RMSE=0.115811 | base=0.671256 | skill=82.75% | ACC=0.9155 (base 0.3030)
    +162h: RMSE=0.117918 | base=0.657541 | skill=82.07% | ACC=0.9129 (base 0.3147)
    +168h: RMSE=0.120070 | base=0.644121 | skill=81.36% | ACC=0.9101 (base 0.3287)
    +174h: RMSE=0.121918 | base=0.638126 | skill=80.89% | ACC=0.9071 (base 0.3345)
    +180h: RMSE=0.123317 | base=0.638114 | skill=80.67% | ACC=0.9048 (base 0.3336)
    +186h: RMSE=0.124921 | base=0.644373 | skill=80.61% | ACC=0.9019 (base 0.3299)
    +192h: RMSE=0.125942 | base=0.649721 | skill=80.62% | ACC=0.8994 (base 0.3264)
    +198h: RMSE=0.126748 | base=0.652601 | skill=80.58% | ACC=0.8972 (base 0.3222)
    +204h: RMSE=0.128737 | base=0.649834 | skill=80.19% | ACC=0.8940 (base 0.3262)
    +210h: RMSE=0.130764 | base=0.644826 | skill=79.72% | ACC=0.8906 (base 0.3351)
    +216h: RMSE=0.132010 | base=0.641761 | skill=79.43% | ACC=0.8879 (base 0.3404)
    +222h: RMSE=0.133347 | base=0.644661 | skill=79.32% | ACC=0.8854 (base 0.3398)
    +228h: RMSE=0.136122 | base=0.651040 | skill=79.09% | ACC=0.8825 (base 0.3329)
    +234h: RMSE=0.138750 | base=0.661963 | skill=79.04% | ACC=0.8792 (base 0.3203)
    +240h: RMSE=0.141892 | base=0.671395 | skill=78.87% | ACC=0.8752 (base 0.3153)
    +246h: RMSE=0.145323 | base=0.681015 | skill=78.66% | ACC=0.8706 (base 0.3089)
    +252h: RMSE=0.147640 | base=0.690167 | skill=78.61% | ACC=0.8662 (base 0.3042)
    +258h: RMSE=0.149951 | base=0.698155 | skill=78.52% | ACC=0.8622 (base 0.3005)
    +264h: RMSE=0.152813 | base=0.703011 | skill=78.26% | ACC=0.8579 (base 0.2972)
    +270h: RMSE=0.155281 | base=0.706980 | skill=78.04% | ACC=0.8540 (base 0.2900)
    +276h: RMSE=0.157221 | base=0.707588 | skill=77.78% | ACC=0.8512 (base 0.2898)
    +282h: RMSE=0.158148 | base=0.706284 | skill=77.61% | ACC=0.8485 (base 0.2949)
    +288h: RMSE=0.158784 | base=0.703027 | skill=77.41% | ACC=0.8472 (base 0.3052)
    +294h: RMSE=0.159334 | base=0.702634 | skill=77.32% | ACC=0.8459 (base 0.3097)
    +300h: RMSE=0.160121 | base=0.704405 | skill=77.27% | ACC=0.8440 (base 0.3080)
    +306h: RMSE=0.161455 | base=0.707758 | skill=77.19% | ACC=0.8422 (base 0.2997)
    +312h: RMSE=0.162064 | base=0.708848 | skill=77.14% | ACC=0.8395 (base 0.2903)
    +318h: RMSE=0.162325 | base=0.708842 | skill=77.10% | ACC=0.8373 (base 0.2821)
    +324h: RMSE=0.162554 | base=0.705357 | skill=76.95% | ACC=0.8360 (base 0.2833)
    +330h: RMSE=0.162697 | base=0.698722 | skill=76.72% | ACC=0.8364 (base 0.2961)
    +336h: RMSE=0.162749 | base=0.692018 | skill=76.48% | ACC=0.8364 (base 0.3062)

  Per-horizon per-channel RMSE — REGION (2501 nodes):
           var   unit      +6h     +12h     +18h     +24h     +30h     +36h     +42h     +48h     +54h     +60h     +66h     +72h     +78h     +84h     +90h     +96h    +102h    +108h    +114h    +120h    +126h    +132h    +138h    +144h    +150h    +156h    +162h    +168h    +174h    +180h    +186h    +192h    +198h    +204h    +210h    +216h    +222h    +228h    +234h    +240h    +246h    +252h    +258h    +264h    +270h    +276h    +282h    +288h    +294h    +300h    +306h    +312h    +318h    +324h    +330h    +336h
           t2m      K    0.79°C    0.96°C    1.02°C    1.06°C    1.13°C    1.17°C    1.19°C    1.20°C    1.23°C    1.25°C    1.27°C    1.28°C    1.30°C    1.32°C    1.34°C    1.35°C    1.36°C    1.38°C    1.40°C    1.42°C    1.44°C    1.46°C    1.48°C    1.51°C    1.53°C    1.55°C    1.56°C    1.58°C    1.59°C    1.60°C    1.62°C    1.63°C    1.65°C    1.68°C    1.71°C    1.73°C    1.76°C    1.79°C    1.81°C    1.85°C    1.88°C    1.92°C    1.96°C    2.00°C    2.03°C    2.07°C    2.10°C    2.14°C    2.18°C    2.21°C    2.24°C    2.26°C    2.29°C    2.32°C    2.34°C    2.36°C
           10u    m/s     0.34     0.40     0.44     0.45     0.48     0.50     0.52     0.53     0.54     0.56     0.56     0.57     0.59     0.60     0.61     0.62     0.63     0.64     0.65     0.66     0.66     0.67     0.68     0.69     0.70     0.71     0.72     0.72     0.72     0.73     0.73     0.73     0.73     0.74     0.75     0.76     0.76     0.77     0.77     0.78     0.78     0.79     0.79     0.79     0.79     0.80     0.80     0.80     0.80     0.80     0.81     0.81     0.82     0.82     0.82     0.82
           10v    m/s     0.33     0.40     0.44     0.46     0.50     0.52     0.54     0.55     0.57     0.59     0.60     0.61     0.63     0.65     0.66     0.67     0.68     0.69     0.71     0.72     0.73     0.74     0.75     0.76     0.77     0.78     0.78     0.78     0.79     0.79     0.79     0.79     0.80     0.81     0.81     0.82     0.82     0.83     0.83     0.84     0.84     0.84     0.85     0.85     0.85     0.85     0.86     0.86     0.86     0.87     0.87     0.87     0.87     0.87     0.87     0.88
           msl    hPa     0.46     0.58     0.66     0.72     0.78     0.82     0.86     0.89     0.93     0.96     1.00     1.04     1.07     1.11     1.14     1.17     1.21     1.26     1.31     1.36     1.41     1.47     1.55     1.62     1.70     1.77     1.83     1.90     1.96     2.02     2.09     2.15     2.22     2.29     2.36     2.42     2.47     2.52     2.56     2.60     2.63     2.67     2.71     2.75     2.79     2.83     2.86     2.90     2.94     2.99     3.03     3.06     3.09     3.11     3.12     3.13
         t@850      K    0.45°C    0.57°C    0.65°C    0.69°C    0.73°C    0.76°C    0.78°C    0.79°C    0.81°C    0.82°C    0.83°C    0.85°C    0.86°C    0.88°C    0.89°C    0.91°C    0.92°C    0.94°C    0.96°C    0.97°C    0.99°C    1.02°C    1.04°C    1.06°C    1.09°C    1.12°C    1.15°C    1.18°C    1.21°C    1.24°C    1.26°C    1.28°C    1.31°C    1.33°C    1.36°C    1.39°C    1.43°C    1.46°C    1.49°C    1.51°C    1.55°C    1.58°C    1.62°C    1.66°C    1.70°C    1.74°C    1.78°C    1.80°C    1.83°C    1.85°C    1.86°C    1.89°C    1.91°C    1.93°C    1.94°C    1.95°C
         u@850    m/s     0.71     0.85     0.93     0.98     1.03     1.06     1.09     1.11     1.13     1.16     1.18     1.20     1.22     1.24     1.26     1.27     1.29     1.30     1.33     1.34     1.37     1.38     1.41     1.43     1.46     1.49     1.51     1.52     1.52     1.52     1.53     1.53     1.54     1.57     1.59     1.61     1.63     1.64     1.66     1.67     1.67     1.68     1.68     1.68     1.69     1.69     1.69     1.71     1.70     1.69     1.71     1.72     1.73     1.74     1.73     1.72
         v@850    m/s     0.64     0.76     0.83     0.87     0.91     0.94     0.97     0.99     1.01     1.03     1.05     1.07     1.09     1.10     1.12     1.13     1.15     1.17     1.20     1.22     1.25     1.26     1.29     1.31     1.33     1.35     1.36     1.36     1.37     1.39     1.41     1.41     1.43     1.46     1.47     1.48     1.50     1.52     1.54     1.57     1.58     1.61     1.63     1.65     1.67     1.68     1.68     1.67     1.67     1.67     1.70     1.69     1.69     1.68     1.67     1.65
         z@850    gpm      1.6      2.4      2.9      3.3      3.7      4.0      4.3      4.6      4.8      5.1      5.4      5.7      6.0      6.3      6.5      6.8      7.1      7.5      7.9      8.3      8.8      9.3      9.9     10.6     11.2     11.8     12.4     13.0     13.6     14.1     14.7     15.3     15.8     16.5     17.1     17.6     18.1     18.5     19.0     19.4     19.8     20.2     20.6     21.0     21.3     21.6     21.9     22.2     22.5     22.8     23.2     23.5     23.7     23.8     23.8     23.9
         z@500    gpm      2.7      3.7      4.3      4.9      5.3      5.8      6.1      6.5      6.8      7.2      7.6      8.0      8.5      8.9      9.3      9.8     10.2     10.7     11.4     12.2     13.0     13.8     14.7     15.8     17.0     18.2     19.4     20.5     21.4     22.3     23.1     23.9     24.6     25.4     26.1     27.1     28.1     29.1     30.0     31.0     32.1     33.1     34.0     34.9     35.9     36.8     37.5     38.0     38.5     38.8     39.3     39.7     40.1     40.4     40.6     40.8

  Per-channel region (physical units, avg over 56 horizons):
      #        var      ACC  RMSE_norm    RMSE_phys     unit
      0        t2m   0.9519     0.0793       1.6765        K  (≈1.68 °C)
      1        10u   0.8900     0.1246       0.6932      m/s
      2        10v   0.8353     0.1565       0.7465      m/s
      3        msl   0.9111     0.1537       2.0807      hPa
      4         tp   0.5876     0.0540       0.0001        m
      5         sp   0.9995     0.0228       2.1716      hPa
      6       tcwv   0.9528     0.0272       0.4527    kg/m²
      7     z_surf   1.0000     0.0000       0.0000      gpm
      8        lsm   1.0000     0.0000       0.0000        -
      9      t@850   0.9161     0.0845       1.3099        K  (≈1.31 °C)
     10      u@850   0.9551     0.1773       1.4614      m/s
     11      v@850   0.9191     0.2178       1.3668      m/s
     12      z@850   0.9320     0.0995      15.1637      gpm
     13      q@850   0.9236     0.0396       0.0002    kg/kg
     14      t@500   0.9154     0.0715       0.9325        K  (≈0.93 °C)
     15      u@500   0.9378     0.1575       1.8939      m/s
     16      v@500   0.9287     0.2227       2.0507      m/s
     17      z@500   0.9218     0.0719      24.7774      gpm
     18      q@500   0.9247     0.0382       0.0000    kg/kg
     19      z@250   0.9103     0.0611      34.7027      gpm
     20      t@250   0.9101     0.0771       0.6677        K  (≈0.67 °C)
     21      u@250   0.9319     0.1423       2.5725      m/s
     22      v@250   0.9219     0.2140       2.8766      m/s
     23      q@250   0.8915     0.0173       0.0000    kg/kg
     24     z@1000   0.9143     0.1420      15.8151      gpm
     25     t@1000   0.9500     0.0879       1.4883        K  (≈1.49 °C)
     26     u@1000   0.8823     0.1170       0.7212      m/s
     27     v@1000   0.8447     0.1427       0.7583      m/s
     28     q@1000   0.9274     0.0274       0.0002    kg/kg
     29   sin_hour   0.0155     0.0000       0.0000        ?
     30   cos_hour   0.0155     0.0000       0.0000        ?
     31    sin_doy   0.0021     0.0000       0.0000        ?
     32    cos_doy   0.0094     0.0000       0.0000        ?
============================================================
