[23.08 19:15:09] === ВЕСА КАНАЛОВ С УПОРОМ НА ПУБЛИКУЕМЫЕ (множитель 4) ПОВЕРХ W=30 ===
[23.08 19:15:09] считаю веса каналов по невязке за 6 ч, множитель 4 на t2m/10u/10v/msl/z@500
[23.08 19:15:58] веса rc=0
множитель 4 применён к каналам: t2m, 10u, 10v, msl, z@500
пять каналов из таблиц статьи: было 14.0 %, стало 45.8 %
самый тяжёлый канал: было 25.0 %, стало 10.2 %
[prep] конфиг experiments/multires_krsk_33f_chwb/config.json: вес области 30, весов каналов 27, эпох 8, AR=4, темп 7.5e-05 cosine
[prep] схема принята: roi_loss_weight=30, каналов с весом 27
[23.08 19:15:59] коммит: 9ea16e5
[23.08 19:15:59] START обучения multires_krsk_33f_chwb (8 эпох, AR=4, темп 7.5e-5 с косинусом до нуля) 
[24.08 17:08:15] DONE обучение rc=0
[Train] channel_loss_weights applied to 27 channels: {0: 16.809806171174007, 1: 1.692879408074381, 2: 1.0154310678349328, 3: 6.674543945030837, 4: 0.07783177219008693, 5: 25.0, 6: 2.53136298140184, 9: 6.156932613558256, 10: 0.49220397300621543, 11: 0.22438450749880998, 12: 4.062411518716806, 13: 1.0, 14: 5.783204112559783, 15: 0.6026696232349457, 16: 0.24404051323761372, 17: 25.0, 18: 0.4677543167015452, 19: 21.533109545939812, 20: 2.076827235465716, 21: 0.7655367186340315, 22: 0.29157735644215566, 23: 0.3702735194655446, 24: 1.7557141021850682, 25: 5.545507886067602, 26: 0.44155590423767055, 27: 0.26096490966389685, 28: 4.610582405043909}
[prep] последняя эпоха 8
[24.08 17:08:17] START оценки по области
[24.08 17:44:37] DONE оценка rc=0 | агрегат по области skill=74.39%
           t2m      K    1.14°C    1.32°C    1.37°C    1.42°C
           msl    hPa     0.62     0.77     0.91     1.03
[24.08 17:44:37] контроль roiw30: агрегат 74.85 %, t2m 1.23/1.43/1.47/1.53 °C
[24.08 17:44:37] контроль chw (чистое выравнивание): агрегат 74.55 %, t2m 1.18/1.36/1.40/1.46 °C
[24.08 17:44:37] === ALL DONE ===
