[28.08 20:52:14] === НОЧНОЙ ПРОГОН: окрестность станции, 12 узлов ===
[28.08 20:52:14] шаг 1: корпус с окрестностью (около 2,5 часов)
[29.08 01:11:11] шаг 1 готов: /data/postproc/corpus_krsk_2016_2020_nb12.parquet (495M)
[29.08 01:11:11] шаг 2: признаки-наблюдения
  obs_v10_anom: заполнено  76.3 %

добавлено признаков: 34 — obs_lag_age_h, obs_t2m_lag0, obs_t2m_lag6, obs_t2m_lag12, obs_t2m_lag24, obs_t2m_tend24, err_t2m_lag0, err_t2m_lag6, err_t2m_lag12, err_t2m_lag24, err_t2m_lag_mean, obs_t2m_anom, obs_u10_lag0, obs_u10_lag6, obs_u10_lag12, obs_u10_lag24, obs_u10_tend24, err_u10_lag0, err_u10_lag6, err_u10_lag12, err_u10_lag24, err_u10_lag_mean, obs_u10_anom, obs_v10_lag0, obs_v10_lag6, obs_v10_lag12, obs_v10_lag24, obs_v10_tend24, err_v10_lag0, err_v10_lag6, err_v10_lag12, err_v10_lag24, err_v10_lag_mean, obs_v10_anom
записано /data/postproc/corpus_krsk_lags2_nb12.parquet: 3,083,614 строк, 95 столбцов
[29.08 01:11:45] шаг 3: базовые линии
только полные наблюдения: 3,083,614 -> 2,388,455 строк (выборка нейронного постпроцессора)
=== t2m, °C ===
                     сырой прогноз    2.978    2.113   -0.470      0.0%
                 станция×месяц×час    2.521    1.808   -0.139     15.4%
   таблица + регрессия (42 призн.)    2.498    1.800   -0.160     16.1%
  по срокам, лучший способ — таблица + регрессия (42 призн.):
=== 10u, м/с ===
                     сырой прогноз    1.740    1.357   +0.375      0.0%
                 станция×месяц×час    1.635    1.255   +0.128      6.0%
   таблица + регрессия (42 призн.)    1.445    1.084   +0.066     17.0%
=== 10v, м/с ===
                     сырой прогноз    1.585    1.222   +0.233      0.0%
                 станция×месяц×час    1.467    1.120   +0.026      7.4%
   таблица + регрессия (42 призн.)    1.259    0.937   -0.016     20.6%
  по срокам, лучший способ — таблица + регрессия (42 призн.):
[29.08 01:12:13] шаг 4: деление по годам
  train: 1,848,824 строк -> /data/postproc/nb12_train.parquet
  val: 616,554 строк -> /data/postproc/nb12_val.parquet
  test: 618,236 строк -> /data/postproc/nb12_test.parquet
[29.08 01:12:24] шаг 5: обучение, 20 эпох
[cfg] num_stations=71  features=26
[dataset] признаков-наблюдений добавлено: 34
[dataset] добавлен признак dz_station
[dataset] добавлен признак dz_lapse
[dataset] добавлен признак nb_t2m_dev
[dataset] добавлен признак nb_t2m_mean
[dataset] добавлен признак nb_t2m_std
[dataset] добавлен признак nb_u10_dev
[dataset] добавлен признак nb_u10_mean
[dataset] добавлен признак nb_u10_std
[dataset] добавлен признак nb_v10_dev
[dataset] добавлен признак nb_v10_mean
[dataset] добавлен признак nb_v10_std
[dataset] добавлен признак nb_z_surf_range
[dataset] добавлен признак nb_z_surf_std
[dataset] пропусков в признаках: 5,792,039 (5.60%) — заменены средним
[cfg] признаков: 26 -> 73 (датасет дополнил список)
[dataset] пропусков в признаках: 1,899,185 (5.36%) — заменены средним
[model] StationLeadBiasResidualMLP params=110,456  (station_emb=32 hidden=[192, 192, 128] bias_head=Embedding(71,3))
[ep 001] train loss=4.8836 val loss=4.5337 val rmse_t2m=2.401°C val bias_t2m=+0.024°C val vec_rmse_wind=1.721m/s
[ep 002] train loss=4.3200 val loss=4.3921 val rmse_t2m=2.364°C val bias_t2m=+0.008°C val vec_rmse_wind=1.692m/s
[ep 003] train loss=4.2124 val loss=4.3529 val rmse_t2m=2.336°C val bias_t2m=+0.081°C val vec_rmse_wind=1.688m/s
[ep 004] train loss=4.1219 val loss=4.3304 val rmse_t2m=2.334°C val bias_t2m=+0.051°C val vec_rmse_wind=1.683m/s
[ep 005] train loss=4.0833 val loss=4.3142 val rmse_t2m=2.328°C val bias_t2m=-0.004°C val vec_rmse_wind=1.680m/s
[ep 006] train loss=4.0391 val loss=4.2873 val rmse_t2m=2.319°C val bias_t2m=-0.051°C val vec_rmse_wind=1.674m/s
[ep 007] train loss=4.0233 val loss=4.2961 val rmse_t2m=2.330°C val bias_t2m=-0.034°C val vec_rmse_wind=1.675m/s
[ep 008] train loss=4.0001 val loss=4.2906 val rmse_t2m=2.333°C val bias_t2m=-0.032°C val vec_rmse_wind=1.672m/s
[ep 009] train loss=3.9793 val loss=4.2807 val rmse_t2m=2.322°C val bias_t2m=+0.002°C val vec_rmse_wind=1.673m/s
[ep 010] train loss=3.9544 val loss=4.2777 val rmse_t2m=2.317°C val bias_t2m=+0.001°C val vec_rmse_wind=1.673m/s
[ep 011] train loss=3.9431 val loss=4.2720 val rmse_t2m=2.317°C val bias_t2m=-0.011°C val vec_rmse_wind=1.671m/s
[ep 012] train loss=3.9232 val loss=4.2768 val rmse_t2m=2.318°C val bias_t2m=-0.002°C val vec_rmse_wind=1.672m/s
[ep 013] train loss=3.9242 val loss=4.2711 val rmse_t2m=2.319°C val bias_t2m=-0.005°C val vec_rmse_wind=1.671m/s
[ep 014] train loss=3.9089 val loss=4.2697 val rmse_t2m=2.318°C val bias_t2m=-0.006°C val vec_rmse_wind=1.671m/s
[ep 015] train loss=3.8966 val loss=4.2620 val rmse_t2m=2.312°C val bias_t2m=+0.012°C val vec_rmse_wind=1.670m/s
[ep 016] train loss=3.9015 val loss=4.2629 val rmse_t2m=2.313°C val bias_t2m=+0.034°C val vec_rmse_wind=1.670m/s
[ep 017] train loss=3.8891 val loss=4.2640 val rmse_t2m=2.316°C val bias_t2m=-0.017°C val vec_rmse_wind=1.670m/s
[ep 018] train loss=3.8834 val loss=4.2636 val rmse_t2m=2.314°C val bias_t2m=+0.010°C val vec_rmse_wind=1.670m/s
[ep 019] train loss=3.8901 val loss=4.2609 val rmse_t2m=2.314°C val bias_t2m=-0.007°C val vec_rmse_wind=1.669m/s
[ep 020] train loss=3.8735 val loss=4.2607 val rmse_t2m=2.314°C val bias_t2m=-0.003°C val vec_rmse_wind=1.669m/s
Done: {'best_val_combined': 3.9817229462444574, 'epochs_run': 20}
[29.08 01:24:02] шаг 6: проверка на 2020
[eval] модель: StationLeadBiasResidualMLP
Overall: t2m RMSE=2.271°C, wind vec=1.710m/s
[учёт] neural_postproc_krsk_nb12: t2m 2.271 (23.8 %), ветер 1.710 (27.3 %) -> postproc_runs.md
[29.08 01:24:24] шаг 7: разбор по станциям
[eval] модель: StationLeadBiasResidualMLP
Saved: experiments/neural_postproc_krsk_nb12/eval_stations/eval_per_station_krsk.json
Saved: experiments/neural_postproc_krsk_nb12/eval_stations/eval_per_station_krsk.md
Stations in box: 71 / 50; region n=485,888
Region pp T2m RMSE = 2.271°C (GNN 2.978°C)
Region pp wind vec-RMSE = 1.710m/s (GNN 2.353m/s)
[29.08 01:24:47] === ALL DONE ===
[29.08 01:24:47] сравнивать с: без окрестности t2m 2,297 / ветер 1,727; лучшая таблица 2,498 / 1,916
