[21.08 10:14:40] === ВЕС ОБЛАСТИ В ЛОССЕ: W=100 ===
[21.08 10:14:40] подготовка окружения и датасета
[21.08 10:34:31] === ВЕС ОБЛАСТИ В ЛОССЕ: W=100 ===
[21.08 10:34:31] подготовка окружения и датасета
[21.08 10:48:14] подготовка rc=0
[21.08 10:48:14] собираю региональный датасет (часы CPU)
[21.08 11:09:26] сборка rc=0 размер 56G
[prep] конфиг experiments/multires_krsk_33f_roiw100/config.json: roi_loss_weight=100, эпох 8, AR=4, темп 7.5e-05 cosine
[prep] схема принята, roi_loss_weight=100
[prep] стартуем с эпохи 29
[21.08 11:09:28] коммит: 9011921
[21.08 11:09:28] START обучения multires_krsk_33f_roiw100 (8 эпох, AR=4, темп 7.5e-5 с косинусом до нуля) 
[22.08 09:10:29] DONE обучение rc=0
[Train] roi_loss_weight=100 → 2501/133279 узлов области, их доля в целевой функции 65.7 % (при весе 1 было 1.9 %)
[prep] последняя эпоха 8
[22.08 09:10:30] START оценки по области (last) --ckpt /data/paper_heavy/krsk_roiw100_last.pth
[22.08 09:45:53] DONE оценка last rc=0 | агрегат по области skill=74.80%
           t2m      K    1.23°C    1.42°C    1.46°C    1.52°C
           msl    hPa     0.64     0.80     0.94     1.06
[22.08 09:45:53] START оценки по области (best) --ckpt experiments/multires_krsk_33f_roiw100/best_model.pth
[22.08 10:20:49] DONE оценка best rc=0 | агрегат по области skill=74.80%
           t2m      K    1.23°C    1.42°C    1.46°C    1.52°C
           msl    hPa     0.64     0.80     0.94     1.06
[22.08 10:20:49] контроль W=1 (drop8): агрегат 73.81 %, t2m 1.31/1.52/1.56/1.62 °C
[22.08 10:20:49] === ALL DONE ===
