[13.08 12:57:46] === V5 EXT: +15 эпох с косинусным спадом ===
[13.08 12:57:46] состояние перенесено из wb2_512x256_33f_ar_v5_24h
[prep] продолжаем с эпохи 30 | AR = 3 | лучшее 0.08065
[13.08 12:57:47] коммит: 054f51f
[13.08 12:57:47] ВНИМАНИЕ: незакоммиченные изменения
[13.08 12:57:47] START обучения wb2_512x256_33f_ar_v5_24h_ext (45 эпох, косинус, возобновление)
[14.08 21:33:57] DONE обучение rc=0
[14.08 21:33:57] START оценки (5 шагов = +24…+120 ч)
[14.08 21:39:30] DONE оценка rc=0
  +24h: RMSE=0.246696 | base=0.674021 | skill=63.40% | ACC=0.9677 (base 0.7768)
  +48h: RMSE=0.303593 | base=0.792872 | skill=61.71% | ACC=0.9507 (base 0.6933)
  +72h: RMSE=0.363391 | base=0.827039 | skill=56.06% | ACC=0.9288 (base 0.6675)
  +96h: RMSE=0.425111 | base=0.847717 | skill=49.85% | ACC=0.9022 (base 0.6517)
  +120h: RMSE=0.487087 | base=0.859044 | skill=43.30% | ACC=0.8712 (base 0.6428)
[14.08 21:39:30] --- С ЧЕМ СРАВНИВАТЬ (успешность, 200 сроков) ---
[14.08 21:39:30]   +72 ч:  v3 46.4 %   v5 51.8 %
[14.08 21:39:30]   +96 ч:  v3 35.9 %   v5 45.2 %
[14.08 21:39:30]   +120 ч: v3 26.0 %   v5 38.5 %
[14.08 21:39:30] t2m на +120 ч: v3 2.97 °C, v5 2.69 °C
[14.08 21:39:30] === ALL DONE ===
