### PROVENANCE ###############################################
# tag: a_chwb_long_oi1 | started: 2026-08-25T09:27:43+00:00 | host: k8smr-macos-build--graphcast-v3-2600753541-task-0
# git commit: 6bba8df | gpu: NVIDIA H100 80GB HBM3
# dataset: /data/datasets/multires_krsk_33f
# ckpt md5: 1ae10134e831b0674245d51be3ba0344 (эпоха 29)
# COMMAND:
#   python -u scripts/predict.py experiments/multires_krsk_33f_chwb --data-dir /data/datasets/multires_krsk_33f --ckpt /data/paper_heavy/krsk_chwb_assim.pth --per-channel --no-save --save-sample-metrics /workdir/paper_results/a_chwb_long_oi1_samples.npz --split test_only --ar-steps 56 --max-samples 200 --region 50 60 83 98 --assim-method oi --obs-sparsity 0.01 --obs-roi-only --obs-seed 42 --oi-corr-len 200000 --oi-sigma-o 0.5
##############################################################

[predict] data_dir=/data/datasets/multires_krsk_33f (chunked=True, pred_steps=56)
[ChunkDataset] склеиваем data.npy (19ch) + data_extra.npy (14ch) → 33ch
[ChunkDataset] train: 12812 samples, flat_nodes=133279, feat=33, obs=2, pred=56
[ChunkDataset] склеиваем data.npy (19ch) + data_extra.npy (14ch) → 33ch
[ChunkDataset] val: 1601 samples, flat_nodes=133279, feat=33, obs=2, pred=56
[ChunkDataset] склеиваем data.npy (19ch) + data_extra.npy (14ch) → 33ch
[ChunkDataset] test_only: 1602 samples, flat_nodes=133279, feat=33, obs=2, pred=56
[graph] уровни меша [4, 6], признаки рёбер: legacy
[processor] InteractionNet: 12 шагов, агрегация 'mean'
Encoder summary: 
+---------------------------+----------------------------+----------------+----------+
| Layer                     | Input Shape                | Output Shape   | #Param   |
|---------------------------+----------------------------+----------------+----------|
| Model                     | [174241, 72], [2, 207099]  | [174241, 256]  | 348,162  |
| ├─(mlp)MLP                |                            | [174241, 256]  | 150,786  |
| │    └─(MLP)ModuleList    | --                         | --             | 150,786  |
| │    │    └─(0)Linear     | [174241, 72]               | [174241, 256]  | 18,688   |
| │    │    └─(1)PReLU      | [174241, 256]              | [174241, 256]  | 1        |
| │    │    └─(2)Linear     | [174241, 256]              | [174241, 256]  | 65,792   |
| │    │    └─(3)PReLU      | [174241, 256]              | [174241, 256]  | 1        |
| │    │    └─(4)Linear     | [174241, 256]              | [174241, 256]  | 65,792   |
| │    │    └─(5)LayerNorm  | [174241, 256]              | [174241, 256]  | 512      |
| ├─(graph_layer)GraphLayer |                            | [174241, 256]  | 197,376  |
| │    └─(activation)SiLU   | [174241, 256]              | [174241, 256]  | --       |
| │    └─(layers)ModuleList | --                         | --             | 197,376  |
| │    │    └─(0)GCNConv    | [174241, 256], [2, 207099] | [174241, 256]  | 65,792   |
| │    │    └─(1)SiLU       | [174241, 256]              | [174241, 256]  | --       |
| │    │    └─(2)GCNConv    | [174241, 256], [2, 207099] | [174241, 256]  | 65,792   |
| │    │    └─(3)SiLU       | --                         | --             | --       |
| │    │    └─(4)GCNConv    | [174241, 256], [2, 207099] | [174241, 256]  | 65,792   |
+---------------------------+----------------------------+----------------+----------+

Processor summary: 
  (summary skipped: Expected all tensors to be on the same device, but found at least two devices, cuda:0 and cpu! (when checking argument for argument mat1 in method wrapper_CUDA_addmm))

Decoder summary: 
+---------------------------+----------------------------+----------------+----------+
| Layer                     | Input Shape                | Output Shape   | #Param   |
|---------------------------+----------------------------+----------------+----------|
| Model                     | [174241, 256], [2, 399837] | [174241, 33]   | 152,483  |
| ├─(mlp)MLP                |                            | [174241, 128]  | 115,202  |
| │    └─(MLP)ModuleList    | --                         | --             | 115,202  |
| │    │    └─(0)Linear     | [174241, 256]              | [174241, 256]  | 65,792   |
| │    │    └─(1)PReLU      | [174241, 256]              | [174241, 256]  | 1        |
| │    │    └─(2)Linear     | [174241, 256]              | [174241, 128]  | 32,896   |
| │    │    └─(3)PReLU      | [174241, 128]              | [174241, 128]  | 1        |
| │    │    └─(4)Linear     | [174241, 128]              | [174241, 128]  | 16,512   |
| ├─(graph_layer)GraphLayer |                            | [174241, 33]   | 37,281   |
| │    └─(activation)SiLU   | [174241, 128]              | [174241, 128]  | --       |
| │    └─(layers)ModuleList | --                         | --             | 37,281   |
| │    │    └─(0)GCNConv    | [174241, 128], [2, 399837] | [174241, 128]  | 16,512   |
| │    │    └─(1)SiLU       | [174241, 128]              | [174241, 128]  | --       |
| │    │    └─(2)GCNConv    | [174241, 128], [2, 399837] | [174241, 128]  | 16,512   |
| │    │    └─(3)SiLU       | --                         | --             | --       |
| │    │    └─(4)GCNConv    | [174241, 128], [2, 399837] | [174241, 33]   | 4,257    |
+---------------------------+----------------------------+----------------+----------+

[AR-rollout] Модель выдаёт 1 шаг(ов), но мы прогоним 56 шагов авторегрессионно.
[static] Каналы [7, 8] — статика, carry-forward при AR
[forcing] Каналы [29, 30, 31, 32] — форсинг (из ground truth при AR)
[predict] device=cuda | grid=0x0 | 200/1602 test samples
[Region] 2501 nodes (--region [50.0,60.0]N x [83.0,98.0]E)
[OI] ROI mode: B matrix 2501×2501 (25 MB)
[Inline-obs] 25 станций (1.0% от 2501 узлов, seed=42)
[metrics] Исключены из aggregate метрик: каналы [7, 8, 29, 30, 31, 32] (static+forcing)
[metrics] per-sample MSE будут сохранены в /workdir/paper_results/a_chwb_long_oi1_samples.npz
[assim] Residual-модель: ОИ применяется пошагово в AR-цикле
[Main] Инференс (200 samples, DA=oi)...
  [50/200] RMSE=0.608041 ACC=0.8007
  [100/200] RMSE=0.598590 ACC=0.8013
  [150/200] RMSE=0.593619 ACC=0.8045
  [200/200] RMSE=0.593076 ACC=0.8070
[Save] per-sample metrics → /workdir/paper_results/a_chwb_long_oi1_samples.npz (N=200, AR=56, C=33)

============================================================
=== Inference summary (200 samples) ===
Grid: 0x0 (G=133279) | C=33 | AR=56 horizons
Overall: MSE=0.351740 | RMSE=0.593076 | MAE=0.311996
Baseline: RMSE=0.831300 | MAE=0.488264
Skill: 28.66%
ACC: 0.8070 | base: 0.6345 | Δ=+0.1724

Per-horizon:
  +06h: RMSE=0.124329 | base=0.353267 | skill=64.81% | ACC=0.9919 (base 0.9355)
  +12h: RMSE=0.155664 | base=0.501430 | skill=68.96% | ACC=0.9873 (base 0.8690)
  +18h: RMSE=0.183209 | base=0.592491 | skill=69.08% | ACC=0.9822 (base 0.8160)
  +24h: RMSE=0.201407 | base=0.651720 | skill=69.10% | ACC=0.9782 (base 0.7767)
  +30h: RMSE=0.216692 | base=0.700992 | skill=69.09% | ACC=0.9746 (base 0.7411)
  +36h: RMSE=0.231335 | base=0.734049 | skill=68.49% | ACC=0.9709 (base 0.7157)
  +42h: RMSE=0.246182 | base=0.756769 | skill=67.47% | ACC=0.9670 (base 0.6975)
  +48h: RMSE=0.261065 | base=0.770750 | skill=66.13% | ACC=0.9627 (base 0.6861)
  +54h: RMSE=0.276549 | base=0.786815 | skill=64.85% | ACC=0.9581 (base 0.6726)
  +60h: RMSE=0.292721 | base=0.797070 | skill=63.28% | ACC=0.9529 (base 0.6639)
  +66h: RMSE=0.309384 | base=0.803549 | skill=61.50% | ACC=0.9473 (base 0.6581)
  +72h: RMSE=0.326570 | base=0.805774 | skill=59.47% | ACC=0.9412 (base 0.6561)
  +78h: RMSE=0.344303 | base=0.811859 | skill=57.59% | ACC=0.9346 (base 0.6506)
  +84h: RMSE=0.362362 | base=0.814022 | skill=55.48% | ACC=0.9274 (base 0.6487)
  +90h: RMSE=0.380811 | base=0.814287 | skill=53.23% | ACC=0.9198 (base 0.6483)
  +96h: RMSE=0.399520 | base=0.813067 | skill=50.86% | ACC=0.9117 (base 0.6494)
  +102h: RMSE=0.418388 | base=0.819458 | skill=48.94% | ACC=0.9031 (base 0.6438)
  +108h: RMSE=0.437128 | base=0.826220 | skill=47.09% | ACC=0.8942 (base 0.6380)
  +114h: RMSE=0.455636 | base=0.833532 | skill=45.34% | ACC=0.8850 (base 0.6315)
  +120h: RMSE=0.473806 | base=0.838668 | skill=43.51% | ACC=0.8757 (base 0.6271)
  +126h: RMSE=0.491540 | base=0.848178 | skill=42.05% | ACC=0.8662 (base 0.6185)
  +132h: RMSE=0.509066 | base=0.853947 | skill=40.39% | ACC=0.8565 (base 0.6134)
  +138h: RMSE=0.526405 | base=0.857172 | skill=38.59% | ACC=0.8465 (base 0.6104)
  +144h: RMSE=0.543265 | base=0.857010 | skill=36.61% | ACC=0.8365 (base 0.6107)
  +150h: RMSE=0.559474 | base=0.860816 | skill=35.01% | ACC=0.8266 (base 0.6071)
  +156h: RMSE=0.575253 | base=0.861687 | skill=33.24% | ACC=0.8166 (base 0.6064)
  +162h: RMSE=0.590929 | base=0.861030 | skill=31.37% | ACC=0.8066 (base 0.6070)
  +168h: RMSE=0.606480 | base=0.858442 | skill=29.35% | ACC=0.7964 (base 0.6095)
  +174h: RMSE=0.621499 | base=0.861150 | skill=27.83% | ACC=0.7865 (base 0.6070)
  +180h: RMSE=0.635817 | base=0.862006 | skill=26.24% | ACC=0.7767 (base 0.6064)
  +186h: RMSE=0.649297 | base=0.862110 | skill=24.69% | ACC=0.7674 (base 0.6063)
  +192h: RMSE=0.661711 | base=0.860414 | skill=23.09% | ACC=0.7586 (base 0.6081)
  +198h: RMSE=0.673251 | base=0.864198 | skill=22.10% | ACC=0.7504 (base 0.6047)
  +204h: RMSE=0.684011 | base=0.866006 | skill=21.02% | ACC=0.7425 (base 0.6032)
  +210h: RMSE=0.694201 | base=0.866899 | skill=19.92% | ACC=0.7350 (base 0.6025)
  +216h: RMSE=0.703760 | base=0.865905 | skill=18.73% | ACC=0.7278 (base 0.6036)
  +222h: RMSE=0.712675 | base=0.870217 | skill=18.10% | ACC=0.7210 (base 0.5996)
  +228h: RMSE=0.721047 | base=0.872731 | skill=17.38% | ACC=0.7145 (base 0.5975)
  +234h: RMSE=0.728941 | base=0.874726 | skill=16.67% | ACC=0.7084 (base 0.5958)
  +240h: RMSE=0.736095 | base=0.874987 | skill=15.87% | ACC=0.7028 (base 0.5957)
  +246h: RMSE=0.742630 | base=0.880083 | skill=15.62% | ACC=0.6977 (base 0.5910)
  +252h: RMSE=0.748713 | base=0.882676 | skill=15.18% | ACC=0.6930 (base 0.5888)
  +258h: RMSE=0.754041 | base=0.883826 | skill=14.68% | ACC=0.6888 (base 0.5877)
  +264h: RMSE=0.758579 | base=0.882353 | skill=14.03% | ACC=0.6853 (base 0.5892)
  +270h: RMSE=0.762282 | base=0.885103 | skill=13.88% | ACC=0.6823 (base 0.5865)
  +276h: RMSE=0.765456 | base=0.884968 | skill=13.50% | ACC=0.6797 (base 0.5866)
  +282h: RMSE=0.768575 | base=0.883161 | skill=12.97% | ACC=0.6773 (base 0.5882)
  +288h: RMSE=0.771695 | base=0.879355 | skill=12.24% | ACC=0.6748 (base 0.5917)
  +294h: RMSE=0.774790 | base=0.881746 | skill=12.13% | ACC=0.6722 (base 0.5893)
  +300h: RMSE=0.777875 | base=0.883536 | skill=11.96% | ACC=0.6696 (base 0.5876)
  +306h: RMSE=0.781282 | base=0.884933 | skill=11.71% | ACC=0.6667 (base 0.5862)
  +312h: RMSE=0.784634 | base=0.883943 | skill=11.23% | ACC=0.6639 (base 0.5871)
  +318h: RMSE=0.787925 | base=0.887324 | skill=11.20% | ACC=0.6612 (base 0.5838)
  +324h: RMSE=0.791287 | base=0.888451 | skill=10.94% | ACC=0.6584 (base 0.5828)
  +330h: RMSE=0.794329 | base=0.888550 | skill=10.60% | ACC=0.6559 (base 0.5827)
  +336h: RMSE=0.796997 | base=0.886160 | skill=10.06% | ACC=0.6538 (base 0.5851)

Per-horizon per-channel RMSE (physical units):
         var   unit      +6h     +12h     +18h     +24h     +30h     +36h     +42h     +48h     +54h     +60h     +66h     +72h     +78h     +84h     +90h     +96h    +102h    +108h    +114h    +120h    +126h    +132h    +138h    +144h    +150h    +156h    +162h    +168h    +174h    +180h    +186h    +192h    +198h    +204h    +210h    +216h    +222h    +228h    +234h    +240h    +246h    +252h    +258h    +264h    +270h    +276h    +282h    +288h    +294h    +300h    +306h    +312h    +318h    +324h    +330h    +336h
         t2m      K    0.71°C    0.86°C    0.94°C    1.00°C    1.09°C    1.16°C    1.22°C    1.27°C    1.34°C    1.41°C    1.47°C    1.54°C    1.62°C    1.70°C    1.78°C    1.87°C    1.96°C    2.05°C    2.14°C    2.23°C    2.32°C    2.41°C    2.50°C    2.59°C    2.67°C    2.76°C    2.85°C    2.94°C    3.03°C    3.11°C    3.19°C    3.27°C    3.35°C    3.42°C    3.49°C    3.55°C    3.62°C    3.67°C    3.73°C    3.78°C    3.83°C    3.88°C    3.92°C    3.96°C    4.00°C    4.03°C    4.05°C    4.08°C    4.10°C    4.13°C    4.15°C    4.17°C    4.19°C    4.21°C    4.22°C    4.24°C
         10u    m/s     0.70     0.84     0.95     1.04     1.15     1.25     1.37     1.48     1.60     1.73     1.87     2.00     2.15     2.29     2.44     2.59     2.74     2.88     3.02     3.16     3.29     3.42     3.54     3.66     3.78     3.88     3.99     4.09     4.19     4.28     4.38     4.46     4.55     4.63     4.71     4.78     4.83     4.88     4.93     4.97     5.00     5.03     5.05     5.08     5.10     5.12     5.14     5.16     5.18     5.19     5.21     5.24     5.26     5.28     5.29     5.31
         10v    m/s     0.71     0.85     0.96     1.06     1.17     1.27     1.38     1.50     1.62     1.75     1.89     2.03     2.17     2.32     2.48     2.63     2.79     2.94     3.09     3.24     3.38     3.51     3.64     3.77     3.88     3.99     4.09     4.20     4.31     4.41     4.51     4.59     4.67     4.74     4.80     4.86     4.91     4.96     5.01     5.05     5.09     5.14     5.17     5.20     5.22     5.23     5.24     5.25     5.27     5.29     5.31     5.33     5.35     5.37     5.39     5.41
         msl    hPa     0.54     0.68     0.81     0.93     1.08     1.22     1.38     1.55     1.74     1.94     2.17     2.41     2.66     2.93     3.22     3.51     3.82     4.13     4.44     4.74     5.04     5.33     5.63     5.92     6.21     6.50     6.78     7.07     7.36     7.63     7.89     8.13     8.36     8.57     8.77     8.96     9.15     9.31     9.46     9.58     9.68     9.77     9.85     9.93    10.02    10.10    10.19    10.28    10.38    10.47    10.56    10.64    10.70    10.76    10.80    10.84
       t@850      K    0.60°C    0.73°C    0.81°C    0.88°C    0.95°C    1.01°C    1.08°C    1.15°C    1.22°C    1.30°C    1.38°C    1.48°C    1.57°C    1.67°C    1.77°C    1.88°C    1.99°C    2.11°C    2.22°C    2.34°C    2.45°C    2.57°C    2.69°C    2.81°C    2.93°C    3.05°C    3.17°C    3.29°C    3.40°C    3.52°C    3.62°C    3.71°C    3.80°C    3.88°C    3.96°C    4.03°C    4.10°C    4.17°C    4.25°C    4.32°C    4.38°C    4.43°C    4.48°C    4.53°C    4.57°C    4.60°C    4.64°C    4.67°C    4.70°C    4.72°C    4.75°C    4.78°C    4.81°C    4.83°C    4.86°C    4.89°C
       u@850    m/s     1.08     1.29     1.45     1.59     1.73     1.87     2.03     2.18     2.35     2.53     2.71     2.90     3.10     3.30     3.50     3.71     3.92     4.12     4.32     4.52     4.71     4.89     5.07     5.25     5.41     5.56     5.72     5.88     6.03     6.17     6.31     6.43     6.56     6.68     6.79     6.89     6.97     7.05     7.12     7.18     7.23     7.28     7.33     7.36     7.40     7.43     7.46     7.49     7.53     7.56     7.59     7.62     7.65     7.68     7.70     7.72
       v@850    m/s     1.09     1.30     1.45     1.59     1.73     1.87     2.02     2.18     2.35     2.52     2.71     2.90     3.11     3.32     3.53     3.75     3.96     4.18     4.39     4.59     4.78     4.97     5.14     5.32     5.48     5.64     5.78     5.92     6.07     6.20     6.32     6.44     6.54     6.63     6.72     6.81     6.90     6.98     7.05     7.11     7.18     7.24     7.28     7.32     7.34     7.35     7.36     7.38     7.40     7.43     7.47     7.50     7.54     7.57     7.61     7.64
       z@850    gpm      3.8      4.7      5.7      6.7      7.8      9.0     10.2     11.5     13.0     14.5     16.2     18.0     20.0     22.0     24.1     26.4     28.7     31.1     33.4     35.7     38.0     40.3     42.6     44.9     47.2     49.4     51.6     53.9     56.0     58.1     60.1     61.9     63.6     65.2     66.8     68.3     69.7     71.1     72.3     73.3     74.2     74.9     75.6     76.2     76.8     77.4     78.1     78.7     79.5     80.2     80.9     81.5     82.0     82.5     83.0     83.4
       z@500    gpm      4.4      5.7      7.0      8.4      9.9     11.6     13.3     15.2     17.2     19.4     21.8     24.3     27.0     29.8     32.7     35.8     38.9     42.1     45.4     48.6     51.9     55.3     58.7     62.1     65.5     68.8     72.1     75.4     78.5     81.5     84.2     86.7     89.1     91.3     93.5     95.6     97.8    100.0    102.1    103.9    105.5    106.8    108.0    109.0    109.8    110.5    111.1    111.7    112.4    113.1    113.8    114.6    115.4    116.2    117.0    117.8

Per-channel metrics overall (physical units, avg over 56 horizons):
    #        var      ACC  RMSE_norm    RMSE_phys     unit
    0        t2m   0.9881     0.1429       3.0192        K  (≈3.02 °C)
    1        10u   0.7182     0.7109       3.9557      m/s
    2        10v   0.5951     0.8470       4.0388      m/s
    3        msl   0.8206     0.5436       7.3583      hPa
    4         tp   0.3926     1.0340       0.0020        m
    5         sp   0.9968     0.0781       7.4502      hPa
    6       tcwv   0.9491     0.3203       5.3289    kg/m²
    7     z_surf   0.9998     0.0000       0.0000      gpm
    8        lsm   1.0000     0.0000       0.0000        -
    9      t@850   0.9727     0.2185       3.3881        K  (≈3.39 °C)
   10      u@850   0.7432     0.6941       5.7219      m/s
   11      v@850   0.5448     0.9069       5.6926      m/s
   12      z@850   0.9109     0.3688      56.2177      gpm
   13      q@850   0.9228     0.3941       0.0016    kg/kg
   14      t@500   0.9709     0.2457       3.2052        K  (≈3.21 °C)
   15      u@500   0.7665     0.6803       8.1817      m/s
   16      v@500   0.5528     0.9166       8.4393      m/s
   17      z@500   0.9708     0.2296      79.1212      gpm
   18      q@500   0.7827     0.6252       0.0007    kg/kg
   19      z@250   0.9823     0.1848     104.9490      gpm
   20      t@250   0.9146     0.3742       3.2410        K  (≈3.24 °C)
   21      u@250   0.8031     0.6297      11.3814      m/s
   22      v@250   0.5808     0.9051      12.1684      m/s
   23      q@250   0.8036     0.6062       0.0000    kg/kg
   24     z@1000   0.8287     0.5186      57.7811      gpm
   25     t@1000   0.9840     0.1754       2.9702        K  (≈2.97 °C)
   26     u@1000   0.7203     0.7106       4.3793      m/s
   27     v@1000   0.5917     0.8530       4.5334      m/s
   28     q@1000   0.9803     0.2011       0.0012    kg/kg
   29   sin_hour   0.2155     0.0000       0.0000        ?
   30   cos_hour   0.2155     0.0000       0.0000        ?
   31    sin_doy   0.0812     0.0000       0.0000        ?
   32    cos_doy   0.2285     0.0000       0.0000        ?

--- Region [50.0,60.0]N x [83.0,98.0]E (2501 nodes) ---
RMSE=0.174049 | base=0.663002 | skill=73.75%
ACC=0.8455 | base=0.3366

  Per-horizon (region):
    +06h: RMSE=0.067897 | base=0.251263 | skill=72.98% | ACC=0.9575 (base 0.8078)
    +12h: RMSE=0.078309 | base=0.377203 | skill=79.24% | ACC=0.9481 (base 0.6451)
    +18h: RMSE=0.083870 | base=0.460143 | skill=81.77% | ACC=0.9432 (base 0.5407)
    +24h: RMSE=0.087529 | base=0.517356 | skill=83.08% | ACC=0.9401 (base 0.4779)
    +30h: RMSE=0.091310 | base=0.560485 | skill=83.71% | ACC=0.9366 (base 0.4330)
    +36h: RMSE=0.094506 | base=0.594986 | skill=84.12% | ACC=0.9336 (base 0.3996)
    +42h: RMSE=0.097486 | base=0.623375 | skill=84.36% | ACC=0.9311 (base 0.3731)
    +48h: RMSE=0.100488 | base=0.646586 | skill=84.46% | ACC=0.9288 (base 0.3491)
    +54h: RMSE=0.103854 | base=0.668853 | skill=84.47% | ACC=0.9259 (base 0.3195)
    +60h: RMSE=0.107164 | base=0.683858 | skill=84.33% | ACC=0.9231 (base 0.2964)
    +66h: RMSE=0.110768 | base=0.695377 | skill=84.07% | ACC=0.9204 (base 0.2839)
    +72h: RMSE=0.114243 | base=0.702140 | skill=83.73% | ACC=0.9176 (base 0.2799)
    +78h: RMSE=0.118064 | base=0.707096 | skill=83.30% | ACC=0.9135 (base 0.2789)
    +84h: RMSE=0.120973 | base=0.709482 | skill=82.95% | ACC=0.9098 (base 0.2810)
    +90h: RMSE=0.123856 | base=0.710787 | skill=82.57% | ACC=0.9061 (base 0.2832)
    +96h: RMSE=0.126725 | base=0.710183 | skill=82.16% | ACC=0.9026 (base 0.2859)
    +102h: RMSE=0.131116 | base=0.706347 | skill=81.44% | ACC=0.8983 (base 0.2948)
    +108h: RMSE=0.136331 | base=0.699409 | skill=80.51% | ACC=0.8934 (base 0.3125)
    +114h: RMSE=0.141785 | base=0.694635 | skill=79.59% | ACC=0.8879 (base 0.3316)
    +120h: RMSE=0.146933 | base=0.690937 | skill=78.73% | ACC=0.8822 (base 0.3424)
    +126h: RMSE=0.151150 | base=0.692337 | skill=78.17% | ACC=0.8764 (base 0.3326)
    +132h: RMSE=0.154414 | base=0.692908 | skill=77.72% | ACC=0.8709 (base 0.3189)
    +138h: RMSE=0.159366 | base=0.690994 | skill=76.94% | ACC=0.8643 (base 0.3103)
    +144h: RMSE=0.165004 | base=0.687156 | skill=75.99% | ACC=0.8574 (base 0.3048)
    +150h: RMSE=0.169920 | base=0.682097 | skill=75.09% | ACC=0.8515 (base 0.2981)
    +156h: RMSE=0.174172 | base=0.671256 | skill=74.05% | ACC=0.8466 (base 0.3030)
    +162h: RMSE=0.177616 | base=0.657541 | skill=72.99% | ACC=0.8416 (base 0.3147)
    +168h: RMSE=0.180605 | base=0.644121 | skill=71.96% | ACC=0.8371 (base 0.3287)
    +174h: RMSE=0.182616 | base=0.638126 | skill=71.38% | ACC=0.8332 (base 0.3345)
    +180h: RMSE=0.183903 | base=0.638114 | skill=71.18% | ACC=0.8310 (base 0.3336)
    +186h: RMSE=0.184801 | base=0.644373 | skill=71.32% | ACC=0.8286 (base 0.3299)
    +192h: RMSE=0.186146 | base=0.649721 | skill=71.35% | ACC=0.8270 (base 0.3264)
    +198h: RMSE=0.187015 | base=0.652601 | skill=71.34% | ACC=0.8246 (base 0.3222)
    +204h: RMSE=0.190606 | base=0.649834 | skill=70.67% | ACC=0.8203 (base 0.3262)
    +210h: RMSE=0.193438 | base=0.644826 | skill=70.00% | ACC=0.8148 (base 0.3351)
    +216h: RMSE=0.196113 | base=0.641761 | skill=69.44% | ACC=0.8103 (base 0.3404)
    +222h: RMSE=0.196969 | base=0.644661 | skill=69.45% | ACC=0.8066 (base 0.3398)
    +228h: RMSE=0.199159 | base=0.651040 | skill=69.41% | ACC=0.8027 (base 0.3329)
    +234h: RMSE=0.201204 | base=0.661963 | skill=69.60% | ACC=0.8004 (base 0.3203)
    +240h: RMSE=0.205967 | base=0.671395 | skill=69.32% | ACC=0.7957 (base 0.3153)
    +246h: RMSE=0.210132 | base=0.681015 | skill=69.14% | ACC=0.7911 (base 0.3089)
    +252h: RMSE=0.212021 | base=0.690167 | skill=69.28% | ACC=0.7867 (base 0.3042)
    +258h: RMSE=0.216067 | base=0.698155 | skill=69.05% | ACC=0.7814 (base 0.3005)
    +264h: RMSE=0.218350 | base=0.703011 | skill=68.94% | ACC=0.7768 (base 0.2972)
    +270h: RMSE=0.220528 | base=0.706980 | skill=68.81% | ACC=0.7726 (base 0.2900)
    +276h: RMSE=0.222947 | base=0.707588 | skill=68.49% | ACC=0.7708 (base 0.2898)
    +282h: RMSE=0.222516 | base=0.706284 | skill=68.49% | ACC=0.7689 (base 0.2949)
    +288h: RMSE=0.223282 | base=0.703027 | skill=68.24% | ACC=0.7673 (base 0.3052)
    +294h: RMSE=0.224339 | base=0.702634 | skill=68.07% | ACC=0.7652 (base 0.3097)
    +300h: RMSE=0.223638 | base=0.704405 | skill=68.25% | ACC=0.7639 (base 0.3080)
    +306h: RMSE=0.224034 | base=0.707758 | skill=68.35% | ACC=0.7616 (base 0.2997)
    +312h: RMSE=0.223704 | base=0.708848 | skill=68.44% | ACC=0.7597 (base 0.2903)
    +318h: RMSE=0.224783 | base=0.708842 | skill=68.29% | ACC=0.7585 (base 0.2821)
    +324h: RMSE=0.224683 | base=0.705357 | skill=68.15% | ACC=0.7581 (base 0.2833)
    +330h: RMSE=0.223533 | base=0.698722 | skill=68.01% | ACC=0.7600 (base 0.2961)
    +336h: RMSE=0.221633 | base=0.692018 | skill=67.97% | ACC=0.7620 (base 0.3062)

  Per-horizon per-channel RMSE — REGION (2501 nodes):
           var   unit      +6h     +12h     +18h     +24h     +30h     +36h     +42h     +48h     +54h     +60h     +66h     +72h     +78h     +84h     +90h     +96h    +102h    +108h    +114h    +120h    +126h    +132h    +138h    +144h    +150h    +156h    +162h    +168h    +174h    +180h    +186h    +192h    +198h    +204h    +210h    +216h    +222h    +228h    +234h    +240h    +246h    +252h    +258h    +264h    +270h    +276h    +282h    +288h    +294h    +300h    +306h    +312h    +318h    +324h    +330h    +336h
           t2m      K    1.08°C    1.34°C    1.44°C    1.51°C    1.60°C    1.66°C    1.69°C    1.73°C    1.76°C    1.79°C    1.82°C    1.84°C    1.88°C    1.91°C    1.94°C    1.97°C    2.00°C    2.03°C    2.07°C    2.09°C    2.13°C    2.17°C    2.22°C    2.28°C    2.33°C    2.36°C    2.38°C    2.40°C    2.41°C    2.42°C    2.43°C    2.45°C    2.46°C    2.49°C    2.53°C    2.58°C    2.64°C    2.67°C    2.71°C    2.73°C    2.75°C    2.79°C    2.86°C    2.92°C    2.96°C    3.01°C    3.05°C    3.09°C    3.13°C    3.15°C    3.17°C    3.19°C    3.22°C    3.24°C    3.26°C    3.26°C
           10u    m/s     0.44     0.53     0.57     0.60     0.63     0.65     0.67     0.68     0.70     0.72     0.73     0.74     0.76     0.78     0.79     0.80     0.82     0.84     0.86     0.87     0.88     0.90     0.92     0.94     0.97     1.00     1.01     1.02     1.03     1.03     1.03     1.03     1.03     1.04     1.06     1.08     1.09     1.09     1.08     1.08     1.10     1.10     1.10     1.11     1.12     1.12     1.11     1.12     1.12     1.13     1.15     1.16     1.16     1.16     1.17     1.17
           10v    m/s     0.43     0.51     0.55     0.57     0.61     0.64     0.66     0.67     0.69     0.71     0.73     0.74     0.76     0.78     0.80     0.81     0.83     0.85     0.87     0.88     0.90     0.92     0.95     0.97     0.98     1.00     1.00     1.01     1.02     1.03     1.03     1.03     1.04     1.06     1.07     1.08     1.09     1.10     1.11     1.13     1.14     1.14     1.16     1.16     1.17     1.16     1.16     1.17     1.17     1.19     1.21     1.21     1.21     1.21     1.21     1.20
           msl    hPa     0.57     0.72     0.82     0.90     0.98     1.04     1.09     1.14     1.19     1.24     1.30     1.35     1.40     1.45     1.49     1.55     1.61     1.69     1.77     1.85     1.93     2.02     2.12     2.24     2.34     2.41     2.48     2.54     2.61     2.68     2.74     2.79     2.84     2.91     3.00     3.08     3.12     3.14     3.17     3.21     3.25     3.29     3.33     3.38     3.44     3.48     3.53     3.56     3.60     3.63     3.66     3.68     3.68     3.68     3.65     3.64
         t@850      K    0.62°C    0.78°C    0.87°C    0.92°C    0.97°C    1.01°C    1.04°C    1.06°C    1.08°C    1.10°C    1.12°C    1.14°C    1.17°C    1.19°C    1.21°C    1.22°C    1.25°C    1.28°C    1.31°C    1.34°C    1.38°C    1.41°C    1.45°C    1.50°C    1.55°C    1.58°C    1.61°C    1.62°C    1.64°C    1.67°C    1.70°C    1.70°C    1.72°C    1.75°C    1.79°C    1.83°C    1.90°C    1.94°C    1.97°C    1.99°C    2.03°C    2.07°C    2.10°C    2.15°C    2.19°C    2.24°C    2.27°C    2.29°C    2.30°C    2.29°C    2.29°C    2.30°C    2.29°C    2.28°C    2.29°C    2.29°C
         u@850    m/s     1.05     1.22     1.32     1.37     1.42     1.46     1.49     1.53     1.57     1.61     1.65     1.70     1.74     1.77     1.80     1.84     1.89     1.95     2.02     2.06     2.10     2.15     2.22     2.31     2.40     2.45     2.49     2.51     2.50     2.51     2.50     2.51     2.51     2.58     2.65     2.73     2.77     2.78     2.73     2.75     2.74     2.76     2.83     2.85     2.84     2.83     2.81     2.82     2.82     2.84     2.87     2.88     2.91     2.92     2.90     2.87
         v@850    m/s     0.92     1.07     1.16     1.22     1.27     1.32     1.36     1.40     1.44     1.48     1.52     1.56     1.60     1.63     1.66     1.71     1.75     1.80     1.84     1.88     1.92     1.96     2.00     2.06     2.09     2.11     2.15     2.17     2.21     2.21     2.23     2.23     2.26     2.32     2.33     2.32     2.32     2.34     2.41     2.50     2.54     2.55     2.60     2.57     2.58     2.62     2.62     2.60     2.63     2.61     2.63     2.59     2.61     2.61     2.53     2.55
         z@850    gpm      2.3      3.1      3.7      4.2      4.6      5.0      5.4      5.9      6.3      6.7      7.1      7.6      8.0      8.3      8.7      9.1      9.6     10.2     10.9     11.6     12.2     12.9     13.6     14.4     15.0     15.7     16.4     17.1     17.8     18.5     19.0     19.4     19.9     20.5     21.2     21.8     22.1     22.4     22.6     23.0     23.4     23.7     23.9     24.1     24.5     24.8     25.2     25.5     25.8     26.0     26.2     26.3     26.1     25.9     25.5     25.3
         z@500    gpm      3.2      4.3      5.0      5.6      6.2      6.7      7.3      7.8      8.5      9.2      9.8     10.6     11.2     11.8     12.4     13.1     13.8     14.8     16.1     17.1     18.4     19.6     20.8     22.2     23.6     25.0     26.2     27.4     28.5     29.6     30.3     30.6     31.1     31.9     32.8     34.1     35.3     36.5     37.5     38.3     39.0     39.7     40.3     41.0     41.8     42.6     43.4     43.9     44.2     44.4     44.6     44.6     44.3     44.0     43.7     43.3

  Per-channel region (physical units, avg over 56 horizons):
      #        var      ACC  RMSE_norm    RMSE_phys     unit
      0        t2m   0.9075     0.1155       2.4397        K  (≈2.44 °C)
      1        10u   0.8064     0.1724       0.9595      m/s
      2        10v   0.7433     0.2051       0.9780      m/s
      3        msl   0.8917     0.1923       2.6026      hPa
      4         tp   0.4576     0.0662       0.0001        m
      5         sp   0.9993     0.0298       2.8418      hPa
      6       tcwv   0.9172     0.0382       0.6359    kg/m²
      7     z_surf   1.0000     0.0000       0.0000      gpm
      8        lsm   1.0000     0.0000       0.0000        -
      9      t@850   0.8694     0.1094       1.6968        K  (≈1.70 °C)
     10      u@850   0.8977     0.2854       2.3525      m/s
     11      v@850   0.8220     0.3368       2.1143      m/s
     12      z@850   0.9325     0.1180      17.9820      gpm
     13      q@850   0.8375     0.0607       0.0003    kg/kg
     14      t@500   0.8866     0.0926       1.2076        K  (≈1.21 °C)
     15      u@500   0.8655     0.2448       2.9445      m/s
     16      v@500   0.8582     0.3344       3.0787      m/s
     17      z@500   0.9180     0.0859      29.5915      gpm
     18      q@500   0.8008     0.0649       0.0001    kg/kg
     19      z@250   0.9019     0.0722      40.9952      gpm
     20      t@250   0.8363     0.1110       0.9612        K  (≈0.96 °C)
     21      u@250   0.8704     0.2130       3.8495      m/s
     22      v@250   0.8599     0.3153       4.2388      m/s
     23      q@250   0.6993     0.0301       0.0000    kg/kg
     24     z@1000   0.9015     0.1738      19.3623      gpm
     25     t@1000   0.9154     0.1279       2.1647        K  (≈2.16 °C)
     26     u@1000   0.7983     0.1598       0.9846      m/s
     27     v@1000   0.7614     0.1896       1.0079      m/s
     28     q@1000   0.8718     0.0383       0.0002    kg/kg
     29   sin_hour   0.0155     0.0000       0.0000        ?
     30   cos_hour   0.0155     0.0000       0.0000        ?
     31    sin_doy   0.0021     0.0000       0.0000        ?
     32    cos_doy   0.0094     0.0000       0.0000        ?
============================================================
