Using device: cuda
[seed] случайности синхронизированы, сид 42
[ChunkDataset] склеиваем data.npy (19ch) + data_extra.npy (14ch) → 33ch
[ChunkDataset] train: 12853 samples, flat_nodes=133279, feat=33, obs=2, pred=4
[ChunkDataset] склеиваем data.npy (19ch) + data_extra.npy (14ch) → 33ch
[ChunkDataset] val: 1607 samples, flat_nodes=133279, feat=33, obs=2, pred=4
[ChunkDataset] склеиваем data.npy (19ch) + data_extra.npy (14ch) → 33ch
[ChunkDataset] test_only: 1607 samples, flat_nodes=133279, feat=33, obs=2, pred=4
[graph] уровни меша [4, 6], признаки рёбер: legacy
[processor] InteractionNet: 12 шагов, агрегация 'mean'
Encoder summary: 
+---------------------------+----------------------------+----------------+----------+
| Layer                     | Input Shape                | Output Shape   | #Param   |
|---------------------------+----------------------------+----------------+----------|
| Model                     | [174241, 72], [2, 207099]  | [174241, 256]  | 348,162  |
| ├─(mlp)MLP                |                            | [174241, 256]  | 150,786  |
| │    └─(MLP)ModuleList    | --                         | --             | 150,786  |
| │    │    └─(0)Linear     | [174241, 72]               | [174241, 256]  | 18,688   |
| │    │    └─(1)PReLU      | [174241, 256]              | [174241, 256]  | 1        |
| │    │    └─(2)Linear     | [174241, 256]              | [174241, 256]  | 65,792   |
| │    │    └─(3)PReLU      | [174241, 256]              | [174241, 256]  | 1        |
| │    │    └─(4)Linear     | [174241, 256]              | [174241, 256]  | 65,792   |
| │    │    └─(5)LayerNorm  | [174241, 256]              | [174241, 256]  | 512      |
| ├─(graph_layer)GraphLayer |                            | [174241, 256]  | 197,376  |
| │    └─(activation)SiLU   | [174241, 256]              | [174241, 256]  | --       |
| │    └─(layers)ModuleList | --                         | --             | 197,376  |
| │    │    └─(0)GCNConv    | [174241, 256], [2, 207099] | [174241, 256]  | 65,792   |
| │    │    └─(1)SiLU       | [174241, 256]              | [174241, 256]  | --       |
| │    │    └─(2)GCNConv    | [174241, 256], [2, 207099] | [174241, 256]  | 65,792   |
| │    │    └─(3)SiLU       | --                         | --             | --       |
| │    │    └─(4)GCNConv    | [174241, 256], [2, 207099] | [174241, 256]  | 65,792   |
+---------------------------+----------------------------+----------------+----------+

Processor summary: 
  (summary skipped: Expected all tensors to be on the same device, but found at least two devices, cuda:0 and cpu! (when checking argument for argument mat1 in method wrapper_CUDA_addmm))

Decoder summary: 
+---------------------------+----------------------------+----------------+----------+
| Layer                     | Input Shape                | Output Shape   | #Param   |
|---------------------------+----------------------------+----------------+----------|
| Model                     | [174241, 256], [2, 399837] | [174241, 33]   | 152,483  |
| ├─(mlp)MLP                |                            | [174241, 128]  | 115,202  |
| │    └─(MLP)ModuleList    | --                         | --             | 115,202  |
| │    │    └─(0)Linear     | [174241, 256]              | [174241, 256]  | 65,792   |
| │    │    └─(1)PReLU      | [174241, 256]              | [174241, 256]  | 1        |
| │    │    └─(2)Linear     | [174241, 256]              | [174241, 128]  | 32,896   |
| │    │    └─(3)PReLU      | [174241, 128]              | [174241, 128]  | 1        |
| │    │    └─(4)Linear     | [174241, 128]              | [174241, 128]  | 16,512   |
| ├─(graph_layer)GraphLayer |                            | [174241, 33]   | 37,281   |
| │    └─(activation)SiLU   | [174241, 128]              | [174241, 128]  | --       |
| │    └─(layers)ModuleList | --                         | --             | 37,281   |
| │    │    └─(0)GCNConv    | [174241, 128], [2, 399837] | [174241, 128]  | 16,512   |
| │    │    └─(1)SiLU       | [174241, 128]              | [174241, 128]  | --       |
| │    │    └─(2)GCNConv    | [174241, 128], [2, 399837] | [174241, 128]  | 16,512   |
| │    │    └─(3)SiLU       | --                         | --             | --       |
| │    │    └─(4)GCNConv    | [174241, 128], [2, 399837] | [174241, 33]   | 4,257    |
+---------------------------+----------------------------+----------------+----------+


>>> Загружаю pretrained веса: /data/paper_heavy/krsk33f_last_epoch.pth
  Pretrained веса загружены.

[Train] Включен Weighted Loss.
[Train] static_channels=[7, 8], forcing_channels=[29, 30, 31, 32]
[Train] → маска каналов: 27/33 dynamic (no-loss: [7, 8, 29, 30, 31, 32])
[Train] channel_loss_weights applied to 27 channels: {0: 4.202451542793502, 1: 0.42321985201859524, 2: 0.2538577669587332, 3: 1.6686359862577091, 4: 0.07783177219008693, 5: 25.0, 6: 2.53136298140184, 9: 6.156932613558256, 10: 0.49220397300621543, 11: 0.22438450749880998, 12: 4.062411518716806, 13: 1.0, 14: 5.783204112559783, 15: 0.6026696232349457, 16: 0.24404051323761372, 17: 12.903670231325961, 18: 0.4677543167015452, 19: 21.533109545939812, 20: 2.076827235465716, 21: 0.7655367186340315, 22: 0.29157735644215566, 23: 0.3702735194655446, 24: 1.7557141021850682, 25: 5.545507886067602, 26: 0.44155590423767055, 27: 0.26096490966389685, 28: 4.610582405043909}
[Train] roi_loss_weight=30 → 2501/133279 узлов области, их доля в целевой функции 36.5 % (при весе 1 было 1.9 %)
[Init] val_loss=0.00211 val_acc=0.9922 raw_RMSE=0.1117

Epoch 0 (AR=4) with attention threshold 0.0
[Epoch 1] train_loss=0.00383  val_loss=0.00386  val_ACC=0.9917  raw_RMSE=0.1157
Val loss reduced by inf. Saving best model... 


Epoch 1 (AR=4) with attention threshold 0.0
[Epoch 2] train_loss=0.00360  val_loss=0.00364  val_ACC=0.9917  raw_RMSE=0.1150
Val loss reduced by 0.00022. Saving best model... 


Epoch 2 (AR=4) with attention threshold 0.0
[Epoch 3] train_loss=0.00343  val_loss=0.00352  val_ACC=0.9918  raw_RMSE=0.1145
Val loss reduced by 0.00012. Saving best model... 


Epoch 3 (AR=4) with attention threshold 0.0
[Epoch 4] train_loss=0.00327  val_loss=0.00340  val_ACC=0.9918  raw_RMSE=0.1143
Val loss reduced by 0.00012. Saving best model... 


Epoch 4 (AR=4) with attention threshold 0.0
[Epoch 5] train_loss=0.00314  val_loss=0.00330  val_ACC=0.9919  raw_RMSE=0.1138
Val loss reduced by 9e-05. Saving best model... 


Epoch 5 (AR=4) with attention threshold 0.0
[Epoch 6] train_loss=0.00304  val_loss=0.00324  val_ACC=0.9920  raw_RMSE=0.1134
Val loss reduced by 7e-05. Saving best model... 


Epoch 6 (AR=4) with attention threshold 0.005424
