[predict] data_dir=/data/datasets/wb2_512x256_33f_v3 (chunked=True, pred_steps=28)
[ChunkDataset] склеиваем data.npy (19ch) + data_extra.npy (14ch) → 33ch
[ChunkDataset] train: 14002 samples, grid=512×256, feat=33, obs=2, pred=28
[ChunkDataset] склеиваем data.npy (19ch) + data_extra.npy (14ch) → 33ch
[ChunkDataset] val: 1750 samples, grid=512×256, feat=33, obs=2, pred=28
[ChunkDataset] склеиваем data.npy (19ch) + data_extra.npy (14ch) → 33ch
[ChunkDataset] test_only: 1751 samples, grid=512×256, feat=33, obs=2, pred=28
[graph] уровни меша [4, 6], признаки рёбер: legacy
[processor] InteractionNet: 12 шагов, агрегация 'mean'
Encoder summary: 
+---------------------------+----------------------------+----------------+----------+
| Layer                     | Input Shape                | Output Shape   | #Param   |
|---------------------------+----------------------------+----------------+----------|
| Model                     | [172034, 72], [2, 205302]  | [172034, 256]  | 348,162  |
| ├─(mlp)MLP                |                            | [172034, 256]  | 150,786  |
| │    └─(MLP)ModuleList    | --                         | --             | 150,786  |
| │    │    └─(0)Linear     | [172034, 72]               | [172034, 256]  | 18,688   |
| │    │    └─(1)PReLU      | [172034, 256]              | [172034, 256]  | 1        |
| │    │    └─(2)Linear     | [172034, 256]              | [172034, 256]  | 65,792   |
| │    │    └─(3)PReLU      | [172034, 256]              | [172034, 256]  | 1        |
| │    │    └─(4)Linear     | [172034, 256]              | [172034, 256]  | 65,792   |
| │    │    └─(5)LayerNorm  | [172034, 256]              | [172034, 256]  | 512      |
| ├─(graph_layer)GraphLayer |                            | [172034, 256]  | 197,376  |
| │    └─(activation)SiLU   | [172034, 256]              | [172034, 256]  | --       |
| │    └─(layers)ModuleList | --                         | --             | 197,376  |
| │    │    └─(0)GCNConv    | [172034, 256], [2, 205302] | [172034, 256]  | 65,792   |
| │    │    └─(1)SiLU       | [172034, 256]              | [172034, 256]  | --       |
| │    │    └─(2)GCNConv    | [172034, 256], [2, 205302] | [172034, 256]  | 65,792   |
| │    │    └─(3)SiLU       | --                         | --             | --       |
| │    │    └─(4)GCNConv    | [172034, 256], [2, 205302] | [172034, 256]  | 65,792   |
+---------------------------+----------------------------+----------------+----------+

Processor summary: 
  (summary skipped: Expected all tensors to be on the same device, but found at least two devices, cuda:0 and cpu! (when checking argument for argument mat1 in method wrapper_CUDA_addmm))

Decoder summary: 
+---------------------------+----------------------------+----------------+----------+
| Layer                     | Input Shape                | Output Shape   | #Param   |
|---------------------------+----------------------------+----------------+----------|
| Model                     | [172034, 256], [2, 393216] | [172034, 33]   | 152,483  |
| ├─(mlp)MLP                |                            | [172034, 128]  | 115,202  |
| │    └─(MLP)ModuleList    | --                         | --             | 115,202  |
| │    │    └─(0)Linear     | [172034, 256]              | [172034, 256]  | 65,792   |
| │    │    └─(1)PReLU      | [172034, 256]              | [172034, 256]  | 1        |
| │    │    └─(2)Linear     | [172034, 256]              | [172034, 128]  | 32,896   |
| │    │    └─(3)PReLU      | [172034, 128]              | [172034, 128]  | 1        |
| │    │    └─(4)Linear     | [172034, 128]              | [172034, 128]  | 16,512   |
| ├─(graph_layer)GraphLayer |                            | [172034, 33]   | 37,281   |
| │    └─(activation)SiLU   | [172034, 128]              | [172034, 128]  | --       |
| │    └─(layers)ModuleList | --                         | --             | 37,281   |
| │    │    └─(0)GCNConv    | [172034, 128], [2, 393216] | [172034, 128]  | 16,512   |
| │    │    └─(1)SiLU       | [172034, 128]              | [172034, 128]  | --       |
| │    │    └─(2)GCNConv    | [172034, 128], [2, 393216] | [172034, 128]  | 16,512   |
| │    │    └─(3)SiLU       | --                         | --             | --       |
| │    │    └─(4)GCNConv    | [172034, 128], [2, 393216] | [172034, 33]   | 4,257    |
+---------------------------+----------------------------+----------------+----------+

[config] pred_window_used=4, но декодировщик выдаёт 33 каналов при C=33 → модель одношаговая (1). Беру 1.
[AR-rollout] Модель выдаёт 1 шаг(ов), но мы прогоним 28 шагов авторегрессионно.
[static] Каналы [7, 8] — статика, carry-forward при AR
[forcing] Каналы [29, 30, 31, 32] — форсинг (из ground truth при AR)
[predict] device=cuda | grid=512x256 | 200/1751 test samples
[metrics] Исключены из aggregate метрик: каналы [7, 8, 29, 30, 31, 32] (static+forcing)
[metrics] per-sample MSE будут сохранены в /workdir/paper_results/d7_v3lr_samples.npz
[Main] Инференс (200 samples, DA=none)...
  [50/200] RMSE=0.485261 ACC=0.8812
  [100/200] RMSE=0.477944 ACC=0.8868
  [150/200] RMSE=0.479980 ACC=0.8848
  [200/200] RMSE=0.481173 ACC=0.8835
[Save] per-sample metrics → /workdir/paper_results/d7_v3lr_samples.npz (N=200, AR=28, C=33)

============================================================
=== Inference summary (200 samples) ===
Grid: 512x256 (G=131072) | C=33 | AR=28 horizons
Overall: MSE=0.231528 | RMSE=0.481173 | MAE=0.247704
Baseline: RMSE=0.805306 | MAE=0.467722
Skill: 40.25%
ACC: 0.8835 | base: 0.6846 | Δ=+0.1989

Per-horizon:
  +06h: RMSE=0.127179 | base=0.366125 | skill=65.26% | ACC=0.9917 (base 0.9335)
  +12h: RMSE=0.168110 | base=0.522616 | skill=67.83% | ACC=0.9855 (base 0.8649)
  +18h: RMSE=0.196577 | base=0.616605 | skill=68.12% | ACC=0.9798 (base 0.8128)
  +24h: RMSE=0.225164 | base=0.675792 | skill=66.68% | ACC=0.9732 (base 0.7757)
  +30h: RMSE=0.242709 | base=0.724874 | skill=66.52% | ACC=0.9688 (base 0.7426)
  +36h: RMSE=0.266283 | base=0.757375 | skill=64.84% | ACC=0.9626 (base 0.7194)
  +42h: RMSE=0.283667 | base=0.779687 | skill=63.62% | ACC=0.9577 (base 0.7031)
  +48h: RMSE=0.306559 | base=0.792735 | skill=61.33% | ACC=0.9507 (base 0.6934)
  +54h: RMSE=0.325588 | base=0.807782 | skill=59.69% | ACC=0.9445 (base 0.6819)
  +60h: RMSE=0.348908 | base=0.816988 | skill=57.29% | ACC=0.9365 (base 0.6748)
  +66h: RMSE=0.369463 | base=0.824004 | skill=55.16% | ACC=0.9290 (base 0.6694)
  +72h: RMSE=0.393719 | base=0.827998 | skill=52.45% | ACC=0.9199 (base 0.6664)
  +78h: RMSE=0.415364 | base=0.837439 | skill=50.40% | ACC=0.9111 (base 0.6589)
  +84h: RMSE=0.439505 | base=0.843272 | skill=47.88% | ACC=0.9009 (base 0.6542)
  +90h: RMSE=0.461662 | base=0.847279 | skill=45.51% | ACC=0.8909 (base 0.6513)
  +96h: RMSE=0.485582 | base=0.848701 | skill=42.79% | ACC=0.8797 (base 0.6503)
  +102h: RMSE=0.507872 | base=0.855542 | skill=40.64% | ACC=0.8689 (base 0.6448)
  +108h: RMSE=0.531038 | base=0.858640 | skill=38.15% | ACC=0.8572 (base 0.6422)
  +114h: RMSE=0.552265 | base=0.859605 | skill=35.75% | ACC=0.8460 (base 0.6417)
  +120h: RMSE=0.574919 | base=0.857837 | skill=32.98% | ACC=0.8339 (base 0.6433)
  +126h: RMSE=0.596013 | base=0.862817 | skill=30.92% | ACC=0.8222 (base 0.6392)
  +132h: RMSE=0.617200 | base=0.866139 | skill=28.74% | ACC=0.8101 (base 0.6363)
  +138h: RMSE=0.636662 | base=0.869328 | skill=26.76% | ACC=0.7984 (base 0.6337)
  +144h: RMSE=0.656358 | base=0.870292 | skill=24.58% | ACC=0.7865 (base 0.6329)
  +150h: RMSE=0.674631 | base=0.876282 | skill=23.01% | ACC=0.7750 (base 0.6280)
  +156h: RMSE=0.692793 | base=0.879256 | skill=21.21% | ACC=0.7634 (base 0.6255)
  +162h: RMSE=0.709033 | base=0.881050 | skill=19.52% | ACC=0.7525 (base 0.6242)
  +168h: RMSE=0.724760 | base=0.880273 | skill=17.67% | ACC=0.7419 (base 0.6250)

Per-horizon per-channel RMSE (physical units):
         var   unit      +6h     +12h     +18h     +24h     +30h     +36h     +42h     +48h     +54h     +60h     +66h     +72h     +78h     +84h     +90h     +96h    +102h    +108h    +114h    +120h    +126h    +132h    +138h    +144h    +150h    +156h    +162h    +168h
         t2m      K    0.83°C    1.06°C    1.09°C    1.25°C    1.30°C    1.43°C    1.46°C    1.56°C    1.61°C    1.70°C    1.75°C    1.84°C    1.90°C    1.99°C    2.06°C    2.15°C    2.23°C    2.33°C    2.41°C    2.50°C    2.58°C    2.67°C    2.75°C    2.84°C    2.94°C    3.03°C    3.13°C    3.22°C
         10u    m/s     0.76     0.96     1.08     1.22     1.34     1.48     1.62     1.77     1.93     2.10     2.27     2.45     2.62     2.81     2.99     3.17     3.34     3.50     3.66     3.81     3.97     4.12     4.26     4.40     4.53     4.66     4.76     4.86
         10v    m/s     0.77     0.99     1.11     1.26     1.38     1.53     1.66     1.82     1.97     2.15     2.31     2.50     2.67     2.86     3.05     3.23     3.41     3.58     3.76     3.93     4.10     4.26     4.41     4.56     4.69     4.82     4.94     5.06
         msl    hPa     0.64     0.84     0.98     1.16     1.31     1.51     1.70     1.92     2.14     2.41     2.68     2.99     3.30     3.65     4.00     4.37     4.74     5.13     5.52     5.92     6.31     6.70     7.07     7.44     7.79     8.15     8.49     8.82
       t@850      K    0.73°C    0.94°C    0.97°C    1.13°C    1.16°C    1.28°C    1.33°C    1.45°C    1.51°C    1.62°C    1.70°C    1.82°C    1.92°C    2.05°C    2.16°C    2.30°C    2.42°C    2.56°C    2.69°C    2.83°C    2.96°C    3.10°C    3.22°C    3.36°C    3.48°C    3.61°C    3.72°C    3.84°C
       u@850    m/s     1.13     1.43     1.59     1.81     1.96     2.17     2.35     2.58     2.78     3.02     3.24     3.49     3.72     3.98     4.23     4.48     4.72     4.96     5.19     5.42     5.65     5.87     6.08     6.28     6.48     6.66     6.82     6.96
       v@850    m/s     1.13     1.45     1.61     1.82     1.97     2.18     2.36     2.58     2.78     3.02     3.25     3.50     3.75     4.01     4.26     4.51     4.76     4.99     5.23     5.46     5.69     5.92     6.14     6.34     6.54     6.72     6.89     7.05
       z@850    gpm      5.7      7.7      7.6      9.8     10.2     12.0     13.0     14.9     16.3     18.5     20.4     22.8     25.1     27.7     30.4     33.2     36.0     39.0     42.1     45.3     48.3     51.4     54.3     57.2     60.0     62.8     65.5     68.2
       z@500    gpm      7.9     12.2     11.5     16.7     15.1     19.6     19.1     23.3     23.7     27.8     29.1     33.2     35.3     39.5     42.2     46.5     49.8     54.3     58.1     62.8     66.8     71.3     75.2     79.5     83.2     87.2     90.6     94.4

Per-channel metrics overall (physical units, avg over 28 horizons):
    #        var      ACC  RMSE_norm    RMSE_phys     unit
    0        t2m   0.9937     0.1024       2.1634        K  (≈2.16 °C)
    1        10u   0.8461     0.5652       3.1451      m/s
    2        10v   0.7702     0.6798       3.2420      m/s
    3        msl   0.9469     0.3643       4.9315      hPa
    4         tp   0.4809     0.9669       0.0019        m
    5         sp   0.9986     0.0543       5.1823      hPa
    6       tcwv   0.9645     0.2621       4.3611    kg/m²
    7     z_surf   0.9999     0.0000       0.0000      gpm
    8        lsm   1.0001     0.0000       0.0000        -
    9      t@850   0.9863     0.1546       2.3970        K  (≈2.40 °C)
   10      u@850   0.8583     0.5446       4.4890      m/s
   11      v@850   0.7381     0.7212       4.5269      m/s
   12      z@850   0.9744     0.2485      37.8827      gpm
   13      q@850   0.9397     0.3431       0.0014    kg/kg
   14      t@500   0.9837     0.1838       2.3978        K  (≈2.40 °C)
   15      u@500   0.8634     0.5342       6.4247      m/s
   16      v@500   0.7455     0.7230       6.6569      m/s
   17      z@500   0.9893     0.1532      52.8005      gpm
   18      q@500   0.8197     0.5573       0.0006    kg/kg
   19      z@250   0.9910     0.1459      82.8663      gpm
   20      t@250   0.9548     0.3285       2.8449        K  (≈2.84 °C)
   21      u@250   0.8711     0.5103       9.2241      m/s
   22      v@250   0.7635     0.7161       9.6273      m/s
   23      q@250   0.8292     0.5422       0.0000    kg/kg
   24     z@1000   0.9500     0.3539      39.4340      gpm
   25     t@1000   0.9910     0.1234       2.0886        K  (≈2.09 °C)
   26     u@1000   0.8480     0.5565       3.4296      m/s
   27     v@1000   0.7708     0.6716       3.5694      m/s
   28     q@1000   0.9867     0.1619       0.0010    kg/kg
   29   sin_hour   0.2135     0.0000       0.0000        ?
   30   cos_hour   0.2135     0.0000       0.0000        ?
   31    sin_doy   0.1821     0.0000       0.0000        ?
   32    cos_doy   0.2065     0.0000       0.0000        ?
============================================================
