[predict] data_dir=/data/datasets/wb2_512x256_33f_v3 (chunked=True, pred_steps=56)
[ChunkDataset] склеиваем data.npy (19ch) + data_extra.npy (14ch) → 33ch
[ChunkDataset] train: 13980 samples, grid=512×256, feat=33, obs=2, pred=56
[ChunkDataset] склеиваем data.npy (19ch) + data_extra.npy (14ch) → 33ch
[ChunkDataset] val: 1747 samples, grid=512×256, feat=33, obs=2, pred=56
[ChunkDataset] склеиваем data.npy (19ch) + data_extra.npy (14ch) → 33ch
[ChunkDataset] test_only: 1748 samples, grid=512×256, feat=33, obs=2, pred=56
[graph] уровни меша [4, 6], признаки рёбер: legacy
[processor] InteractionNet: 12 шагов, агрегация 'mean'
Encoder summary: 
+---------------------------+----------------------------+----------------+----------+
| Layer                     | Input Shape                | Output Shape   | #Param   |
|---------------------------+----------------------------+----------------+----------|
| Model                     | [172034, 72], [2, 205302]  | [172034, 256]  | 348,162  |
| ├─(mlp)MLP                |                            | [172034, 256]  | 150,786  |
| │    └─(MLP)ModuleList    | --                         | --             | 150,786  |
| │    │    └─(0)Linear     | [172034, 72]               | [172034, 256]  | 18,688   |
| │    │    └─(1)PReLU      | [172034, 256]              | [172034, 256]  | 1        |
| │    │    └─(2)Linear     | [172034, 256]              | [172034, 256]  | 65,792   |
| │    │    └─(3)PReLU      | [172034, 256]              | [172034, 256]  | 1        |
| │    │    └─(4)Linear     | [172034, 256]              | [172034, 256]  | 65,792   |
| │    │    └─(5)LayerNorm  | [172034, 256]              | [172034, 256]  | 512      |
| ├─(graph_layer)GraphLayer |                            | [172034, 256]  | 197,376  |
| │    └─(activation)SiLU   | [172034, 256]              | [172034, 256]  | --       |
| │    └─(layers)ModuleList | --                         | --             | 197,376  |
| │    │    └─(0)GCNConv    | [172034, 256], [2, 205302] | [172034, 256]  | 65,792   |
| │    │    └─(1)SiLU       | [172034, 256]              | [172034, 256]  | --       |
| │    │    └─(2)GCNConv    | [172034, 256], [2, 205302] | [172034, 256]  | 65,792   |
| │    │    └─(3)SiLU       | --                         | --             | --       |
| │    │    └─(4)GCNConv    | [172034, 256], [2, 205302] | [172034, 256]  | 65,792   |
+---------------------------+----------------------------+----------------+----------+

Processor summary: 
  (summary skipped: Expected all tensors to be on the same device, but found at least two devices, cuda:0 and cpu! (when checking argument for argument mat1 in method wrapper_CUDA_addmm))

Decoder summary: 
+---------------------------+----------------------------+----------------+----------+
| Layer                     | Input Shape                | Output Shape   | #Param   |
|---------------------------+----------------------------+----------------+----------|
| Model                     | [172034, 256], [2, 393216] | [172034, 33]   | 152,483  |
| ├─(mlp)MLP                |                            | [172034, 128]  | 115,202  |
| │    └─(MLP)ModuleList    | --                         | --             | 115,202  |
| │    │    └─(0)Linear     | [172034, 256]              | [172034, 256]  | 65,792   |
| │    │    └─(1)PReLU      | [172034, 256]              | [172034, 256]  | 1        |
| │    │    └─(2)Linear     | [172034, 256]              | [172034, 128]  | 32,896   |
| │    │    └─(3)PReLU      | [172034, 128]              | [172034, 128]  | 1        |
| │    │    └─(4)Linear     | [172034, 128]              | [172034, 128]  | 16,512   |
| ├─(graph_layer)GraphLayer |                            | [172034, 33]   | 37,281   |
| │    └─(activation)SiLU   | [172034, 128]              | [172034, 128]  | --       |
| │    └─(layers)ModuleList | --                         | --             | 37,281   |
| │    │    └─(0)GCNConv    | [172034, 128], [2, 393216] | [172034, 128]  | 16,512   |
| │    │    └─(1)SiLU       | [172034, 128]              | [172034, 128]  | --       |
| │    │    └─(2)GCNConv    | [172034, 128], [2, 393216] | [172034, 128]  | 16,512   |
| │    │    └─(3)SiLU       | --                         | --             | --       |
| │    │    └─(4)GCNConv    | [172034, 128], [2, 393216] | [172034, 33]   | 4,257    |
+---------------------------+----------------------------+----------------+----------+

[config] pred_window_used=4, но декодировщик выдаёт 33 каналов при C=33 → модель одношаговая (1). Беру 1.
[AR-rollout] Модель выдаёт 1 шаг(ов), но мы прогоним 56 шагов авторегрессионно.
[static] Каналы [7, 8] — статика, carry-forward при AR
[forcing] Каналы [29, 30, 31, 32] — форсинг (из ground truth при AR)
[predict] device=cuda | grid=512x256 | 200/1748 test samples
[metrics] Исключены из aggregate метрик: каналы [7, 8, 29, 30, 31, 32] (static+forcing)
[metrics] per-sample MSE будут сохранены в /workdir/paper_results/d14_v3lr_samples.npz
[Main] Инференс (200 samples, DA=none)...
  [50/200] RMSE=0.690222 ACC=0.7645
  [100/200] RMSE=0.689992 ACC=0.7695
  [150/200] RMSE=0.683072 ACC=0.7729
  [200/200] RMSE=0.682864 ACC=0.7715
[Save] per-sample metrics → /workdir/paper_results/d14_v3lr_samples.npz (N=200, AR=56, C=33)

============================================================
=== Inference summary (200 samples) ===
Grid: 512x256 (G=131072) | C=33 | AR=56 horizons
Overall: MSE=0.466304 | RMSE=0.682864 | MAE=0.376101
Baseline: RMSE=0.849471 | MAE=0.505529
Skill: 19.61%
ACC: 0.7715 | base: 0.6495 | Δ=+0.1220

Per-horizon:
  +06h: RMSE=0.127086 | base=0.363632 | skill=65.05% | ACC=0.9917 (base 0.9342)
  +12h: RMSE=0.167912 | base=0.518330 | skill=67.61% | ACC=0.9855 (base 0.8668)
  +18h: RMSE=0.196356 | base=0.611119 | skill=67.87% | ACC=0.9798 (base 0.8156)
  +24h: RMSE=0.225098 | base=0.669568 | skill=66.38% | ACC=0.9732 (base 0.7792)
  +30h: RMSE=0.242488 | base=0.718684 | skill=66.26% | ACC=0.9688 (base 0.7461)
  +36h: RMSE=0.266149 | base=0.751671 | skill=64.59% | ACC=0.9626 (base 0.7227)
  +42h: RMSE=0.283833 | base=0.774619 | skill=63.36% | ACC=0.9575 (base 0.7060)
  +48h: RMSE=0.307135 | base=0.788369 | skill=61.04% | ACC=0.9505 (base 0.6958)
  +54h: RMSE=0.326116 | base=0.804644 | skill=59.47% | ACC=0.9443 (base 0.6834)
  +60h: RMSE=0.349605 | base=0.815266 | skill=57.12% | ACC=0.9362 (base 0.6750)
  +66h: RMSE=0.370179 | base=0.823431 | skill=55.04% | ACC=0.9287 (base 0.6688)
  +72h: RMSE=0.394429 | base=0.828253 | skill=52.38% | ACC=0.9195 (base 0.6651)
  +78h: RMSE=0.416088 | base=0.838504 | skill=50.38% | ACC=0.9107 (base 0.6570)
  +84h: RMSE=0.440272 | base=0.845083 | skill=47.90% | ACC=0.9004 (base 0.6516)
  +90h: RMSE=0.462504 | base=0.849863 | skill=45.58% | ACC=0.8903 (base 0.6480)
  +96h: RMSE=0.486629 | base=0.851942 | skill=42.88% | ACC=0.8790 (base 0.6464)
  +102h: RMSE=0.509233 | base=0.859016 | skill=40.72% | ACC=0.8678 (base 0.6407)
  +108h: RMSE=0.532708 | base=0.861924 | skill=38.20% | ACC=0.8560 (base 0.6383)
  +114h: RMSE=0.554153 | base=0.862495 | skill=35.75% | ACC=0.8446 (base 0.6381)
  +120h: RMSE=0.576799 | base=0.860117 | skill=32.94% | ACC=0.8324 (base 0.6402)
  +126h: RMSE=0.597619 | base=0.864354 | skill=30.86% | ACC=0.8207 (base 0.6367)
  +132h: RMSE=0.618537 | base=0.866611 | skill=28.63% | ACC=0.8088 (base 0.6348)
  +138h: RMSE=0.637632 | base=0.868288 | skill=26.56% | ACC=0.7974 (base 0.6336)
  +144h: RMSE=0.656951 | base=0.867633 | skill=24.28% | ACC=0.7856 (base 0.6342)
  +150h: RMSE=0.674942 | base=0.872502 | skill=22.64% | ACC=0.7743 (base 0.6302)
  +156h: RMSE=0.692964 | base=0.875082 | skill=20.81% | ACC=0.7628 (base 0.6281)
  +162h: RMSE=0.709068 | base=0.877226 | skill=19.17% | ACC=0.7520 (base 0.6265)
  +168h: RMSE=0.724672 | base=0.877258 | skill=17.39% | ACC=0.7415 (base 0.6266)
  +174h: RMSE=0.738693 | base=0.883001 | skill=16.34% | ACC=0.7318 (base 0.6219)
  +180h: RMSE=0.752450 | base=0.886287 | skill=15.10% | ACC=0.7223 (base 0.6191)
  +186h: RMSE=0.765037 | base=0.888069 | skill=13.85% | ACC=0.7133 (base 0.6177)
  +192h: RMSE=0.777500 | base=0.886775 | skill=12.32% | ACC=0.7044 (base 0.6189)
  +198h: RMSE=0.788296 | base=0.890075 | skill=11.43% | ACC=0.6965 (base 0.6161)
  +204h: RMSE=0.798241 | base=0.890592 | skill=10.37% | ACC=0.6892 (base 0.6156)
  +210h: RMSE=0.806818 | base=0.890472 | skill=9.39% | ACC=0.6827 (base 0.6157)
  +216h: RMSE=0.814772 | base=0.888101 | skill=8.26% | ACC=0.6768 (base 0.6177)
  +222h: RMSE=0.821500 | base=0.890641 | skill=7.76% | ACC=0.6717 (base 0.6155)
  +228h: RMSE=0.828268 | base=0.890460 | skill=6.98% | ACC=0.6667 (base 0.6155)
  +234h: RMSE=0.834093 | base=0.889406 | skill=6.22% | ACC=0.6622 (base 0.6166)
  +240h: RMSE=0.839718 | base=0.886146 | skill=5.24% | ACC=0.6579 (base 0.6194)
  +246h: RMSE=0.844654 | base=0.888633 | skill=4.95% | ACC=0.6540 (base 0.6174)
  +252h: RMSE=0.848989 | base=0.889270 | skill=4.53% | ACC=0.6505 (base 0.6169)
  +258h: RMSE=0.852562 | base=0.889468 | skill=4.15% | ACC=0.6476 (base 0.6169)
  +264h: RMSE=0.855760 | base=0.887796 | skill=3.61% | ACC=0.6452 (base 0.6185)
  +270h: RMSE=0.858574 | base=0.891876 | skill=3.73% | ACC=0.6431 (base 0.6151)
  +276h: RMSE=0.860931 | base=0.893784 | skill=3.68% | ACC=0.6414 (base 0.6135)
  +282h: RMSE=0.862999 | base=0.894670 | skill=3.54% | ACC=0.6398 (base 0.6129)
  +288h: RMSE=0.865626 | base=0.893038 | skill=3.07% | ACC=0.6376 (base 0.6144)
  +294h: RMSE=0.868051 | base=0.897175 | skill=3.25% | ACC=0.6356 (base 0.6110)
  +300h: RMSE=0.870301 | base=0.899621 | skill=3.26% | ACC=0.6337 (base 0.6089)
  +306h: RMSE=0.872021 | base=0.901124 | skill=3.23% | ACC=0.6322 (base 0.6078)
  +312h: RMSE=0.873750 | base=0.899844 | skill=2.90% | ACC=0.6307 (base 0.6090)
  +318h: RMSE=0.874920 | base=0.902919 | skill=3.10% | ACC=0.6297 (base 0.6064)
  +324h: RMSE=0.876175 | base=0.903071 | skill=2.98% | ACC=0.6285 (base 0.6062)
  +330h: RMSE=0.877386 | base=0.901654 | skill=2.69% | ACC=0.6275 (base 0.6076)
  +336h: RMSE=0.878192 | base=0.897442 | skill=2.15% | ACC=0.6267 (base 0.6112)

Per-horizon per-channel RMSE (physical units):
         var   unit      +6h     +12h     +18h     +24h     +30h     +36h     +42h     +48h     +54h     +60h     +66h     +72h     +78h     +84h     +90h     +96h    +102h    +108h    +114h    +120h    +126h    +132h    +138h    +144h    +150h    +156h    +162h    +168h    +174h    +180h    +186h    +192h    +198h    +204h    +210h    +216h    +222h    +228h    +234h    +240h    +246h    +252h    +258h    +264h    +270h    +276h    +282h    +288h    +294h    +300h    +306h    +312h    +318h    +324h    +330h    +336h
         t2m      K    0.83°C    1.05°C    1.08°C    1.24°C    1.29°C    1.42°C    1.45°C    1.55°C    1.60°C    1.69°C    1.74°C    1.83°C    1.89°C    1.98°C    2.05°C    2.14°C    2.22°C    2.32°C    2.40°C    2.49°C    2.57°C    2.66°C    2.74°C    2.83°C    2.92°C    3.02°C    3.10°C    3.19°C    3.28°C    3.36°C    3.43°C    3.51°C    3.58°C    3.64°C    3.70°C    3.76°C    3.80°C    3.84°C    3.88°C    3.92°C    3.96°C    3.98°C    4.02°C    4.04°C    4.06°C    4.08°C    4.11°C    4.13°C    4.15°C    4.18°C    4.21°C    4.23°C    4.26°C    4.28°C    4.30°C    4.31°C
         10u    m/s     0.76     0.96     1.08     1.22     1.34     1.48     1.62     1.78     1.93     2.10     2.27     2.45     2.63     2.81     2.99     3.18     3.35     3.52     3.67     3.83     3.98     4.13     4.27     4.40     4.53     4.65     4.75     4.84     4.93     5.01     5.09     5.18     5.26     5.33     5.40     5.45     5.50     5.54     5.58     5.61     5.64     5.66     5.68     5.70     5.71     5.73     5.75     5.76     5.77     5.78     5.79     5.79     5.79     5.79     5.79     5.79
         10v    m/s     0.77     0.99     1.11     1.26     1.38     1.53     1.66     1.83     1.98     2.15     2.32     2.50     2.68     2.87     3.05     3.24     3.42     3.59     3.76     3.94     4.10     4.25     4.40     4.55     4.68     4.81     4.93     5.05     5.16     5.26     5.34     5.42     5.48     5.54     5.60     5.65     5.68     5.73     5.76     5.80     5.83     5.86     5.89     5.90     5.91     5.91     5.91     5.92     5.92     5.93     5.94     5.94     5.95     5.95     5.95     5.94
         msl    hPa     0.64     0.84     0.99     1.16     1.32     1.52     1.70     1.93     2.15     2.42     2.69     3.00     3.32     3.67     4.02     4.38     4.76     5.15     5.54     5.93     6.31     6.68     7.04     7.39     7.74     8.09     8.43     8.76     9.08     9.39     9.69     9.98    10.24    10.48    10.67    10.85    11.01    11.17    11.31    11.45    11.57    11.68    11.77    11.87    11.95    12.02    12.09    12.16    12.22    12.27    12.30    12.32    12.34    12.36    12.38    12.41
       t@850      K    0.73°C    0.95°C    0.99°C    1.15°C    1.18°C    1.30°C    1.35°C    1.47°C    1.52°C    1.64°C    1.72°C    1.84°C    1.93°C    2.07°C    2.18°C    2.32°C    2.44°C    2.59°C    2.72°C    2.86°C    2.99°C    3.14°C    3.26°C    3.40°C    3.52°C    3.65°C    3.76°C    3.88°C    3.98°C    4.08°C    4.17°C    4.27°C    4.36°C    4.44°C    4.51°C    4.58°C    4.63°C    4.69°C    4.73°C    4.78°C    4.82°C    4.86°C    4.89°C    4.92°C    4.94°C    4.97°C    4.99°C    5.02°C    5.04°C    5.06°C    5.08°C    5.11°C    5.13°C    5.15°C    5.16°C    5.18°C
       u@850    m/s     1.12     1.43     1.59     1.80     1.96     2.17     2.35     2.58     2.79     3.03     3.25     3.50     3.73     3.99     4.23     4.48     4.73     4.96     5.19     5.42     5.64     5.87     6.08     6.27     6.46     6.63     6.78     6.92     7.05     7.18     7.31     7.45     7.57     7.68     7.77     7.86     7.93     8.00     8.07     8.11     8.16     8.20     8.24     8.28     8.32     8.35     8.38     8.41     8.43     8.43     8.44     8.45     8.45     8.45     8.46     8.46
       v@850    m/s     1.13     1.45     1.60     1.82     1.97     2.18     2.36     2.58     2.79     3.03     3.25     3.51     3.75     4.02     4.26     4.52     4.76     5.00     5.23     5.46     5.69     5.91     6.12     6.32     6.52     6.71     6.88     7.03     7.18     7.32     7.45     7.55     7.65     7.73     7.80     7.87     7.92     7.98     8.02     8.07     8.12     8.17     8.19     8.21     8.22     8.23     8.23     8.25     8.27     8.30     8.30     8.32     8.32     8.33     8.33     8.32
       z@850    gpm      5.7      7.7      7.6      9.8     10.2     12.1     13.0     14.9     16.3     18.5     20.4     22.8     25.1     27.8     30.4     33.2     36.1     39.1     42.2     45.3     48.3     51.2     54.0     56.9     59.7     62.5     65.2     67.9     70.5     73.0     75.3     77.5     79.5     81.3     82.8     84.1     85.4     86.6     87.6     88.7     89.7     90.7     91.5     92.3     92.9     93.5     94.1     94.8     95.3     95.7     96.0     96.2     96.4     96.6     96.9     97.2
       z@500    gpm      7.9     12.2     11.4     16.8     15.1     19.6     19.1     23.4     23.7     27.9     29.2     33.3     35.4     39.7     42.4     46.8     50.2     54.7     58.5     63.2     67.2     71.7     75.5     79.9     83.6     87.7     91.3     95.2     98.5    102.1    105.0    108.1    110.6    113.0    115.0    117.0    118.6    120.3    121.6    123.1    124.4    125.9    127.0    128.1    128.9    129.9    130.7    131.7    132.5    133.4    134.0    134.6    135.1    135.7    136.2    136.7

Per-channel metrics overall (physical units, avg over 56 horizons):
    #        var      ACC  RMSE_norm    RMSE_phys     unit
    0        t2m   0.9865     0.1502       3.1747        K  (≈3.17 °C)
    1        10u   0.6846     0.8131       4.5241      m/s
    2        10v   0.5241     0.9796       4.6715      m/s
    3        msl   0.8379     0.6503       8.8023      hPa
    4         tp   0.3165     1.0993       0.0022        m
    5         sp   0.9957     0.0958       9.1380      hPa
    6       tcwv   0.9299     0.3670       6.1056    kg/m²
    7     z_surf   0.9999     0.0000       0.0000      gpm
    8        lsm   1.0001     0.0000       0.0000        -
    9      t@850   0.9658     0.2445       3.7905        K  (≈3.79 °C)
   10      u@850   0.7045     0.7925       6.5326      m/s
   11      v@850   0.4630     1.0382       6.5164      m/s
   12      z@850   0.9198     0.4484      68.3509      gpm
   13      q@850   0.8995     0.4418       0.0018    kg/kg
   14      t@500   0.9572     0.2963       3.8660        K  (≈3.87 °C)
   15      u@500   0.6987     0.7920       9.5251      m/s
   16      v@500   0.4547     1.0656       9.8114      m/s
   17      z@500   0.9651     0.2768      95.3698      gpm
   18      q@500   0.7153     0.6959       0.0008    kg/kg
   19      z@250   0.9724     0.2503     142.1542      gpm
   20      t@250   0.9172     0.4576       3.9638        K  (≈3.96 °C)
   21      u@250   0.7044     0.7811      14.1191      m/s
   22      v@250   0.4664     1.0959      14.7324      m/s
   23      q@250   0.7515     0.6467       0.0001    kg/kg
   24     z@1000   0.8487     0.6304      70.2290      gpm
   25     t@1000   0.9791     0.1882       3.1867        K  (≈3.19 °C)
   26     u@1000   0.6836     0.8076       4.9770      m/s
   27     v@1000   0.5174     0.9769       5.1921      m/s
   28     q@1000   0.9703     0.2404       0.0014    kg/kg
   29   sin_hour   0.2135     0.0000       0.0000        ?
   30   cos_hour   0.2135     0.0000       0.0000        ?
   31    sin_doy   0.1788     0.0000       0.0000        ?
   32    cos_doy   0.1994     0.0000       0.0000        ?
============================================================
