[predict] data_dir=/data/datasets/wb2_512x256_33f_v3 (chunked=True, pred_steps=28)
[ChunkDataset] склеиваем data.npy (19ch) + data_extra.npy (14ch) → 33ch
[ChunkDataset] train: 14002 samples, grid=512×256, feat=33, obs=2, pred=28
[ChunkDataset] склеиваем data.npy (19ch) + data_extra.npy (14ch) → 33ch
[ChunkDataset] val: 1750 samples, grid=512×256, feat=33, obs=2, pred=28
[ChunkDataset] склеиваем data.npy (19ch) + data_extra.npy (14ch) → 33ch
[ChunkDataset] test_only: 1751 samples, grid=512×256, feat=33, obs=2, pred=28
[graph] уровни меша [4, 6], признаки рёбер: legacy
[processor] InteractionNet: 12 шагов, агрегация 'mean'
Encoder summary: 
+---------------------------+----------------------------+----------------+----------+
| Layer                     | Input Shape                | Output Shape   | #Param   |
|---------------------------+----------------------------+----------------+----------|
| Model                     | [172034, 72], [2, 205302]  | [172034, 256]  | 348,162  |
| ├─(mlp)MLP                |                            | [172034, 256]  | 150,786  |
| │    └─(MLP)ModuleList    | --                         | --             | 150,786  |
| │    │    └─(0)Linear     | [172034, 72]               | [172034, 256]  | 18,688   |
| │    │    └─(1)PReLU      | [172034, 256]              | [172034, 256]  | 1        |
| │    │    └─(2)Linear     | [172034, 256]              | [172034, 256]  | 65,792   |
| │    │    └─(3)PReLU      | [172034, 256]              | [172034, 256]  | 1        |
| │    │    └─(4)Linear     | [172034, 256]              | [172034, 256]  | 65,792   |
| │    │    └─(5)LayerNorm  | [172034, 256]              | [172034, 256]  | 512      |
| ├─(graph_layer)GraphLayer |                            | [172034, 256]  | 197,376  |
| │    └─(activation)SiLU   | [172034, 256]              | [172034, 256]  | --       |
| │    └─(layers)ModuleList | --                         | --             | 197,376  |
| │    │    └─(0)GCNConv    | [172034, 256], [2, 205302] | [172034, 256]  | 65,792   |
| │    │    └─(1)SiLU       | [172034, 256]              | [172034, 256]  | --       |
| │    │    └─(2)GCNConv    | [172034, 256], [2, 205302] | [172034, 256]  | 65,792   |
| │    │    └─(3)SiLU       | --                         | --             | --       |
| │    │    └─(4)GCNConv    | [172034, 256], [2, 205302] | [172034, 256]  | 65,792   |
+---------------------------+----------------------------+----------------+----------+

Processor summary: 
  (summary skipped: Expected all tensors to be on the same device, but found at least two devices, cuda:0 and cpu! (when checking argument for argument mat1 in method wrapper_CUDA_addmm))

Decoder summary: 
+---------------------------+----------------------------+----------------+----------+
| Layer                     | Input Shape                | Output Shape   | #Param   |
|---------------------------+----------------------------+----------------+----------|
| Model                     | [172034, 256], [2, 393216] | [172034, 33]   | 152,483  |
| ├─(mlp)MLP                |                            | [172034, 128]  | 115,202  |
| │    └─(MLP)ModuleList    | --                         | --             | 115,202  |
| │    │    └─(0)Linear     | [172034, 256]              | [172034, 256]  | 65,792   |
| │    │    └─(1)PReLU      | [172034, 256]              | [172034, 256]  | 1        |
| │    │    └─(2)Linear     | [172034, 256]              | [172034, 128]  | 32,896   |
| │    │    └─(3)PReLU      | [172034, 128]              | [172034, 128]  | 1        |
| │    │    └─(4)Linear     | [172034, 128]              | [172034, 128]  | 16,512   |
| ├─(graph_layer)GraphLayer |                            | [172034, 33]   | 37,281   |
| │    └─(activation)SiLU   | [172034, 128]              | [172034, 128]  | --       |
| │    └─(layers)ModuleList | --                         | --             | 37,281   |
| │    │    └─(0)GCNConv    | [172034, 128], [2, 393216] | [172034, 128]  | 16,512   |
| │    │    └─(1)SiLU       | [172034, 128]              | [172034, 128]  | --       |
| │    │    └─(2)GCNConv    | [172034, 128], [2, 393216] | [172034, 128]  | 16,512   |
| │    │    └─(3)SiLU       | --                         | --             | --       |
| │    │    └─(4)GCNConv    | [172034, 128], [2, 393216] | [172034, 33]   | 4,257    |
+---------------------------+----------------------------+----------------+----------+

[config] pred_window_used=8, но декодировщик выдаёт 33 каналов при C=33 → модель одношаговая (1). Беру 1.
[AR-rollout] Модель выдаёт 1 шаг(ов), но мы прогоним 28 шагов авторегрессионно.
[static] Каналы [7, 8] — статика, carry-forward при AR
[forcing] Каналы [29, 30, 31, 32] — форсинг (из ground truth при AR)
[predict] device=cuda | grid=512x256 | 200/1751 test samples
[metrics] Исключены из aggregate метрик: каналы [7, 8, 29, 30, 31, 32] (static+forcing)
[metrics] per-sample MSE будут сохранены в /workdir/paper_results/d7_v3_samples.npz
[Main] Инференс (200 samples, DA=none)...
  [50/200] RMSE=0.530870 ACC=0.8572
  [100/200] RMSE=0.535254 ACC=0.8586
  [150/200] RMSE=0.533522 ACC=0.8577
  [200/200] RMSE=0.528800 ACC=0.8593
[Save] per-sample metrics → /workdir/paper_results/d7_v3_samples.npz (N=200, AR=28, C=33)

============================================================
=== Inference summary (200 samples) ===
Grid: 512x256 (G=131072) | C=33 | AR=28 horizons
Overall: MSE=0.279629 | RMSE=0.528800 | MAE=0.283533
Baseline: RMSE=0.805306 | MAE=0.467722
Skill: 34.34%
ACC: 0.8593 | base: 0.6846 | Δ=+0.1746

Per-horizon:
  +06h: RMSE=0.132171 | base=0.366125 | skill=63.90% | ACC=0.9911 (base 0.9335)
  +12h: RMSE=0.174642 | base=0.522616 | skill=66.58% | ACC=0.9844 (base 0.8649)
  +18h: RMSE=0.208466 | base=0.616605 | skill=66.19% | ACC=0.9774 (base 0.8128)
  +24h: RMSE=0.239001 | base=0.675792 | skill=64.63% | ACC=0.9701 (base 0.7757)
  +30h: RMSE=0.261286 | base=0.724874 | skill=63.95% | ACC=0.9642 (base 0.7426)
  +36h: RMSE=0.289017 | base=0.757375 | skill=61.84% | ACC=0.9562 (base 0.7194)
  +42h: RMSE=0.310925 | base=0.779687 | skill=60.12% | ACC=0.9495 (base 0.7031)
  +48h: RMSE=0.339007 | base=0.792735 | skill=57.24% | ACC=0.9401 (base 0.6934)
  +54h: RMSE=0.362800 | base=0.807782 | skill=55.09% | ACC=0.9317 (base 0.6819)
  +60h: RMSE=0.391099 | base=0.816988 | skill=52.13% | ACC=0.9209 (base 0.6748)
  +66h: RMSE=0.415205 | base=0.824004 | skill=49.61% | ACC=0.9111 (base 0.6694)
  +72h: RMSE=0.442770 | base=0.827998 | skill=46.53% | ACC=0.8993 (base 0.6664)
  +78h: RMSE=0.467285 | base=0.837439 | skill=44.20% | ACC=0.8882 (base 0.6589)
  +84h: RMSE=0.494102 | base=0.843272 | skill=41.41% | ACC=0.8755 (base 0.6542)
  +90h: RMSE=0.518199 | base=0.847279 | skill=38.84% | ACC=0.8634 (base 0.6513)
  +96h: RMSE=0.543525 | base=0.848701 | skill=35.96% | ACC=0.8502 (base 0.6503)
  +102h: RMSE=0.566942 | base=0.855542 | skill=33.73% | ACC=0.8374 (base 0.6448)
  +108h: RMSE=0.590888 | base=0.858640 | skill=31.18% | ACC=0.8239 (base 0.6422)
  +114h: RMSE=0.613513 | base=0.859605 | skill=28.63% | ACC=0.8106 (base 0.6417)
  +120h: RMSE=0.636391 | base=0.857837 | skill=25.81% | ACC=0.7967 (base 0.6433)
  +126h: RMSE=0.657797 | base=0.862817 | skill=23.76% | ACC=0.7834 (base 0.6392)
  +132h: RMSE=0.678631 | base=0.866139 | skill=21.65% | ACC=0.7700 (base 0.6363)
  +138h: RMSE=0.697804 | base=0.869328 | skill=19.73% | ACC=0.7572 (base 0.6337)
  +144h: RMSE=0.716163 | base=0.870292 | skill=17.71% | ACC=0.7447 (base 0.6329)
  +150h: RMSE=0.733453 | base=0.876282 | skill=16.30% | ACC=0.7326 (base 0.6280)
  +156h: RMSE=0.749830 | base=0.879256 | skill=14.72% | ACC=0.7209 (base 0.6255)
  +162h: RMSE=0.765101 | base=0.881050 | skill=13.16% | ACC=0.7097 (base 0.6242)
  +168h: RMSE=0.779486 | base=0.880273 | skill=11.45% | ACC=0.6988 (base 0.6250)

Per-horizon per-channel RMSE (physical units):
         var   unit      +6h     +12h     +18h     +24h     +30h     +36h     +42h     +48h     +54h     +60h     +66h     +72h     +78h     +84h     +90h     +96h    +102h    +108h    +114h    +120h    +126h    +132h    +138h    +144h    +150h    +156h    +162h    +168h
         t2m      K    0.85°C    1.05°C    1.12°C    1.24°C    1.35°C    1.48°C    1.56°C    1.69°C    1.78°C    1.91°C    1.99°C    2.11°C    2.21°C    2.32°C    2.42°C    2.53°C    2.63°C    2.75°C    2.85°C    2.97°C    3.08°C    3.20°C    3.32°C    3.43°C    3.53°C    3.64°C    3.73°C    3.83°C
         10u    m/s     0.78     0.99     1.15     1.33     1.49     1.68     1.86     2.06     2.26     2.47     2.67     2.88     3.07     3.27     3.46     3.65     3.82     4.00     4.16     4.31     4.45     4.59     4.72     4.85     4.96     5.05     5.14     5.23
         10v    m/s     0.80     1.02     1.19     1.36     1.52     1.71     1.88     2.09     2.28     2.51     2.70     2.92     3.12     3.33     3.52     3.71     3.89     4.07     4.23     4.40     4.56     4.71     4.85     4.98     5.10     5.21     5.32     5.43
         msl    hPa     0.72     1.06     1.34     1.64     1.92     2.25     2.55     2.90     3.23     3.60     3.95     4.34     4.72     5.14     5.54     5.97     6.38     6.82     7.25     7.69     8.10     8.52     8.91     9.31     9.69    10.06    10.39    10.72
       t@850      K    0.74°C    0.97°C    1.06°C    1.21°C    1.28°C    1.44°C    1.52°C    1.68°C    1.77°C    1.93°C    2.04°C    2.20°C    2.31°C    2.48°C    2.61°C    2.77°C    2.90°C    3.06°C    3.21°C    3.36°C    3.50°C    3.64°C    3.78°C    3.91°C    4.04°C    4.17°C    4.27°C    4.38°C
       u@850    m/s     1.17     1.50     1.72     1.97     2.20     2.47     2.71     3.00     3.26     3.55     3.81     4.09     4.36     4.64     4.90     5.16     5.42     5.67     5.91     6.14     6.35     6.56     6.76     6.95     7.13     7.28     7.43     7.57
       v@850    m/s     1.17     1.50     1.72     1.96     2.17     2.43     2.66     2.95     3.21     3.51     3.78     4.07     4.35     4.64     4.90     5.17     5.42     5.68     5.92     6.15     6.37     6.58     6.77     6.95     7.12     7.28     7.43     7.58
       z@850    gpm      5.9      8.6     10.2     12.7     14.5     17.4     19.4     22.3     24.6     27.6     30.1     33.2     36.1     39.4     42.5     45.9     49.1     52.6     55.9     59.3     62.6     65.9     69.0     72.2     75.3     78.2     80.9     83.5
       z@500    gpm      7.8     11.8     12.9     16.9     18.0     22.6     24.5     29.2     31.7     36.4     39.5     44.1     47.7     52.3     56.3     61.1     65.4     70.3     74.9     79.7     84.3     89.0     93.5     98.0    102.3    106.6    110.4    114.0

Per-channel metrics overall (physical units, avg over 28 horizons):
    #        var      ACC  RMSE_norm    RMSE_phys     unit
    0        t2m   0.9921     0.1200       2.5347        K  (≈2.53 °C)
    1        10u   0.8063     0.6323       3.5182      m/s
    2        10v   0.7164     0.7557       3.6036      m/s
    3        msl   0.9104     0.4680       6.3351      hPa
    4         tp   0.4429     0.9702       0.0019        m
    5         sp   0.9977     0.0765       7.2947      hPa
    6       tcwv   0.9597     0.2784       4.6312    kg/m²
    7     z_surf   0.9999     0.0000       0.0000      gpm
    8        lsm   1.0001     0.0000       0.0000        -
    9      t@850   0.9817     0.1809       2.8049        K  (≈2.80 °C)
   10      u@850   0.8213     0.6115       5.0411      m/s
   11      v@850   0.6808     0.8023       5.0363      m/s
   12      z@850   0.9572     0.3215      49.0138      gpm
   13      q@850   0.9298     0.3644       0.0015    kg/kg
   14      t@500   0.9789     0.2159       2.8166        K  (≈2.82 °C)
   15      u@500   0.8309     0.5929       7.1302      m/s
   16      v@500   0.6882     0.8000       7.3657      m/s
   17      z@500   0.9831     0.1918      66.0755      gpm
   18      q@500   0.8035     0.5743       0.0006    kg/kg
   19      z@250   0.9858     0.1911     108.5515      gpm
   20      t@250   0.9451     0.3636       3.1488        K  (≈3.15 °C)
   21      u@250   0.8473     0.5702      10.3062      m/s
   22      v@250   0.7087     0.7964      10.7060      m/s
   23      q@250   0.8199     0.5375       0.0000    kg/kg
   24     z@1000   0.9165     0.4528      50.4476      gpm
   25     t@1000   0.9881     0.1521       2.5749        K  (≈2.57 °C)
   26     u@1000   0.8084     0.6235       3.8427      m/s
   27     v@1000   0.7168     0.7497       3.9845      m/s
   28     q@1000   0.9824     0.1836       0.0011    kg/kg
   29   sin_hour   0.2135     0.0000       0.0000        ?
   30   cos_hour   0.2135     0.0000       0.0000        ?
   31    sin_doy   0.1821     0.0000       0.0000        ?
   32    cos_doy   0.2065     0.0000       0.0000        ?
============================================================
