### PROVENANCE ###############################################
# tag: m1_noda_ar28 | started: 2026-07-26T12:43:46+03:00 | host: k8smr-macos-build--graphcast-v3-750057806-task-0
# git commit: d62475f | gpu: NVIDIA H100 80GB HBM3
# dataset: /data/datasets/multires_krsk_19f_merge
#   info: {"time_start":"2010-01-01","time_end":"2021-12-31","n_time":16072,"n_nodes":133279,"n_feat":19,"flat":true,"n_global_kept":130778,"n_regional":2501,"roi":[50.0,60.0,83.0,98.0],"variables":["t2m","10u","10v","msl","tp","sp","tcwv","z_surf","lsm","t@850","u@850"
# experiment: experiments/multires_merge_freeze6_v2 (config md5 48fa48d6ff72346ef9ae4a9e7b2a5129)
#   ckpt: 6ad5ade3178d63776ce79a12069270ad  experiments/multires_merge_freeze6_v2/best_model.pth
# COMMAND:
#   python -u scripts/predict.py experiments/multires_merge_freeze6_v2 --data-dir /data/datasets/multires_krsk_19f_merge --split test_only --ar-steps 28 --max-samples 200 --per-channel --no-save --region 50 60 83 98 --save-sample-metrics /workdir/paper_results/m1_noda_ar28_samples.npz 
##############################################################

[predict] data_dir=/data/datasets/multires_krsk_19f_merge (chunked=True, pred_steps=28)
[ChunkDataset] train: 12834 samples, flat_nodes=133279, feat=19, obs=2, pred=28
[ChunkDataset] val: 1604 samples, flat_nodes=133279, feat=19, obs=2, pred=28
[ChunkDataset] test_only: 1605 samples, flat_nodes=133279, feat=19, obs=2, pred=28
Encoder summary: 
+---------------------------+----------------------------+----------------+----------+
| Layer                     | Input Shape                | Output Shape   | #Param   |
|---------------------------+----------------------------+----------------+----------|
| Model                     | [174241, 44], [2, 207099]  | [174241, 256]  | 340,994  |
| ├─(mlp)MLP                |                            | [174241, 256]  | 143,618  |
| │    └─(MLP)ModuleList    | --                         | --             | 143,618  |
| │    │    └─(0)Linear     | [174241, 44]               | [174241, 256]  | 11,520   |
| │    │    └─(1)PReLU      | [174241, 256]              | [174241, 256]  | 1        |
| │    │    └─(2)Linear     | [174241, 256]              | [174241, 256]  | 65,792   |
| │    │    └─(3)PReLU      | [174241, 256]              | [174241, 256]  | 1        |
| │    │    └─(4)Linear     | [174241, 256]              | [174241, 256]  | 65,792   |
| │    │    └─(5)LayerNorm  | [174241, 256]              | [174241, 256]  | 512      |
| ├─(graph_layer)GraphLayer |                            | [174241, 256]  | 197,376  |
| │    └─(activation)SiLU   | [174241, 256]              | [174241, 256]  | --       |
| │    └─(layers)ModuleList | --                         | --             | 197,376  |
| │    │    └─(0)GCNConv    | [174241, 256], [2, 207099] | [174241, 256]  | 65,792   |
| │    │    └─(1)SiLU       | [174241, 256]              | [174241, 256]  | --       |
| │    │    └─(2)GCNConv    | [174241, 256], [2, 207099] | [174241, 256]  | 65,792   |
| │    │    └─(3)SiLU       | --                         | --             | --       |
| │    │    └─(4)GCNConv    | [174241, 256], [2, 207099] | [174241, 256]  | 65,792   |
+---------------------------+----------------------------+----------------+----------+

Processor summary: 
  (summary skipped: Expected all tensors to be on the same device, but found at least two devices, cuda:0 and cpu! (when checking argument for argument mat1 in method wrapper_CUDA_addmm))

Decoder summary: 
+---------------------------+----------------------------+----------------+----------+
| Layer                     | Input Shape                | Output Shape   | #Param   |
|---------------------------+----------------------------+----------------+----------|
| Model                     | [174241, 256], [2, 399837] | [174241, 19]   | 150,677  |
| ├─(mlp)MLP                |                            | [174241, 128]  | 115,202  |
| │    └─(MLP)ModuleList    | --                         | --             | 115,202  |
| │    │    └─(0)Linear     | [174241, 256]              | [174241, 256]  | 65,792   |
| │    │    └─(1)PReLU      | [174241, 256]              | [174241, 256]  | 1        |
| │    │    └─(2)Linear     | [174241, 256]              | [174241, 128]  | 32,896   |
| │    │    └─(3)PReLU      | [174241, 128]              | [174241, 128]  | 1        |
| │    │    └─(4)Linear     | [174241, 128]              | [174241, 128]  | 16,512   |
| ├─(graph_layer)GraphLayer |                            | [174241, 19]   | 35,475   |
| │    └─(activation)SiLU   | [174241, 128]              | [174241, 128]  | --       |
| │    └─(layers)ModuleList | --                         | --             | 35,475   |
| │    │    └─(0)GCNConv    | [174241, 128], [2, 399837] | [174241, 128]  | 16,512   |
| │    │    └─(1)SiLU       | [174241, 128]              | [174241, 128]  | --       |
| │    │    └─(2)GCNConv    | [174241, 128], [2, 399837] | [174241, 128]  | 16,512   |
| │    │    └─(3)SiLU       | --                         | --             | --       |
| │    │    └─(4)GCNConv    | [174241, 128], [2, 399837] | [174241, 19]   | 2,451    |
+---------------------------+----------------------------+----------------+----------+

[AR-rollout] Модель выдаёт 1 шаг(ов), но мы прогоним 28 шагов авторегрессионно.
[predict] device=cuda | grid=0x0 | 200/1605 test samples
[Region] 2501 nodes (--region [50.0,60.0]N x [83.0,98.0]E)
[metrics] per-sample MSE будут сохранены в /workdir/paper_results/m1_noda_ar28_samples.npz
[Main] Инференс (200 samples, DA=none)...
  [50/200] RMSE=0.495244 ACC=0.8716
  [100/200] RMSE=0.474394 ACC=0.8765
  [150/200] RMSE=0.477302 ACC=0.8762
  [200/200] RMSE=0.477770 ACC=0.8764
[Save] per-sample metrics → /workdir/paper_results/m1_noda_ar28_samples.npz (N=200, AR=28, C=19)

============================================================
=== Inference summary (200 samples) ===
Grid: 0x0 (G=133279) | C=19 | AR=28 horizons
Overall: MSE=0.228264 | RMSE=0.477770 | MAE=0.226478
Baseline: RMSE=0.749148 | MAE=0.396584
Skill: 36.22%
ACC: 0.8764 | base: 0.7080 | Δ=+0.1684

Per-horizon:
  +06h: RMSE=0.123616 | base=0.357652 | skill=65.44% | ACC=0.9922 (base 0.9352)
  +12h: RMSE=0.160939 | base=0.496977 | skill=67.62% | ACC=0.9867 (base 0.8737)
  +18h: RMSE=0.200665 | base=0.578048 | skill=65.29% | ACC=0.9789 (base 0.8279)
  +24h: RMSE=0.227711 | base=0.629793 | skill=63.84% | ACC=0.9725 (base 0.7950)
  +30h: RMSE=0.252829 | base=0.674076 | skill=62.49% | ACC=0.9659 (base 0.7644)
  +36h: RMSE=0.276376 | base=0.704374 | skill=60.76% | ACC=0.9592 (base 0.7424)
  +42h: RMSE=0.300226 | base=0.725490 | skill=58.62% | ACC=0.9517 (base 0.7263)
  +48h: RMSE=0.322865 | base=0.738404 | skill=56.28% | ACC=0.9440 (base 0.7164)
  +54h: RMSE=0.346811 | base=0.753452 | skill=53.97% | ACC=0.9352 (base 0.7046)
  +60h: RMSE=0.369526 | base=0.762871 | skill=51.56% | ACC=0.9263 (base 0.6971)
  +66h: RMSE=0.392840 | base=0.768436 | skill=48.88% | ACC=0.9166 (base 0.6925)
  +72h: RMSE=0.414932 | base=0.769775 | skill=46.10% | ACC=0.9068 (base 0.6914)
  +78h: RMSE=0.437561 | base=0.775236 | skill=43.56% | ACC=0.8963 (base 0.6869)
  +84h: RMSE=0.458905 | base=0.777581 | skill=40.98% | ACC=0.8860 (base 0.6851)
  +90h: RMSE=0.480034 | base=0.778660 | skill=38.35% | ACC=0.8752 (base 0.6841)
  +96h: RMSE=0.499882 | base=0.778385 | skill=35.78% | ACC=0.8646 (base 0.6845)
  +102h: RMSE=0.519203 | base=0.785192 | skill=33.88% | ACC=0.8539 (base 0.6789)
  +108h: RMSE=0.537366 | base=0.791771 | skill=32.13% | ACC=0.8434 (base 0.6735)
  +114h: RMSE=0.555592 | base=0.797933 | skill=30.37% | ACC=0.8326 (base 0.6683)
  +120h: RMSE=0.572581 | base=0.801293 | skill=28.54% | ACC=0.8221 (base 0.6656)
  +126h: RMSE=0.589147 | base=0.808703 | skill=27.15% | ACC=0.8116 (base 0.6593)
  +132h: RMSE=0.604302 | base=0.812771 | skill=25.65% | ACC=0.8016 (base 0.6559)
  +138h: RMSE=0.619444 | base=0.814721 | skill=23.97% | ACC=0.7917 (base 0.6541)
  +144h: RMSE=0.633367 | base=0.813916 | skill=22.18% | ACC=0.7822 (base 0.6549)
  +150h: RMSE=0.646937 | base=0.817467 | skill=20.86% | ACC=0.7729 (base 0.6517)
  +156h: RMSE=0.658808 | base=0.818516 | skill=19.51% | ACC=0.7644 (base 0.6509)
  +162h: RMSE=0.670461 | base=0.818095 | skill=18.05% | ACC=0.7561 (base 0.6511)
  +168h: RMSE=0.680905 | base=0.815721 | skill=16.53% | ACC=0.7484 (base 0.6532)

Per-horizon per-channel RMSE (physical units):
         var   unit      +6h     +12h     +18h     +24h     +30h     +36h     +42h     +48h     +54h     +60h     +66h     +72h     +78h     +84h     +90h     +96h    +102h    +108h    +114h    +120h    +126h    +132h    +138h    +144h    +150h    +156h    +162h    +168h
         t2m      K    0.81°C    0.99°C    1.11°C    1.21°C    1.34°C    1.44°C    1.55°C    1.64°C    1.77°C    1.87°C    2.00°C    2.10°C    2.24°C    2.36°C    2.49°C    2.61°C    2.75°C    2.86°C    2.99°C    3.09°C    3.22°C    3.33°C    3.47°C    3.58°C    3.72°C    3.84°C    3.98°C    4.09°C
         10u    m/s     0.71     0.88     1.02     1.16     1.31     1.48     1.66     1.84     2.02     2.21     2.40     2.58     2.77     2.95     3.12     3.29     3.45     3.60     3.74     3.87     4.00     4.12     4.22     4.32     4.42     4.51     4.58     4.66
         10v    m/s     0.73     0.89     1.04     1.18     1.34     1.51     1.69     1.87     2.06     2.24     2.42     2.60     2.79     2.97     3.15     3.31     3.48     3.63     3.78     3.92     4.05     4.17     4.28     4.39     4.49     4.58     4.67     4.75
         msl    hPa     0.60     0.81     1.06     1.29     1.57     1.86     2.16     2.47     2.79     3.12     3.45     3.80     4.14     4.50     4.85     5.20     5.54     5.89     6.21     6.54     6.85     7.15     7.44     7.72     7.99     8.24     8.48     8.71
       t@850      K    0.62°C    0.77°C    0.88°C    0.98°C    1.09°C    1.20°C    1.32°C    1.44°C    1.57°C    1.70°C    1.84°C    1.98°C    2.13°C    2.26°C    2.42°C    2.56°C    2.71°C    2.84°C    2.99°C    3.13°C    3.28°C    3.42°C    3.57°C    3.70°C    3.84°C    3.96°C    4.09°C    4.20°C
       u@850    m/s     1.05     1.29     1.51     1.71     1.94     2.17     2.43     2.68     2.96     3.21     3.49     3.75     4.02     4.28     4.54     4.78     5.02     5.23     5.45     5.65     5.85     6.02     6.19     6.33     6.48     6.60     6.73     6.83
       v@850    m/s     1.05     1.29     1.51     1.71     1.95     2.18     2.44     2.69     2.96     3.21     3.48     3.73     4.00     4.25     4.50     4.73     4.96     5.17     5.39     5.59     5.78     5.95     6.13     6.28     6.44     6.57     6.70     6.80
       z@850    gpm      4.7      6.1      8.4     10.1     12.7     14.8     17.5     19.7     22.4     24.7     27.5     29.9     32.8     35.2     38.1     40.6     43.5     46.0     48.9     51.2     53.9     56.1     58.5     60.5     62.7     64.5     66.5     68.1
       z@500    gpm      5.6      7.6     10.5     13.1     16.4     19.4     22.8     26.0     29.5     32.9     36.5     40.1     43.9     47.6     51.4     55.1     59.0     62.8     66.7     70.5     74.3     77.9     81.4     84.7     87.9     90.8     93.7     96.3

Per-channel metrics overall (physical units, avg over 28 horizons):
    #        var      ACC  RMSE_norm    RMSE_phys     unit
    0        t2m   0.9918     0.1244       2.6292        K  (≈2.63 °C)
    1        10u   0.8237     0.5661       3.1497      m/s
    2        10v   0.7482     0.6695       3.1927      m/s
    3        msl   0.9048     0.3928       5.3169      hPa
    4         tp   0.4568     1.0150       0.0020        m
    5         sp   0.9983     0.0565       5.3856      hPa
    6       tcwv   0.9630     0.2723       4.5298    kg/m²
    7     z_surf   0.9999     0.0142      12.0411      gpm
    8        lsm   0.9999     0.0196       0.0089        -
    9      t@850   0.9837     0.1688       2.6169        K  (≈2.62 °C)
   10      u@850   0.8359     0.5585       4.6036      m/s
   11      v@850   0.7072     0.7280       4.5698      m/s
   12      z@850   0.9522     0.2739      41.7457      gpm
   13      q@850   0.9385     0.3507       0.0015    kg/kg
   14      t@500   0.9833     0.1882       2.4562        K  (≈2.46 °C)
   15      u@500   0.8472     0.5446       6.5500      m/s
   16      v@500   0.7161     0.7252       6.6768      m/s
   17      z@500   0.9846     0.1675      57.7073      gpm
   18      q@500   0.8165     0.5797       0.0007    kg/kg

--- Region [50.0,60.0]N x [83.0,98.0]E (2501 nodes) ---
RMSE=0.318439 | base=0.584754 | skill=45.54%
ACC=0.7365 | base=0.4707

  Per-horizon (region):
    +06h: RMSE=0.077815 | base=0.230602 | skill=66.26% | ACC=0.9546 (base 0.8358)
    +12h: RMSE=0.095726 | base=0.342377 | skill=72.04% | ACC=0.9366 (base 0.6970)
    +18h: RMSE=0.110678 | base=0.414247 | skill=73.28% | ACC=0.9224 (base 0.6095)
    +24h: RMSE=0.123297 | base=0.460955 | skill=73.25% | ACC=0.9110 (base 0.5610)
    +30h: RMSE=0.135760 | base=0.497241 | skill=72.70% | ACC=0.8975 (base 0.5274)
    +36h: RMSE=0.147999 | base=0.525559 | skill=71.84% | ACC=0.8843 (base 0.5041)
    +42h: RMSE=0.160938 | base=0.548571 | skill=70.66% | ACC=0.8696 (base 0.4847)
    +48h: RMSE=0.175504 | base=0.567253 | skill=69.06% | ACC=0.8548 (base 0.4691)
    +54h: RMSE=0.192709 | base=0.587693 | skill=67.21% | ACC=0.8379 (base 0.4472)
    +60h: RMSE=0.210794 | base=0.603239 | skill=65.06% | ACC=0.8231 (base 0.4302)
    +66h: RMSE=0.228135 | base=0.614913 | skill=62.90% | ACC=0.8065 (base 0.4222)
    +72h: RMSE=0.245465 | base=0.622718 | skill=60.58% | ACC=0.7890 (base 0.4224)
    +78h: RMSE=0.261895 | base=0.628362 | skill=58.32% | ACC=0.7695 (base 0.4232)
    +84h: RMSE=0.278768 | base=0.631186 | skill=55.83% | ACC=0.7511 (base 0.4241)
    +90h: RMSE=0.294975 | base=0.635741 | skill=53.60% | ACC=0.7312 (base 0.4194)
    +96h: RMSE=0.311433 | base=0.640387 | skill=51.37% | ACC=0.7109 (base 0.4151)
    +102h: RMSE=0.329133 | base=0.642978 | skill=48.81% | ACC=0.6915 (base 0.4174)
    +108h: RMSE=0.347437 | base=0.641424 | skill=45.83% | ACC=0.6751 (base 0.4282)
    +114h: RMSE=0.368280 | base=0.641489 | skill=42.59% | ACC=0.6578 (base 0.4379)
    +120h: RMSE=0.387530 | base=0.641792 | skill=39.62% | ACC=0.6388 (base 0.4390)
    +126h: RMSE=0.403060 | base=0.644668 | skill=37.48% | ACC=0.6244 (base 0.4261)
    +132h: RMSE=0.420251 | base=0.644122 | skill=34.76% | ACC=0.6067 (base 0.4161)
    +138h: RMSE=0.439609 | base=0.640329 | skill=31.35% | ACC=0.5809 (base 0.4130)
    +144h: RMSE=0.457846 | base=0.634629 | skill=27.86% | ACC=0.5590 (base 0.4128)
    +150h: RMSE=0.471936 | base=0.629112 | skill=24.98% | ACC=0.5440 (base 0.4099)
    +156h: RMSE=0.480518 | base=0.618992 | skill=22.37% | ACC=0.5341 (base 0.4167)
    +162h: RMSE=0.482670 | base=0.606685 | skill=20.44% | ACC=0.5299 (base 0.4283)
    +168h: RMSE=0.481691 | base=0.593643 | skill=18.86% | ACC=0.5293 (base 0.4430)

  Per-horizon per-channel RMSE — REGION (2501 nodes):
           var   unit      +6h     +12h     +18h     +24h     +30h     +36h     +42h     +48h     +54h     +60h     +66h     +72h     +78h     +84h     +90h     +96h    +102h    +108h    +114h    +120h    +126h    +132h    +138h    +144h    +150h    +156h    +162h    +168h
           t2m      K    1.44°C    1.83°C    1.99°C    2.11°C    2.29°C    2.42°C    2.49°C    2.59°C    2.74°C    2.90°C    3.04°C    3.21°C    3.41°C    3.64°C    3.85°C    4.07°C    4.32°C    4.58°C    4.82°C    5.06°C    5.27°C    5.51°C    5.78°C    6.08°C    6.39°C    6.68°C    7.04°C    7.31°C
           10u    m/s     0.47     0.57     0.64     0.69     0.74     0.79     0.83     0.87     0.94     1.00     1.07     1.14     1.20     1.28     1.36     1.45     1.53     1.60     1.67     1.79     1.89     1.99     2.08     2.14     2.19     2.22     2.21     2.17
           10v    m/s     0.45     0.55     0.61     0.65     0.70     0.74     0.78     0.83     0.88     0.93     0.99     1.04     1.11     1.18     1.24     1.31     1.37     1.44     1.49     1.53     1.57     1.61     1.68     1.72     1.75     1.73     1.70     1.67
           msl    hPa     0.75     1.02     1.35     1.61     1.92     2.22     2.55     2.88     3.19     3.50     3.80     4.11     4.37     4.65     4.95     5.34     5.66     6.06     6.49     6.91     7.28     7.65     7.94     8.26     8.39     8.39     8.21     8.17
         t@850      K    0.80°C    1.01°C    1.18°C    1.28°C    1.40°C    1.48°C    1.60°C    1.69°C    1.83°C    1.97°C    2.12°C    2.26°C    2.41°C    2.52°C    2.65°C    2.78°C    2.91°C    3.06°C    3.24°C    3.45°C    3.68°C    3.89°C    4.13°C    4.35°C    4.51°C    4.65°C    4.80°C    4.93°C
         u@850    m/s     1.10     1.36     1.56     1.73     1.88     2.04     2.19     2.40     2.63     2.86     3.08     3.31     3.53     3.76     4.03     4.28     4.52     4.77     5.10     5.45     5.74     6.07     6.36     6.56     6.61     6.59     6.46     6.29
         v@850    m/s     0.99     1.18     1.35     1.46     1.58     1.68     1.82     1.98     2.19     2.35     2.56     2.72     2.91     3.09     3.26     3.44     3.62     3.79     3.95     4.10     4.17     4.27     4.51     4.75     4.92     4.97     5.01     5.01
         z@850    gpm      3.9      6.2      8.9     11.2     13.6     16.0     18.5     21.2     23.5     25.9     28.2     30.5     32.1     33.9     35.6     38.0     40.0     42.7     45.7     49.0     52.0     55.0     57.2     59.3     59.8     59.4     57.6     56.6
         z@500    gpm      5.7      7.6     10.2     12.5     15.3     18.1     21.3     24.9     28.5     31.8     35.4     38.6     41.2     43.6     46.2     48.9     51.1     53.8     57.6     62.7     68.8     75.3     81.7     87.4     92.1     95.7     97.6     98.1

  Per-channel region (physical units, avg over 28 horizons):
      #        var      ACC  RMSE_norm    RMSE_phys     unit
      0        t2m   0.8098     0.2069       4.3715        K  (≈4.37 °C)
      1        10u   0.6700     0.2674       1.4880      m/s
      2        10v   0.6353     0.2638       1.2580      m/s
      3        msl   0.8074     0.4078       5.5196      hPa
      4         tp   0.3149     0.0764       0.0002        m
      5         sp   0.9993     0.0534       5.0937      hPa
      6       tcwv   0.7640     0.0870       1.4471    kg/m²
      7     z_surf   0.9999     0.0132      11.2068      gpm
      8        lsm   0.9968     0.0157       0.0072        -
      9      t@850   0.7422     0.1935       3.0001        K  (≈3.00 °C)
     10      u@850   0.7795     0.5347       4.4077      m/s
     11      v@850   0.6760     0.5394       3.3856      m/s
     12      z@850   0.9248     0.2582      39.3620      gpm
     13      q@850   0.6197     0.1161       0.0005    kg/kg
     14      t@500   0.7137     0.1909       2.4907        K  (≈2.49 °C)
     15      u@500   0.5871     0.5703       6.8594      m/s
     16      v@500   0.5910     0.6785       6.2468      m/s
     17      z@500   0.9078     0.1636      56.3593      gpm
     18      q@500   0.4540     0.1287       0.0001    kg/kg
============================================================

### finished: 2026-07-26T13:03:24+03:00, exit=0 ###
