[predict] data_dir=/data/datasets/wb2_512x256_33f_v3 (chunked=True, pred_steps=5)
[ChunkDataset] склеиваем data.npy (19ch) + data_extra.npy (14ch) → 33ch
[ChunkDataset] train: 14006 samples, grid=512×256, feat=33, obs=2, pred=5
[ChunkDataset] склеиваем data.npy (19ch) + data_extra.npy (14ch) → 33ch
[ChunkDataset] val: 1751 samples, grid=512×256, feat=33, obs=2, pred=5
[ChunkDataset] склеиваем data.npy (19ch) + data_extra.npy (14ch) → 33ch
[ChunkDataset] test_only: 1751 samples, grid=512×256, feat=33, obs=2, pred=5
[ChunkDataset] шаг по времени 4 сроков = 24 ч (вход и цель на одной сетке)
[graph] уровни меша [4, 6], признаки рёбер: legacy
[processor] InteractionNet: 12 шагов, агрегация 'mean'
Encoder summary: 
+---------------------------+----------------------------+----------------+----------+
| Layer                     | Input Shape                | Output Shape   | #Param   |
|---------------------------+----------------------------+----------------+----------|
| Model                     | [172034, 72], [2, 205302]  | [172034, 256]  | 348,162  |
| ├─(mlp)MLP                |                            | [172034, 256]  | 150,786  |
| │    └─(MLP)ModuleList    | --                         | --             | 150,786  |
| │    │    └─(0)Linear     | [172034, 72]               | [172034, 256]  | 18,688   |
| │    │    └─(1)PReLU      | [172034, 256]              | [172034, 256]  | 1        |
| │    │    └─(2)Linear     | [172034, 256]              | [172034, 256]  | 65,792   |
| │    │    └─(3)PReLU      | [172034, 256]              | [172034, 256]  | 1        |
| │    │    └─(4)Linear     | [172034, 256]              | [172034, 256]  | 65,792   |
| │    │    └─(5)LayerNorm  | [172034, 256]              | [172034, 256]  | 512      |
| ├─(graph_layer)GraphLayer |                            | [172034, 256]  | 197,376  |
| │    └─(activation)SiLU   | [172034, 256]              | [172034, 256]  | --       |
| │    └─(layers)ModuleList | --                         | --             | 197,376  |
| │    │    └─(0)GCNConv    | [172034, 256], [2, 205302] | [172034, 256]  | 65,792   |
| │    │    └─(1)SiLU       | [172034, 256]              | [172034, 256]  | --       |
| │    │    └─(2)GCNConv    | [172034, 256], [2, 205302] | [172034, 256]  | 65,792   |
| │    │    └─(3)SiLU       | --                         | --             | --       |
| │    │    └─(4)GCNConv    | [172034, 256], [2, 205302] | [172034, 256]  | 65,792   |
+---------------------------+----------------------------+----------------+----------+

Processor summary: 
  (summary skipped: Expected all tensors to be on the same device, but found at least two devices, cuda:0 and cpu! (when checking argument for argument mat1 in method wrapper_CUDA_addmm))

Decoder summary: 
+---------------------------+----------------------------+----------------+----------+
| Layer                     | Input Shape                | Output Shape   | #Param   |
|---------------------------+----------------------------+----------------+----------|
| Model                     | [172034, 256], [2, 393216] | [172034, 33]   | 152,483  |
| ├─(mlp)MLP                |                            | [172034, 128]  | 115,202  |
| │    └─(MLP)ModuleList    | --                         | --             | 115,202  |
| │    │    └─(0)Linear     | [172034, 256]              | [172034, 256]  | 65,792   |
| │    │    └─(1)PReLU      | [172034, 256]              | [172034, 256]  | 1        |
| │    │    └─(2)Linear     | [172034, 256]              | [172034, 128]  | 32,896   |
| │    │    └─(3)PReLU      | [172034, 128]              | [172034, 128]  | 1        |
| │    │    └─(4)Linear     | [172034, 128]              | [172034, 128]  | 16,512   |
| ├─(graph_layer)GraphLayer |                            | [172034, 33]   | 37,281   |
| │    └─(activation)SiLU   | [172034, 128]              | [172034, 128]  | --       |
| │    └─(layers)ModuleList | --                         | --             | 37,281   |
| │    │    └─(0)GCNConv    | [172034, 128], [2, 393216] | [172034, 128]  | 16,512   |
| │    │    └─(1)SiLU       | [172034, 128]              | [172034, 128]  | --       |
| │    │    └─(2)GCNConv    | [172034, 128], [2, 393216] | [172034, 128]  | 16,512   |
| │    │    └─(3)SiLU       | --                         | --             | --       |
| │    │    └─(4)GCNConv    | [172034, 128], [2, 393216] | [172034, 33]   | 4,257    |
+---------------------------+----------------------------+----------------+----------+

[config] pred_window_used=3, но декодировщик выдаёт 33 каналов при C=33 → модель одношаговая (1). Беру 1.
[predict] шаг модели 24 ч, горизонты будут кратны ему
[AR-rollout] Модель выдаёт 1 шаг(ов), но мы прогоним 5 шагов авторегрессионно.
[static] Каналы [7, 8] — статика, carry-forward при AR
[forcing] Каналы [29, 30, 31, 32] — форсинг (из ground truth при AR)
[predict] device=cuda | grid=512x256 | 200/1751 test samples
[metrics] Исключены из aggregate метрик: каналы [7, 8, 29, 30, 31, 32] (static+forcing)
[metrics] per-sample MSE будут сохранены в /workdir/paper_results/v5ext_samples.npz
[Main] Инференс (200 samples, DA=none)...
  [50/200] RMSE=0.373746 ACC=0.9241
  [100/200] RMSE=0.374550 ACC=0.9254
  [150/200] RMSE=0.375103 ACC=0.9243
  [200/200] RMSE=0.374981 ACC=0.9241
[Save] per-sample metrics → /workdir/paper_results/v5ext_samples.npz (N=200, AR=5, C=33)

============================================================
=== Inference summary (200 samples) ===
Grid: 512x256 (G=131072) | C=33 | AR=5 horizons
Overall: MSE=0.140611 | RMSE=0.374981 | MAE=0.201111
Baseline: RMSE=0.802935 | MAE=0.464517
Skill: 53.30%
ACC: 0.9241 | base: 0.6864 | Δ=+0.2377

Per-horizon:
  +24h: RMSE=0.246696 | base=0.674021 | skill=63.40% | ACC=0.9677 (base 0.7768)
  +48h: RMSE=0.303593 | base=0.792872 | skill=61.71% | ACC=0.9507 (base 0.6933)
  +72h: RMSE=0.363391 | base=0.827039 | skill=56.06% | ACC=0.9288 (base 0.6675)
  +96h: RMSE=0.425111 | base=0.847717 | skill=49.85% | ACC=0.9022 (base 0.6517)
  +120h: RMSE=0.487087 | base=0.859044 | skill=43.30% | ACC=0.8712 (base 0.6428)

Per-horizon per-channel RMSE (physical units):
         var   unit     +24h     +48h     +72h     +96h    +120h
         t2m      K    1.32°C    1.61°C    1.87°C    2.16°C    2.46°C
         10u    m/s     1.48     1.95     2.44     2.93     3.36
         10v    m/s     1.48     1.95     2.45     2.94     3.44
         msl    hPa     1.64     2.38     3.27     4.27     5.31
       t@850      K    1.29°C    1.54°C    1.83°C    2.18°C    2.57°C
       u@850    m/s     2.15     2.76     3.41     4.08     4.71
       v@850    m/s     2.12     2.74     3.40     4.07     4.74
       z@850    gpm     12.3     18.0     24.7     32.4     40.3
       z@500    gpm     15.6     23.2     32.5     43.0     54.4

Per-channel metrics overall (physical units, avg over 5 horizons):
    #        var      ACC  RMSE_norm    RMSE_phys     unit
    0        t2m   0.9950     0.0912       1.9277        K  (≈1.93 °C)
    1        10u   0.8977     0.4534       2.5230      m/s
    2        10v   0.8495     0.5342       2.5474      m/s
    3        msl   0.9714     0.2673       3.6179      hPa
    4         tp   0.5846     0.8204       0.0016        m
    5         sp   0.9993     0.0393       3.7518      hPa
    6       tcwv   0.9800     0.1968       3.2741    kg/m²
    7     z_surf   0.9999     0.0000       0.0000      gpm
    8        lsm   1.0001     0.0000       0.0000        -
    9      t@850   0.9910     0.1248       1.9344        K  (≈1.93 °C)
   10      u@850   0.9090     0.4297       3.5422      m/s
   11      v@850   0.8270     0.5639       3.5397      m/s
   12      z@850   0.9866     0.1799      27.4223      gpm
   13      q@850   0.9585     0.2801       0.0012    kg/kg
   14      t@500   0.9910     0.1340       1.7485        K  (≈1.75 °C)
   15      u@500   0.9191     0.4026       4.8416      m/s
   16      v@500   0.8408     0.5451       5.0189      m/s
   17      z@500   0.9948     0.1058      36.4635      gpm
   18      q@500   0.8952     0.4301       0.0005    kg/kg
   19      z@250   0.9965     0.0864      49.0702      gpm
   20      t@250   0.9726     0.2378       2.0598        K  (≈2.06 °C)
   21      u@250   0.9316     0.3635       6.5703      m/s
   22      v@250   0.8671     0.5057       6.7984      m/s
   23      q@250   0.8842     0.4359       0.0000    kg/kg
   24     z@1000   0.9734     0.2582      28.7695      gpm
   25     t@1000   0.9929     0.1087       1.8408        K  (≈1.84 °C)
   26     u@1000   0.9002     0.4437       2.7347      m/s
   27     v@1000   0.8510     0.5261       2.7960      m/s
   28     q@1000   0.9917     0.1269       0.0007    kg/kg
   29   sin_hour   0.2135     0.0000       0.0000        ?
   30   cos_hour   0.2135     0.0000       0.0000        ?
   31    sin_doy   0.1802     0.0000       0.0000        ?
   32    cos_doy   0.2112     0.0000       0.0000        ?
============================================================
