[predict] data_dir=/data/datasets/wb2_512x256_33f_v3 (chunked=True, pred_steps=5)
[ChunkDataset] склеиваем data.npy (19ch) + data_extra.npy (14ch) → 33ch
[ChunkDataset] train: 14006 samples, grid=512×256, feat=33, obs=2, pred=5
[ChunkDataset] склеиваем data.npy (19ch) + data_extra.npy (14ch) → 33ch
[ChunkDataset] val: 1751 samples, grid=512×256, feat=33, obs=2, pred=5
[ChunkDataset] склеиваем data.npy (19ch) + data_extra.npy (14ch) → 33ch
[ChunkDataset] test_only: 1751 samples, grid=512×256, feat=33, obs=2, pred=5
[ChunkDataset] шаг по времени 4 сроков = 24 ч (вход и цель на одной сетке)
[graph] уровни меша [4, 6], признаки рёбер: legacy
[processor] InteractionNet: 12 шагов, агрегация 'mean'
Encoder summary: 
+---------------------------+----------------------------+----------------+----------+
| Layer                     | Input Shape                | Output Shape   | #Param   |
|---------------------------+----------------------------+----------------+----------|
| Model                     | [172034, 72], [2, 205302]  | [172034, 256]  | 348,162  |
| ├─(mlp)MLP                |                            | [172034, 256]  | 150,786  |
| │    └─(MLP)ModuleList    | --                         | --             | 150,786  |
| │    │    └─(0)Linear     | [172034, 72]               | [172034, 256]  | 18,688   |
| │    │    └─(1)PReLU      | [172034, 256]              | [172034, 256]  | 1        |
| │    │    └─(2)Linear     | [172034, 256]              | [172034, 256]  | 65,792   |
| │    │    └─(3)PReLU      | [172034, 256]              | [172034, 256]  | 1        |
| │    │    └─(4)Linear     | [172034, 256]              | [172034, 256]  | 65,792   |
| │    │    └─(5)LayerNorm  | [172034, 256]              | [172034, 256]  | 512      |
| ├─(graph_layer)GraphLayer |                            | [172034, 256]  | 197,376  |
| │    └─(activation)SiLU   | [172034, 256]              | [172034, 256]  | --       |
| │    └─(layers)ModuleList | --                         | --             | 197,376  |
| │    │    └─(0)GCNConv    | [172034, 256], [2, 205302] | [172034, 256]  | 65,792   |
| │    │    └─(1)SiLU       | [172034, 256]              | [172034, 256]  | --       |
| │    │    └─(2)GCNConv    | [172034, 256], [2, 205302] | [172034, 256]  | 65,792   |
| │    │    └─(3)SiLU       | --                         | --             | --       |
| │    │    └─(4)GCNConv    | [172034, 256], [2, 205302] | [172034, 256]  | 65,792   |
+---------------------------+----------------------------+----------------+----------+

Processor summary: 
  (summary skipped: Expected all tensors to be on the same device, but found at least two devices, cuda:0 and cpu! (when checking argument for argument mat1 in method wrapper_CUDA_addmm))

Decoder summary: 
+---------------------------+----------------------------+----------------+----------+
| Layer                     | Input Shape                | Output Shape   | #Param   |
|---------------------------+----------------------------+----------------+----------|
| Model                     | [172034, 256], [2, 393216] | [172034, 33]   | 152,483  |
| ├─(mlp)MLP                |                            | [172034, 128]  | 115,202  |
| │    └─(MLP)ModuleList    | --                         | --             | 115,202  |
| │    │    └─(0)Linear     | [172034, 256]              | [172034, 256]  | 65,792   |
| │    │    └─(1)PReLU      | [172034, 256]              | [172034, 256]  | 1        |
| │    │    └─(2)Linear     | [172034, 256]              | [172034, 128]  | 32,896   |
| │    │    └─(3)PReLU      | [172034, 128]              | [172034, 128]  | 1        |
| │    │    └─(4)Linear     | [172034, 128]              | [172034, 128]  | 16,512   |
| ├─(graph_layer)GraphLayer |                            | [172034, 33]   | 37,281   |
| │    └─(activation)SiLU   | [172034, 128]              | [172034, 128]  | --       |
| │    └─(layers)ModuleList | --                         | --             | 37,281   |
| │    │    └─(0)GCNConv    | [172034, 128], [2, 393216] | [172034, 128]  | 16,512   |
| │    │    └─(1)SiLU       | [172034, 128]              | [172034, 128]  | --       |
| │    │    └─(2)GCNConv    | [172034, 128], [2, 393216] | [172034, 128]  | 16,512   |
| │    │    └─(3)SiLU       | --                         | --             | --       |
| │    │    └─(4)GCNConv    | [172034, 128], [2, 393216] | [172034, 33]   | 4,257    |
+---------------------------+----------------------------+----------------+----------+

[config] pred_window_used=3, но декодировщик выдаёт 33 каналов при C=33 → модель одношаговая (1). Беру 1.
[predict] шаг модели 24 ч, горизонты будут кратны ему
[AR-rollout] Модель выдаёт 1 шаг(ов), но мы прогоним 5 шагов авторегрессионно.
[static] Каналы [7, 8] — статика, carry-forward при AR
[forcing] Каналы [29, 30, 31, 32] — форсинг (из ground truth при AR)
[predict] device=cuda | grid=512x256 | 200/1751 test samples
[metrics] Исключены из aggregate метрик: каналы [7, 8, 29, 30, 31, 32] (static+forcing)
[metrics] per-sample MSE будут сохранены в /workdir/paper_results/d5_v5_last_samples.npz
[Main] Инференс (200 samples, DA=none)...
  [50/200] RMSE=0.405550 ACC=0.9103
  [100/200] RMSE=0.409279 ACC=0.9109
  [150/200] RMSE=0.409973 ACC=0.9093
  [200/200] RMSE=0.408340 ACC=0.9097
[Save] per-sample metrics → /workdir/paper_results/d5_v5_last_samples.npz (N=200, AR=5, C=33)

============================================================
=== Inference summary (200 samples) ===
Grid: 512x256 (G=131072) | C=33 | AR=5 horizons
Overall: MSE=0.166741 | RMSE=0.408340 | MAE=0.228522
Baseline: RMSE=0.802935 | MAE=0.464517
Skill: 49.14%
ACC: 0.9097 | base: 0.6864 | Δ=+0.2233

Per-horizon:
  +24h: RMSE=0.264310 | base=0.674021 | skill=60.79% | ACC=0.9632 (base 0.7768)
  +48h: RMSE=0.331167 | base=0.792872 | skill=58.23% | ACC=0.9418 (base 0.6933)
  +72h: RMSE=0.398472 | base=0.827039 | skill=51.82% | ACC=0.9147 (base 0.6675)
  +96h: RMSE=0.464961 | base=0.847717 | skill=45.15% | ACC=0.8824 (base 0.6517)
  +120h: RMSE=0.528401 | base=0.859044 | skill=38.49% | ACC=0.8467 (base 0.6428)

Per-horizon per-channel RMSE (physical units):
         var   unit     +24h     +48h     +72h     +96h    +120h
         t2m      K    1.45°C    1.79°C    2.07°C    2.38°C    2.69°C
         10u    m/s     1.58     2.10     2.63     3.14     3.59
         10v    m/s     1.62     2.15     2.69     3.21     3.71
         msl    hPa     2.08     3.24     4.41     5.63     6.75
       t@850      K    1.42°C    1.76°C    2.12°C    2.51°C    2.92°C
       u@850    m/s     2.33     3.03     3.74     4.45     5.08
       v@850    m/s     2.31     3.00     3.73     4.42     5.09
       z@850    gpm     15.6     24.5     33.5     42.9     51.5
       z@500    gpm     19.9     31.0     42.8     55.2     67.2

Per-channel metrics overall (physical units, avg over 5 horizons):
    #        var      ACC  RMSE_norm    RMSE_phys     unit
    0        t2m   0.9942     0.1004       2.1221        K  (≈2.12 °C)
    1        10u   0.8814     0.4857       2.7025      m/s
    2        10v   0.8166     0.5825       2.7779      m/s
    3        msl   0.9530     0.3490       4.7234      hPa
    4         tp   0.5578     0.8308       0.0016        m
    5         sp   0.9986     0.0539       5.1387      hPa
    6       tcwv   0.9756     0.2172       3.6132    kg/m²
    7     z_surf   0.9999     0.0000       0.0000      gpm
    8        lsm   1.0001     0.0000       0.0000        -
    9      t@850   0.9886     0.1426       2.2112        K  (≈2.21 °C)
   10      u@850   0.8926     0.4673       3.8518      m/s
   11      v@850   0.7904     0.6119       3.8407      m/s
   12      z@850   0.9784     0.2358      35.9481      gpm
   13      q@850   0.9527     0.3006       0.0012    kg/kg
   14      t@500   0.9885     0.1513       1.9735        K  (≈1.97 °C)
   15      u@500   0.9025     0.4423       5.3196      m/s
   16      v@500   0.8072     0.5941       5.4702      m/s
   17      z@500   0.9920     0.1346      46.3877      gpm
   18      q@500   0.8777     0.4629       0.0005    kg/kg
   19      z@250   0.9946     0.1103      62.6657      gpm
   20      t@250   0.9660     0.2646       2.2917        K  (≈2.29 °C)
   21      u@250   0.9141     0.4080       7.3737      m/s
   22      v@250   0.8295     0.5707       7.6721      m/s
   23      q@250   0.8717     0.4575       0.0000    kg/kg
   24     z@1000   0.9568     0.3356      37.3920      gpm
   25     t@1000   0.9913     0.1261       2.1356        K  (≈2.14 °C)
   26     u@1000   0.8838     0.4775       2.9431      m/s
   27     v@1000   0.8181     0.5749       3.0552      m/s
   28     q@1000   0.9895     0.1447       0.0009    kg/kg
   29   sin_hour   0.2135     0.0000       0.0000        ?
   30   cos_hour   0.2135     0.0000       0.0000        ?
   31    sin_doy   0.1802     0.0000       0.0000        ?
   32    cos_doy   0.2112     0.0000       0.0000        ?
============================================================
