[predict] data_dir=/data/datasets/multires_krsk_33f (chunked=True, pred_steps=4)
[ChunkDataset] склеиваем data.npy (19ch) + data_extra.npy (14ch) → 33ch
[ChunkDataset] train: 12853 samples, flat_nodes=133279, feat=33, obs=2, pred=4
[ChunkDataset] склеиваем data.npy (19ch) + data_extra.npy (14ch) → 33ch
[ChunkDataset] val: 1607 samples, flat_nodes=133279, feat=33, obs=2, pred=4
[ChunkDataset] склеиваем data.npy (19ch) + data_extra.npy (14ch) → 33ch
[ChunkDataset] test_only: 1607 samples, flat_nodes=133279, feat=33, obs=2, pred=4
[graph] уровни меша [4, 6], признаки рёбер: legacy
[processor] InteractionNet: 12 шагов, агрегация 'mean'
Encoder summary: 
+---------------------------+----------------------------+----------------+----------+
| Layer                     | Input Shape                | Output Shape   | #Param   |
|---------------------------+----------------------------+----------------+----------|
| Model                     | [174241, 72], [2, 207099]  | [174241, 256]  | 348,162  |
| ├─(mlp)MLP                |                            | [174241, 256]  | 150,786  |
| │    └─(MLP)ModuleList    | --                         | --             | 150,786  |
| │    │    └─(0)Linear     | [174241, 72]               | [174241, 256]  | 18,688   |
| │    │    └─(1)PReLU      | [174241, 256]              | [174241, 256]  | 1        |
| │    │    └─(2)Linear     | [174241, 256]              | [174241, 256]  | 65,792   |
| │    │    └─(3)PReLU      | [174241, 256]              | [174241, 256]  | 1        |
| │    │    └─(4)Linear     | [174241, 256]              | [174241, 256]  | 65,792   |
| │    │    └─(5)LayerNorm  | [174241, 256]              | [174241, 256]  | 512      |
| ├─(graph_layer)GraphLayer |                            | [174241, 256]  | 197,376  |
| │    └─(activation)SiLU   | [174241, 256]              | [174241, 256]  | --       |
| │    └─(layers)ModuleList | --                         | --             | 197,376  |
| │    │    └─(0)GCNConv    | [174241, 256], [2, 207099] | [174241, 256]  | 65,792   |
| │    │    └─(1)SiLU       | [174241, 256]              | [174241, 256]  | --       |
| │    │    └─(2)GCNConv    | [174241, 256], [2, 207099] | [174241, 256]  | 65,792   |
| │    │    └─(3)SiLU       | --                         | --             | --       |
| │    │    └─(4)GCNConv    | [174241, 256], [2, 207099] | [174241, 256]  | 65,792   |
+---------------------------+----------------------------+----------------+----------+

Processor summary: 
  (summary skipped: Expected all tensors to be on the same device, but found at least two devices, cuda:0 and cpu! (when checking argument for argument mat1 in method wrapper_CUDA_addmm))

Decoder summary: 
+---------------------------+----------------------------+----------------+----------+
| Layer                     | Input Shape                | Output Shape   | #Param   |
|---------------------------+----------------------------+----------------+----------|
| Model                     | [174241, 256], [2, 399837] | [174241, 33]   | 152,483  |
| ├─(mlp)MLP                |                            | [174241, 128]  | 115,202  |
| │    └─(MLP)ModuleList    | --                         | --             | 115,202  |
| │    │    └─(0)Linear     | [174241, 256]              | [174241, 256]  | 65,792   |
| │    │    └─(1)PReLU      | [174241, 256]              | [174241, 256]  | 1        |
| │    │    └─(2)Linear     | [174241, 256]              | [174241, 128]  | 32,896   |
| │    │    └─(3)PReLU      | [174241, 128]              | [174241, 128]  | 1        |
| │    │    └─(4)Linear     | [174241, 128]              | [174241, 128]  | 16,512   |
| ├─(graph_layer)GraphLayer |                            | [174241, 33]   | 37,281   |
| │    └─(activation)SiLU   | [174241, 128]              | [174241, 128]  | --       |
| │    └─(layers)ModuleList | --                         | --             | 37,281   |
| │    │    └─(0)GCNConv    | [174241, 128], [2, 399837] | [174241, 128]  | 16,512   |
| │    │    └─(1)SiLU       | [174241, 128]              | [174241, 128]  | --       |
| │    │    └─(2)GCNConv    | [174241, 128], [2, 399837] | [174241, 128]  | 16,512   |
| │    │    └─(3)SiLU       | --                         | --             | --       |
| │    │    └─(4)GCNConv    | [174241, 128], [2, 399837] | [174241, 33]   | 4,257    |
+---------------------------+----------------------------+----------------+----------+

[AR-rollout] Модель выдаёт 1 шаг(ов), но мы прогоним 4 шагов авторегрессионно.
[static] Каналы [7, 8] — статика, carry-forward при AR
[forcing] Каналы [29, 30, 31, 32] — форсинг (из ground truth при AR)
[predict] device=cuda | grid=0x0 | 2000/1607 test samples
[Region] 2501 nodes (--region [50.0,60.0]N x [83.0,98.0]E)
[metrics] Исключены из aggregate метрик: каналы [7, 8, 29, 30, 31, 32] (static+forcing)
[metrics] per-sample MSE будут сохранены в /workdir/paper_results/krsk_seed43_roi_samples.npz
[Main] Инференс (2000 samples, DA=none)...
  [50/2000] RMSE=0.170596 ACC=0.9852
  [100/2000] RMSE=0.166157 ACC=0.9852
  [150/2000] RMSE=0.169199 ACC=0.9850
  [200/2000] RMSE=0.169753 ACC=0.9850
  [250/2000] RMSE=0.170217 ACC=0.9851
  [300/2000] RMSE=0.170587 ACC=0.9850
  [350/2000] RMSE=0.171201 ACC=0.9851
  [400/2000] RMSE=0.171253 ACC=0.9851
  [450/2000] RMSE=0.171475 ACC=0.9850
  [500/2000] RMSE=0.171108 ACC=0.9850
  [550/2000] RMSE=0.171037 ACC=0.9850
  [600/2000] RMSE=0.171202 ACC=0.9850
  [650/2000] RMSE=0.171227 ACC=0.9849
  [700/2000] RMSE=0.171608 ACC=0.9849
  [750/2000] RMSE=0.172130 ACC=0.9849
  [800/2000] RMSE=0.171974 ACC=0.9849
  [850/2000] RMSE=0.172167 ACC=0.9849
  [900/2000] RMSE=0.172268 ACC=0.9848
  [950/2000] RMSE=0.172341 ACC=0.9849
  [1000/2000] RMSE=0.172311 ACC=0.9849
  [1050/2000] RMSE=0.172545 ACC=0.9849
  [1100/2000] RMSE=0.172676 ACC=0.9849
  [1150/2000] RMSE=0.172729 ACC=0.9849
  [1200/2000] RMSE=0.172555 ACC=0.9849
  [1250/2000] RMSE=0.172255 ACC=0.9849
  [1300/2000] RMSE=0.171995 ACC=0.9850
  [1350/2000] RMSE=0.171673 ACC=0.9850
  [1400/2000] RMSE=0.171605 ACC=0.9850
  [1450/2000] RMSE=0.171401 ACC=0.9850
  [1500/2000] RMSE=0.171198 ACC=0.9850
  [1550/2000] RMSE=0.170933 ACC=0.9851
  [1600/2000] RMSE=0.170692 ACC=0.9851
[Save] per-sample metrics → /workdir/paper_results/krsk_seed43_roi_samples.npz (N=1607, AR=4, C=33)

============================================================
=== Inference summary (1607 samples) ===
Grid: 0x0 (G=133279) | C=33 | AR=4 horizons
Overall: MSE=0.029125 | RMSE=0.170661 | MAE=0.082406
Baseline: RMSE=0.548209 | MAE=0.281325
Skill: 68.87%
ACC: 0.9851 | base: 0.8500 | Δ=+0.1351

Per-horizon:
  +06h: RMSE=0.125445 | base=0.363277 | skill=65.47% | ACC=0.9921 (base 0.9343)
  +12h: RMSE=0.157075 | base=0.514900 | skill=69.49% | ACC=0.9875 (base 0.8677)
  +18h: RMSE=0.185384 | base=0.605222 | skill=69.37% | ACC=0.9824 (base 0.8171)
  +24h: RMSE=0.204266 | base=0.662380 | skill=69.16% | ACC=0.9784 (base 0.7808)

Per-horizon per-channel RMSE (physical units):
         var   unit      +6h     +12h     +18h     +24h
         t2m      K    0.80°C    0.94°C    1.01°C    1.07°C
         10u    m/s     0.71     0.85     0.96     1.06
         10v    m/s     0.72     0.86     0.97     1.07
         msl    hPa     0.61     0.76     0.91     1.04
       t@850      K    0.65°C    0.78°C    0.87°C    0.94°C
       u@850    m/s     1.09     1.30     1.45     1.60
       v@850    m/s     1.09     1.29     1.45     1.59
       z@850    gpm      4.4      5.4      6.5      7.5
       z@500    gpm      5.7      6.8      8.2      9.6

Per-channel metrics overall (physical units, avg over 4 horizons):
    #        var      ACC  RMSE_norm    RMSE_phys     unit
    0        t2m   0.9989     0.0454       0.9595        K  (≈0.96 °C)
    1        10u   0.9864     0.1624       0.9039      m/s
    2        10v   0.9811     0.1917       0.9140      m/s
    3        msl   0.9980     0.0623       0.8433      hPa
    4         tp   0.8592     0.5176       0.0010        m
    5         sp   0.9999     0.0108       1.0311      hPa
    6       tcwv   0.9964     0.0849       1.4129    kg/m²
    7     z_surf   0.9998     0.0000       0.0000      gpm
    8        lsm   1.0000     0.0000       0.0000        -
    9      t@850   0.9985     0.0528       0.8192        K  (≈0.82 °C)
   10      u@850   0.9860     0.1665       1.3723      m/s
   11      v@850   0.9759     0.2181       1.3692      m/s
   12      z@850   0.9992     0.0398       6.0612      gpm
   13      q@850   0.9881     0.1537       0.0006    kg/kg
   14      t@500   0.9989     0.0470       0.6129        K  (≈0.61 °C)
   15      u@500   0.9884     0.1517       1.8245      m/s
   16      v@500   0.9797     0.2001       1.8422      m/s
   17      z@500   0.9998     0.0224       7.7183      gpm
   18      q@500   0.9728     0.2340       0.0003    kg/kg
   19      z@250   0.9998     0.0192      10.9165      gpm
   20      t@250   0.9964     0.0864       0.7481        K  (≈0.75 °C)
   21      u@250   0.9910     0.1339       2.4198      m/s
   22      v@250   0.9835     0.1801       2.4211      m/s
   23      q@250   0.9569     0.2957       0.0000    kg/kg
   24     z@1000   0.9983     0.0578       6.4362      gpm
   25     t@1000   0.9987     0.0514       0.8698        K  (≈0.87 °C)
   26     u@1000   0.9867     0.1610       0.9925      m/s
   27     v@1000   0.9815     0.1900       1.0096      m/s
   28     q@1000   0.9976     0.0686       0.0004    kg/kg
   29   sin_hour   0.2155     0.0000       0.0000        ?
   30   cos_hour   0.2155     0.0000       0.0000        ?
   31    sin_doy   0.1761     0.0000       0.0000        ?
   32    cos_doy   0.1927     0.0000       0.0000        ?

--- Region [50.0,60.0]N x [83.0,98.0]E (2501 nodes) ---
RMSE=0.111992 | base=0.421000 | skill=73.40%
ACC=0.9137 | base=0.5746

  Per-horizon (region):
    +06h: RMSE=0.093300 | base=0.268288 | skill=65.22% | ACC=0.9348 (base 0.7685)
    +12h: RMSE=0.107518 | base=0.392209 | skill=72.59% | ACC=0.9171 (base 0.5945)
    +18h: RMSE=0.117418 | base=0.466936 | skill=74.85% | ACC=0.9062 (base 0.4955)
    +24h: RMSE=0.126952 | base=0.514906 | skill=75.34% | ACC=0.8965 (base 0.4398)

  Per-horizon per-channel RMSE — REGION (2501 nodes):
           var   unit      +6h     +12h     +18h     +24h
           t2m      K    1.32°C    1.53°C    1.58°C    1.65°C
           10u    m/s     0.60     0.67     0.71     0.74
           10v    m/s     0.58     0.65     0.68     0.71
           msl    hPa     0.70     0.89     1.04     1.16
         t@850      K    0.75°C    0.89°C    0.98°C    1.04°C
         u@850    m/s     1.24     1.43     1.56     1.67
         v@850    m/s     1.13     1.28     1.38     1.48
         z@850    gpm      4.3      5.6      6.8      7.8
         z@500    gpm      5.3      6.9      8.3      9.7

  Per-channel region (physical units, avg over 4 horizons):
      #        var      ACC  RMSE_norm    RMSE_phys     unit
      0        t2m   0.9375     0.0722       1.5251        K  (≈1.53 °C)
      1        10u   0.8966     0.1226       0.6819      m/s
      2        10v   0.8732     0.1380       0.6580      m/s
      3        msl   0.9734     0.0710       0.9615      hPa
      4         tp   0.5209     0.1102       0.0002        m
      5         sp   0.9999     0.0127       1.2080      hPa
      6       tcwv   0.9521     0.0580       0.9646    kg/m²
      7     z_surf   1.0000     0.0000       0.0000      gpm
      8        lsm   1.0000     0.0000       0.0000        -
      9      t@850   0.9524     0.0595       0.9226        K  (≈0.92 °C)
     10      u@850   0.9392     0.1798       1.4822      m/s
     11      v@850   0.9084     0.2107       1.3226      m/s
     12      z@850   0.9845     0.0410       6.2559      gpm
     13      q@850   0.8680     0.0999       0.0004    kg/kg
     14      t@500   0.9603     0.0451       0.5884        K  (≈0.59 °C)
     15      u@500   0.9399     0.1517       1.8249      m/s
     16      v@500   0.9437     0.1931       1.7776      m/s
     17      z@500   0.9920     0.0223       7.6984      gpm
     18      q@500   0.8781     0.1422       0.0002    kg/kg
     19      z@250   0.9912     0.0199      11.3117      gpm
     20      t@250   0.9160     0.0911       0.7890        K  (≈0.79 °C)
     21      u@250   0.9512     0.1337       2.4166      m/s
     22      v@250   0.9535     0.1761       2.3668      m/s
     23      q@250   0.7562     0.0801       0.0000    kg/kg
     24     z@1000   0.9772     0.0641       7.1441      gpm
     25     t@1000   0.9460     0.0670       1.1348        K  (≈1.13 °C)
     26     u@1000   0.8891     0.1064       0.6557      m/s
     27     v@1000   0.8747     0.1168       0.6207      m/s
     28     q@1000   0.8938     0.0782       0.0005    kg/kg
     29   sin_hour   0.0155     0.0000       0.0000        ?
     30   cos_hour   0.0155     0.0000       0.0000        ?
     31    sin_doy   0.0066     0.0000       0.0000        ?
     32    cos_doy   0.0067     0.0000       0.0000        ?
============================================================
