### PROVENANCE ###############################################
# tag: a33_long_oi10 | started: 2026-08-07T01:23:07+00:00 | host: k8smr-macos-build--graphcast-v4-3510779436-task-0
# git commit: fe696dd | gpu: NVIDIA H100 80GB HBM3
# dataset: /data/datasets/multires_krsk_33f
# ckpt md5: d813295b852259016749d0ee43a1b8f3 (эпоха 29)
# COMMAND:
#   python -u scripts/predict.py experiments/multires_krsk_33f --data-dir /data/datasets/multires_krsk_33f --ckpt /data/paper_heavy/krsk33f_last_epoch.pth --per-channel --no-save --save-sample-metrics /workdir/paper_results/a33_long_oi10_samples.npz --split test_only --ar-steps 56 --max-samples 200 --region 50 60 83 98 --assim-method oi --obs-sparsity 0.1 --obs-roi-only --obs-seed 42 --oi-corr-len 100000 --oi-sigma-o 0.5
##############################################################

[predict] data_dir=/data/datasets/multires_krsk_33f (chunked=True, pred_steps=56)
[ChunkDataset] склеиваем data.npy (19ch) + data_extra.npy (14ch) → 33ch
[ChunkDataset] train: 12812 samples, flat_nodes=133279, feat=33, obs=2, pred=56
[ChunkDataset] склеиваем data.npy (19ch) + data_extra.npy (14ch) → 33ch
[ChunkDataset] val: 1601 samples, flat_nodes=133279, feat=33, obs=2, pred=56
[ChunkDataset] склеиваем data.npy (19ch) + data_extra.npy (14ch) → 33ch
[ChunkDataset] test_only: 1602 samples, flat_nodes=133279, feat=33, obs=2, pred=56
Encoder summary: 
+---------------------------+----------------------------+----------------+----------+
| Layer                     | Input Shape                | Output Shape   | #Param   |
|---------------------------+----------------------------+----------------+----------|
| Model                     | [174241, 72], [2, 207099]  | [174241, 256]  | 348,162  |
| ├─(mlp)MLP                |                            | [174241, 256]  | 150,786  |
| │    └─(MLP)ModuleList    | --                         | --             | 150,786  |
| │    │    └─(0)Linear     | [174241, 72]               | [174241, 256]  | 18,688   |
| │    │    └─(1)PReLU      | [174241, 256]              | [174241, 256]  | 1        |
| │    │    └─(2)Linear     | [174241, 256]              | [174241, 256]  | 65,792   |
| │    │    └─(3)PReLU      | [174241, 256]              | [174241, 256]  | 1        |
| │    │    └─(4)Linear     | [174241, 256]              | [174241, 256]  | 65,792   |
| │    │    └─(5)LayerNorm  | [174241, 256]              | [174241, 256]  | 512      |
| ├─(graph_layer)GraphLayer |                            | [174241, 256]  | 197,376  |
| │    └─(activation)SiLU   | [174241, 256]              | [174241, 256]  | --       |
| │    └─(layers)ModuleList | --                         | --             | 197,376  |
| │    │    └─(0)GCNConv    | [174241, 256], [2, 207099] | [174241, 256]  | 65,792   |
| │    │    └─(1)SiLU       | [174241, 256]              | [174241, 256]  | --       |
| │    │    └─(2)GCNConv    | [174241, 256], [2, 207099] | [174241, 256]  | 65,792   |
| │    │    └─(3)SiLU       | --                         | --             | --       |
| │    │    └─(4)GCNConv    | [174241, 256], [2, 207099] | [174241, 256]  | 65,792   |
+---------------------------+----------------------------+----------------+----------+

Processor summary: 
  (summary skipped: Expected all tensors to be on the same device, but found at least two devices, cuda:0 and cpu! (when checking argument for argument mat1 in method wrapper_CUDA_addmm))

Decoder summary: 
+---------------------------+----------------------------+----------------+----------+
| Layer                     | Input Shape                | Output Shape   | #Param   |
|---------------------------+----------------------------+----------------+----------|
| Model                     | [174241, 256], [2, 399837] | [174241, 33]   | 152,483  |
| ├─(mlp)MLP                |                            | [174241, 128]  | 115,202  |
| │    └─(MLP)ModuleList    | --                         | --             | 115,202  |
| │    │    └─(0)Linear     | [174241, 256]              | [174241, 256]  | 65,792   |
| │    │    └─(1)PReLU      | [174241, 256]              | [174241, 256]  | 1        |
| │    │    └─(2)Linear     | [174241, 256]              | [174241, 128]  | 32,896   |
| │    │    └─(3)PReLU      | [174241, 128]              | [174241, 128]  | 1        |
| │    │    └─(4)Linear     | [174241, 128]              | [174241, 128]  | 16,512   |
| ├─(graph_layer)GraphLayer |                            | [174241, 33]   | 37,281   |
| │    └─(activation)SiLU   | [174241, 128]              | [174241, 128]  | --       |
| │    └─(layers)ModuleList | --                         | --             | 37,281   |
| │    │    └─(0)GCNConv    | [174241, 128], [2, 399837] | [174241, 128]  | 16,512   |
| │    │    └─(1)SiLU       | [174241, 128]              | [174241, 128]  | --       |
| │    │    └─(2)GCNConv    | [174241, 128], [2, 399837] | [174241, 128]  | 16,512   |
| │    │    └─(3)SiLU       | --                         | --             | --       |
| │    │    └─(4)GCNConv    | [174241, 128], [2, 399837] | [174241, 33]   | 4,257    |
+---------------------------+----------------------------+----------------+----------+

[AR-rollout] Модель выдаёт 1 шаг(ов), но мы прогоним 56 шагов авторегрессионно.
[static] Каналы [7, 8] — статика, carry-forward при AR
[forcing] Каналы [29, 30, 31, 32] — форсинг (из ground truth при AR)
[predict] device=cuda | grid=0x0 | 200/1602 test samples
[Region] 2501 nodes (--region [50.0,60.0]N x [83.0,98.0]E)
[OI] ROI mode: B matrix 2501×2501 (25 MB)
[Inline-obs] 250 станций (10.0% от 2501 узлов, seed=42)
[metrics] Исключены из aggregate метрик: каналы [7, 8, 29, 30, 31, 32] (static+forcing)
[metrics] per-sample MSE будут сохранены в /workdir/paper_results/a33_long_oi10_samples.npz
[assim] Residual-модель: ОИ применяется пошагово в AR-цикле
[Main] Инференс (200 samples, DA=oi)...
  [50/200] RMSE=0.634069 ACC=0.7905
  [100/200] RMSE=0.619971 ACC=0.7938
  [150/200] RMSE=0.615152 ACC=0.7961
  [200/200] RMSE=0.615489 ACC=0.7977
[Save] per-sample metrics → /workdir/paper_results/a33_long_oi10_samples.npz (N=200, AR=56, C=33)

============================================================
=== Inference summary (200 samples) ===
Grid: 0x0 (G=133279) | C=33 | AR=56 horizons
Overall: MSE=0.378827 | RMSE=0.615489 | MAE=0.325540
Baseline: RMSE=0.831300 | MAE=0.488264
Skill: 25.96%
ACC: 0.7977 | base: 0.6345 | Δ=+0.1631

Per-horizon:
  +06h: RMSE=0.122306 | base=0.353267 | skill=65.38% | ACC=0.9922 (base 0.9355)
  +12h: RMSE=0.154117 | base=0.501430 | skill=69.26% | ACC=0.9876 (base 0.8690)
  +18h: RMSE=0.182313 | base=0.592491 | skill=69.23% | ACC=0.9824 (base 0.8160)
  +24h: RMSE=0.201082 | base=0.651720 | skill=69.15% | ACC=0.9784 (base 0.7767)
  +30h: RMSE=0.216867 | base=0.700992 | skill=69.06% | ACC=0.9747 (base 0.7411)
  +36h: RMSE=0.232230 | base=0.734049 | skill=68.36% | ACC=0.9708 (base 0.7157)
  +42h: RMSE=0.247961 | base=0.756769 | skill=67.23% | ACC=0.9667 (base 0.6975)
  +48h: RMSE=0.263790 | base=0.770750 | skill=65.77% | ACC=0.9622 (base 0.6861)
  +54h: RMSE=0.280283 | base=0.786815 | skill=64.38% | ACC=0.9572 (base 0.6726)
  +60h: RMSE=0.297475 | base=0.797070 | skill=62.68% | ACC=0.9518 (base 0.6639)
  +66h: RMSE=0.315277 | base=0.803549 | skill=60.76% | ACC=0.9458 (base 0.6581)
  +72h: RMSE=0.333630 | base=0.805774 | skill=58.60% | ACC=0.9392 (base 0.6561)
  +78h: RMSE=0.352596 | base=0.811859 | skill=56.57% | ACC=0.9321 (base 0.6506)
  +84h: RMSE=0.372042 | base=0.814022 | skill=54.30% | ACC=0.9244 (base 0.6487)
  +90h: RMSE=0.391724 | base=0.814287 | skill=51.89% | ACC=0.9163 (base 0.6483)
  +96h: RMSE=0.411481 | base=0.813067 | skill=49.39% | ACC=0.9077 (base 0.6494)
  +102h: RMSE=0.431302 | base=0.819458 | skill=47.37% | ACC=0.8987 (base 0.6438)
  +108h: RMSE=0.450947 | base=0.826220 | skill=45.42% | ACC=0.8893 (base 0.6380)
  +114h: RMSE=0.470515 | base=0.833532 | skill=43.55% | ACC=0.8796 (base 0.6315)
  +120h: RMSE=0.489823 | base=0.838668 | skill=41.60% | ACC=0.8696 (base 0.6271)
  +126h: RMSE=0.509013 | base=0.848178 | skill=39.99% | ACC=0.8594 (base 0.6185)
  +132h: RMSE=0.528049 | base=0.853947 | skill=38.16% | ACC=0.8489 (base 0.6134)
  +138h: RMSE=0.546669 | base=0.857172 | skill=36.22% | ACC=0.8383 (base 0.6104)
  +144h: RMSE=0.564527 | base=0.857010 | skill=34.13% | ACC=0.8277 (base 0.6107)
  +150h: RMSE=0.581730 | base=0.860816 | skill=32.42% | ACC=0.8172 (base 0.6071)
  +156h: RMSE=0.598531 | base=0.861687 | skill=30.54% | ACC=0.8067 (base 0.6064)
  +162h: RMSE=0.615100 | base=0.861030 | skill=28.56% | ACC=0.7962 (base 0.6070)
  +168h: RMSE=0.631065 | base=0.858442 | skill=26.49% | ACC=0.7858 (base 0.6095)
  +174h: RMSE=0.646303 | base=0.861150 | skill=24.95% | ACC=0.7757 (base 0.6070)
  +180h: RMSE=0.660801 | base=0.862006 | skill=23.34% | ACC=0.7659 (base 0.6064)
  +186h: RMSE=0.674441 | base=0.862110 | skill=21.77% | ACC=0.7565 (base 0.6063)
  +192h: RMSE=0.686861 | base=0.860414 | skill=20.17% | ACC=0.7478 (base 0.6081)
  +198h: RMSE=0.698336 | base=0.864198 | skill=19.19% | ACC=0.7395 (base 0.6047)
  +204h: RMSE=0.709440 | base=0.866006 | skill=18.08% | ACC=0.7314 (base 0.6032)
  +210h: RMSE=0.720282 | base=0.866899 | skill=16.91% | ACC=0.7234 (base 0.6025)
  +216h: RMSE=0.730439 | base=0.865905 | skill=15.64% | ACC=0.7158 (base 0.6036)
  +222h: RMSE=0.740262 | base=0.870217 | skill=14.93% | ACC=0.7085 (base 0.5996)
  +228h: RMSE=0.749664 | base=0.872731 | skill=14.10% | ACC=0.7014 (base 0.5975)
  +234h: RMSE=0.758304 | base=0.874726 | skill=13.31% | ACC=0.6947 (base 0.5958)
  +240h: RMSE=0.765800 | base=0.874987 | skill=12.48% | ACC=0.6889 (base 0.5957)
  +246h: RMSE=0.772550 | base=0.880083 | skill=12.22% | ACC=0.6834 (base 0.5910)
  +252h: RMSE=0.778395 | base=0.882676 | skill=11.81% | ACC=0.6786 (base 0.5888)
  +258h: RMSE=0.783824 | base=0.883826 | skill=11.31% | ACC=0.6740 (base 0.5877)
  +264h: RMSE=0.789025 | base=0.882353 | skill=10.58% | ACC=0.6696 (base 0.5892)
  +270h: RMSE=0.793982 | base=0.885103 | skill=10.30% | ACC=0.6654 (base 0.5865)
  +276h: RMSE=0.798069 | base=0.884968 | skill=9.82% | ACC=0.6619 (base 0.5866)
  +282h: RMSE=0.801554 | base=0.883161 | skill=9.24% | ACC=0.6590 (base 0.5882)
  +288h: RMSE=0.804484 | base=0.879355 | skill=8.51% | ACC=0.6564 (base 0.5917)
  +294h: RMSE=0.807417 | base=0.881746 | skill=8.43% | ACC=0.6537 (base 0.5893)
  +300h: RMSE=0.810018 | base=0.883536 | skill=8.32% | ACC=0.6513 (base 0.5876)
  +306h: RMSE=0.812434 | base=0.884933 | skill=8.19% | ACC=0.6490 (base 0.5862)
  +312h: RMSE=0.815008 | base=0.883943 | skill=7.80% | ACC=0.6466 (base 0.5871)
  +318h: RMSE=0.817650 | base=0.887324 | skill=7.85% | ACC=0.6443 (base 0.5838)
  +324h: RMSE=0.820578 | base=0.888451 | skill=7.64% | ACC=0.6419 (base 0.5828)
  +330h: RMSE=0.823415 | base=0.888550 | skill=7.33% | ACC=0.6397 (base 0.5827)
  +336h: RMSE=0.826154 | base=0.886160 | skill=6.77% | ACC=0.6376 (base 0.5851)

Per-horizon per-channel RMSE (physical units):
         var   unit      +6h     +12h     +18h     +24h     +30h     +36h     +42h     +48h     +54h     +60h     +66h     +72h     +78h     +84h     +90h     +96h    +102h    +108h    +114h    +120h    +126h    +132h    +138h    +144h    +150h    +156h    +162h    +168h    +174h    +180h    +186h    +192h    +198h    +204h    +210h    +216h    +222h    +228h    +234h    +240h    +246h    +252h    +258h    +264h    +270h    +276h    +282h    +288h    +294h    +300h    +306h    +312h    +318h    +324h    +330h    +336h
         t2m      K    0.77°C    0.92°C    1.00°C    1.07°C    1.16°C    1.24°C    1.30°C    1.36°C    1.44°C    1.51°C    1.58°C    1.65°C    1.74°C    1.82°C    1.91°C    2.00°C    2.10°C    2.19°C    2.29°C    2.38°C    2.48°C    2.58°C    2.67°C    2.77°C    2.86°C    2.95°C    3.03°C    3.12°C    3.21°C    3.30°C    3.38°C    3.46°C    3.54°C    3.60°C    3.67°C    3.74°C    3.80°C    3.86°C    3.92°C    3.97°C    4.02°C    4.07°C    4.11°C    4.15°C    4.17°C    4.21°C    4.23°C    4.27°C    4.29°C    4.31°C    4.33°C    4.35°C    4.37°C    4.39°C    4.40°C    4.41°C
         10u    m/s     0.70     0.84     0.95     1.04     1.15     1.26     1.37     1.50     1.63     1.76     1.90     2.05     2.21     2.36     2.52     2.68     2.83     2.98     3.13     3.28     3.42     3.55     3.68     3.80     3.92     4.03     4.14     4.25     4.35     4.45     4.54     4.63     4.71     4.78     4.85     4.92     4.98     5.04     5.10     5.14     5.18     5.22     5.24     5.28     5.31     5.33     5.34     5.36     5.37     5.38     5.39     5.40     5.42     5.44     5.45     5.46
         10v    m/s     0.71     0.85     0.96     1.06     1.17     1.28     1.39     1.51     1.64     1.78     1.92     2.07     2.23     2.38     2.54     2.70     2.86     3.01     3.16     3.31     3.45     3.59     3.73     3.86     3.98     4.09     4.21     4.32     4.42     4.52     4.61     4.69     4.76     4.82     4.90     4.96     5.03     5.09     5.15     5.20     5.24     5.27     5.30     5.32     5.35     5.37     5.38     5.40     5.41     5.42     5.44     5.45     5.46     5.47     5.49     5.51
         msl    hPa     0.57     0.71     0.86     0.99     1.15     1.31     1.48     1.67     1.87     2.10     2.34     2.60     2.88     3.18     3.49     3.80     4.13     4.46     4.79     5.13     5.46     5.78     6.10     6.42     6.73     7.03     7.33     7.64     7.94     8.23     8.52     8.78     9.03     9.26     9.49     9.70     9.89    10.07    10.23    10.36    10.47    10.56    10.66    10.76    10.86    10.97    11.08    11.17    11.25    11.32    11.38    11.43    11.49    11.53    11.57    11.61
       t@850      K    0.62°C    0.75°C    0.83°C    0.90°C    0.97°C    1.03°C    1.10°C    1.17°C    1.25°C    1.33°C    1.42°C    1.52°C    1.62°C    1.73°C    1.84°C    1.95°C    2.07°C    2.19°C    2.31°C    2.43°C    2.56°C    2.68°C    2.80°C    2.93°C    3.05°C    3.17°C    3.29°C    3.40°C    3.52°C    3.63°C    3.74°C    3.84°C    3.94°C    4.03°C    4.11°C    4.19°C    4.26°C    4.33°C    4.40°C    4.46°C    4.52°C    4.57°C    4.61°C    4.65°C    4.69°C    4.72°C    4.75°C    4.78°C    4.81°C    4.85°C    4.88°C    4.91°C    4.94°C    4.97°C    5.00°C    5.03°C
       u@850    m/s     1.06     1.26     1.42     1.57     1.71     1.87     2.03     2.20     2.38     2.57     2.77     2.98     3.19     3.41     3.64     3.86     4.08     4.30     4.51     4.73     4.94     5.14     5.32     5.50     5.67     5.85     6.01     6.17     6.32     6.47     6.62     6.75     6.87     6.98     7.08     7.18     7.28     7.37     7.45     7.52     7.58     7.64     7.69     7.74     7.79     7.83     7.85     7.87     7.89     7.91     7.92     7.94     7.97     8.00     8.02     8.04
       v@850    m/s     1.06     1.27     1.42     1.57     1.71     1.86     2.02     2.19     2.37     2.56     2.76     2.96     3.18     3.40     3.63     3.86     4.08     4.30     4.52     4.73     4.93     5.13     5.33     5.52     5.69     5.85     6.01     6.17     6.32     6.45     6.57     6.68     6.78     6.88     6.99     7.08     7.18     7.27     7.35     7.41     7.46     7.50     7.54     7.57     7.61     7.64     7.67     7.69     7.72     7.74     7.76     7.79     7.81     7.83     7.85     7.89
       z@850    gpm      4.2      5.1      6.2      7.2      8.4      9.7     11.0     12.5     14.1     15.8     17.6     19.6     21.7     24.0     26.3     28.7     31.2     33.7     36.3     38.8     41.3     43.8     46.4     48.9     51.3     53.7     56.1     58.5     60.9     63.2     65.4     67.4     69.4     71.2     72.9     74.5     76.1     77.5     78.8     79.8     80.7     81.5     82.3     83.3     84.2     85.1     86.0     86.8     87.5     88.0     88.4     88.8     89.3     89.7     90.0     90.4
       z@500    gpm      5.6      6.5      7.8      9.1     10.8     12.5     14.3     16.3     18.5     20.8     23.4     26.1     28.9     32.0     35.1     38.4     41.7     45.1     48.6     52.1     55.7     59.3     63.0     66.7     70.4     74.1     77.6     81.1     84.5     87.7     90.7     93.5     96.2     98.7    101.2    103.5    105.8    108.0    109.9    111.7    113.3    114.6    116.0    117.3    118.6    119.7    120.8    121.7    122.5    123.2    123.8    124.4    125.0    125.7    126.4    127.0

Per-channel metrics overall (physical units, avg over 56 horizons):
    #        var      ACC  RMSE_norm    RMSE_phys     unit
    0        t2m   0.9871     0.1503       3.1767        K  (≈3.18 °C)
    1        10u   0.7059     0.7356       4.0931      m/s
    2        10v   0.5892     0.8670       4.1347      m/s
    3        msl   0.7937     0.5873       7.9493      hPa
    4         tp   0.3833     1.0494       0.0021        m
    5         sp   0.9965     0.0837       7.9832      hPa
    6       tcwv   0.9437     0.3335       5.5489    kg/m²
    7     z_surf   0.9998     0.0000       0.0000      gpm
    8        lsm   1.0000     0.0000       0.0000        -
    9      t@850   0.9705     0.2255       3.4954        K  (≈3.50 °C)
   10      u@850   0.7278     0.7259       5.9837      m/s
   11      v@850   0.5375     0.9404       5.9026      m/s
   12      z@850   0.8955     0.4023      61.3287      gpm
   13      q@850   0.9181     0.4034       0.0017    kg/kg
   14      t@500   0.9684     0.2568       3.3500        K  (≈3.35 °C)
   15      u@500   0.7492     0.7121       8.5644      m/s
   16      v@500   0.5435     0.9517       8.7624      m/s
   17      z@500   0.9655     0.2480      85.4730      gpm
   18      q@500   0.7656     0.6456       0.0007    kg/kg
   19      z@250   0.9791     0.2018     114.6209      gpm
   20      t@250   0.9108     0.4086       3.5393        K  (≈3.54 °C)
   21      u@250   0.7856     0.6615      11.9569      m/s
   22      v@250   0.5699     0.9429      12.6755      m/s
   23      q@250   0.7930     0.6082       0.0000    kg/kg
   24     z@1000   0.8039     0.5591      62.2897      gpm
   25     t@1000   0.9826     0.1835       3.1065        K  (≈3.11 °C)
   26     u@1000   0.7076     0.7361       4.5365      m/s
   27     v@1000   0.5853     0.8763       4.6576      m/s
   28     q@1000   0.9781     0.2111       0.0012    kg/kg
   29   sin_hour   0.2155     0.0000       0.0000        ?
   30   cos_hour   0.2155     0.0000       0.0000        ?
   31    sin_doy   0.0812     0.0000       0.0000        ?
   32    cos_doy   0.2285     0.0000       0.0000        ?

--- Region [50.0,60.0]N x [83.0,98.0]E (2501 nodes) ---
RMSE=0.121897 | base=0.663002 | skill=81.61%
ACC=0.9104 | base=0.3366

  Per-horizon (region):
    +06h: RMSE=0.048673 | base=0.251263 | skill=80.63% | ACC=0.9799 (base 0.8078)
    +12h: RMSE=0.057445 | base=0.377203 | skill=84.77% | ACC=0.9742 (base 0.6451)
    +18h: RMSE=0.061981 | base=0.460143 | skill=86.53% | ACC=0.9712 (base 0.5407)
    +24h: RMSE=0.065068 | base=0.517356 | skill=87.42% | ACC=0.9691 (base 0.4779)
    +30h: RMSE=0.068275 | base=0.560485 | skill=87.82% | ACC=0.9666 (base 0.4330)
    +36h: RMSE=0.070625 | base=0.594986 | skill=88.13% | ACC=0.9646 (base 0.3996)
    +42h: RMSE=0.072518 | base=0.623375 | skill=88.37% | ACC=0.9631 (base 0.3731)
    +48h: RMSE=0.074153 | base=0.646586 | skill=88.53% | ACC=0.9618 (base 0.3491)
    +54h: RMSE=0.076094 | base=0.668853 | skill=88.62% | ACC=0.9602 (base 0.3195)
    +60h: RMSE=0.077941 | base=0.683858 | skill=88.60% | ACC=0.9587 (base 0.2964)
    +66h: RMSE=0.079650 | base=0.695377 | skill=88.55% | ACC=0.9574 (base 0.2839)
    +72h: RMSE=0.081419 | base=0.702140 | skill=88.40% | ACC=0.9560 (base 0.2799)
    +78h: RMSE=0.083339 | base=0.707096 | skill=88.21% | ACC=0.9543 (base 0.2789)
    +84h: RMSE=0.085218 | base=0.709482 | skill=87.99% | ACC=0.9527 (base 0.2810)
    +90h: RMSE=0.087074 | base=0.710787 | skill=87.75% | ACC=0.9507 (base 0.2832)
    +96h: RMSE=0.088672 | base=0.710183 | skill=87.51% | ACC=0.9489 (base 0.2859)
    +102h: RMSE=0.090995 | base=0.706347 | skill=87.12% | ACC=0.9468 (base 0.2948)
    +108h: RMSE=0.093534 | base=0.699409 | skill=86.63% | ACC=0.9444 (base 0.3125)
    +114h: RMSE=0.096617 | base=0.694635 | skill=86.09% | ACC=0.9415 (base 0.3316)
    +120h: RMSE=0.099181 | base=0.690937 | skill=85.65% | ACC=0.9385 (base 0.3424)
    +126h: RMSE=0.101722 | base=0.692337 | skill=85.31% | ACC=0.9354 (base 0.3326)
    +132h: RMSE=0.104095 | base=0.692908 | skill=84.98% | ACC=0.9326 (base 0.3189)
    +138h: RMSE=0.107035 | base=0.690994 | skill=84.51% | ACC=0.9291 (base 0.3103)
    +144h: RMSE=0.109383 | base=0.687156 | skill=84.08% | ACC=0.9261 (base 0.3048)
    +150h: RMSE=0.112383 | base=0.682097 | skill=83.52% | ACC=0.9229 (base 0.2981)
    +156h: RMSE=0.115228 | base=0.671256 | skill=82.83% | ACC=0.9195 (base 0.3030)
    +162h: RMSE=0.118638 | base=0.657541 | skill=81.96% | ACC=0.9166 (base 0.3147)
    +168h: RMSE=0.121665 | base=0.644121 | skill=81.11% | ACC=0.9139 (base 0.3287)
    +174h: RMSE=0.124336 | base=0.638126 | skill=80.52% | ACC=0.9110 (base 0.3345)
    +180h: RMSE=0.126364 | base=0.638114 | skill=80.20% | ACC=0.9082 (base 0.3336)
    +186h: RMSE=0.128655 | base=0.644373 | skill=80.03% | ACC=0.9050 (base 0.3299)
    +192h: RMSE=0.129792 | base=0.649721 | skill=80.02% | ACC=0.9015 (base 0.3264)
    +198h: RMSE=0.130647 | base=0.652601 | skill=79.98% | ACC=0.8988 (base 0.3222)
    +204h: RMSE=0.132093 | base=0.649834 | skill=79.67% | ACC=0.8963 (base 0.3262)
    +210h: RMSE=0.133723 | base=0.644826 | skill=79.26% | ACC=0.8935 (base 0.3351)
    +216h: RMSE=0.135935 | base=0.641761 | skill=78.82% | ACC=0.8901 (base 0.3404)
    +222h: RMSE=0.138453 | base=0.644661 | skill=78.52% | ACC=0.8868 (base 0.3398)
    +228h: RMSE=0.140720 | base=0.651040 | skill=78.39% | ACC=0.8831 (base 0.3329)
    +234h: RMSE=0.143182 | base=0.661963 | skill=78.37% | ACC=0.8799 (base 0.3203)
    +240h: RMSE=0.145221 | base=0.671395 | skill=78.37% | ACC=0.8763 (base 0.3153)
    +246h: RMSE=0.147506 | base=0.681015 | skill=78.34% | ACC=0.8734 (base 0.3089)
    +252h: RMSE=0.149388 | base=0.690167 | skill=78.35% | ACC=0.8699 (base 0.3042)
    +258h: RMSE=0.149497 | base=0.698155 | skill=78.59% | ACC=0.8672 (base 0.3005)
    +264h: RMSE=0.150722 | base=0.703011 | skill=78.56% | ACC=0.8645 (base 0.2972)
    +270h: RMSE=0.152700 | base=0.706980 | skill=78.40% | ACC=0.8616 (base 0.2900)
    +276h: RMSE=0.154516 | base=0.707588 | skill=78.16% | ACC=0.8588 (base 0.2898)
    +282h: RMSE=0.156029 | base=0.706284 | skill=77.91% | ACC=0.8558 (base 0.2949)
    +288h: RMSE=0.157644 | base=0.703027 | skill=77.58% | ACC=0.8544 (base 0.3052)
    +294h: RMSE=0.158943 | base=0.702634 | skill=77.38% | ACC=0.8534 (base 0.3097)
    +300h: RMSE=0.160086 | base=0.704405 | skill=77.27% | ACC=0.8521 (base 0.3080)
    +306h: RMSE=0.160136 | base=0.707758 | skill=77.37% | ACC=0.8509 (base 0.2997)
    +312h: RMSE=0.159969 | base=0.708848 | skill=77.43% | ACC=0.8491 (base 0.2903)
    +318h: RMSE=0.160453 | base=0.708842 | skill=77.36% | ACC=0.8473 (base 0.2821)
    +324h: RMSE=0.160952 | base=0.705357 | skill=77.18% | ACC=0.8460 (base 0.2833)
    +330h: RMSE=0.161383 | base=0.698722 | skill=76.90% | ACC=0.8452 (base 0.2961)
    +336h: RMSE=0.162047 | base=0.692018 | skill=76.58% | ACC=0.8447 (base 0.3062)

  Per-horizon per-channel RMSE — REGION (2501 nodes):
           var   unit      +6h     +12h     +18h     +24h     +30h     +36h     +42h     +48h     +54h     +60h     +66h     +72h     +78h     +84h     +90h     +96h    +102h    +108h    +114h    +120h    +126h    +132h    +138h    +144h    +150h    +156h    +162h    +168h    +174h    +180h    +186h    +192h    +198h    +204h    +210h    +216h    +222h    +228h    +234h    +240h    +246h    +252h    +258h    +264h    +270h    +276h    +282h    +288h    +294h    +300h    +306h    +312h    +318h    +324h    +330h    +336h
           t2m      K    0.82°C    0.98°C    1.03°C    1.07°C    1.14°C    1.18°C    1.19°C    1.21°C    1.24°C    1.26°C    1.27°C    1.28°C    1.30°C    1.32°C    1.33°C    1.34°C    1.35°C    1.37°C    1.38°C    1.40°C    1.42°C    1.44°C    1.46°C    1.48°C    1.50°C    1.51°C    1.53°C    1.54°C    1.55°C    1.56°C    1.57°C    1.59°C    1.61°C    1.63°C    1.65°C    1.67°C    1.70°C    1.73°C    1.76°C    1.79°C    1.81°C    1.84°C    1.87°C    1.90°C    1.92°C    1.96°C    1.98°C    2.01°C    2.04°C    2.06°C    2.08°C    2.10°C    2.12°C    2.13°C    2.14°C    2.15°C
           10u    m/s     0.34     0.41     0.45     0.47     0.50     0.52     0.53     0.54     0.56     0.57     0.58     0.59     0.60     0.61     0.62     0.63     0.64     0.65     0.66     0.66     0.67     0.68     0.68     0.69     0.70     0.71     0.72     0.72     0.72     0.73     0.73     0.74     0.74     0.75     0.75     0.76     0.77     0.78     0.78     0.78     0.78     0.79     0.78     0.78     0.78     0.78     0.79     0.79     0.79     0.78     0.78     0.79     0.79     0.79     0.79     0.79
           10v    m/s     0.35     0.42     0.46     0.49     0.52     0.55     0.56     0.57     0.59     0.61     0.62     0.63     0.64     0.65     0.66     0.67     0.68     0.69     0.70     0.71     0.71     0.72     0.73     0.73     0.74     0.74     0.74     0.75     0.75     0.76     0.76     0.76     0.77     0.77     0.78     0.79     0.79     0.80     0.80     0.80     0.80     0.80     0.81     0.81     0.81     0.81     0.81     0.81     0.81     0.81     0.82     0.82     0.82     0.82     0.82     0.82
           msl    hPa     0.48     0.60     0.69     0.77     0.83     0.88     0.92     0.96     0.99     1.03     1.06     1.09     1.13     1.15     1.19     1.22     1.26     1.32     1.37     1.43     1.49     1.56     1.62     1.67     1.73     1.80     1.86     1.93     2.02     2.11     2.20     2.29     2.37     2.45     2.52     2.60     2.67     2.73     2.80     2.85     2.90     2.93     2.94     2.97     3.00     3.04     3.07     3.10     3.14     3.17     3.19     3.22     3.25     3.28     3.32     3.36
         t@850      K    0.47°C    0.61°C    0.69°C    0.74°C    0.78°C    0.81°C    0.83°C    0.84°C    0.86°C    0.87°C    0.88°C    0.89°C    0.91°C    0.92°C    0.94°C    0.95°C    0.97°C    0.98°C    1.00°C    1.02°C    1.04°C    1.06°C    1.07°C    1.09°C    1.11°C    1.13°C    1.16°C    1.18°C    1.19°C    1.21°C    1.23°C    1.26°C    1.29°C    1.32°C    1.35°C    1.38°C    1.41°C    1.44°C    1.47°C    1.50°C    1.52°C    1.53°C    1.56°C    1.60°C    1.62°C    1.65°C    1.67°C    1.68°C    1.70°C    1.72°C    1.74°C    1.75°C    1.77°C    1.78°C    1.79°C    1.80°C
         u@850    m/s     0.72     0.88     0.97     1.04     1.10     1.14     1.17     1.19     1.22     1.23     1.25     1.27     1.29     1.30     1.31     1.32     1.34     1.35     1.37     1.39     1.41     1.43     1.45     1.46     1.49     1.51     1.52     1.52     1.53     1.55     1.56     1.58     1.60     1.64     1.67     1.68     1.70     1.71     1.71     1.73     1.75     1.75     1.73     1.72     1.72     1.72     1.73     1.72     1.72     1.74     1.75     1.75     1.76     1.76     1.77     1.78
         v@850    m/s     0.64     0.75     0.82     0.87     0.91     0.94     0.96     0.99     1.01     1.03     1.05     1.07     1.08     1.10     1.11     1.14     1.16     1.18     1.20     1.23     1.25     1.26     1.28     1.28     1.31     1.33     1.37     1.40     1.44     1.46     1.49     1.48     1.48     1.49     1.51     1.55     1.58     1.59     1.62     1.64     1.64     1.61     1.61     1.65     1.69     1.71     1.71     1.73     1.75     1.74     1.74     1.70     1.69     1.70     1.72     1.74
         z@850    gpm      1.8      2.6      3.2      3.6      4.0      4.4      4.7      5.0      5.3      5.5      5.8      6.1      6.4      6.6      6.8      7.1      7.5      7.9      8.4      9.0      9.5     10.1     10.6     11.1     11.6     12.1     12.8     13.4     14.1     14.9     15.8     16.7     17.5     18.2     18.8     19.5     20.2     20.8     21.5     22.0     22.6     23.0     23.2     23.5     23.8     24.1     24.4     24.7     25.0     25.3     25.6     25.8     26.1     26.4     26.8     27.1
         z@500    gpm      3.0      4.0      4.7      5.3      5.8      6.2      6.6      7.0      7.3      7.7      8.1      8.4      8.8      9.2      9.6     10.0     10.4     10.8     11.4     12.2     13.0     13.8     14.7     15.6     16.6     17.6     18.6     19.5     20.4     21.4     22.5     23.9     25.0     26.1     27.0     28.0     29.0     30.2     31.4     32.4     33.6     34.8     35.9     36.8     37.5     38.2     38.7     39.1     39.6     40.1     40.6     41.0     41.4     41.8     42.2     42.6

  Per-channel region (physical units, avg over 56 horizons):
      #        var      ACC  RMSE_norm    RMSE_phys     unit
      0        t2m   0.9548     0.0763       1.6115        K  (≈1.61 °C)
      1        10u   0.8884     0.1246       0.6934      m/s
      2        10v   0.8379     0.1515       0.7226      m/s
      3        msl   0.9025     0.1638       2.2167      hPa
      4         tp   0.6993     0.0426       0.0001        m
      5         sp   0.9995     0.0234       2.2324      hPa
      6       tcwv   0.9496     0.0281       0.4681    kg/m²
      7     z_surf   1.0000     0.0000       0.0000      gpm
      8        lsm   1.0000     0.0000       0.0000        -
      9      t@850   0.9187     0.0824       1.2778        K  (≈1.28 °C)
     10      u@850   0.9531     0.1828       1.5070      m/s
     11      v@850   0.9180     0.2220       1.3933      m/s
     12      z@850   0.9196     0.1100      16.7748      gpm
     13      q@850   0.9244     0.0390       0.0002    kg/kg
     14      t@500   0.9224     0.0683       0.8906        K  (≈0.89 °C)
     15      u@500   0.9377     0.1586       1.9071      m/s
     16      v@500   0.9294     0.2201       2.0262      m/s
     17      z@500   0.9204     0.0741      25.5214      gpm
     18      q@500   0.9275     0.0380       0.0000    kg/kg
     19      z@250   0.9135     0.0612      34.7718      gpm
     20      t@250   0.9061     0.0786       0.6811        K  (≈0.68 °C)
     21      u@250   0.9321     0.1411       2.5511      m/s
     22      v@250   0.9232     0.2112       2.8392      m/s
     23      q@250   0.8869     0.0182       0.0000    kg/kg
     24     z@1000   0.9025     0.1545      17.2100      gpm
     25     t@1000   0.9518     0.0844       1.4285        K  (≈1.43 °C)
     26     u@1000   0.8792     0.1186       0.7310      m/s
     27     v@1000   0.8542     0.1344       0.7144      m/s
     28     q@1000   0.9278     0.0270       0.0002    kg/kg
     29   sin_hour   0.0155     0.0000       0.0000        ?
     30   cos_hour   0.0155     0.0000       0.0000        ?
     31    sin_doy   0.0021     0.0000       0.0000        ?
     32    cos_doy   0.0094     0.0000       0.0000        ?
============================================================
