Using device: cuda
[ChunkDataset] склеиваем data.npy (19ch) + data_extra.npy (14ch) → 33ch
[ChunkDataset] train: 14015 samples, grid=512×256, feat=33, obs=2, pred=12
[ChunkDataset] склеиваем data.npy (19ch) + data_extra.npy (14ch) → 33ch
[ChunkDataset] val: 1752 samples, grid=512×256, feat=33, obs=2, pred=12
[ChunkDataset] склеиваем data.npy (19ch) + data_extra.npy (14ch) → 33ch
[ChunkDataset] test_only: 1752 samples, grid=512×256, feat=33, obs=2, pred=12
Encoder summary: 
+---------------------------+----------------------------+----------------+----------+
| Layer                     | Input Shape                | Output Shape   | #Param   |
|---------------------------+----------------------------+----------------+----------|
| Model                     | [172034, 72], [2, 203562]  | [172034, 256]  | 348,162  |
| ├─(mlp)MLP                |                            | [172034, 256]  | 150,786  |
| │    └─(MLP)ModuleList    | --                         | --             | 150,786  |
| │    │    └─(0)Linear     | [172034, 72]               | [172034, 256]  | 18,688   |
| │    │    └─(1)PReLU      | [172034, 256]              | [172034, 256]  | 1        |
| │    │    └─(2)Linear     | [172034, 256]              | [172034, 256]  | 65,792   |
| │    │    └─(3)PReLU      | [172034, 256]              | [172034, 256]  | 1        |
| │    │    └─(4)Linear     | [172034, 256]              | [172034, 256]  | 65,792   |
| │    │    └─(5)LayerNorm  | [172034, 256]              | [172034, 256]  | 512      |
| ├─(graph_layer)GraphLayer |                            | [172034, 256]  | 197,376  |
| │    └─(activation)SiLU   | [172034, 256]              | [172034, 256]  | --       |
| │    └─(layers)ModuleList | --                         | --             | 197,376  |
| │    │    └─(0)GCNConv    | [172034, 256], [2, 203562] | [172034, 256]  | 65,792   |
| │    │    └─(1)SiLU       | [172034, 256]              | [172034, 256]  | --       |
| │    │    └─(2)GCNConv    | [172034, 256], [2, 203562] | [172034, 256]  | 65,792   |
| │    │    └─(3)SiLU       | --                         | --             | --       |
| │    │    └─(4)GCNConv    | [172034, 256], [2, 203562] | [172034, 256]  | 65,792   |
+---------------------------+----------------------------+----------------+----------+

Processor summary: 
  (summary skipped: Expected all tensors to be on the same device, but found at least two devices, cuda:0 and cpu! (when checking argument for argument mat1 in method wrapper_CUDA_addmm))

Decoder summary: 
+---------------------------+----------------------------+----------------+----------+
| Layer                     | Input Shape                | Output Shape   | #Param   |
|---------------------------+----------------------------+----------------+----------|
| Model                     | [172034, 256], [2, 393216] | [172034, 33]   | 152,483  |
| ├─(mlp)MLP                |                            | [172034, 128]  | 115,202  |
| │    └─(MLP)ModuleList    | --                         | --             | 115,202  |
| │    │    └─(0)Linear     | [172034, 256]              | [172034, 256]  | 65,792   |
| │    │    └─(1)PReLU      | [172034, 256]              | [172034, 256]  | 1        |
| │    │    └─(2)Linear     | [172034, 256]              | [172034, 128]  | 32,896   |
| │    │    └─(3)PReLU      | [172034, 128]              | [172034, 128]  | 1        |
| │    │    └─(4)Linear     | [172034, 128]              | [172034, 128]  | 16,512   |
| ├─(graph_layer)GraphLayer |                            | [172034, 33]   | 37,281   |
| │    └─(activation)SiLU   | [172034, 128]              | [172034, 128]  | --       |
| │    └─(layers)ModuleList | --                         | --             | 37,281   |
| │    │    └─(0)GCNConv    | [172034, 128], [2, 393216] | [172034, 128]  | 16,512   |
| │    │    └─(1)SiLU       | [172034, 128]              | [172034, 128]  | --       |
| │    │    └─(2)GCNConv    | [172034, 128], [2, 393216] | [172034, 128]  | 16,512   |
| │    │    └─(3)SiLU       | --                         | --             | --       |
| │    │    └─(4)GCNConv    | [172034, 128], [2, 393216] | [172034, 33]   | 4,257    |
+---------------------------+----------------------------+----------------+----------+

[Train] Включен Weighted Loss.
[Train] static_channels=[7, 8], forcing_channels=[29, 30, 31, 32]
[Train] → маска каналов: 27/33 dynamic (no-loss: [7, 8, 29, 30, 31, 32])
[Train] channel_loss_weights applied to 8 channels: {0: 2.0, 1: 1.5, 2: 1.5, 3: 2.0, 4: 1.5, 5: 0.1, 17: 2.0, 19: 1.2}
[Train] input noise injection: sigma=0.05, apply_from_ar_step=1
[Init] val_loss=0.16255 val_acc=0.9339 raw_RMSE=0.3341

Epoch 0 (AR=1) with attention threshold 0.0
[Epoch 1] train_loss=0.05024  val_loss=0.03716  val_ACC=0.9848  raw_RMSE=0.1583
Val loss reduced by inf. Saving best model... 


Epoch 1 (AR=1) with attention threshold 0.0
[Epoch 2] train_loss=0.03189  val_loss=0.03004  val_ACC=0.9878  raw_RMSE=0.1414
Val loss reduced by 0.00712. Saving best model... 


Epoch 2 (AR=1) with attention threshold 0.0
[Epoch 3] train_loss=0.02764  val_loss=0.02830  val_ACC=0.9887  raw_RMSE=0.1372
Val loss reduced by 0.00174. Saving best model... 


Epoch 3 (AR=1) with attention threshold 0.0
[Epoch 4] train_loss=0.02573  val_loss=0.02625  val_ACC=0.9895  raw_RMSE=0.1317
Val loss reduced by 0.00206. Saving best model... 


Epoch 4 (AR=1) with attention threshold 0.0
[Epoch 5] train_loss=0.02455  val_loss=0.02566  val_ACC=0.9898  raw_RMSE=0.1302
Val loss reduced by 0.00059. Saving best model... 


Epoch 5 (AR=1) with attention threshold 0.0
[Epoch 6] train_loss=0.02369  val_loss=0.02564  val_ACC=0.9899  raw_RMSE=0.1303
Val loss reduced by 1e-05. Saving best model... 


Epoch 6 (AR=1) with attention threshold 0.005424
[Epoch 7] train_loss=0.02304  val_loss=0.02403  val_ACC=0.9904  raw_RMSE=0.1260
Val loss reduced by 0.00161. Saving best model... 


Epoch 7 (AR=1) with attention threshold 0.010848
[Epoch 8] train_loss=0.02254  val_loss=0.02383  val_ACC=0.9905  raw_RMSE=0.1257
Val loss reduced by 0.00021. Saving best model... 



>>> УРОВЕНЬ СЛОЖНОСТИ ПОВЫШЕН! Теперь обучаем на 2 шага(ов) вперед. <<<

Epoch 8 (AR=2) with attention threshold 0.016272
[Epoch 9] train_loss=0.03242  val_loss=0.02420  val_ACC=0.9903  raw_RMSE=0.1264
Patience counter is now 1 


Epoch 9 (AR=2) with attention threshold 0.021696
[Epoch 10] train_loss=0.03112  val_loss=0.02345  val_ACC=0.9906  raw_RMSE=0.1243
Val loss reduced by 0.00038. Saving best model... 


Epoch 10 (AR=2) with attention threshold 0.02712
[Epoch 11] train_loss=0.03048  val_loss=0.02334  val_ACC=0.9907  raw_RMSE=0.1241
Val loss reduced by 0.00011. Saving best model... 


Epoch 11 (AR=2) with attention threshold 0.032544
[Epoch 12] train_loss=0.03000  val_loss=0.02298  val_ACC=0.9908  raw_RMSE=0.1232
Val loss reduced by 0.00036. Saving best model... 


Epoch 12 (AR=2) with attention threshold 0.037968
[Epoch 13] train_loss=0.02961  val_loss=0.02265  val_ACC=0.9909  raw_RMSE=0.1224
Val loss reduced by 0.00032. Saving best model... 


Epoch 13 (AR=2) with attention threshold 0.043392
[Epoch 14] train_loss=0.02927  val_loss=0.02287  val_ACC=0.9908  raw_RMSE=0.1228
Patience counter is now 1 


Epoch 14 (AR=2) with attention threshold 0.048816
[Epoch 15] train_loss=0.02897  val_loss=0.02285  val_ACC=0.9909  raw_RMSE=0.1226
Patience counter is now 2 


Epoch 15 (AR=2) with attention threshold 0.05424
[Epoch 16] train_loss=0.02869  val_loss=0.02273  val_ACC=0.9909  raw_RMSE=0.1226
Patience counter is now 3 



>>> УРОВЕНЬ СЛОЖНОСТИ ПОВЫШЕН! Теперь обучаем на 3 шага(ов) вперед. <<<

Epoch 16 (AR=3) with attention threshold 0.059664
[Epoch 17] train_loss=0.03716  val_loss=0.02310  val_ACC=0.9907  raw_RMSE=0.1236
Patience counter is now 1 


Epoch 17 (AR=3) with attention threshold 0.065088
[Epoch 18] train_loss=0.03653  val_loss=0.02284  val_ACC=0.9908  raw_RMSE=0.1229
Patience counter is now 2 


Epoch 18 (AR=3) with attention threshold 0.07051199999999999
