[15.08 13:55:49] === КЛИМАТОЛОГИЧЕСКИЙ ЭТАЛОН ===
[15.08 13:55:49] сроки из: /workdir/paper_results/m33_last_roi_samples.npz
[15.08 13:58:07] === КЛИМАТОЛОГИЧЕСКИЙ ЭТАЛОН ===
[15.08 13:58:07] сроки из: /workdir/paper_results/m33_last_roi_samples.npz
[15.08 13:58:58] === КЛИМАТОЛОГИЧЕСКИЙ ЭТАЛОН ===
[15.08 13:58:58] сроки из: /workdir/paper_results/m33_last_roi_samples.npz
[15.08 14:10:56] DONE rc=0
[clim] сохранено → /workdir/paper_results/clim_krsk.npz

Климатологический эталон, область, физические единицы:
   канал       +6ч      +12ч      +18ч      +24ч
     t2m      6.25      6.25      6.25      6.24
     msl      9.19      9.18      9.17      9.17
     10u      2.05      2.05      2.05      2.05
     10v      1.74      1.74      1.74      1.74
   t@850      5.42      5.42      5.42      5.42

Успешность модели относительно климатологии (%), область:
   канал       +6ч      +12ч      +18ч      +24ч
     t2m      78.9      75.5      74.5      73.4
     msl      92.5      90.6      88.9      87.5
     10u      71.1      67.3      65.6      64.0
     10v      66.9      62.4      60.7      59.2
   t@850      86.2      83.4      81.7      80.6

Положительное значение — модель лучше климатологии.
Отрицательное — на этом горизонте прогноз уже бесполезен.
[15.08 14:10:56] === ALL DONE ===
