[predict] data_dir=/data/datasets/multires_krsk_33f (chunked=True, pred_steps=4)
[ChunkDataset] склеиваем data.npy (19ch) + data_extra.npy (14ch) → 33ch
[ChunkDataset] train: 12853 samples, flat_nodes=133279, feat=33, obs=2, pred=4
[ChunkDataset] склеиваем data.npy (19ch) + data_extra.npy (14ch) → 33ch
[ChunkDataset] val: 1607 samples, flat_nodes=133279, feat=33, obs=2, pred=4
[ChunkDataset] склеиваем data.npy (19ch) + data_extra.npy (14ch) → 33ch
[ChunkDataset] test_only: 1607 samples, flat_nodes=133279, feat=33, obs=2, pred=4
[graph] уровни меша [4, 6], признаки рёбер: legacy
[processor] InteractionNet: 12 шагов, агрегация 'mean'
Encoder summary: 
+---------------------------+----------------------------+----------------+----------+
| Layer                     | Input Shape                | Output Shape   | #Param   |
|---------------------------+----------------------------+----------------+----------|
| Model                     | [174241, 72], [2, 207099]  | [174241, 256]  | 348,162  |
| ├─(mlp)MLP                |                            | [174241, 256]  | 150,786  |
| │    └─(MLP)ModuleList    | --                         | --             | 150,786  |
| │    │    └─(0)Linear     | [174241, 72]               | [174241, 256]  | 18,688   |
| │    │    └─(1)PReLU      | [174241, 256]              | [174241, 256]  | 1        |
| │    │    └─(2)Linear     | [174241, 256]              | [174241, 256]  | 65,792   |
| │    │    └─(3)PReLU      | [174241, 256]              | [174241, 256]  | 1        |
| │    │    └─(4)Linear     | [174241, 256]              | [174241, 256]  | 65,792   |
| │    │    └─(5)LayerNorm  | [174241, 256]              | [174241, 256]  | 512      |
| ├─(graph_layer)GraphLayer |                            | [174241, 256]  | 197,376  |
| │    └─(activation)SiLU   | [174241, 256]              | [174241, 256]  | --       |
| │    └─(layers)ModuleList | --                         | --             | 197,376  |
| │    │    └─(0)GCNConv    | [174241, 256], [2, 207099] | [174241, 256]  | 65,792   |
| │    │    └─(1)SiLU       | [174241, 256]              | [174241, 256]  | --       |
| │    │    └─(2)GCNConv    | [174241, 256], [2, 207099] | [174241, 256]  | 65,792   |
| │    │    └─(3)SiLU       | --                         | --             | --       |
| │    │    └─(4)GCNConv    | [174241, 256], [2, 207099] | [174241, 256]  | 65,792   |
+---------------------------+----------------------------+----------------+----------+

Processor summary: 
  (summary skipped: Expected all tensors to be on the same device, but found at least two devices, cuda:0 and cpu! (when checking argument for argument mat1 in method wrapper_CUDA_addmm))

Decoder summary: 
+---------------------------+----------------------------+----------------+----------+
| Layer                     | Input Shape                | Output Shape   | #Param   |
|---------------------------+----------------------------+----------------+----------|
| Model                     | [174241, 256], [2, 399837] | [174241, 33]   | 152,483  |
| ├─(mlp)MLP                |                            | [174241, 128]  | 115,202  |
| │    └─(MLP)ModuleList    | --                         | --             | 115,202  |
| │    │    └─(0)Linear     | [174241, 256]              | [174241, 256]  | 65,792   |
| │    │    └─(1)PReLU      | [174241, 256]              | [174241, 256]  | 1        |
| │    │    └─(2)Linear     | [174241, 256]              | [174241, 128]  | 32,896   |
| │    │    └─(3)PReLU      | [174241, 128]              | [174241, 128]  | 1        |
| │    │    └─(4)Linear     | [174241, 128]              | [174241, 128]  | 16,512   |
| ├─(graph_layer)GraphLayer |                            | [174241, 33]   | 37,281   |
| │    └─(activation)SiLU   | [174241, 128]              | [174241, 128]  | --       |
| │    └─(layers)ModuleList | --                         | --             | 37,281   |
| │    │    └─(0)GCNConv    | [174241, 128], [2, 399837] | [174241, 128]  | 16,512   |
| │    │    └─(1)SiLU       | [174241, 128]              | [174241, 128]  | --       |
| │    │    └─(2)GCNConv    | [174241, 128], [2, 399837] | [174241, 128]  | 16,512   |
| │    │    └─(3)SiLU       | --                         | --             | --       |
| │    │    └─(4)GCNConv    | [174241, 128], [2, 399837] | [174241, 33]   | 4,257    |
+---------------------------+----------------------------+----------------+----------+

[AR-rollout] Модель выдаёт 1 шаг(ов), но мы прогоним 4 шагов авторегрессионно.
[static] Каналы [7, 8] — статика, carry-forward при AR
[forcing] Каналы [29, 30, 31, 32] — форсинг (из ground truth при AR)
[predict] device=cuda | grid=0x0 | 2000/1607 test samples
[Region] 2501 nodes (--region [50.0,60.0]N x [83.0,98.0]E)
[metrics] Исключены из aggregate метрик: каналы [7, 8, 29, 30, 31, 32] (static+forcing)
[metrics] per-sample MSE будут сохранены в /workdir/paper_results/cosine_roi_samples.npz
[Main] Инференс (2000 samples, DA=none)...
  [50/2000] RMSE=0.173368 ACC=0.9847
  [100/2000] RMSE=0.169083 ACC=0.9846
  [150/2000] RMSE=0.172194 ACC=0.9844
  [200/2000] RMSE=0.172752 ACC=0.9844
  [250/2000] RMSE=0.173209 ACC=0.9845
  [300/2000] RMSE=0.173598 ACC=0.9845
  [350/2000] RMSE=0.174191 ACC=0.9845
  [400/2000] RMSE=0.174255 ACC=0.9845
  [450/2000] RMSE=0.174479 ACC=0.9845
  [500/2000] RMSE=0.174107 ACC=0.9844
  [550/2000] RMSE=0.174029 ACC=0.9845
  [600/2000] RMSE=0.174166 ACC=0.9844
  [650/2000] RMSE=0.174187 ACC=0.9844
  [700/2000] RMSE=0.174558 ACC=0.9843
  [750/2000] RMSE=0.175049 ACC=0.9843
  [800/2000] RMSE=0.174892 ACC=0.9843
  [850/2000] RMSE=0.175097 ACC=0.9843
  [900/2000] RMSE=0.175210 ACC=0.9843
  [950/2000] RMSE=0.175284 ACC=0.9843
  [1000/2000] RMSE=0.175247 ACC=0.9843
  [1050/2000] RMSE=0.175478 ACC=0.9843
  [1100/2000] RMSE=0.175605 ACC=0.9843
  [1150/2000] RMSE=0.175649 ACC=0.9843
  [1200/2000] RMSE=0.175480 ACC=0.9843
  [1250/2000] RMSE=0.175183 ACC=0.9844
  [1300/2000] RMSE=0.174928 ACC=0.9844
  [1350/2000] RMSE=0.174590 ACC=0.9844
  [1400/2000] RMSE=0.174527 ACC=0.9845
  [1450/2000] RMSE=0.174310 ACC=0.9845
  [1500/2000] RMSE=0.174101 ACC=0.9845
  [1550/2000] RMSE=0.173833 ACC=0.9845
  [1600/2000] RMSE=0.173586 ACC=0.9845
[Save] per-sample metrics → /workdir/paper_results/cosine_roi_samples.npz (N=1607, AR=4, C=33)

============================================================
=== Inference summary (1607 samples) ===
Grid: 0x0 (G=133279) | C=33 | AR=4 horizons
Overall: MSE=0.030120 | RMSE=0.173552 | MAE=0.083232
Baseline: RMSE=0.548209 | MAE=0.281325
Skill: 68.34%
ACC: 0.9845 | base: 0.8500 | Δ=+0.1345

Per-horizon:
  +06h: RMSE=0.123880 | base=0.363277 | skill=65.90% | ACC=0.9923 (base 0.9343)
  +12h: RMSE=0.156220 | base=0.514900 | skill=69.66% | ACC=0.9876 (base 0.8677)
  +18h: RMSE=0.189690 | base=0.605222 | skill=68.66% | ACC=0.9815 (base 0.8171)
  +24h: RMSE=0.211538 | base=0.662380 | skill=68.06% | ACC=0.9768 (base 0.7808)

Per-horizon per-channel RMSE (physical units):
         var   unit      +6h     +12h     +18h     +24h
         t2m      K    0.77°C    0.92°C    1.02°C    1.10°C
         10u    m/s     0.70     0.85     0.98     1.09
         10v    m/s     0.71     0.86     0.99     1.10
         msl    hPa     0.60     0.76     0.95     1.10
       t@850      K    0.64°C    0.78°C    0.91°C    0.99°C
       u@850    m/s     1.07     1.30     1.49     1.64
       v@850    m/s     1.08     1.29     1.48     1.63
       z@850    gpm      4.4      5.3      7.0      8.1
       z@500    gpm      5.4      6.8      9.0     10.7

Per-channel metrics overall (physical units, avg over 4 horizons):
    #        var      ACC  RMSE_norm    RMSE_phys     unit
    0        t2m   0.9989     0.0455       0.9621        K  (≈0.96 °C)
    1        10u   0.9860     0.1651       0.9189      m/s
    2        10v   0.9805     0.1949       0.9293      m/s
    3        msl   0.9979     0.0644       0.8713      hPa
    4         tp   0.8525     0.5272       0.0010        m
    5         sp   0.9999     0.0110       1.0515      hPa
    6       tcwv   0.9962     0.0872       1.4509    kg/m²
    7     z_surf   0.9998     0.0000       0.0000      gpm
    8        lsm   1.0000     0.0000       0.0000        -
    9      t@850   0.9985     0.0542       0.8399        K  (≈0.84 °C)
   10      u@850   0.9856     0.1687       1.3910      m/s
   11      v@850   0.9753     0.2211       1.3878      m/s
   12      z@850   0.9992     0.0418       6.3676      gpm
   13      q@850   0.9877     0.1562       0.0006    kg/kg
   14      t@500   0.9989     0.0479       0.6256        K  (≈0.63 °C)
   15      u@500   0.9880     0.1537       1.8489      m/s
   16      v@500   0.9792     0.2026       1.8655      m/s
   17      z@500   0.9997     0.0239       8.2209      gpm
   18      q@500   0.9719     0.2379       0.0003    kg/kg
   19      z@250   0.9998     0.0203      11.5439      gpm
   20      t@250   0.9961     0.0888       0.7692        K  (≈0.77 °C)
   21      u@250   0.9907     0.1361       2.4604      m/s
   22      v@250   0.9830     0.1827       2.4565      m/s
   23      q@250   0.9555     0.3005       0.0000    kg/kg
   24     z@1000   0.9982     0.0596       6.6436      gpm
   25     t@1000   0.9987     0.0510       0.8627        K  (≈0.86 °C)
   26     u@1000   0.9863     0.1638       1.0093      m/s
   27     v@1000   0.9808     0.1930       1.0259      m/s
   28     q@1000   0.9976     0.0692       0.0004    kg/kg
   29   sin_hour   0.2155     0.0000       0.0000        ?
   30   cos_hour   0.2155     0.0000       0.0000        ?
   31    sin_doy   0.1761     0.0000       0.0000        ?
   32    cos_doy   0.1927     0.0000       0.0000        ?

--- Region [50.0,60.0]N x [83.0,98.0]E (2501 nodes) ---
RMSE=0.114077 | base=0.421000 | skill=72.90%
ACC=0.9125 | base=0.5746

  Per-horizon (region):
    +06h: RMSE=0.092713 | base=0.268288 | skill=65.44% | ACC=0.9363 (base 0.7685)
    +12h: RMSE=0.108233 | base=0.392209 | skill=72.40% | ACC=0.9173 (base 0.5945)
    +18h: RMSE=0.120626 | base=0.466936 | skill=74.17% | ACC=0.9036 (base 0.4955)
    +24h: RMSE=0.131125 | base=0.514906 | skill=74.53% | ACC=0.8929 (base 0.4398)

  Per-horizon per-channel RMSE — REGION (2501 nodes):
           var   unit      +6h     +12h     +18h     +24h
           t2m      K    1.29°C    1.52°C    1.59°C    1.67°C
           10u    m/s     0.59     0.67     0.72     0.76
           10v    m/s     0.57     0.65     0.70     0.73
           msl    hPa     0.69     0.89     1.07     1.23
         t@850      K    0.74°C    0.90°C    1.01°C    1.08°C
         u@850    m/s     1.24     1.45     1.59     1.71
         v@850    m/s     1.13     1.29     1.41     1.51
         z@850    gpm      3.9      5.4      6.7      8.0
         z@500    gpm      5.3      7.0      9.0     10.5

  Per-channel region (physical units, avg over 4 horizons):
      #        var      ACC  RMSE_norm    RMSE_phys     unit
      0        t2m   0.9366     0.0721       1.5227        K  (≈1.52 °C)
      1        10u   0.8940     0.1235       0.6873      m/s
      2        10v   0.8699     0.1394       0.6648      m/s
      3        msl   0.9727     0.0731       0.9898      hPa
      4         tp   0.5363     0.1114       0.0002        m
      5         sp   0.9999     0.0119       1.1346      hPa
      6       tcwv   0.9500     0.0591       0.9829    kg/m²
      7     z_surf   1.0000     0.0000       0.0000      gpm
      8        lsm   1.0000     0.0000       0.0000        -
      9      t@850   0.9511     0.0608       0.9420        K  (≈0.94 °C)
     10      u@850   0.9373     0.1828       1.5070      m/s
     11      v@850   0.9056     0.2137       1.3415      m/s
     12      z@850   0.9843     0.0408       6.2134      gpm
     13      q@850   0.8652     0.1008       0.0004    kg/kg
     14      t@500   0.9587     0.0468       0.6103        K  (≈0.61 °C)
     15      u@500   0.9376     0.1547       1.8603      m/s
     16      v@500   0.9411     0.1975       1.8184      m/s
     17      z@500   0.9915     0.0237       8.1636      gpm
     18      q@500   0.8747     0.1445       0.0002    kg/kg
     19      z@250   0.9906     0.0210      11.9383      gpm
     20      t@250   0.9129     0.0943       0.8169        K  (≈0.82 °C)
     21      u@250   0.9493     0.1374       2.4834      m/s
     22      v@250   0.9508     0.1826       2.4555      m/s
     23      q@250   0.7584     0.0819       0.0000    kg/kg
     24     z@1000   0.9765     0.0658       7.3271      gpm
     25     t@1000   0.9448     0.0678       1.1481        K  (≈1.15 °C)
     26     u@1000   0.8858     0.1079       0.6652      m/s
     27     v@1000   0.8712     0.1182       0.6284      m/s
     28     q@1000   0.8915     0.0782       0.0005    kg/kg
     29   sin_hour   0.0155     0.0000       0.0000        ?
     30   cos_hour   0.0155     0.0000       0.0000        ?
     31    sin_doy   0.0066     0.0000       0.0000        ?
     32    cos_doy   0.0067     0.0000       0.0000        ?
============================================================
