[predict] data_dir=/data/datasets/multires_krsk_33f (chunked=True, pred_steps=4)
[ChunkDataset] склеиваем data.npy (19ch) + data_extra.npy (14ch) → 33ch
[ChunkDataset] train: 12853 samples, flat_nodes=133279, feat=33, obs=2, pred=4
[ChunkDataset] склеиваем data.npy (19ch) + data_extra.npy (14ch) → 33ch
[ChunkDataset] val: 1607 samples, flat_nodes=133279, feat=33, obs=2, pred=4
[ChunkDataset] склеиваем data.npy (19ch) + data_extra.npy (14ch) → 33ch
[ChunkDataset] test_only: 1607 samples, flat_nodes=133279, feat=33, obs=2, pred=4
[graph] уровни меша [4, 6], признаки рёбер: legacy
[processor] InteractionNet: 12 шагов, агрегация 'mean'
Encoder summary: 
+---------------------------+----------------------------+----------------+----------+
| Layer                     | Input Shape                | Output Shape   | #Param   |
|---------------------------+----------------------------+----------------+----------|
| Model                     | [174241, 72], [2, 207099]  | [174241, 256]  | 348,162  |
| ├─(mlp)MLP                |                            | [174241, 256]  | 150,786  |
| │    └─(MLP)ModuleList    | --                         | --             | 150,786  |
| │    │    └─(0)Linear     | [174241, 72]               | [174241, 256]  | 18,688   |
| │    │    └─(1)PReLU      | [174241, 256]              | [174241, 256]  | 1        |
| │    │    └─(2)Linear     | [174241, 256]              | [174241, 256]  | 65,792   |
| │    │    └─(3)PReLU      | [174241, 256]              | [174241, 256]  | 1        |
| │    │    └─(4)Linear     | [174241, 256]              | [174241, 256]  | 65,792   |
| │    │    └─(5)LayerNorm  | [174241, 256]              | [174241, 256]  | 512      |
| ├─(graph_layer)GraphLayer |                            | [174241, 256]  | 197,376  |
| │    └─(activation)SiLU   | [174241, 256]              | [174241, 256]  | --       |
| │    └─(layers)ModuleList | --                         | --             | 197,376  |
| │    │    └─(0)GCNConv    | [174241, 256], [2, 207099] | [174241, 256]  | 65,792   |
| │    │    └─(1)SiLU       | [174241, 256]              | [174241, 256]  | --       |
| │    │    └─(2)GCNConv    | [174241, 256], [2, 207099] | [174241, 256]  | 65,792   |
| │    │    └─(3)SiLU       | --                         | --             | --       |
| │    │    └─(4)GCNConv    | [174241, 256], [2, 207099] | [174241, 256]  | 65,792   |
+---------------------------+----------------------------+----------------+----------+

Processor summary: 
  (summary skipped: Expected all tensors to be on the same device, but found at least two devices, cuda:0 and cpu! (when checking argument for argument mat1 in method wrapper_CUDA_addmm))

Decoder summary: 
+---------------------------+----------------------------+----------------+----------+
| Layer                     | Input Shape                | Output Shape   | #Param   |
|---------------------------+----------------------------+----------------+----------|
| Model                     | [174241, 256], [2, 399837] | [174241, 33]   | 152,483  |
| ├─(mlp)MLP                |                            | [174241, 128]  | 115,202  |
| │    └─(MLP)ModuleList    | --                         | --             | 115,202  |
| │    │    └─(0)Linear     | [174241, 256]              | [174241, 256]  | 65,792   |
| │    │    └─(1)PReLU      | [174241, 256]              | [174241, 256]  | 1        |
| │    │    └─(2)Linear     | [174241, 256]              | [174241, 128]  | 32,896   |
| │    │    └─(3)PReLU      | [174241, 128]              | [174241, 128]  | 1        |
| │    │    └─(4)Linear     | [174241, 128]              | [174241, 128]  | 16,512   |
| ├─(graph_layer)GraphLayer |                            | [174241, 33]   | 37,281   |
| │    └─(activation)SiLU   | [174241, 128]              | [174241, 128]  | --       |
| │    └─(layers)ModuleList | --                         | --             | 37,281   |
| │    │    └─(0)GCNConv    | [174241, 128], [2, 399837] | [174241, 128]  | 16,512   |
| │    │    └─(1)SiLU       | [174241, 128]              | [174241, 128]  | --       |
| │    │    └─(2)GCNConv    | [174241, 128], [2, 399837] | [174241, 128]  | 16,512   |
| │    │    └─(3)SiLU       | --                         | --             | --       |
| │    │    └─(4)GCNConv    | [174241, 128], [2, 399837] | [174241, 33]   | 4,257    |
+---------------------------+----------------------------+----------------+----------+

[AR-rollout] Модель выдаёт 1 шаг(ов), но мы прогоним 4 шагов авторегрессионно.
[static] Каналы [7, 8] — статика, carry-forward при AR
[forcing] Каналы [29, 30, 31, 32] — форсинг (из ground truth при AR)
[predict] device=cuda | grid=0x0 | 2000/1607 test samples
[Region] 2501 nodes (--region [50.0,60.0]N x [83.0,98.0]E)
[metrics] Исключены из aggregate метрик: каналы [7, 8, 29, 30, 31, 32] (static+forcing)
[metrics] per-sample MSE будут сохранены в /workdir/paper_results/lrdrop_krsk_roi_samples.npz
[Main] Инференс (2000 samples, DA=none)...
  [50/2000] RMSE=0.174115 ACC=0.9845
  [100/2000] RMSE=0.169704 ACC=0.9845
  [150/2000] RMSE=0.172859 ACC=0.9843
  [200/2000] RMSE=0.173395 ACC=0.9843
  [250/2000] RMSE=0.173892 ACC=0.9844
  [300/2000] RMSE=0.174275 ACC=0.9843
  [350/2000] RMSE=0.174881 ACC=0.9844
  [400/2000] RMSE=0.174977 ACC=0.9843
  [450/2000] RMSE=0.175208 ACC=0.9843
  [500/2000] RMSE=0.174827 ACC=0.9843
  [550/2000] RMSE=0.174765 ACC=0.9843
  [600/2000] RMSE=0.174901 ACC=0.9842
  [650/2000] RMSE=0.174928 ACC=0.9842
  [700/2000] RMSE=0.175322 ACC=0.9842
  [750/2000] RMSE=0.175823 ACC=0.9842
  [800/2000] RMSE=0.175657 ACC=0.9841
  [850/2000] RMSE=0.175837 ACC=0.9842
  [900/2000] RMSE=0.175948 ACC=0.9841
  [950/2000] RMSE=0.176011 ACC=0.9842
  [1000/2000] RMSE=0.175963 ACC=0.9842
  [1050/2000] RMSE=0.176192 ACC=0.9842
  [1100/2000] RMSE=0.176309 ACC=0.9842
  [1150/2000] RMSE=0.176344 ACC=0.9842
  [1200/2000] RMSE=0.176168 ACC=0.9842
  [1250/2000] RMSE=0.175858 ACC=0.9843
  [1300/2000] RMSE=0.175598 ACC=0.9843
  [1350/2000] RMSE=0.175258 ACC=0.9843
  [1400/2000] RMSE=0.175188 ACC=0.9843
  [1450/2000] RMSE=0.174961 ACC=0.9844
  [1500/2000] RMSE=0.174752 ACC=0.9844
  [1550/2000] RMSE=0.174482 ACC=0.9844
  [1600/2000] RMSE=0.174230 ACC=0.9844
[Save] per-sample metrics → /workdir/paper_results/lrdrop_krsk_roi_samples.npz (N=1607, AR=4, C=33)

============================================================
=== Inference summary (1607 samples) ===
Grid: 0x0 (G=133279) | C=33 | AR=4 horizons
Overall: MSE=0.030344 | RMSE=0.174196 | MAE=0.083441
Baseline: RMSE=0.548209 | MAE=0.281325
Skill: 68.22%
ACC: 0.9844 | base: 0.8500 | Δ=+0.1344

Per-horizon:
  +06h: RMSE=0.124136 | base=0.363277 | skill=65.83% | ACC=0.9922 (base 0.9343)
  +12h: RMSE=0.156736 | base=0.514900 | skill=69.56% | ACC=0.9876 (base 0.8677)
  +18h: RMSE=0.190425 | base=0.605222 | skill=68.54% | ACC=0.9813 (base 0.8171)
  +24h: RMSE=0.212461 | base=0.662380 | skill=67.92% | ACC=0.9765 (base 0.7808)

Per-horizon per-channel RMSE (physical units):
         var   unit      +6h     +12h     +18h     +24h
         t2m      K    0.78°C    0.93°C    1.05°C    1.13°C
         10u    m/s     0.71     0.85     0.98     1.09
         10v    m/s     0.71     0.86     1.00     1.11
         msl    hPa     0.60     0.77     0.95     1.10
       t@850      K    0.64°C    0.78°C    0.89°C    0.97°C
       u@850    m/s     1.08     1.30     1.49     1.64
       v@850    m/s     1.08     1.30     1.49     1.64
       z@850    gpm      4.3      5.3      6.9      8.0
       z@500    gpm      5.6      6.7      8.9     10.6

Per-channel metrics overall (physical units, avg over 4 horizons):
    #        var      ACC  RMSE_norm    RMSE_phys     unit
    0        t2m   0.9989     0.0463       0.9793        K  (≈0.98 °C)
    1        10u   0.9860     0.1652       0.9193      m/s
    2        10v   0.9804     0.1954       0.9319      m/s
    3        msl   0.9979     0.0646       0.8748      hPa
    4         tp   0.8504     0.5313       0.0010        m
    5         sp   0.9999     0.0109       1.0419      hPa
    6       tcwv   0.9962     0.0873       1.4526    kg/m²
    7     z_surf   0.9998     0.0000       0.0000      gpm
    8        lsm   1.0000     0.0000       0.0000        -
    9      t@850   0.9985     0.0535       0.8290        K  (≈0.83 °C)
   10      u@850   0.9856     0.1689       1.3927      m/s
   11      v@850   0.9752     0.2216       1.3909      m/s
   12      z@850   0.9992     0.0412       6.2813      gpm
   13      q@850   0.9877     0.1557       0.0006    kg/kg
   14      t@500   0.9989     0.0487       0.6360        K  (≈0.64 °C)
   15      u@500   0.9880     0.1541       1.8538      m/s
   16      v@500   0.9791     0.2029       1.8686      m/s
   17      z@500   0.9997     0.0238       8.1890      gpm
   18      q@500   0.9718     0.2382       0.0003    kg/kg
   19      z@250   0.9998     0.0201      11.4416      gpm
   20      t@250   0.9961     0.0889       0.7696        K  (≈0.77 °C)
   21      u@250   0.9906     0.1363       2.4638      m/s
   22      v@250   0.9830     0.1829       2.4591      m/s
   23      q@250   0.9553     0.3012       0.0000    kg/kg
   24     z@1000   0.9982     0.0599       6.6722      gpm
   25     t@1000   0.9986     0.0512       0.8664        K  (≈0.87 °C)
   26     u@1000   0.9862     0.1638       1.0095      m/s
   27     v@1000   0.9807     0.1936       1.0288      m/s
   28     q@1000   0.9976     0.0696       0.0004    kg/kg
   29   sin_hour   0.2155     0.0000       0.0000        ?
   30   cos_hour   0.2155     0.0000       0.0000        ?
   31    sin_doy   0.1761     0.0000       0.0000        ?
   32    cos_doy   0.1927     0.0000       0.0000        ?

--- Region [50.0,60.0]N x [83.0,98.0]E (2501 nodes) ---
RMSE=0.113828 | base=0.421000 | skill=72.96%
ACC=0.9129 | base=0.5746

  Per-horizon (region):
    +06h: RMSE=0.092651 | base=0.268288 | skill=65.47% | ACC=0.9364 (base 0.7685)
    +12h: RMSE=0.108122 | base=0.392209 | skill=72.43% | ACC=0.9176 (base 0.5945)
    +18h: RMSE=0.120324 | base=0.466936 | skill=74.23% | ACC=0.9040 (base 0.4955)
    +24h: RMSE=0.130671 | base=0.514906 | skill=74.62% | ACC=0.8934 (base 0.4398)

  Per-horizon per-channel RMSE — REGION (2501 nodes):
           var   unit      +6h     +12h     +18h     +24h
           t2m      K    1.30°C    1.54°C    1.63°C    1.71°C
           10u    m/s     0.59     0.67     0.72     0.75
           10v    m/s     0.57     0.66     0.70     0.73
           msl    hPa     0.68     0.87     1.04     1.19
         t@850      K    0.74°C    0.90°C    1.01°C    1.08°C
         u@850    m/s     1.24     1.44     1.60     1.71
         v@850    m/s     1.13     1.28     1.41     1.51
         z@850    gpm      4.0      5.3      6.8      7.9
         z@500    gpm      5.2      6.9      8.9     10.6

  Per-channel region (physical units, avg over 4 horizons):
      #        var      ACC  RMSE_norm    RMSE_phys     unit
      0        t2m   0.9363     0.0735       1.5525        K  (≈1.55 °C)
      1        10u   0.8942     0.1234       0.6867      m/s
      2        10v   0.8701     0.1393       0.6644      m/s
      3        msl   0.9729     0.0713       0.9650      hPa
      4         tp   0.5467     0.1118       0.0002        m
      5         sp   0.9999     0.0117       1.1207      hPa
      6       tcwv   0.9506     0.0588       0.9790    kg/m²
      7     z_surf   1.0000     0.0000       0.0000      gpm
      8        lsm   1.0000     0.0000       0.0000        -
      9      t@850   0.9514     0.0607       0.9415        K  (≈0.94 °C)
     10      u@850   0.9374     0.1828       1.5068      m/s
     11      v@850   0.9059     0.2134       1.3394      m/s
     12      z@850   0.9846     0.0406       6.1890      gpm
     13      q@850   0.8648     0.1006       0.0004    kg/kg
     14      t@500   0.9585     0.0469       0.6117        K  (≈0.61 °C)
     15      u@500   0.9380     0.1544       1.8567      m/s
     16      v@500   0.9416     0.1968       1.8119      m/s
     17      z@500   0.9914     0.0237       8.1626      gpm
     18      q@500   0.8740     0.1438       0.0002    kg/kg
     19      z@250   0.9907     0.0209      11.8571      gpm
     20      t@250   0.9124     0.0942       0.8156        K  (≈0.82 °C)
     21      u@250   0.9498     0.1368       2.4726      m/s
     22      v@250   0.9519     0.1817       2.4430      m/s
     23      q@250   0.7530     0.0817       0.0000    kg/kg
     24     z@1000   0.9767     0.0645       7.1880      gpm
     25     t@1000   0.9452     0.0680       1.1509        K  (≈1.15 °C)
     26     u@1000   0.8862     0.1075       0.6628      m/s
     27     v@1000   0.8714     0.1183       0.6290      m/s
     28     q@1000   0.8924     0.0783       0.0005    kg/kg
     29   sin_hour   0.0155     0.0000       0.0000        ?
     30   cos_hour   0.0155     0.0000       0.0000        ?
     31    sin_doy   0.0066     0.0000       0.0000        ?
     32    cos_doy   0.0067     0.0000       0.0000        ?
============================================================
[predict] data_dir=/data/datasets/multires_krsk_33f (chunked=True, pred_steps=4)
[ChunkDataset] склеиваем data.npy (19ch) + data_extra.npy (14ch) → 33ch
[ChunkDataset] train: 12853 samples, flat_nodes=133279, feat=33, obs=2, pred=4
[ChunkDataset] склеиваем data.npy (19ch) + data_extra.npy (14ch) → 33ch
[ChunkDataset] val: 1607 samples, flat_nodes=133279, feat=33, obs=2, pred=4
[ChunkDataset] склеиваем data.npy (19ch) + data_extra.npy (14ch) → 33ch
[ChunkDataset] test_only: 1607 samples, flat_nodes=133279, feat=33, obs=2, pred=4
[graph] уровни меша [4, 6], признаки рёбер: legacy
[processor] InteractionNet: 12 шагов, агрегация 'mean'
Encoder summary: 
+---------------------------+----------------------------+----------------+----------+
| Layer                     | Input Shape                | Output Shape   | #Param   |
|---------------------------+----------------------------+----------------+----------|
| Model                     | [174241, 72], [2, 207099]  | [174241, 256]  | 348,162  |
| ├─(mlp)MLP                |                            | [174241, 256]  | 150,786  |
| │    └─(MLP)ModuleList    | --                         | --             | 150,786  |
| │    │    └─(0)Linear     | [174241, 72]               | [174241, 256]  | 18,688   |
| │    │    └─(1)PReLU      | [174241, 256]              | [174241, 256]  | 1        |
| │    │    └─(2)Linear     | [174241, 256]              | [174241, 256]  | 65,792   |
| │    │    └─(3)PReLU      | [174241, 256]              | [174241, 256]  | 1        |
| │    │    └─(4)Linear     | [174241, 256]              | [174241, 256]  | 65,792   |
| │    │    └─(5)LayerNorm  | [174241, 256]              | [174241, 256]  | 512      |
| ├─(graph_layer)GraphLayer |                            | [174241, 256]  | 197,376  |
| │    └─(activation)SiLU   | [174241, 256]              | [174241, 256]  | --       |
| │    └─(layers)ModuleList | --                         | --             | 197,376  |
| │    │    └─(0)GCNConv    | [174241, 256], [2, 207099] | [174241, 256]  | 65,792   |
| │    │    └─(1)SiLU       | [174241, 256]              | [174241, 256]  | --       |
| │    │    └─(2)GCNConv    | [174241, 256], [2, 207099] | [174241, 256]  | 65,792   |
| │    │    └─(3)SiLU       | --                         | --             | --       |
| │    │    └─(4)GCNConv    | [174241, 256], [2, 207099] | [174241, 256]  | 65,792   |
+---------------------------+----------------------------+----------------+----------+

Processor summary: 
  (summary skipped: Expected all tensors to be on the same device, but found at least two devices, cuda:0 and cpu! (when checking argument for argument mat1 in method wrapper_CUDA_addmm))

Decoder summary: 
+---------------------------+----------------------------+----------------+----------+
| Layer                     | Input Shape                | Output Shape   | #Param   |
|---------------------------+----------------------------+----------------+----------|
| Model                     | [174241, 256], [2, 399837] | [174241, 33]   | 152,483  |
| ├─(mlp)MLP                |                            | [174241, 128]  | 115,202  |
| │    └─(MLP)ModuleList    | --                         | --             | 115,202  |
| │    │    └─(0)Linear     | [174241, 256]              | [174241, 256]  | 65,792   |
| │    │    └─(1)PReLU      | [174241, 256]              | [174241, 256]  | 1        |
| │    │    └─(2)Linear     | [174241, 256]              | [174241, 128]  | 32,896   |
| │    │    └─(3)PReLU      | [174241, 128]              | [174241, 128]  | 1        |
| │    │    └─(4)Linear     | [174241, 128]              | [174241, 128]  | 16,512   |
| ├─(graph_layer)GraphLayer |                            | [174241, 33]   | 37,281   |
| │    └─(activation)SiLU   | [174241, 128]              | [174241, 128]  | --       |
| │    └─(layers)ModuleList | --                         | --             | 37,281   |
| │    │    └─(0)GCNConv    | [174241, 128], [2, 399837] | [174241, 128]  | 16,512   |
| │    │    └─(1)SiLU       | [174241, 128]              | [174241, 128]  | --       |
| │    │    └─(2)GCNConv    | [174241, 128], [2, 399837] | [174241, 128]  | 16,512   |
| │    │    └─(3)SiLU       | --                         | --             | --       |
| │    │    └─(4)GCNConv    | [174241, 128], [2, 399837] | [174241, 33]   | 4,257    |
+---------------------------+----------------------------+----------------+----------+

[AR-rollout] Модель выдаёт 1 шаг(ов), но мы прогоним 4 шагов авторегрессионно.
[static] Каналы [7, 8] — статика, carry-forward при AR
[forcing] Каналы [29, 30, 31, 32] — форсинг (из ground truth при AR)
[predict] device=cuda | grid=0x0 | 2000/1607 test samples
[Region] 2501 nodes (--region [50.0,60.0]N x [83.0,98.0]E)
[metrics] Исключены из aggregate метрик: каналы [7, 8, 29, 30, 31, 32] (static+forcing)
[metrics] per-sample MSE будут сохранены в /workdir/paper_results/lrdrop_krsk_roi_samples.npz
[Main] Инференс (2000 samples, DA=none)...
  [50/2000] RMSE=0.174115 ACC=0.9845
  [100/2000] RMSE=0.169704 ACC=0.9845
  [150/2000] RMSE=0.172859 ACC=0.9843
  [200/2000] RMSE=0.173395 ACC=0.9843
  [250/2000] RMSE=0.173892 ACC=0.9844
  [300/2000] RMSE=0.174275 ACC=0.9843
  [350/2000] RMSE=0.174881 ACC=0.9844
  [400/2000] RMSE=0.174977 ACC=0.9843
  [450/2000] RMSE=0.175208 ACC=0.9843
  [500/2000] RMSE=0.174827 ACC=0.9843
  [550/2000] RMSE=0.174765 ACC=0.9843
  [600/2000] RMSE=0.174901 ACC=0.9842
  [650/2000] RMSE=0.174928 ACC=0.9842
  [700/2000] RMSE=0.175322 ACC=0.9842
  [750/2000] RMSE=0.175823 ACC=0.9842
  [800/2000] RMSE=0.175657 ACC=0.9841
  [850/2000] RMSE=0.175837 ACC=0.9842
  [900/2000] RMSE=0.175948 ACC=0.9841
  [950/2000] RMSE=0.176011 ACC=0.9842
  [1000/2000] RMSE=0.175963 ACC=0.9842
  [1050/2000] RMSE=0.176192 ACC=0.9842
  [1100/2000] RMSE=0.176309 ACC=0.9842
  [1150/2000] RMSE=0.176344 ACC=0.9842
  [1200/2000] RMSE=0.176168 ACC=0.9842
  [1250/2000] RMSE=0.175858 ACC=0.9843
  [1300/2000] RMSE=0.175598 ACC=0.9843
  [1350/2000] RMSE=0.175258 ACC=0.9843
  [1400/2000] RMSE=0.175188 ACC=0.9843
  [1450/2000] RMSE=0.174961 ACC=0.9844
  [1500/2000] RMSE=0.174752 ACC=0.9844
  [1550/2000] RMSE=0.174482 ACC=0.9844
  [1600/2000] RMSE=0.174230 ACC=0.9844
[Save] per-sample metrics → /workdir/paper_results/lrdrop_krsk_roi_samples.npz (N=1607, AR=4, C=33)

============================================================
=== Inference summary (1607 samples) ===
Grid: 0x0 (G=133279) | C=33 | AR=4 horizons
Overall: MSE=0.030344 | RMSE=0.174196 | MAE=0.083441
Baseline: RMSE=0.548209 | MAE=0.281325
Skill: 68.22%
ACC: 0.9844 | base: 0.8500 | Δ=+0.1344

Per-horizon:
  +06h: RMSE=0.124136 | base=0.363277 | skill=65.83% | ACC=0.9922 (base 0.9343)
  +12h: RMSE=0.156736 | base=0.514900 | skill=69.56% | ACC=0.9876 (base 0.8677)
  +18h: RMSE=0.190425 | base=0.605222 | skill=68.54% | ACC=0.9813 (base 0.8171)
  +24h: RMSE=0.212461 | base=0.662380 | skill=67.92% | ACC=0.9765 (base 0.7808)

Per-horizon per-channel RMSE (physical units):
         var   unit      +6h     +12h     +18h     +24h
         t2m      K    0.78°C    0.93°C    1.05°C    1.13°C
         10u    m/s     0.71     0.85     0.98     1.09
         10v    m/s     0.71     0.86     1.00     1.11
         msl    hPa     0.60     0.77     0.95     1.10
       t@850      K    0.64°C    0.78°C    0.89°C    0.97°C
       u@850    m/s     1.08     1.30     1.49     1.64
       v@850    m/s     1.08     1.30     1.49     1.64
       z@850    gpm      4.3      5.3      6.9      8.0
       z@500    gpm      5.6      6.7      8.9     10.6

Per-channel metrics overall (physical units, avg over 4 horizons):
    #        var      ACC  RMSE_norm    RMSE_phys     unit
    0        t2m   0.9989     0.0463       0.9793        K  (≈0.98 °C)
    1        10u   0.9860     0.1652       0.9193      m/s
    2        10v   0.9804     0.1954       0.9319      m/s
    3        msl   0.9979     0.0646       0.8748      hPa
    4         tp   0.8504     0.5313       0.0010        m
    5         sp   0.9999     0.0109       1.0419      hPa
    6       tcwv   0.9962     0.0873       1.4526    kg/m²
    7     z_surf   0.9998     0.0000       0.0000      gpm
    8        lsm   1.0000     0.0000       0.0000        -
    9      t@850   0.9985     0.0535       0.8290        K  (≈0.83 °C)
   10      u@850   0.9856     0.1689       1.3927      m/s
   11      v@850   0.9752     0.2216       1.3909      m/s
   12      z@850   0.9992     0.0412       6.2813      gpm
   13      q@850   0.9877     0.1557       0.0006    kg/kg
   14      t@500   0.9989     0.0487       0.6360        K  (≈0.64 °C)
   15      u@500   0.9880     0.1541       1.8538      m/s
   16      v@500   0.9791     0.2029       1.8686      m/s
   17      z@500   0.9997     0.0238       8.1890      gpm
   18      q@500   0.9718     0.2382       0.0003    kg/kg
   19      z@250   0.9998     0.0201      11.4416      gpm
   20      t@250   0.9961     0.0889       0.7696        K  (≈0.77 °C)
   21      u@250   0.9906     0.1363       2.4638      m/s
   22      v@250   0.9830     0.1829       2.4591      m/s
   23      q@250   0.9553     0.3012       0.0000    kg/kg
   24     z@1000   0.9982     0.0599       6.6722      gpm
   25     t@1000   0.9986     0.0512       0.8664        K  (≈0.87 °C)
   26     u@1000   0.9862     0.1638       1.0095      m/s
   27     v@1000   0.9807     0.1936       1.0288      m/s
   28     q@1000   0.9976     0.0696       0.0004    kg/kg
   29   sin_hour   0.2155     0.0000       0.0000        ?
   30   cos_hour   0.2155     0.0000       0.0000        ?
   31    sin_doy   0.1761     0.0000       0.0000        ?
   32    cos_doy   0.1927     0.0000       0.0000        ?

--- Region [50.0,60.0]N x [83.0,98.0]E (2501 nodes) ---
RMSE=0.113828 | base=0.421000 | skill=72.96%
ACC=0.9129 | base=0.5746

  Per-horizon (region):
    +06h: RMSE=0.092651 | base=0.268288 | skill=65.47% | ACC=0.9364 (base 0.7685)
    +12h: RMSE=0.108122 | base=0.392209 | skill=72.43% | ACC=0.9176 (base 0.5945)
    +18h: RMSE=0.120324 | base=0.466936 | skill=74.23% | ACC=0.9040 (base 0.4955)
    +24h: RMSE=0.130671 | base=0.514906 | skill=74.62% | ACC=0.8934 (base 0.4398)

  Per-horizon per-channel RMSE — REGION (2501 nodes):
           var   unit      +6h     +12h     +18h     +24h
           t2m      K    1.30°C    1.54°C    1.63°C    1.71°C
           10u    m/s     0.59     0.67     0.72     0.75
           10v    m/s     0.57     0.66     0.70     0.73
           msl    hPa     0.68     0.87     1.04     1.19
         t@850      K    0.74°C    0.90°C    1.01°C    1.08°C
         u@850    m/s     1.24     1.44     1.60     1.71
         v@850    m/s     1.13     1.28     1.41     1.51
         z@850    gpm      4.0      5.3      6.8      7.9
         z@500    gpm      5.2      6.9      8.9     10.6

  Per-channel region (physical units, avg over 4 horizons):
      #        var      ACC  RMSE_norm    RMSE_phys     unit
      0        t2m   0.9363     0.0735       1.5525        K  (≈1.55 °C)
      1        10u   0.8942     0.1234       0.6867      m/s
      2        10v   0.8701     0.1393       0.6644      m/s
      3        msl   0.9729     0.0713       0.9650      hPa
      4         tp   0.5467     0.1118       0.0002        m
      5         sp   0.9999     0.0117       1.1207      hPa
      6       tcwv   0.9506     0.0588       0.9790    kg/m²
      7     z_surf   1.0000     0.0000       0.0000      gpm
      8        lsm   1.0000     0.0000       0.0000        -
      9      t@850   0.9514     0.0607       0.9415        K  (≈0.94 °C)
     10      u@850   0.9374     0.1828       1.5068      m/s
     11      v@850   0.9059     0.2134       1.3394      m/s
     12      z@850   0.9846     0.0406       6.1890      gpm
     13      q@850   0.8648     0.1006       0.0004    kg/kg
     14      t@500   0.9585     0.0469       0.6117        K  (≈0.61 °C)
     15      u@500   0.9380     0.1544       1.8567      m/s
     16      v@500   0.9416     0.1968       1.8119      m/s
     17      z@500   0.9914     0.0237       8.1626      gpm
     18      q@500   0.8740     0.1438       0.0002    kg/kg
     19      z@250   0.9907     0.0209      11.8571      gpm
     20      t@250   0.9124     0.0942       0.8156        K  (≈0.82 °C)
     21      u@250   0.9498     0.1368       2.4726      m/s
     22      v@250   0.9519     0.1817       2.4430      m/s
     23      q@250   0.7530     0.0817       0.0000    kg/kg
     24     z@1000   0.9767     0.0645       7.1880      gpm
     25     t@1000   0.9452     0.0680       1.1509        K  (≈1.15 °C)
     26     u@1000   0.8862     0.1075       0.6628      m/s
     27     v@1000   0.8714     0.1183       0.6290      m/s
     28     q@1000   0.8924     0.0783       0.0005    kg/kg
     29   sin_hour   0.0155     0.0000       0.0000        ?
     30   cos_hour   0.0155     0.0000       0.0000        ?
     31    sin_doy   0.0066     0.0000       0.0000        ?
     32    cos_doy   0.0067     0.0000       0.0000        ?
============================================================
[predict] data_dir=/data/datasets/multires_krsk_33f (chunked=True, pred_steps=4)
[ChunkDataset] склеиваем data.npy (19ch) + data_extra.npy (14ch) → 33ch
[ChunkDataset] train: 12853 samples, flat_nodes=133279, feat=33, obs=2, pred=4
[ChunkDataset] склеиваем data.npy (19ch) + data_extra.npy (14ch) → 33ch
[ChunkDataset] val: 1607 samples, flat_nodes=133279, feat=33, obs=2, pred=4
[ChunkDataset] склеиваем data.npy (19ch) + data_extra.npy (14ch) → 33ch
[ChunkDataset] test_only: 1607 samples, flat_nodes=133279, feat=33, obs=2, pred=4
[graph] уровни меша [4, 6], признаки рёбер: legacy
[processor] InteractionNet: 12 шагов, агрегация 'mean'
Encoder summary: 
+---------------------------+----------------------------+----------------+----------+
| Layer                     | Input Shape                | Output Shape   | #Param   |
|---------------------------+----------------------------+----------------+----------|
| Model                     | [174241, 72], [2, 207099]  | [174241, 256]  | 348,162  |
| ├─(mlp)MLP                |                            | [174241, 256]  | 150,786  |
| │    └─(MLP)ModuleList    | --                         | --             | 150,786  |
| │    │    └─(0)Linear     | [174241, 72]               | [174241, 256]  | 18,688   |
| │    │    └─(1)PReLU      | [174241, 256]              | [174241, 256]  | 1        |
| │    │    └─(2)Linear     | [174241, 256]              | [174241, 256]  | 65,792   |
| │    │    └─(3)PReLU      | [174241, 256]              | [174241, 256]  | 1        |
| │    │    └─(4)Linear     | [174241, 256]              | [174241, 256]  | 65,792   |
| │    │    └─(5)LayerNorm  | [174241, 256]              | [174241, 256]  | 512      |
| ├─(graph_layer)GraphLayer |                            | [174241, 256]  | 197,376  |
| │    └─(activation)SiLU   | [174241, 256]              | [174241, 256]  | --       |
| │    └─(layers)ModuleList | --                         | --             | 197,376  |
| │    │    └─(0)GCNConv    | [174241, 256], [2, 207099] | [174241, 256]  | 65,792   |
| │    │    └─(1)SiLU       | [174241, 256]              | [174241, 256]  | --       |
| │    │    └─(2)GCNConv    | [174241, 256], [2, 207099] | [174241, 256]  | 65,792   |
| │    │    └─(3)SiLU       | --                         | --             | --       |
| │    │    └─(4)GCNConv    | [174241, 256], [2, 207099] | [174241, 256]  | 65,792   |
+---------------------------+----------------------------+----------------+----------+

Processor summary: 
  (summary skipped: Expected all tensors to be on the same device, but found at least two devices, cuda:0 and cpu! (when checking argument for argument mat1 in method wrapper_CUDA_addmm))

Decoder summary: 
+---------------------------+----------------------------+----------------+----------+
| Layer                     | Input Shape                | Output Shape   | #Param   |
|---------------------------+----------------------------+----------------+----------|
| Model                     | [174241, 256], [2, 399837] | [174241, 33]   | 152,483  |
| ├─(mlp)MLP                |                            | [174241, 128]  | 115,202  |
| │    └─(MLP)ModuleList    | --                         | --             | 115,202  |
| │    │    └─(0)Linear     | [174241, 256]              | [174241, 256]  | 65,792   |
| │    │    └─(1)PReLU      | [174241, 256]              | [174241, 256]  | 1        |
| │    │    └─(2)Linear     | [174241, 256]              | [174241, 128]  | 32,896   |
| │    │    └─(3)PReLU      | [174241, 128]              | [174241, 128]  | 1        |
| │    │    └─(4)Linear     | [174241, 128]              | [174241, 128]  | 16,512   |
| ├─(graph_layer)GraphLayer |                            | [174241, 33]   | 37,281   |
| │    └─(activation)SiLU   | [174241, 128]              | [174241, 128]  | --       |
| │    └─(layers)ModuleList | --                         | --             | 37,281   |
| │    │    └─(0)GCNConv    | [174241, 128], [2, 399837] | [174241, 128]  | 16,512   |
| │    │    └─(1)SiLU       | [174241, 128]              | [174241, 128]  | --       |
| │    │    └─(2)GCNConv    | [174241, 128], [2, 399837] | [174241, 128]  | 16,512   |
| │    │    └─(3)SiLU       | --                         | --             | --       |
| │    │    └─(4)GCNConv    | [174241, 128], [2, 399837] | [174241, 33]   | 4,257    |
+---------------------------+----------------------------+----------------+----------+

[AR-rollout] Модель выдаёт 1 шаг(ов), но мы прогоним 4 шагов авторегрессионно.
[static] Каналы [7, 8] — статика, carry-forward при AR
[forcing] Каналы [29, 30, 31, 32] — форсинг (из ground truth при AR)
[predict] device=cuda | grid=0x0 | 2000/1607 test samples
[Region] 2501 nodes (--region [50.0,60.0]N x [83.0,98.0]E)
[metrics] Исключены из aggregate метрик: каналы [7, 8, 29, 30, 31, 32] (static+forcing)
[metrics] per-sample MSE будут сохранены в /workdir/paper_results/lrdrop_krsk_roi_samples.npz
[Main] Инференс (2000 samples, DA=none)...
  [50/2000] RMSE=0.168973 ACC=0.9854
  [100/2000] RMSE=0.164502 ACC=0.9854
  [150/2000] RMSE=0.167566 ACC=0.9853
  [200/2000] RMSE=0.168130 ACC=0.9852
  [250/2000] RMSE=0.168619 ACC=0.9853
  [300/2000] RMSE=0.169007 ACC=0.9853
  [350/2000] RMSE=0.169603 ACC=0.9853
  [400/2000] RMSE=0.169675 ACC=0.9853
  [450/2000] RMSE=0.169904 ACC=0.9853
  [500/2000] RMSE=0.169548 ACC=0.9852
  [550/2000] RMSE=0.169488 ACC=0.9853
  [600/2000] RMSE=0.169648 ACC=0.9852
  [650/2000] RMSE=0.169673 ACC=0.9852
  [700/2000] RMSE=0.170056 ACC=0.9851
  [750/2000] RMSE=0.170568 ACC=0.9851
  [800/2000] RMSE=0.170431 ACC=0.9851
  [850/2000] RMSE=0.170626 ACC=0.9851
  [900/2000] RMSE=0.170731 ACC=0.9851
  [950/2000] RMSE=0.170805 ACC=0.9851
  [1000/2000] RMSE=0.170778 ACC=0.9851
  [1050/2000] RMSE=0.171021 ACC=0.9851
  [1100/2000] RMSE=0.171155 ACC=0.9851
  [1150/2000] RMSE=0.171204 ACC=0.9851
  [1200/2000] RMSE=0.171035 ACC=0.9851
  [1250/2000] RMSE=0.170741 ACC=0.9852
  [1300/2000] RMSE=0.170484 ACC=0.9852
  [1350/2000] RMSE=0.170162 ACC=0.9852
  [1400/2000] RMSE=0.170092 ACC=0.9852
  [1450/2000] RMSE=0.169885 ACC=0.9852
  [1500/2000] RMSE=0.169679 ACC=0.9853
  [1550/2000] RMSE=0.169415 ACC=0.9853
  [1600/2000] RMSE=0.169172 ACC=0.9853
[Save] per-sample metrics → /workdir/paper_results/lrdrop_krsk_roi_samples.npz (N=1607, AR=4, C=33)

============================================================
=== Inference summary (1607 samples) ===
Grid: 0x0 (G=133279) | C=33 | AR=4 horizons
Overall: MSE=0.028609 | RMSE=0.169141 | MAE=0.081282
Baseline: RMSE=0.548209 | MAE=0.281325
Skill: 69.15%
ACC: 0.9853 | base: 0.8500 | Δ=+0.1353

Per-horizon:
  +06h: RMSE=0.124628 | base=0.363277 | skill=65.69% | ACC=0.9922 (base 0.9343)
  +12h: RMSE=0.155785 | base=0.514900 | skill=69.74% | ACC=0.9877 (base 0.8677)
  +18h: RMSE=0.183651 | base=0.605222 | skill=69.66% | ACC=0.9827 (base 0.8171)
  +24h: RMSE=0.202252 | base=0.662380 | skill=69.47% | ACC=0.9787 (base 0.7808)

Per-horizon per-channel RMSE (physical units):
         var   unit      +6h     +12h     +18h     +24h
         t2m      K    0.79°C    0.93°C    0.99°C    1.06°C
         10u    m/s     0.71     0.85     0.95     1.05
         10v    m/s     0.71     0.85     0.96     1.06
         msl    hPa     0.60     0.75     0.89     1.02
       t@850      K    0.64°C    0.78°C    0.86°C    0.93°C
       u@850    m/s     1.08     1.29     1.44     1.59
       v@850    m/s     1.08     1.28     1.44     1.58
       z@850    gpm      4.3      5.3      6.3      7.3
       z@500    gpm      5.5      6.6      7.9      9.3

Per-channel metrics overall (physical units, avg over 4 horizons):
    #        var      ACC  RMSE_norm    RMSE_phys     unit
    0        t2m   0.9989     0.0449       0.9482        K  (≈0.95 °C)
    1        10u   0.9866     0.1614       0.8980      m/s
    2        10v   0.9814     0.1902       0.9069      m/s
    3        msl   0.9981     0.0615       0.8318      hPa
    4         tp   0.8612     0.5121       0.0010        m
    5         sp   1.0000     0.0101       0.9643      hPa
    6       tcwv   0.9964     0.0843       1.4021    kg/m²
    7     z_surf   0.9998     0.0000       0.0000      gpm
    8        lsm   1.0000     0.0000       0.0000        -
    9      t@850   0.9986     0.0523       0.8114        K  (≈0.81 °C)
   10      u@850   0.9862     0.1653       1.3622      m/s
   11      v@850   0.9763     0.2165       1.3588      m/s
   12      z@850   0.9993     0.0389       5.9265      gpm
   13      q@850   0.9882     0.1525       0.0006    kg/kg
   14      t@500   0.9989     0.0461       0.6020        K  (≈0.60 °C)
   15      u@500   0.9885     0.1504       1.8089      m/s
   16      v@500   0.9801     0.1983       1.8260      m/s
   17      z@500   0.9998     0.0216       7.4472      gpm
   18      q@500   0.9731     0.2327       0.0003    kg/kg
   19      z@250   0.9998     0.0186      10.5645      gpm
   20      t@250   0.9964     0.0850       0.7363        K  (≈0.74 °C)
   21      u@250   0.9911     0.1327       2.3977      m/s
   22      v@250   0.9839     0.1782       2.3951      m/s
   23      q@250   0.9574     0.2937       0.0000    kg/kg
   24     z@1000   0.9984     0.0566       6.3069      gpm
   25     t@1000   0.9987     0.0505       0.8543        K  (≈0.85 °C)
   26     u@1000   0.9868     0.1600       0.9862      m/s
   27     v@1000   0.9818     0.1883       1.0008      m/s
   28     q@1000   0.9977     0.0678       0.0004    kg/kg
   29   sin_hour   0.2155     0.0000       0.0000        ?
   30   cos_hour   0.2155     0.0000       0.0000        ?
   31    sin_doy   0.1761     0.0000       0.0000        ?
   32    cos_doy   0.1927     0.0000       0.0000        ?

--- Region [50.0,60.0]N x [83.0,98.0]E (2501 nodes) ---
RMSE=0.110800 | base=0.421000 | skill=73.68%
ACC=0.9154 | base=0.5746

  Per-horizon (region):
    +06h: RMSE=0.092527 | base=0.268288 | skill=65.51% | ACC=0.9358 (base 0.7685)
    +12h: RMSE=0.106446 | base=0.392209 | skill=72.86% | ACC=0.9187 (base 0.5945)
    +18h: RMSE=0.116135 | base=0.466936 | skill=75.13% | ACC=0.9082 (base 0.4955)
    +24h: RMSE=0.125408 | base=0.514906 | skill=75.64% | ACC=0.8988 (base 0.4398)

  Per-horizon per-channel RMSE — REGION (2501 nodes):
           var   unit      +6h     +12h     +18h     +24h
           t2m      K    1.31°C    1.52°C    1.57°C    1.63°C
           10u    m/s     0.59     0.67     0.70     0.73
           10v    m/s     0.57     0.65     0.68     0.70
           msl    hPa     0.68     0.85     0.99     1.11
         t@850      K    0.74°C    0.89°C    0.97°C    1.03°C
         u@850    m/s     1.23     1.42     1.55     1.65
         v@850    m/s     1.13     1.27     1.37     1.46
         z@850    gpm      4.0      5.1      6.2      7.2
         z@500    gpm      5.2      6.6      8.0      9.3

  Per-channel region (physical units, avg over 4 horizons):
      #        var      ACC  RMSE_norm    RMSE_phys     unit
      0        t2m   0.9381     0.0716       1.5119        K  (≈1.51 °C)
      1        10u   0.8972     0.1215       0.6758      m/s
      2        10v   0.8738     0.1372       0.6542      m/s
      3        msl   0.9737     0.0681       0.9213      hPa
      4         tp   0.5451     0.1052       0.0002        m
      5         sp   0.9999     0.0109       1.0416      hPa
      6       tcwv   0.9529     0.0573       0.9542    kg/m²
      7     z_surf   1.0000     0.0000       0.0000      gpm
      8        lsm   1.0000     0.0000       0.0000        -
      9      t@850   0.9529     0.0591       0.9164        K  (≈0.92 °C)
     10      u@850   0.9396     0.1788       1.4739      m/s
     11      v@850   0.9091     0.2093       1.3139      m/s
     12      z@850   0.9850     0.0378       5.7553      gpm
     13      q@850   0.8704     0.0988       0.0004    kg/kg
     14      t@500   0.9609     0.0446       0.5814        K  (≈0.58 °C)
     15      u@500   0.9404     0.1504       1.8085      m/s
     16      v@500   0.9442     0.1916       1.7645      m/s
     17      z@500   0.9921     0.0216       7.4458      gpm
     18      q@500   0.8795     0.1412       0.0002    kg/kg
     19      z@250   0.9913     0.0195      11.0619      gpm
     20      t@250   0.9170     0.0896       0.7757        K  (≈0.78 °C)
     21      u@250   0.9518     0.1323       2.3915      m/s
     22      v@250   0.9541     0.1747       2.3481      m/s
     23      q@250   0.7617     0.0798       0.0000    kg/kg
     24     z@1000   0.9775     0.0614       6.8442      gpm
     25     t@1000   0.9464     0.0665       1.1251        K  (≈1.13 °C)
     26     u@1000   0.8899     0.1058       0.6520      m/s
     27     v@1000   0.8756     0.1159       0.6161      m/s
     28     q@1000   0.8954     0.0768       0.0005    kg/kg
     29   sin_hour   0.0155     0.0000       0.0000        ?
     30   cos_hour   0.0155     0.0000       0.0000        ?
     31    sin_doy   0.0066     0.0000       0.0000        ?
     32    cos_doy   0.0067     0.0000       0.0000        ?
============================================================
