Loaded 100 predictions: grid=512×256, C=19, P=4
Global: 2010-01-01–2021-12-31  lon=[0.00..359.30]  lat=[-89.65..89.65]
Region: 2010-01-01–2020-12-31  lon=[83.00..98.00]  lat=[50.00..60.00]  grid=61×41=2501
Temporal offset: global starts 0 steps after regional
Regional data loaded: (16072, 61, 41, 19)

======================================================================
Interpolating 100 global samples → 61×41 regional grid
======================================================================

Matched samples: 100/100

  +06h: RMSE=0.849701 | base=0.488123 | skill=-74.08% | MAE=0.193176 | ACC=0.7172
     0:      t2m  RMSE=0.0269 base=0.0563 skill=+52.3% ACC=0.9539
     1:      10u  RMSE=0.3398 base=0.8567 skill=+60.3% ACC=0.9574
     2:      10v  RMSE=0.3626 base=0.7167 skill=+49.4% ACC=0.9396
     3:      msl  RMSE=0.0052 base=0.0221 skill=+76.6% ACC=0.9961
     4:       tp  RMSE=3.6288 base=0.8960 skill=-305.0% ACC=0.7410
     5:       sp  RMSE=0.0228 base=0.0067 skill=-237.9% ACC=0.9867
     6:     tcwv  RMSE=0.0799 base=0.2552 skill=+68.7% ACC=0.9821
     7:   z_surf  RMSE=0.1750 base=0.0000 skill=-17496833557581.1% ACC=0.9871
        ⚠️  СТАТИЧЕСКИЙ канал z_surf даёт RMSE=0.1750 при эталоне 0.0000 — развёртка узлов рассогласована, метрикам этого прогона верить нельзя
     8:      lsm  RMSE=0.0562 base=0.0000 skill=-5621157855508.0% ACC=0.8677
        ⚠️  СТАТИЧЕСКИЙ канал lsm даёт RMSE=0.0562 при эталоне 0.0000 — развёртка узлов рассогласована, метрикам этого прогона верить нельзя
     9:    t@850  RMSE=0.0155 base=0.0440 skill=+64.7% ACC=0.9894
    10:    u@850  RMSE=0.2579 base=0.5893 skill=+56.2% ACC=0.9757
    11:    v@850  RMSE=0.3091 base=0.8797 skill=+64.9% ACC=0.9691
    12:    z@850  RMSE=0.0100 base=0.0468 skill=+78.6% ACC=0.9979
    13:    q@850  RMSE=0.1033 base=0.2612 skill=+60.5% ACC=0.9506
    14:    t@500  RMSE=0.0094 base=0.0387 skill=+75.8% ACC=0.9936
    15:    u@500  RMSE=0.1703 base=0.5160 skill=+67.0% ACC=0.9722
    16:    v@500  RMSE=0.1815 base=0.7787 skill=+76.7% ACC=0.9922
    17:    z@500  RMSE=0.0033 base=0.0168 skill=+80.2% ACC=0.9985
    18:    q@500  RMSE=0.1609 base=0.5831 skill=+72.4% ACC=0.9643

  +12h: RMSE=0.784402 | base=0.668290 | skill=-17.37% | MAE=0.202597 | ACC=0.7342
     0:      t2m  RMSE=0.0329 base=0.0736 skill=+55.3% ACC=0.9309
     1:      10u  RMSE=0.3951 base=1.2232 skill=+67.7% ACC=0.9430
     2:      10v  RMSE=0.4189 base=1.0313 skill=+59.4% ACC=0.9222
     3:      msl  RMSE=0.0078 base=0.0386 skill=+79.9% ACC=0.9916
     4:       tp  RMSE=3.3016 base=1.0166 skill=-224.8% ACC=0.7130
     5:       sp  RMSE=0.0231 base=0.0119 skill=-94.4% ACC=0.9865
     6:     tcwv  RMSE=0.1044 base=0.3746 skill=+72.1% ACC=0.9693
     7:   z_surf  RMSE=0.1764 base=0.0000 skill=-17638247762255.5% ACC=0.9871
        ⚠️  СТАТИЧЕСКИЙ канал z_surf даёт RMSE=0.1764 при эталоне 0.0000 — развёртка узлов рассогласована, метрикам этого прогона верить нельзя
     8:      lsm  RMSE=0.0578 base=0.0000 skill=-5784146620098.3% ACC=0.8590
        ⚠️  СТАТИЧЕСКИЙ канал lsm даёт RMSE=0.0578 при эталоне 0.0000 — развёртка узлов рассогласована, метрикам этого прогона верить нельзя
     9:    t@850  RMSE=0.0197 base=0.0728 skill=+73.0% ACC=0.9836
    10:    u@850  RMSE=0.3074 base=0.8465 skill=+63.7% ACC=0.9662
    11:    v@850  RMSE=0.3812 base=1.2476 skill=+69.4% ACC=0.9553
    12:    z@850  RMSE=0.0165 base=0.0823 skill=+80.0% ACC=0.9946
    13:    q@850  RMSE=0.1287 base=0.3546 skill=+63.7% ACC=0.9228
    14:    t@500  RMSE=0.0124 base=0.0615 skill=+79.8% ACC=0.9888
    15:    u@500  RMSE=0.2292 base=0.7184 skill=+68.1% ACC=0.9522
    16:    v@500  RMSE=0.2401 base=1.1291 skill=+78.7% ACC=0.9867
    17:    z@500  RMSE=0.0056 base=0.0298 skill=+81.2% ACC=0.9960
    18:    q@500  RMSE=0.2088 base=0.7338 skill=+71.5% ACC=0.9396

  +18h: RMSE=0.776255 | base=0.755025 | skill=-2.81% | MAE=0.217295 | ACC=0.7282
     0:      t2m  RMSE=0.0362 base=0.0762 skill=+52.5% ACC=0.9163
     1:      10u  RMSE=0.4445 base=1.3698 skill=+67.5% ACC=0.9277
     2:      10v  RMSE=0.4697 base=1.1986 skill=+60.8% ACC=0.9049
     3:      msl  RMSE=0.0105 base=0.0496 skill=+78.8% ACC=0.9844
     4:       tp  RMSE=3.2238 base=1.0728 skill=-200.5% ACC=0.6705
     5:       sp  RMSE=0.0235 base=0.0153 skill=-54.2% ACC=0.9863
     6:     tcwv  RMSE=0.1270 base=0.4431 skill=+71.3% ACC=0.9550
     7:   z_surf  RMSE=0.1790 base=0.0000 skill=-17902393008832.5% ACC=0.9870
        ⚠️  СТАТИЧЕСКИЙ канал z_surf даёт RMSE=0.1790 при эталоне 0.0000 — развёртка узлов рассогласована, метрикам этого прогона верить нельзя
     8:      lsm  RMSE=0.0599 base=0.0000 skill=-5993020851316.9% ACC=0.8477
        ⚠️  СТАТИЧЕСКИЙ канал lsm даёт RMSE=0.0599 при эталоне 0.0000 — развёртка узлов рассогласована, метрикам этого прогона верить нельзя
     9:    t@850  RMSE=0.0230 base=0.0940 skill=+75.6% ACC=0.9785
    10:    u@850  RMSE=0.3586 base=0.9611 skill=+62.7% ACC=0.9561
    11:    v@850  RMSE=0.4458 base=1.4271 skill=+68.8% ACC=0.9419
    12:    z@850  RMSE=0.0240 base=0.1056 skill=+77.3% ACC=0.9880
    13:    q@850  RMSE=0.1521 base=0.4079 skill=+62.7% ACC=0.8935
    14:    t@500  RMSE=0.0150 base=0.0768 skill=+80.5% ACC=0.9839
    15:    u@500  RMSE=0.2792 base=0.7997 skill=+65.1% ACC=0.9317
    16:    v@500  RMSE=0.2943 base=1.3162 skill=+77.6% ACC=0.9799
    17:    z@500  RMSE=0.0082 base=0.0395 skill=+79.2% ACC=0.9916
    18:    q@500  RMSE=0.2595 base=0.7980 skill=+67.5% ACC=0.9069

  +24h: RMSE=0.775838 | base=0.784317 | skill=1.08% | MAE=0.233764 | ACC=0.7178
     0:      t2m  RMSE=0.0394 base=0.0719 skill=+45.2% ACC=0.9020
     1:      10u  RMSE=0.4929 base=1.3481 skill=+63.4% ACC=0.9098
     2:      10v  RMSE=0.5311 base=1.2607 skill=+57.9% ACC=0.8817
     3:      msl  RMSE=0.0135 base=0.0566 skill=+76.2% ACC=0.9735
     4:       tp  RMSE=3.1691 base=1.0850 skill=-192.1% ACC=0.6200
     5:       sp  RMSE=0.0240 base=0.0174 skill=-37.9% ACC=0.9859
     6:     tcwv  RMSE=0.1499 base=0.4872 skill=+69.2% ACC=0.9384
     7:   z_surf  RMSE=0.1815 base=0.0000 skill=-18146023419313.0% ACC=0.9869
        ⚠️  СТАТИЧЕСКИЙ канал z_surf даёт RMSE=0.1815 при эталоне 0.0000 — развёртка узлов рассогласована, метрикам этого прогона верить нельзя
     8:      lsm  RMSE=0.0617 base=0.0000 skill=-6171415196340.2% ACC=0.8385
        ⚠️  СТАТИЧЕСКИЙ канал lsm даёт RMSE=0.0617 при эталоне 0.0000 — развёртка узлов рассогласована, метрикам этого прогона верить нельзя
     9:    t@850  RMSE=0.0263 base=0.1116 skill=+76.5% ACC=0.9730
    10:    u@850  RMSE=0.4141 base=0.9933 skill=+58.3% ACC=0.9420
    11:    v@850  RMSE=0.5188 base=1.4697 skill=+64.7% ACC=0.9233
    12:    z@850  RMSE=0.0324 base=0.1202 skill=+73.1% ACC=0.9770
    13:    q@850  RMSE=0.1752 base=0.4419 skill=+60.3% ACC=0.8620
    14:    t@500  RMSE=0.0179 base=0.0870 skill=+79.4% ACC=0.9772
    15:    u@500  RMSE=0.3282 base=0.8458 skill=+61.2% ACC=0.9085
    16:    v@500  RMSE=0.3559 base=1.4427 skill=+75.3% ACC=0.9701
    17:    z@500  RMSE=0.0112 base=0.0473 skill=+76.2% ACC=0.9845
    18:    q@500  RMSE=0.3146 base=0.8261 skill=+61.9% ACC=0.8625

======================================================================
Overall (100×4 horizons × 2501 nodes × 19 ch):
  RMSE=0.797147 | base=0.683757 | skill=-16.58% | ACC=0.7238
======================================================================
