### PROVENANCE ###############################################
# tag: a_chw_bg_long_oi10 | started: 2026-08-27T08:25:39+00:00 | host: k8smr-macos-build--graphcast-v3-878647223-task-0
# git commit: f34f05c | gpu: NVIDIA H100 80GB HBM3
# dataset: /data/datasets/multires_krsk_33f
# ckpt md5: 73b5cd394adc2ebef88d97437857cbc2 (эпоха 29)
# COMMAND:
#   python -u scripts/predict.py experiments/multires_krsk_33f_chw --data-dir /data/datasets/multires_krsk_33f --ckpt /data/paper_heavy/krsk_chw_bg_assim.pth --per-channel --no-save --save-sample-metrics /workdir/paper_results/a_chw_bg_long_oi10_samples.npz --split test_only --ar-steps 56 --max-samples 200 --region 50 60 83 98 --assim-method oi --obs-sparsity 0.1 --obs-roi-only --obs-seed 42 --oi-corr-len 100000 --oi-sigma-o 0.5 --assim-metrics-background
##############################################################

[predict] data_dir=/data/datasets/multires_krsk_33f (chunked=True, pred_steps=56)
[ChunkDataset] склеиваем data.npy (19ch) + data_extra.npy (14ch) → 33ch
[ChunkDataset] train: 12812 samples, flat_nodes=133279, feat=33, obs=2, pred=56
[ChunkDataset] склеиваем data.npy (19ch) + data_extra.npy (14ch) → 33ch
[ChunkDataset] val: 1601 samples, flat_nodes=133279, feat=33, obs=2, pred=56
[ChunkDataset] склеиваем data.npy (19ch) + data_extra.npy (14ch) → 33ch
[ChunkDataset] test_only: 1602 samples, flat_nodes=133279, feat=33, obs=2, pred=56
[graph] уровни меша [4, 6], признаки рёбер: legacy
[processor] InteractionNet: 12 шагов, агрегация 'mean'
Encoder summary: 
+---------------------------+----------------------------+----------------+----------+
| Layer                     | Input Shape                | Output Shape   | #Param   |
|---------------------------+----------------------------+----------------+----------|
| Model                     | [174241, 72], [2, 207099]  | [174241, 256]  | 348,162  |
| ├─(mlp)MLP                |                            | [174241, 256]  | 150,786  |
| │    └─(MLP)ModuleList    | --                         | --             | 150,786  |
| │    │    └─(0)Linear     | [174241, 72]               | [174241, 256]  | 18,688   |
| │    │    └─(1)PReLU      | [174241, 256]              | [174241, 256]  | 1        |
| │    │    └─(2)Linear     | [174241, 256]              | [174241, 256]  | 65,792   |
| │    │    └─(3)PReLU      | [174241, 256]              | [174241, 256]  | 1        |
| │    │    └─(4)Linear     | [174241, 256]              | [174241, 256]  | 65,792   |
| │    │    └─(5)LayerNorm  | [174241, 256]              | [174241, 256]  | 512      |
| ├─(graph_layer)GraphLayer |                            | [174241, 256]  | 197,376  |
| │    └─(activation)SiLU   | [174241, 256]              | [174241, 256]  | --       |
| │    └─(layers)ModuleList | --                         | --             | 197,376  |
| │    │    └─(0)GCNConv    | [174241, 256], [2, 207099] | [174241, 256]  | 65,792   |
| │    │    └─(1)SiLU       | [174241, 256]              | [174241, 256]  | --       |
| │    │    └─(2)GCNConv    | [174241, 256], [2, 207099] | [174241, 256]  | 65,792   |
| │    │    └─(3)SiLU       | --                         | --             | --       |
| │    │    └─(4)GCNConv    | [174241, 256], [2, 207099] | [174241, 256]  | 65,792   |
+---------------------------+----------------------------+----------------+----------+

Processor summary: 
  (summary skipped: Expected all tensors to be on the same device, but found at least two devices, cuda:0 and cpu! (when checking argument for argument mat1 in method wrapper_CUDA_addmm))

Decoder summary: 
+---------------------------+----------------------------+----------------+----------+
| Layer                     | Input Shape                | Output Shape   | #Param   |
|---------------------------+----------------------------+----------------+----------|
| Model                     | [174241, 256], [2, 399837] | [174241, 33]   | 152,483  |
| ├─(mlp)MLP                |                            | [174241, 128]  | 115,202  |
| │    └─(MLP)ModuleList    | --                         | --             | 115,202  |
| │    │    └─(0)Linear     | [174241, 256]              | [174241, 256]  | 65,792   |
| │    │    └─(1)PReLU      | [174241, 256]              | [174241, 256]  | 1        |
| │    │    └─(2)Linear     | [174241, 256]              | [174241, 128]  | 32,896   |
| │    │    └─(3)PReLU      | [174241, 128]              | [174241, 128]  | 1        |
| │    │    └─(4)Linear     | [174241, 128]              | [174241, 128]  | 16,512   |
| ├─(graph_layer)GraphLayer |                            | [174241, 33]   | 37,281   |
| │    └─(activation)SiLU   | [174241, 128]              | [174241, 128]  | --       |
| │    └─(layers)ModuleList | --                         | --             | 37,281   |
| │    │    └─(0)GCNConv    | [174241, 128], [2, 399837] | [174241, 128]  | 16,512   |
| │    │    └─(1)SiLU       | [174241, 128]              | [174241, 128]  | --       |
| │    │    └─(2)GCNConv    | [174241, 128], [2, 399837] | [174241, 128]  | 16,512   |
| │    │    └─(3)SiLU       | --                         | --             | --       |
| │    │    └─(4)GCNConv    | [174241, 128], [2, 399837] | [174241, 33]   | 4,257    |
+---------------------------+----------------------------+----------------+----------+

[AR-rollout] Модель выдаёт 1 шаг(ов), но мы прогоним 56 шагов авторегрессионно.
[static] Каналы [7, 8] — статика, carry-forward при AR
[forcing] Каналы [29, 30, 31, 32] — форсинг (из ground truth при AR)
[predict] device=cuda | grid=0x0 | 200/1602 test samples
[Region] 2501 nodes (--region [50.0,60.0]N x [83.0,98.0]E)
[OI] ROI mode: B matrix 2501×2501 (25 MB)
[Inline-obs] 250 станций (10.0% от 2501 узлов, seed=42)
[metrics] Исключены из aggregate метрик: каналы [7, 8, 29, 30, 31, 32] (static+forcing)
[metrics] per-sample MSE будут сохранены в /workdir/paper_results/a_chw_bg_long_oi10_samples.npz
[assim] Residual-модель: ОИ применяется пошагово в AR-цикле
[Main] Инференс (200 samples, DA=oi)...
  [50/200] RMSE=0.610010 ACC=0.8006
  [100/200] RMSE=0.600077 ACC=0.8013
  [150/200] RMSE=0.595158 ACC=0.8047
  [200/200] RMSE=0.595227 ACC=0.8068
[Save] per-sample metrics → /workdir/paper_results/a_chw_bg_long_oi10_samples.npz (N=200, AR=56, C=33)

============================================================
=== Inference summary (200 samples) ===
Grid: 0x0 (G=133279) | C=33 | AR=56 horizons
Overall: MSE=0.354295 | RMSE=0.595227 | MAE=0.313474
Baseline: RMSE=0.831300 | MAE=0.488264
Skill: 28.40%
ACC: 0.8068 | base: 0.6345 | Δ=+0.1723

Per-horizon:
  +06h: RMSE=0.124066 | base=0.353267 | skill=64.88% | ACC=0.9919 (base 0.9355)
  +12h: RMSE=0.155389 | base=0.501430 | skill=69.01% | ACC=0.9873 (base 0.8690)
  +18h: RMSE=0.183011 | base=0.592491 | skill=69.11% | ACC=0.9822 (base 0.8160)
  +24h: RMSE=0.201175 | base=0.651720 | skill=69.13% | ACC=0.9783 (base 0.7767)
  +30h: RMSE=0.216396 | base=0.700992 | skill=69.13% | ACC=0.9747 (base 0.7411)
  +36h: RMSE=0.231007 | base=0.734049 | skill=68.53% | ACC=0.9711 (base 0.7157)
  +42h: RMSE=0.245849 | base=0.756769 | skill=67.51% | ACC=0.9671 (base 0.6975)
  +48h: RMSE=0.260711 | base=0.770750 | skill=66.17% | ACC=0.9630 (base 0.6861)
  +54h: RMSE=0.276193 | base=0.786815 | skill=64.90% | ACC=0.9583 (base 0.6726)
  +60h: RMSE=0.292384 | base=0.797070 | skill=63.32% | ACC=0.9532 (base 0.6639)
  +66h: RMSE=0.309070 | base=0.803549 | skill=61.54% | ACC=0.9477 (base 0.6581)
  +72h: RMSE=0.326288 | base=0.805774 | skill=59.51% | ACC=0.9416 (base 0.6561)
  +78h: RMSE=0.344097 | base=0.811859 | skill=57.62% | ACC=0.9350 (base 0.6506)
  +84h: RMSE=0.362236 | base=0.814022 | skill=55.50% | ACC=0.9279 (base 0.6487)
  +90h: RMSE=0.380771 | base=0.814287 | skill=53.24% | ACC=0.9203 (base 0.6483)
  +96h: RMSE=0.399587 | base=0.813067 | skill=50.85% | ACC=0.9122 (base 0.6494)
  +102h: RMSE=0.418671 | base=0.819458 | skill=48.91% | ACC=0.9036 (base 0.6438)
  +108h: RMSE=0.437637 | base=0.826220 | skill=47.03% | ACC=0.8946 (base 0.6380)
  +114h: RMSE=0.456297 | base=0.833532 | skill=45.26% | ACC=0.8854 (base 0.6315)
  +120h: RMSE=0.474517 | base=0.838668 | skill=43.42% | ACC=0.8761 (base 0.6271)
  +126h: RMSE=0.492282 | base=0.848178 | skill=41.96% | ACC=0.8667 (base 0.6185)
  +132h: RMSE=0.509850 | base=0.853947 | skill=40.29% | ACC=0.8570 (base 0.6134)
  +138h: RMSE=0.527313 | base=0.857172 | skill=38.48% | ACC=0.8471 (base 0.6104)
  +144h: RMSE=0.544323 | base=0.857010 | skill=36.49% | ACC=0.8370 (base 0.6107)
  +150h: RMSE=0.560612 | base=0.860816 | skill=34.87% | ACC=0.8271 (base 0.6071)
  +156h: RMSE=0.576517 | base=0.861687 | skill=33.09% | ACC=0.8172 (base 0.6064)
  +162h: RMSE=0.592367 | base=0.861030 | skill=31.20% | ACC=0.8071 (base 0.6070)
  +168h: RMSE=0.608135 | base=0.858442 | skill=29.16% | ACC=0.7968 (base 0.6095)
  +174h: RMSE=0.623296 | base=0.861150 | skill=27.62% | ACC=0.7868 (base 0.6070)
  +180h: RMSE=0.637850 | base=0.862006 | skill=26.00% | ACC=0.7770 (base 0.6064)
  +186h: RMSE=0.651596 | base=0.862110 | skill=24.42% | ACC=0.7675 (base 0.6063)
  +192h: RMSE=0.664275 | base=0.860414 | skill=22.80% | ACC=0.7586 (base 0.6081)
  +198h: RMSE=0.676102 | base=0.864198 | skill=21.77% | ACC=0.7501 (base 0.6047)
  +204h: RMSE=0.687103 | base=0.866006 | skill=20.66% | ACC=0.7421 (base 0.6032)
  +210h: RMSE=0.697342 | base=0.866899 | skill=19.56% | ACC=0.7345 (base 0.6025)
  +216h: RMSE=0.706816 | base=0.865905 | skill=18.37% | ACC=0.7273 (base 0.6036)
  +222h: RMSE=0.715670 | base=0.870217 | skill=17.76% | ACC=0.7206 (base 0.5996)
  +228h: RMSE=0.724047 | base=0.872731 | skill=17.04% | ACC=0.7142 (base 0.5975)
  +234h: RMSE=0.731819 | base=0.874726 | skill=16.34% | ACC=0.7082 (base 0.5958)
  +240h: RMSE=0.738975 | base=0.874987 | skill=15.54% | ACC=0.7027 (base 0.5957)
  +246h: RMSE=0.745538 | base=0.880083 | skill=15.29% | ACC=0.6975 (base 0.5910)
  +252h: RMSE=0.751491 | base=0.882676 | skill=14.86% | ACC=0.6929 (base 0.5888)
  +258h: RMSE=0.756930 | base=0.883826 | skill=14.36% | ACC=0.6886 (base 0.5877)
  +264h: RMSE=0.761518 | base=0.882353 | skill=13.69% | ACC=0.6850 (base 0.5892)
  +270h: RMSE=0.765322 | base=0.885103 | skill=13.53% | ACC=0.6819 (base 0.5865)
  +276h: RMSE=0.768654 | base=0.884968 | skill=13.14% | ACC=0.6792 (base 0.5866)
  +282h: RMSE=0.771977 | base=0.883161 | skill=12.59% | ACC=0.6765 (base 0.5882)
  +288h: RMSE=0.775387 | base=0.879355 | skill=11.82% | ACC=0.6737 (base 0.5917)
  +294h: RMSE=0.778574 | base=0.881746 | skill=11.70% | ACC=0.6710 (base 0.5893)
  +300h: RMSE=0.781788 | base=0.883536 | skill=11.52% | ACC=0.6683 (base 0.5876)
  +306h: RMSE=0.785631 | base=0.884933 | skill=11.22% | ACC=0.6650 (base 0.5862)
  +312h: RMSE=0.789178 | base=0.883943 | skill=10.72% | ACC=0.6620 (base 0.5871)
  +318h: RMSE=0.792284 | base=0.887324 | skill=10.71% | ACC=0.6593 (base 0.5838)
  +324h: RMSE=0.795105 | base=0.888451 | skill=10.51% | ACC=0.6568 (base 0.5828)
  +330h: RMSE=0.797811 | base=0.888550 | skill=10.21% | ACC=0.6546 (base 0.5827)
  +336h: RMSE=0.800564 | base=0.886160 | skill=9.66% | ACC=0.6525 (base 0.5851)

Per-horizon per-channel RMSE (physical units):
         var   unit      +6h     +12h     +18h     +24h     +30h     +36h     +42h     +48h     +54h     +60h     +66h     +72h     +78h     +84h     +90h     +96h    +102h    +108h    +114h    +120h    +126h    +132h    +138h    +144h    +150h    +156h    +162h    +168h    +174h    +180h    +186h    +192h    +198h    +204h    +210h    +216h    +222h    +228h    +234h    +240h    +246h    +252h    +258h    +264h    +270h    +276h    +282h    +288h    +294h    +300h    +306h    +312h    +318h    +324h    +330h    +336h
         t2m      K    0.74°C    0.89°C    0.96°C    1.03°C    1.12°C    1.19°C    1.25°C    1.30°C    1.37°C    1.44°C    1.50°C    1.57°C    1.64°C    1.72°C    1.80°C    1.89°C    1.97°C    2.06°C    2.15°C    2.24°C    2.32°C    2.41°C    2.50°C    2.58°C    2.67°C    2.75°C    2.84°C    2.92°C    3.01°C    3.09°C    3.17°C    3.25°C    3.33°C    3.40°C    3.47°C    3.53°C    3.60°C    3.66°C    3.71°C    3.77°C    3.82°C    3.86°C    3.90°C    3.94°C    3.98°C    4.01°C    4.04°C    4.07°C    4.10°C    4.12°C    4.14°C    4.16°C    4.19°C    4.21°C    4.23°C    4.24°C
         10u    m/s     0.71     0.85     0.96     1.05     1.15     1.26     1.37     1.49     1.61     1.73     1.87     2.00     2.14     2.29     2.44     2.59     2.73     2.88     3.02     3.16     3.29     3.42     3.54     3.66     3.77     3.88     3.99     4.09     4.18     4.28     4.37     4.46     4.55     4.63     4.70     4.77     4.83     4.89     4.94     4.98     5.02     5.04     5.07     5.10     5.12     5.14     5.16     5.18     5.20     5.22     5.24     5.26     5.28     5.29     5.30     5.31
         10v    m/s     0.72     0.86     0.97     1.07     1.17     1.28     1.39     1.50     1.62     1.75     1.88     2.02     2.17     2.32     2.47     2.63     2.78     2.94     3.09     3.23     3.37     3.50     3.63     3.76     3.87     3.98     4.09     4.19     4.30     4.40     4.50     4.59     4.67     4.74     4.81     4.86     4.91     4.96     5.01     5.05     5.08     5.12     5.15     5.18     5.19     5.21     5.22     5.24     5.27     5.29     5.31     5.34     5.36     5.38     5.39     5.41
         msl    hPa     0.55     0.68     0.82     0.94     1.08     1.23     1.39     1.56     1.74     1.95     2.17     2.40     2.66     2.93     3.21     3.51     3.82     4.13     4.44     4.75     5.04     5.34     5.64     5.93     6.22     6.50     6.79     7.08     7.37     7.65     7.91     8.16     8.39     8.62     8.83     9.02     9.21     9.38     9.54     9.66     9.77     9.87     9.95    10.03    10.10    10.18    10.26    10.35    10.43    10.50    10.56    10.62    10.67    10.71    10.76    10.79
       t@850      K    0.59°C    0.72°C    0.80°C    0.87°C    0.94°C    1.00°C    1.07°C    1.13°C    1.21°C    1.29°C    1.37°C    1.46°C    1.56°C    1.66°C    1.76°C    1.87°C    1.98°C    2.09°C    2.21°C    2.32°C    2.44°C    2.56°C    2.67°C    2.79°C    2.91°C    3.03°C    3.15°C    3.28°C    3.40°C    3.51°C    3.61°C    3.71°C    3.80°C    3.88°C    3.96°C    4.03°C    4.10°C    4.17°C    4.24°C    4.31°C    4.36°C    4.42°C    4.46°C    4.51°C    4.54°C    4.57°C    4.61°C    4.63°C    4.65°C    4.68°C    4.71°C    4.74°C    4.77°C    4.81°C    4.83°C    4.85°C
       u@850    m/s     1.08     1.28     1.44     1.58     1.72     1.87     2.02     2.18     2.35     2.52     2.71     2.90     3.09     3.29     3.50     3.71     3.92     4.13     4.33     4.53     4.72     4.91     5.09     5.26     5.42     5.58     5.74     5.89     6.04     6.18     6.32     6.45     6.57     6.70     6.81     6.91     7.00     7.09     7.17     7.23     7.29     7.34     7.38     7.43     7.46     7.49     7.52     7.56     7.58     7.60     7.64     7.67     7.70     7.72     7.73     7.75
       v@850    m/s     1.09     1.29     1.45     1.58     1.72     1.87     2.02     2.18     2.34     2.52     2.70     2.90     3.10     3.31     3.53     3.74     3.96     4.18     4.39     4.60     4.79     4.97     5.15     5.32     5.49     5.64     5.79     5.93     6.08     6.22     6.35     6.47     6.57     6.67     6.76     6.85     6.93     7.00     7.07     7.14     7.20     7.25     7.29     7.33     7.36     7.38     7.39     7.42     7.44     7.48     7.52     7.55     7.58     7.60     7.63     7.67
       z@850    gpm      3.8      4.7      5.7      6.7      7.8      8.9     10.2     11.5     13.0     14.5     16.2     18.0     19.9     22.0     24.1     26.4     28.7     31.1     33.4     35.8     38.1     40.4     42.7     45.0     47.3     49.5     51.7     54.0     56.2     58.3     60.3     62.2     64.0     65.7     67.3     68.8     70.3     71.7     72.9     74.0     74.9     75.6     76.3     76.9     77.5     78.1     78.7     79.3     79.9     80.5     81.1     81.6     82.1     82.4     82.9     83.2
       z@500    gpm      4.5      5.7      7.1      8.4      9.9     11.6     13.3     15.2     17.2     19.4     21.7     24.2     26.8     29.6     32.5     35.6     38.7     41.9     45.2     48.4     51.7     55.1     58.5     62.0     65.4     68.8     72.1     75.5     78.6     81.7     84.4     87.0     89.4     91.7     93.9     96.1     98.3    100.4    102.4    104.1    105.6    106.9    108.0    108.9    109.7    110.4    111.0    111.7    112.3    113.0    113.8    114.6    115.3    116.1    116.8    117.5

Per-channel metrics overall (physical units, avg over 56 horizons):
    #        var      ACC  RMSE_norm    RMSE_phys     unit
    0        t2m   0.9881     0.1426       3.0141        K  (≈3.01 °C)
    1        10u   0.7177     0.7121       3.9625      m/s
    2        10v   0.5972     0.8461       4.0346      m/s
    3        msl   0.8205     0.5457       7.3859      hPa
    4         tp   0.3922     1.0414       0.0021        m
    5         sp   0.9968     0.0782       7.4568      hPa
    6       tcwv   0.9483     0.3226       5.3667    kg/m²
    7     z_surf   0.9998     0.0000       0.0000      gpm
    8        lsm   1.0000     0.0000       0.0000        -
    9      t@850   0.9728     0.2175       3.3723        K  (≈3.37 °C)
   10      u@850   0.7421     0.6975       5.7496      m/s
   11      v@850   0.5456     0.9100       5.7117      m/s
   12      z@850   0.9111     0.3705      56.4808      gpm
   13      q@850   0.9217     0.3966       0.0016    kg/kg
   14      t@500   0.9709     0.2449       3.1954        K  (≈3.20 °C)
   15      u@500   0.7661     0.6835       8.2200      m/s
   16      v@500   0.5526     0.9206       8.4765      m/s
   17      z@500   0.9708     0.2297      79.1574      gpm
   18      q@500   0.7810     0.6301       0.0007    kg/kg
   19      z@250   0.9823     0.1839     104.4553      gpm
   20      t@250   0.9136     0.3759       3.2555        K  (≈3.26 °C)
   21      u@250   0.8029     0.6317      11.4179      m/s
   22      v@250   0.5806     0.9071      12.1951      m/s
   23      q@250   0.8020     0.6137       0.0000    kg/kg
   24     z@1000   0.8291     0.5207      58.0080      gpm
   25     t@1000   0.9840     0.1745       2.9536        K  (≈2.95 °C)
   26     u@1000   0.7198     0.7119       4.3877      m/s
   27     v@1000   0.5940     0.8525       4.5306      m/s
   28     q@1000   0.9802     0.2014       0.0012    kg/kg
   29   sin_hour   0.2155     0.0000       0.0000        ?
   30   cos_hour   0.2155     0.0000       0.0000        ?
   31    sin_doy   0.0812     0.0000       0.0000        ?
   32    cos_doy   0.2285     0.0000       0.0000        ?

--- Region [50.0,60.0]N x [83.0,98.0]E (2501 nodes) ---
RMSE=0.303316 | base=0.663002 | skill=54.25%
ACC=0.7584 | base=0.3366

  Per-horizon (region):
    +06h: RMSE=0.073080 | base=0.251263 | skill=70.92% | ACC=0.9525 (base 0.8078)
    +12h: RMSE=0.081226 | base=0.377203 | skill=78.47% | ACC=0.9442 (base 0.6451)
    +18h: RMSE=0.086795 | base=0.460143 | skill=81.14% | ACC=0.9391 (base 0.5407)
    +24h: RMSE=0.091739 | base=0.517356 | skill=82.27% | ACC=0.9351 (base 0.4779)
    +30h: RMSE=0.097362 | base=0.560485 | skill=82.63% | ACC=0.9305 (base 0.4330)
    +36h: RMSE=0.102636 | base=0.594986 | skill=82.75% | ACC=0.9261 (base 0.3996)
    +42h: RMSE=0.108889 | base=0.623375 | skill=82.53% | ACC=0.9213 (base 0.3731)
    +48h: RMSE=0.116264 | base=0.646586 | skill=82.02% | ACC=0.9159 (base 0.3491)
    +54h: RMSE=0.124884 | base=0.668853 | skill=81.33% | ACC=0.9101 (base 0.3195)
    +60h: RMSE=0.133196 | base=0.683858 | skill=80.52% | ACC=0.9041 (base 0.2964)
    +66h: RMSE=0.143237 | base=0.695377 | skill=79.40% | ACC=0.8975 (base 0.2839)
    +72h: RMSE=0.153093 | base=0.702140 | skill=78.20% | ACC=0.8909 (base 0.2799)
    +78h: RMSE=0.161905 | base=0.707096 | skill=77.10% | ACC=0.8834 (base 0.2789)
    +84h: RMSE=0.168324 | base=0.709482 | skill=76.28% | ACC=0.8770 (base 0.2810)
    +90h: RMSE=0.176651 | base=0.710787 | skill=75.15% | ACC=0.8696 (base 0.2832)
    +96h: RMSE=0.185822 | base=0.710183 | skill=73.83% | ACC=0.8603 (base 0.2859)
    +102h: RMSE=0.199706 | base=0.706347 | skill=71.73% | ACC=0.8497 (base 0.2948)
    +108h: RMSE=0.213907 | base=0.699409 | skill=69.42% | ACC=0.8388 (base 0.3125)
    +114h: RMSE=0.228033 | base=0.694635 | skill=67.17% | ACC=0.8270 (base 0.3316)
    +120h: RMSE=0.240254 | base=0.690937 | skill=65.23% | ACC=0.8124 (base 0.3424)
    +126h: RMSE=0.251495 | base=0.692337 | skill=63.67% | ACC=0.8004 (base 0.3326)
    +132h: RMSE=0.260152 | base=0.692908 | skill=62.46% | ACC=0.7880 (base 0.3189)
    +138h: RMSE=0.271819 | base=0.690994 | skill=60.66% | ACC=0.7759 (base 0.3103)
    +144h: RMSE=0.284392 | base=0.687156 | skill=58.61% | ACC=0.7659 (base 0.3048)
    +150h: RMSE=0.295209 | base=0.682097 | skill=56.72% | ACC=0.7582 (base 0.2981)
    +156h: RMSE=0.303671 | base=0.671256 | skill=54.76% | ACC=0.7496 (base 0.3030)
    +162h: RMSE=0.309691 | base=0.657541 | skill=52.90% | ACC=0.7423 (base 0.3147)
    +168h: RMSE=0.316055 | base=0.644121 | skill=50.93% | ACC=0.7349 (base 0.3287)
    +174h: RMSE=0.321917 | base=0.638126 | skill=49.55% | ACC=0.7282 (base 0.3345)
    +180h: RMSE=0.326647 | base=0.638114 | skill=48.81% | ACC=0.7243 (base 0.3336)
    +186h: RMSE=0.328682 | base=0.644373 | skill=48.99% | ACC=0.7262 (base 0.3299)
    +192h: RMSE=0.330727 | base=0.649721 | skill=49.10% | ACC=0.7228 (base 0.3264)
    +198h: RMSE=0.332887 | base=0.652601 | skill=48.99% | ACC=0.7132 (base 0.3222)
    +204h: RMSE=0.339541 | base=0.649834 | skill=47.75% | ACC=0.7024 (base 0.3262)
    +210h: RMSE=0.343936 | base=0.644826 | skill=46.66% | ACC=0.6940 (base 0.3351)
    +216h: RMSE=0.345451 | base=0.641761 | skill=46.17% | ACC=0.6904 (base 0.3404)
    +222h: RMSE=0.349327 | base=0.644661 | skill=45.81% | ACC=0.6835 (base 0.3398)
    +228h: RMSE=0.358655 | base=0.651040 | skill=44.91% | ACC=0.6796 (base 0.3329)
    +234h: RMSE=0.364043 | base=0.661963 | skill=45.01% | ACC=0.6759 (base 0.3203)
    +240h: RMSE=0.376336 | base=0.671395 | skill=43.95% | ACC=0.6655 (base 0.3153)
    +246h: RMSE=0.385474 | base=0.681015 | skill=43.40% | ACC=0.6557 (base 0.3089)
    +252h: RMSE=0.392604 | base=0.690167 | skill=43.11% | ACC=0.6474 (base 0.3042)
    +258h: RMSE=0.403141 | base=0.698155 | skill=42.26% | ACC=0.6407 (base 0.3005)
    +264h: RMSE=0.406250 | base=0.703011 | skill=42.21% | ACC=0.6352 (base 0.2972)
    +270h: RMSE=0.405926 | base=0.706980 | skill=42.58% | ACC=0.6341 (base 0.2900)
    +276h: RMSE=0.409409 | base=0.707588 | skill=42.14% | ACC=0.6319 (base 0.2898)
    +282h: RMSE=0.407993 | base=0.706284 | skill=42.23% | ACC=0.6296 (base 0.2949)
    +288h: RMSE=0.408642 | base=0.703027 | skill=41.87% | ACC=0.6295 (base 0.3052)
    +294h: RMSE=0.408272 | base=0.702634 | skill=41.89% | ACC=0.6283 (base 0.3097)
    +300h: RMSE=0.405589 | base=0.704405 | skill=42.42% | ACC=0.6293 (base 0.3080)
    +306h: RMSE=0.402977 | base=0.707758 | skill=43.06% | ACC=0.6275 (base 0.2997)
    +312h: RMSE=0.400779 | base=0.708848 | skill=43.46% | ACC=0.6211 (base 0.2903)
    +318h: RMSE=0.402445 | base=0.708842 | skill=43.23% | ACC=0.6160 (base 0.2821)
    +324h: RMSE=0.409073 | base=0.705357 | skill=42.00% | ACC=0.6139 (base 0.2833)
    +330h: RMSE=0.406428 | base=0.698722 | skill=41.83% | ACC=0.6142 (base 0.2961)
    +336h: RMSE=0.404812 | base=0.692018 | skill=41.50% | ACC=0.6101 (base 0.3062)

  Per-horizon per-channel RMSE — REGION (2501 nodes):
           var   unit      +6h     +12h     +18h     +24h     +30h     +36h     +42h     +48h     +54h     +60h     +66h     +72h     +78h     +84h     +90h     +96h    +102h    +108h    +114h    +120h    +126h    +132h    +138h    +144h    +150h    +156h    +162h    +168h    +174h    +180h    +186h    +192h    +198h    +204h    +210h    +216h    +222h    +228h    +234h    +240h    +246h    +252h    +258h    +264h    +270h    +276h    +282h    +288h    +294h    +300h    +306h    +312h    +318h    +324h    +330h    +336h
           t2m      K    1.24°C    1.35°C    1.40°C    1.43°C    1.48°C    1.52°C    1.54°C    1.57°C    1.60°C    1.63°C    1.65°C    1.67°C    1.70°C    1.74°C    1.77°C    1.78°C    1.81°C    1.86°C    1.90°C    1.93°C    1.97°C    2.03°C    2.08°C    2.13°C    2.17°C    2.17°C    2.18°C    2.20°C    2.19°C    2.23°C    2.26°C    2.28°C    2.34°C    2.40°C    2.45°C    2.47°C    2.49°C    2.50°C    2.52°C    2.56°C    2.60°C    2.65°C    2.70°C    2.76°C    2.81°C    2.85°C    2.88°C    2.93°C    2.99°C    3.02°C    3.05°C    3.06°C    3.06°C    3.09°C    3.11°C    3.10°C
           10u    m/s     0.44     0.50     0.53     0.55     0.58     0.60     0.63     0.65     0.68     0.70     0.73     0.76     0.78     0.79     0.81     0.84     0.88     0.93     0.96     0.99     1.01     1.03     1.05     1.09     1.13     1.16     1.19     1.21     1.21     1.23     1.23     1.21     1.23     1.26     1.30     1.35     1.40     1.42     1.40     1.40     1.39     1.44     1.46     1.47     1.47     1.47     1.47     1.47     1.48     1.49     1.49     1.48     1.48     1.47     1.47     1.49
           10v    m/s     0.43     0.49     0.52     0.54     0.57     0.60     0.62     0.64     0.67     0.70     0.73     0.76     0.79     0.82     0.84     0.88     0.93     0.97     1.01     1.05     1.10     1.15     1.21     1.24     1.25     1.26     1.28     1.29     1.29     1.31     1.30     1.31     1.34     1.38     1.40     1.41     1.43     1.44     1.46     1.51     1.53     1.53     1.53     1.53     1.54     1.55     1.56     1.57     1.58     1.57     1.55     1.56     1.57     1.59     1.59     1.62
           msl    hPa     0.65     0.75     0.85     0.94     1.03     1.12     1.21     1.31     1.41     1.52     1.63     1.75     1.85     1.93     2.02     2.15     2.32     2.50     2.61     2.73     2.86     3.04     3.22     3.38     3.52     3.68     3.82     3.97     4.13     4.29     4.44     4.54     4.65     4.77     4.87     4.91     4.98     5.01     4.98     5.03     5.11     5.17     5.18     5.26     5.27     5.31     5.33     5.43     5.58     5.59     5.55     5.52     5.58     5.60     5.50     5.45
         t@850      K    0.66°C    0.77°C    0.83°C    0.87°C    0.91°C    0.94°C    0.97°C    1.00°C    1.03°C    1.07°C    1.11°C    1.16°C    1.20°C    1.23°C    1.27°C    1.30°C    1.38°C    1.46°C    1.50°C    1.57°C    1.62°C    1.70°C    1.77°C    1.82°C    1.88°C    1.94°C    2.00°C    2.05°C    2.07°C    2.10°C    2.09°C    2.08°C    2.14°C    2.21°C    2.27°C    2.37°C    2.44°C    2.50°C    2.51°C    2.53°C    2.58°C    2.64°C    2.67°C    2.74°C    2.79°C    2.80°C    2.79°C    2.81°C    2.81°C    2.80°C    2.77°C    2.82°C    2.88°C    2.90°C    2.89°C    2.93°C
         u@850    m/s     1.07     1.19     1.27     1.33     1.39     1.45     1.51     1.59     1.68     1.76     1.87     1.98     2.05     2.10     2.17     2.28     2.42     2.58     2.69     2.78     2.84     2.97     3.16     3.35     3.46     3.57     3.71     3.80     3.84     3.90     3.86     3.77     3.80     3.94     4.07     4.25     4.36     4.37     4.29     4.20     4.23     4.31     4.37     4.34     4.24     4.21     4.24     4.29     4.30     4.32     4.31     4.26     4.25     4.27     4.26     4.27
         v@850    m/s     0.97     1.07     1.15     1.21     1.27     1.34     1.43     1.51     1.62     1.72     1.84     1.95     2.05     2.11     2.21     2.34     2.52     2.66     2.77     2.93     3.11     3.21     3.34     3.49     3.60     3.67     3.72     3.77     3.86     3.93     3.97     4.07     4.17     4.23     4.22     4.20     4.27     4.34     4.49     4.72     4.81     4.77     4.87     4.96     4.99     5.05     5.05     5.13     5.06     4.97     4.92     4.95     4.97     4.88     4.77     4.86
         z@850    gpm      3.3      3.9      4.6      5.2      5.9      6.6      7.3      8.2      8.9      9.8     10.7     11.6     12.3     12.9     13.6     14.6     15.8     17.0     18.0     18.9     20.0     21.3     22.5     23.5     24.6     25.9     27.2     28.4     29.8     31.0     32.0     33.0     33.8     34.8     35.5     35.8     36.4     37.0     37.3     37.9     38.5     39.0     39.1     39.6     39.6     39.9     40.0     40.7     41.7     41.8     41.8     41.4     41.4     41.3     40.4     39.9
         z@500    gpm      4.3      5.2      6.0      6.8      7.7      8.5      9.3     10.4     11.4     12.6     13.8     14.9     15.8     16.5     17.4     18.9     20.2     21.8     23.6     25.5     27.4     29.4     30.8     32.7     34.7     36.8     38.9     40.5     41.9     42.9     43.2     43.7     44.9     46.1     47.4     48.8     50.6     52.7     53.9     54.8     55.7     57.0     58.2     59.3     59.9     60.8     60.5     60.3     60.3     60.3     60.2     60.0     59.9     60.3     59.9     59.3

  Per-channel region (physical units, avg over 56 horizons):
      #        var      ACC  RMSE_norm    RMSE_phys     unit
      0        t2m   0.9186     0.1086       2.2949        K  (≈2.29 °C)
      1        10u   0.7699     0.2087       1.1615      m/s
      2        10v   0.6780     0.2586       1.2333      m/s
      3        msl   0.8614     0.2946       3.9879      hPa
      4         tp   0.3905     0.0736       0.0001        m
      5         sp   0.9993     0.0399       3.8049      hPa
      6       tcwv   0.8474     0.0614       1.0211    kg/m²
      7     z_surf   1.0000     0.0000       0.0000      gpm
      8        lsm   1.0000     0.0000       0.0000        -
      9      t@850   0.8463     0.1337       2.0727        K  (≈2.07 °C)
     10      u@850   0.8563     0.4152       3.4228      m/s
     11      v@850   0.6806     0.5927       3.7205      m/s
     12      z@850   0.9127     0.1918      29.2315      gpm
     13      q@850   0.7784     0.0789       0.0003    kg/kg
     14      t@500   0.7875     0.1442       1.8818        K  (≈1.88 °C)
     15      u@500   0.7027     0.4588       5.5178      m/s
     16      v@500   0.6433     0.6978       6.4251      m/s
     17      z@500   0.8958     0.1213      41.7914      gpm
     18      q@500   0.6190     0.1038       0.0001    kg/kg
     19      z@250   0.8747     0.0969      55.0264      gpm
     20      t@250   0.6056     0.2156       1.8672        K  (≈1.87 °C)
     21      u@250   0.6853     0.4376       7.9088      m/s
     22      v@250   0.6098     0.7089       9.5302      m/s
     23      q@250   0.4166     0.0494       0.0000    kg/kg
     24     z@1000   0.8724     0.2707      30.1582      gpm
     25     t@1000   0.9234     0.1200       2.0317        K  (≈2.03 °C)
     26     u@1000   0.7491     0.1943       1.1977      m/s
     27     v@1000   0.6803     0.2376       1.2628      m/s
     28     q@1000   0.8725     0.0407       0.0002    kg/kg
     29   sin_hour   0.0155     0.0000       0.0000        ?
     30   cos_hour   0.0155     0.0000       0.0000        ?
     31    sin_doy   0.0021     0.0000       0.0000        ?
     32    cos_doy   0.0094     0.0000       0.0000        ?
============================================================
