### PROVENANCE ###############################################
# tag: a_chw_bg_long_oi10_first4 | started: 2026-08-27T10:25:39+00:00 | host: k8smr-macos-build--graphcast-v3-878647223-task-0
# git commit: f34f05c | gpu: NVIDIA H100 80GB HBM3
# dataset: /data/datasets/multires_krsk_33f
# ckpt md5: 73b5cd394adc2ebef88d97437857cbc2 (эпоха 29)
# COMMAND:
#   python -u scripts/predict.py experiments/multires_krsk_33f_chw --data-dir /data/datasets/multires_krsk_33f --ckpt /data/paper_heavy/krsk_chw_bg_assim.pth --per-channel --no-save --save-sample-metrics /workdir/paper_results/a_chw_bg_long_oi10_first4_samples.npz --split test_only --ar-steps 56 --max-samples 200 --region 50 60 83 98 --assim-method oi --obs-sparsity 0.1 --obs-roi-only --obs-seed 42 --oi-corr-len 100000 --oi-sigma-o 0.5 --assim-metrics-background --oi-first-k 4
##############################################################

[predict] data_dir=/data/datasets/multires_krsk_33f (chunked=True, pred_steps=56)
[ChunkDataset] склеиваем data.npy (19ch) + data_extra.npy (14ch) → 33ch
[ChunkDataset] train: 12812 samples, flat_nodes=133279, feat=33, obs=2, pred=56
[ChunkDataset] склеиваем data.npy (19ch) + data_extra.npy (14ch) → 33ch
[ChunkDataset] val: 1601 samples, flat_nodes=133279, feat=33, obs=2, pred=56
[ChunkDataset] склеиваем data.npy (19ch) + data_extra.npy (14ch) → 33ch
[ChunkDataset] test_only: 1602 samples, flat_nodes=133279, feat=33, obs=2, pred=56
[graph] уровни меша [4, 6], признаки рёбер: legacy
[processor] InteractionNet: 12 шагов, агрегация 'mean'
Encoder summary: 
+---------------------------+----------------------------+----------------+----------+
| Layer                     | Input Shape                | Output Shape   | #Param   |
|---------------------------+----------------------------+----------------+----------|
| Model                     | [174241, 72], [2, 207099]  | [174241, 256]  | 348,162  |
| ├─(mlp)MLP                |                            | [174241, 256]  | 150,786  |
| │    └─(MLP)ModuleList    | --                         | --             | 150,786  |
| │    │    └─(0)Linear     | [174241, 72]               | [174241, 256]  | 18,688   |
| │    │    └─(1)PReLU      | [174241, 256]              | [174241, 256]  | 1        |
| │    │    └─(2)Linear     | [174241, 256]              | [174241, 256]  | 65,792   |
| │    │    └─(3)PReLU      | [174241, 256]              | [174241, 256]  | 1        |
| │    │    └─(4)Linear     | [174241, 256]              | [174241, 256]  | 65,792   |
| │    │    └─(5)LayerNorm  | [174241, 256]              | [174241, 256]  | 512      |
| ├─(graph_layer)GraphLayer |                            | [174241, 256]  | 197,376  |
| │    └─(activation)SiLU   | [174241, 256]              | [174241, 256]  | --       |
| │    └─(layers)ModuleList | --                         | --             | 197,376  |
| │    │    └─(0)GCNConv    | [174241, 256], [2, 207099] | [174241, 256]  | 65,792   |
| │    │    └─(1)SiLU       | [174241, 256]              | [174241, 256]  | --       |
| │    │    └─(2)GCNConv    | [174241, 256], [2, 207099] | [174241, 256]  | 65,792   |
| │    │    └─(3)SiLU       | --                         | --             | --       |
| │    │    └─(4)GCNConv    | [174241, 256], [2, 207099] | [174241, 256]  | 65,792   |
+---------------------------+----------------------------+----------------+----------+

Processor summary: 
  (summary skipped: Expected all tensors to be on the same device, but found at least two devices, cuda:0 and cpu! (when checking argument for argument mat1 in method wrapper_CUDA_addmm))

Decoder summary: 
+---------------------------+----------------------------+----------------+----------+
| Layer                     | Input Shape                | Output Shape   | #Param   |
|---------------------------+----------------------------+----------------+----------|
| Model                     | [174241, 256], [2, 399837] | [174241, 33]   | 152,483  |
| ├─(mlp)MLP                |                            | [174241, 128]  | 115,202  |
| │    └─(MLP)ModuleList    | --                         | --             | 115,202  |
| │    │    └─(0)Linear     | [174241, 256]              | [174241, 256]  | 65,792   |
| │    │    └─(1)PReLU      | [174241, 256]              | [174241, 256]  | 1        |
| │    │    └─(2)Linear     | [174241, 256]              | [174241, 128]  | 32,896   |
| │    │    └─(3)PReLU      | [174241, 128]              | [174241, 128]  | 1        |
| │    │    └─(4)Linear     | [174241, 128]              | [174241, 128]  | 16,512   |
| ├─(graph_layer)GraphLayer |                            | [174241, 33]   | 37,281   |
| │    └─(activation)SiLU   | [174241, 128]              | [174241, 128]  | --       |
| │    └─(layers)ModuleList | --                         | --             | 37,281   |
| │    │    └─(0)GCNConv    | [174241, 128], [2, 399837] | [174241, 128]  | 16,512   |
| │    │    └─(1)SiLU       | [174241, 128]              | [174241, 128]  | --       |
| │    │    └─(2)GCNConv    | [174241, 128], [2, 399837] | [174241, 128]  | 16,512   |
| │    │    └─(3)SiLU       | --                         | --             | --       |
| │    │    └─(4)GCNConv    | [174241, 128], [2, 399837] | [174241, 33]   | 4,257    |
+---------------------------+----------------------------+----------------+----------+

[AR-rollout] Модель выдаёт 1 шаг(ов), но мы прогоним 56 шагов авторегрессионно.
[static] Каналы [7, 8] — статика, carry-forward при AR
[forcing] Каналы [29, 30, 31, 32] — форсинг (из ground truth при AR)
[predict] device=cuda | grid=0x0 | 200/1602 test samples
[Region] 2501 nodes (--region [50.0,60.0]N x [83.0,98.0]E)
[OI] ROI mode: B matrix 2501×2501 (25 MB)
[Inline-obs] 250 станций (10.0% от 2501 узлов, seed=42)
[metrics] Исключены из aggregate метрик: каналы [7, 8, 29, 30, 31, 32] (static+forcing)
[metrics] per-sample MSE будут сохранены в /workdir/paper_results/a_chw_bg_long_oi10_first4_samples.npz
[assim] Residual-модель: ОИ применяется пошагово в AR-цикле (первые 4 шагов)
[Main] Инференс (200 samples, DA=oi)...
  [50/200] RMSE=0.617633 ACC=0.7961
  [100/200] RMSE=0.607139 ACC=0.7971
  [150/200] RMSE=0.603100 ACC=0.7999
  [200/200] RMSE=0.602654 ACC=0.8023
[Save] per-sample metrics → /workdir/paper_results/a_chw_bg_long_oi10_first4_samples.npz (N=200, AR=56, C=33)

============================================================
=== Inference summary (200 samples) ===
Grid: 0x0 (G=133279) | C=33 | AR=56 horizons
Overall: MSE=0.363192 | RMSE=0.602654 | MAE=0.318683
Baseline: RMSE=0.831300 | MAE=0.488264
Skill: 27.50%
ACC: 0.8023 | base: 0.6345 | Δ=+0.1678

Per-horizon:
  +06h: RMSE=0.124066 | base=0.353267 | skill=64.88% | ACC=0.9919 (base 0.9355)
  +12h: RMSE=0.155389 | base=0.501430 | skill=69.01% | ACC=0.9873 (base 0.8690)
  +18h: RMSE=0.183011 | base=0.592491 | skill=69.11% | ACC=0.9822 (base 0.8160)
  +24h: RMSE=0.201175 | base=0.651720 | skill=69.13% | ACC=0.9783 (base 0.7767)
  +30h: RMSE=0.216396 | base=0.700992 | skill=69.13% | ACC=0.9747 (base 0.7411)
  +36h: RMSE=0.231114 | base=0.734049 | skill=68.52% | ACC=0.9710 (base 0.7157)
  +42h: RMSE=0.246060 | base=0.756769 | skill=67.49% | ACC=0.9671 (base 0.6975)
  +48h: RMSE=0.261034 | base=0.770750 | skill=66.13% | ACC=0.9629 (base 0.6861)
  +54h: RMSE=0.276652 | base=0.786815 | skill=64.84% | ACC=0.9582 (base 0.6726)
  +60h: RMSE=0.293001 | base=0.797070 | skill=63.24% | ACC=0.9530 (base 0.6639)
  +66h: RMSE=0.309875 | base=0.803549 | skill=61.44% | ACC=0.9474 (base 0.6581)
  +72h: RMSE=0.327315 | base=0.805774 | skill=59.38% | ACC=0.9412 (base 0.6561)
  +78h: RMSE=0.345371 | base=0.811859 | skill=57.46% | ACC=0.9345 (base 0.6506)
  +84h: RMSE=0.363782 | base=0.814022 | skill=55.31% | ACC=0.9272 (base 0.6487)
  +90h: RMSE=0.382600 | base=0.814287 | skill=53.01% | ACC=0.9195 (base 0.6483)
  +96h: RMSE=0.401719 | base=0.813067 | skill=50.59% | ACC=0.9112 (base 0.6494)
  +102h: RMSE=0.421138 | base=0.819458 | skill=48.61% | ACC=0.9024 (base 0.6438)
  +108h: RMSE=0.440510 | base=0.826220 | skill=46.68% | ACC=0.8932 (base 0.6380)
  +114h: RMSE=0.459624 | base=0.833532 | skill=44.86% | ACC=0.8837 (base 0.6315)
  +120h: RMSE=0.478314 | base=0.838668 | skill=42.97% | ACC=0.8741 (base 0.6271)
  +126h: RMSE=0.496559 | base=0.848178 | skill=41.46% | ACC=0.8643 (base 0.6185)
  +132h: RMSE=0.514619 | base=0.853947 | skill=39.74% | ACC=0.8543 (base 0.6134)
  +138h: RMSE=0.532533 | base=0.857172 | skill=37.87% | ACC=0.8440 (base 0.6104)
  +144h: RMSE=0.549979 | base=0.857010 | skill=35.83% | ACC=0.8335 (base 0.6107)
  +150h: RMSE=0.566799 | base=0.860816 | skill=34.16% | ACC=0.8232 (base 0.6071)
  +156h: RMSE=0.583337 | base=0.861687 | skill=32.30% | ACC=0.8127 (base 0.6064)
  +162h: RMSE=0.599789 | base=0.861030 | skill=30.34% | ACC=0.8021 (base 0.6070)
  +168h: RMSE=0.616012 | base=0.858442 | skill=28.24% | ACC=0.7914 (base 0.6095)
  +174h: RMSE=0.631521 | base=0.861150 | skill=26.67% | ACC=0.7810 (base 0.6070)
  +180h: RMSE=0.646425 | base=0.862006 | skill=25.01% | ACC=0.7708 (base 0.6064)
  +186h: RMSE=0.660456 | base=0.862110 | skill=23.39% | ACC=0.7609 (base 0.6063)
  +192h: RMSE=0.673282 | base=0.860414 | skill=21.75% | ACC=0.7517 (base 0.6081)
  +198h: RMSE=0.685149 | base=0.864198 | skill=20.72% | ACC=0.7431 (base 0.6047)
  +204h: RMSE=0.696153 | base=0.866006 | skill=19.61% | ACC=0.7351 (base 0.6032)
  +210h: RMSE=0.706289 | base=0.866899 | skill=18.53% | ACC=0.7274 (base 0.6025)
  +216h: RMSE=0.715728 | base=0.865905 | skill=17.34% | ACC=0.7202 (base 0.6036)
  +222h: RMSE=0.724733 | base=0.870217 | skill=16.72% | ACC=0.7134 (base 0.5996)
  +228h: RMSE=0.733359 | base=0.872731 | skill=15.97% | ACC=0.7069 (base 0.5975)
  +234h: RMSE=0.741607 | base=0.874726 | skill=15.22% | ACC=0.7006 (base 0.5958)
  +240h: RMSE=0.749278 | base=0.874987 | skill=14.37% | ACC=0.6947 (base 0.5957)
  +246h: RMSE=0.756367 | base=0.880083 | skill=14.06% | ACC=0.6893 (base 0.5910)
  +252h: RMSE=0.762473 | base=0.882676 | skill=13.62% | ACC=0.6847 (base 0.5888)
  +258h: RMSE=0.767736 | base=0.883826 | skill=13.13% | ACC=0.6807 (base 0.5877)
  +264h: RMSE=0.772292 | base=0.882353 | skill=12.47% | ACC=0.6771 (base 0.5892)
  +270h: RMSE=0.776262 | base=0.885103 | skill=12.30% | ACC=0.6739 (base 0.5865)
  +276h: RMSE=0.779948 | base=0.884968 | skill=11.87% | ACC=0.6709 (base 0.5866)
  +282h: RMSE=0.783635 | base=0.883161 | skill=11.27% | ACC=0.6678 (base 0.5882)
  +288h: RMSE=0.787148 | base=0.879355 | skill=10.49% | ACC=0.6648 (base 0.5917)
  +294h: RMSE=0.790410 | base=0.881746 | skill=10.36% | ACC=0.6620 (base 0.5893)
  +300h: RMSE=0.793594 | base=0.883536 | skill=10.18% | ACC=0.6593 (base 0.5876)
  +306h: RMSE=0.797155 | base=0.884933 | skill=9.92% | ACC=0.6563 (base 0.5862)
  +312h: RMSE=0.800437 | base=0.883943 | skill=9.45% | ACC=0.6537 (base 0.5871)
  +318h: RMSE=0.803056 | base=0.887324 | skill=9.50% | ACC=0.6516 (base 0.5838)
  +324h: RMSE=0.805314 | base=0.888451 | skill=9.36% | ACC=0.6497 (base 0.5828)
  +330h: RMSE=0.807457 | base=0.888550 | skill=9.13% | ACC=0.6481 (base 0.5827)
  +336h: RMSE=0.809880 | base=0.886160 | skill=8.61% | ACC=0.6463 (base 0.5851)

Per-horizon per-channel RMSE (physical units):
         var   unit      +6h     +12h     +18h     +24h     +30h     +36h     +42h     +48h     +54h     +60h     +66h     +72h     +78h     +84h     +90h     +96h    +102h    +108h    +114h    +120h    +126h    +132h    +138h    +144h    +150h    +156h    +162h    +168h    +174h    +180h    +186h    +192h    +198h    +204h    +210h    +216h    +222h    +228h    +234h    +240h    +246h    +252h    +258h    +264h    +270h    +276h    +282h    +288h    +294h    +300h    +306h    +312h    +318h    +324h    +330h    +336h
         t2m      K    0.74°C    0.89°C    0.96°C    1.03°C    1.12°C    1.19°C    1.25°C    1.31°C    1.39°C    1.46°C    1.52°C    1.60°C    1.68°C    1.76°C    1.85°C    1.94°C    2.03°C    2.13°C    2.22°C    2.32°C    2.42°C    2.52°C    2.61°C    2.71°C    2.80°C    2.89°C    2.99°C    3.08°C    3.17°C    3.26°C    3.34°C    3.43°C    3.51°C    3.59°C    3.66°C    3.73°C    3.80°C    3.87°C    3.93°C    3.99°C    4.05°C    4.09°C    4.14°C    4.18°C    4.22°C    4.26°C    4.30°C    4.33°C    4.36°C    4.38°C    4.40°C    4.42°C    4.44°C    4.47°C    4.49°C    4.50°C
         10u    m/s     0.71     0.85     0.96     1.05     1.15     1.26     1.37     1.49     1.61     1.74     1.87     2.01     2.15     2.30     2.45     2.59     2.74     2.89     3.04     3.18     3.31     3.44     3.57     3.69     3.81     3.92     4.03     4.13     4.23     4.33     4.43     4.51     4.60     4.68     4.75     4.81     4.87     4.93     4.98     5.02     5.05     5.08     5.10     5.13     5.16     5.18     5.20     5.22     5.24     5.26     5.28     5.30     5.31     5.33     5.34     5.36
         10v    m/s     0.72     0.86     0.97     1.07     1.17     1.28     1.39     1.50     1.62     1.75     1.89     2.03     2.17     2.32     2.48     2.63     2.79     2.95     3.10     3.25     3.39     3.53     3.66     3.79     3.91     4.02     4.13     4.24     4.35     4.46     4.55     4.64     4.72     4.80     4.86     4.92     4.98     5.03     5.08     5.13     5.17     5.20     5.23     5.24     5.26     5.27     5.29     5.31     5.33     5.35     5.37     5.40     5.41     5.43     5.43     5.45
         msl    hPa     0.55     0.68     0.82     0.94     1.08     1.23     1.39     1.57     1.76     1.97     2.19     2.44     2.70     2.97     3.26     3.57     3.89     4.21     4.53     4.84     5.15     5.45     5.76     6.06     6.35     6.64     6.93     7.22     7.52     7.81     8.08     8.34     8.58     8.80     9.01     9.19     9.37     9.54     9.69     9.82     9.94    10.04    10.12    10.20    10.27    10.36    10.45    10.55    10.63    10.71    10.77    10.82    10.87    10.91    10.95    11.00
       t@850      K    0.59°C    0.72°C    0.80°C    0.87°C    0.94°C    1.00°C    1.07°C    1.14°C    1.21°C    1.30°C    1.38°C    1.48°C    1.58°C    1.68°C    1.79°C    1.90°C    2.01°C    2.13°C    2.25°C    2.37°C    2.49°C    2.62°C    2.74°C    2.87°C    2.99°C    3.12°C    3.24°C    3.37°C    3.49°C    3.61°C    3.71°C    3.81°C    3.89°C    3.98°C    4.06°C    4.14°C    4.22°C    4.30°C    4.38°C    4.44°C    4.51°C    4.56°C    4.61°C    4.65°C    4.69°C    4.73°C    4.76°C    4.78°C    4.81°C    4.83°C    4.86°C    4.90°C    4.94°C    4.97°C    4.99°C    5.02°C
       u@850    m/s     1.08     1.28     1.44     1.58     1.72     1.87     2.02     2.19     2.36     2.54     2.72     2.91     3.11     3.32     3.53     3.74     3.96     4.17     4.38     4.58     4.78     4.97     5.16     5.33     5.50     5.66     5.83     5.99     6.14     6.28     6.42     6.55     6.68     6.80     6.90     7.00     7.09     7.18     7.26     7.32     7.37     7.42     7.46     7.51     7.54     7.58     7.61     7.65     7.69     7.72     7.74     7.77     7.79     7.81     7.84     7.87
       v@850    m/s     1.09     1.29     1.45     1.58     1.72     1.87     2.02     2.18     2.35     2.52     2.71     2.91     3.12     3.33     3.55     3.77     3.99     4.21     4.43     4.64     4.83     5.02     5.20     5.38     5.55     5.71     5.86     6.02     6.17     6.31     6.44     6.56     6.66     6.76     6.86     6.94     7.03     7.10     7.18     7.25     7.31     7.37     7.40     7.44     7.46     7.49     7.52     7.54     7.56     7.59     7.63     7.66     7.68     7.69     7.70     7.71
       z@850    gpm      3.8      4.7      5.7      6.7      7.8      9.0     10.2     11.6     13.1     14.6     16.4     18.2     20.1     22.2     24.4     26.7     29.1     31.5     33.9     36.3     38.7     41.0     43.4     45.7     48.0     50.2     52.5     54.8     57.1     59.3     61.4     63.3     65.1     66.8     68.4     69.8     71.3     72.6     73.8     74.8     75.8     76.6     77.3     77.9     78.6     79.2     79.8     80.5     81.2     81.8     82.3     82.8     83.1     83.4     83.7     84.1
       z@500    gpm      4.5      5.7      7.1      8.4      9.9     11.6     13.4     15.3     17.3     19.6     21.9     24.5     27.2     30.1     33.0     36.1     39.3     42.6     46.0     49.3     52.7     56.1     59.7     63.2     66.7     70.2     73.6     77.0     80.3     83.4     86.3     88.9     91.3     93.7     95.9     98.0    100.2    102.3    104.3    106.1    107.8    109.2    110.4    111.5    112.4    113.2    113.8    114.4    114.9    115.5    116.1    116.6    117.2    117.7    118.3    118.8

Per-channel metrics overall (physical units, avg over 56 horizons):
    #        var      ACC  RMSE_norm    RMSE_phys     unit
    0        t2m   0.9867     0.1505       3.1802        K  (≈3.18 °C)
    1        10u   0.7136     0.7178       3.9942      m/s
    2        10v   0.5889     0.8553       4.0784      m/s
    3        msl   0.8134     0.5559       7.5243      hPa
    4         tp   0.3898     1.0440       0.0021        m
    5         sp   0.9967     0.0792       7.5578      hPa
    6       tcwv   0.9475     0.3249       5.4063    kg/m²
    7     z_surf   0.9998     0.0000       0.0000      gpm
    8        lsm   1.0000     0.0000       0.0000        -
    9      t@850   0.9711     0.2240       3.4722        K  (≈3.47 °C)
   10      u@850   0.7366     0.7064       5.8228      m/s
   11      v@850   0.5341     0.9217       5.7857      m/s
   12      z@850   0.9086     0.3758      57.2791      gpm
   13      q@850   0.9208     0.3988       0.0016    kg/kg
   14      t@500   0.9692     0.2513       3.2794        K  (≈3.28 °C)
   15      u@500   0.7584     0.6961       8.3713      m/s
   16      v@500   0.5356     0.9391       8.6470      m/s
   17      z@500   0.9696     0.2343      80.7364      gpm
   18      q@500   0.7799     0.6317       0.0007    kg/kg
   19      z@250   0.9815     0.1880     106.7715      gpm
   20      t@250   0.9113     0.3820       3.3083        K  (≈3.31 °C)
   21      u@250   0.7959     0.6440      11.6398      m/s
   22      v@250   0.5651     0.9255      12.4415      m/s
   23      q@250   0.8014     0.6148       0.0000    kg/kg
   24     z@1000   0.8229     0.5296      59.0079      gpm
   25     t@1000   0.9824     0.1831       3.0993        K  (≈3.10 °C)
   26     u@1000   0.7162     0.7171       4.4193      m/s
   27     v@1000   0.5851     0.8621       4.5819      m/s
   28     q@1000   0.9796     0.2041       0.0012    kg/kg
   29   sin_hour   0.2155     0.0000       0.0000        ?
   30   cos_hour   0.2155     0.0000       0.0000        ?
   31    sin_doy   0.0812     0.0000       0.0000        ?
   32    cos_doy   0.2285     0.0000       0.0000        ?

--- Region [50.0,60.0]N x [83.0,98.0]E (2501 nodes) ---
RMSE=0.471853 | base=0.663002 | skill=28.83%
ACC=0.5814 | base=0.3366

  Per-horizon (region):
    +06h: RMSE=0.073080 | base=0.251263 | skill=70.92% | ACC=0.9525 (base 0.8078)
    +12h: RMSE=0.081226 | base=0.377203 | skill=78.47% | ACC=0.9442 (base 0.6451)
    +18h: RMSE=0.086795 | base=0.460143 | skill=81.14% | ACC=0.9391 (base 0.5407)
    +24h: RMSE=0.091739 | base=0.517356 | skill=82.27% | ACC=0.9351 (base 0.4779)
    +30h: RMSE=0.097362 | base=0.560485 | skill=82.63% | ACC=0.9305 (base 0.4330)
    +36h: RMSE=0.113403 | base=0.594986 | skill=80.94% | ACC=0.9144 (base 0.3996)
    +42h: RMSE=0.128314 | base=0.623375 | skill=79.42% | ACC=0.9014 (base 0.3731)
    +48h: RMSE=0.143419 | base=0.646586 | skill=77.82% | ACC=0.8885 (base 0.3491)
    +54h: RMSE=0.160528 | base=0.668853 | skill=76.00% | ACC=0.8746 (base 0.3195)
    +60h: RMSE=0.177855 | base=0.683858 | skill=73.99% | ACC=0.8599 (base 0.2964)
    +66h: RMSE=0.197213 | base=0.695377 | skill=71.64% | ACC=0.8443 (base 0.2839)
    +72h: RMSE=0.216861 | base=0.702140 | skill=69.11% | ACC=0.8274 (base 0.2799)
    +78h: RMSE=0.234885 | base=0.707096 | skill=66.78% | ACC=0.8097 (base 0.2789)
    +84h: RMSE=0.250852 | base=0.709482 | skill=64.64% | ACC=0.7931 (base 0.2810)
    +90h: RMSE=0.267248 | base=0.710787 | skill=62.40% | ACC=0.7755 (base 0.2832)
    +96h: RMSE=0.284094 | base=0.710183 | skill=60.00% | ACC=0.7561 (base 0.2859)
    +102h: RMSE=0.304337 | base=0.706347 | skill=56.91% | ACC=0.7333 (base 0.2948)
    +108h: RMSE=0.325531 | base=0.699409 | skill=53.46% | ACC=0.7110 (base 0.3125)
    +114h: RMSE=0.347020 | base=0.694635 | skill=50.04% | ACC=0.6856 (base 0.3316)
    +120h: RMSE=0.366889 | base=0.690937 | skill=46.90% | ACC=0.6580 (base 0.3424)
    +126h: RMSE=0.385420 | base=0.692337 | skill=44.33% | ACC=0.6324 (base 0.3326)
    +132h: RMSE=0.402117 | base=0.692908 | skill=41.97% | ACC=0.6092 (base 0.3189)
    +138h: RMSE=0.417657 | base=0.690994 | skill=39.56% | ACC=0.5889 (base 0.3103)
    +144h: RMSE=0.432949 | base=0.687156 | skill=36.99% | ACC=0.5731 (base 0.3048)
    +150h: RMSE=0.450132 | base=0.682097 | skill=34.01% | ACC=0.5552 (base 0.2981)
    +156h: RMSE=0.467431 | base=0.671256 | skill=30.36% | ACC=0.5342 (base 0.3030)
    +162h: RMSE=0.481593 | base=0.657541 | skill=26.76% | ACC=0.5127 (base 0.3147)
    +168h: RMSE=0.494665 | base=0.644121 | skill=23.20% | ACC=0.4976 (base 0.3287)
    +174h: RMSE=0.507643 | base=0.638126 | skill=20.45% | ACC=0.4837 (base 0.3345)
    +180h: RMSE=0.519563 | base=0.638114 | skill=18.58% | ACC=0.4754 (base 0.3336)
    +186h: RMSE=0.527291 | base=0.644373 | skill=18.17% | ACC=0.4738 (base 0.3299)
    +192h: RMSE=0.529893 | base=0.649721 | skill=18.44% | ACC=0.4703 (base 0.3264)
    +198h: RMSE=0.532063 | base=0.652601 | skill=18.47% | ACC=0.4625 (base 0.3222)
    +204h: RMSE=0.538363 | base=0.649834 | skill=17.15% | ACC=0.4501 (base 0.3262)
    +210h: RMSE=0.544660 | base=0.644826 | skill=15.53% | ACC=0.4362 (base 0.3351)
    +216h: RMSE=0.549666 | base=0.641761 | skill=14.35% | ACC=0.4262 (base 0.3404)
    +222h: RMSE=0.553589 | base=0.644661 | skill=14.13% | ACC=0.4204 (base 0.3398)
    +228h: RMSE=0.559393 | base=0.651040 | skill=14.08% | ACC=0.4180 (base 0.3329)
    +234h: RMSE=0.566122 | base=0.661963 | skill=14.48% | ACC=0.4159 (base 0.3203)
    +240h: RMSE=0.580399 | base=0.671395 | skill=13.55% | ACC=0.4073 (base 0.3153)
    +246h: RMSE=0.597016 | base=0.681015 | skill=12.33% | ACC=0.3996 (base 0.3089)
    +252h: RMSE=0.605773 | base=0.690167 | skill=12.23% | ACC=0.3939 (base 0.3042)
    +258h: RMSE=0.613333 | base=0.698155 | skill=12.15% | ACC=0.3863 (base 0.3005)
    +264h: RMSE=0.621176 | base=0.703011 | skill=11.64% | ACC=0.3759 (base 0.2972)
    +270h: RMSE=0.629809 | base=0.706980 | skill=10.92% | ACC=0.3696 (base 0.2900)
    +276h: RMSE=0.640008 | base=0.707588 | skill=9.55% | ACC=0.3619 (base 0.2898)
    +282h: RMSE=0.646416 | base=0.706284 | skill=8.48% | ACC=0.3605 (base 0.2949)
    +288h: RMSE=0.649065 | base=0.703027 | skill=7.68% | ACC=0.3669 (base 0.3052)
    +294h: RMSE=0.650879 | base=0.702634 | skill=7.37% | ACC=0.3676 (base 0.3097)
    +300h: RMSE=0.652766 | base=0.704405 | skill=7.33% | ACC=0.3695 (base 0.3080)
    +306h: RMSE=0.647381 | base=0.707758 | skill=8.53% | ACC=0.3670 (base 0.2997)
    +312h: RMSE=0.636059 | base=0.708848 | skill=10.27% | ACC=0.3751 (base 0.2903)
    +318h: RMSE=0.629677 | base=0.708842 | skill=11.17% | ACC=0.3789 (base 0.2821)
    +324h: RMSE=0.629803 | base=0.705357 | skill=10.71% | ACC=0.3727 (base 0.2833)
    +330h: RMSE=0.632989 | base=0.698722 | skill=9.41% | ACC=0.3697 (base 0.2961)
    +336h: RMSE=0.640975 | base=0.692018 | skill=7.38% | ACC=0.3687 (base 0.3062)

  Per-horizon per-channel RMSE — REGION (2501 nodes):
           var   unit      +6h     +12h     +18h     +24h     +30h     +36h     +42h     +48h     +54h     +60h     +66h     +72h     +78h     +84h     +90h     +96h    +102h    +108h    +114h    +120h    +126h    +132h    +138h    +144h    +150h    +156h    +162h    +168h    +174h    +180h    +186h    +192h    +198h    +204h    +210h    +216h    +222h    +228h    +234h    +240h    +246h    +252h    +258h    +264h    +270h    +276h    +282h    +288h    +294h    +300h    +306h    +312h    +318h    +324h    +330h    +336h
           t2m      K    1.24°C    1.35°C    1.40°C    1.43°C    1.48°C    1.70°C    1.84°C    1.97°C    2.13°C    2.27°C    2.43°C    2.59°C    2.78°C    2.96°C    3.13°C    3.30°C    3.48°C    3.73°C    4.00°C    4.28°C    4.59°C    4.91°C    5.17°C    5.41°C    5.60°C    5.75°C    5.96°C    6.16°C    6.24°C    6.40°C    6.61°C    6.69°C    6.70°C    6.84°C    7.10°C    7.35°C    7.58°C    7.77°C    7.86°C    7.99°C    8.16°C    8.38°C    8.60°C    8.83°C    9.05°C    9.22°C    9.38°C    9.42°C    9.45°C    9.52°C    9.59°C    9.69°C    9.83°C    9.98°C   10.00°C   10.02°C
           10u    m/s     0.44     0.50     0.53     0.55     0.58     0.64     0.70     0.75     0.82     0.88     0.95     1.02     1.08     1.12     1.16     1.21     1.29     1.39     1.49     1.57     1.64     1.69     1.74     1.81     1.91     1.98     2.04     2.06     2.09     2.10     2.10     2.10     2.12     2.16     2.23     2.30     2.37     2.42     2.41     2.37     2.37     2.44     2.49     2.49     2.48     2.46     2.50     2.51     2.49     2.49     2.53     2.52     2.51     2.50     2.49     2.49
           10v    m/s     0.43     0.49     0.52     0.54     0.57     0.62     0.67     0.70     0.75     0.80     0.85     0.89     0.95     1.00     1.05     1.10     1.16     1.21     1.27     1.35     1.43     1.51     1.60     1.66     1.72     1.79     1.82     1.81     1.78     1.76     1.75     1.77     1.81     1.87     1.93     1.96     1.97     1.97     1.97     1.99     1.99     1.95     1.95     1.99     2.01     2.04     2.05     2.06     2.06     2.09     2.11     2.11     2.07     2.10     2.15     2.19
           msl    hPa     0.65     0.75     0.85     0.94     1.03     1.28     1.53     1.79     2.06     2.35     2.65     2.96     3.26     3.56     3.87     4.18     4.52     4.91     5.26     5.56     5.89     6.23     6.57     6.83     7.06     7.35     7.63     7.92     8.26     8.68     9.07     9.30     9.47     9.61     9.76     9.87     9.93     9.90     9.82     9.91    10.17    10.28    10.26    10.37    10.49    10.63    10.86    11.13    11.41    11.57    11.55    11.47    11.42    11.45    11.50    11.74
         t@850      K    0.66°C    0.77°C    0.83°C    0.87°C    0.91°C    1.04°C    1.14°C    1.22°C    1.32°C    1.44°C    1.57°C    1.73°C    1.88°C    2.03°C    2.17°C    2.30°C    2.46°C    2.66°C    2.84°C    3.03°C    3.21°C    3.42°C    3.66°C    3.89°C    4.11°C    4.30°C    4.47°C    4.61°C    4.73°C    4.82°C    4.77°C    4.60°C    4.51°C    4.56°C    4.68°C    4.86°C    5.13°C    5.43°C    5.64°C    5.73°C    5.86°C    6.08°C    6.30°C    6.50°C    6.66°C    6.75°C    6.73°C    6.66°C    6.52°C    6.36°C    6.29°C    6.38°C    6.43°C    6.47°C    6.53°C    6.62°C
         u@850    m/s     1.07     1.19     1.27     1.33     1.39     1.59     1.79     1.98     2.18     2.38     2.61     2.83     2.98     3.11     3.26     3.44     3.68     3.99     4.27     4.51     4.64     4.81     4.99     5.24     5.50     5.75     6.02     6.19     6.32     6.45     6.45     6.46     6.52     6.63     6.83     7.00     7.14     7.18     7.17     7.09     7.02     7.04     7.16     7.15     7.10     7.12     7.23     7.37     7.46     7.46     7.45     7.44     7.37     7.34     7.23     7.15
         v@850    m/s     0.97     1.07     1.15     1.21     1.27     1.41     1.58     1.73     1.89     2.05     2.23     2.40     2.57     2.71     2.87     3.05     3.24     3.37     3.51     3.67     3.85     3.95     4.03     4.20     4.39     4.57     4.64     4.68     4.71     4.73     4.69     4.68     4.69     4.76     4.82     4.87     4.92     5.04     5.19     5.44     5.52     5.53     5.60     5.77     5.91     6.00     6.01     5.99     5.80     5.73     5.76     5.67     5.50     5.53     5.70     5.89
         z@850    gpm      3.3      3.9      4.6      5.2      5.9      7.7      9.7     11.6     13.6     15.5     17.5     19.4     21.3     23.1     25.1     27.2     29.3     31.7     34.0     36.0     38.1     40.2     42.3     43.9     45.2     47.4     49.9     52.5     55.4     58.5     61.0     62.7     63.8     64.8     65.7     66.4     66.7     66.7     66.8     67.9     69.9     70.3     69.6     69.7     69.6     69.7     70.2     71.7     73.6     75.3     75.5     74.6     73.5     72.9     72.2     72.9
         z@500    gpm      4.3      5.2      6.0      6.8      7.7     10.2     12.9     15.6     18.8     21.9     25.1     28.3     30.8     33.1     35.5     38.2     41.2     45.0     49.3     53.4     57.2     61.6     66.4     70.8     74.5     78.6     83.6     88.4     92.9     96.1     97.7     98.6     99.3    100.2    102.0    104.6    108.3    112.8    116.4    118.3    120.1    121.4    122.5    123.7    124.4    124.7    123.9    122.6    121.9    122.7    124.1    124.1    123.0    123.1    122.6    120.9

  Per-channel region (physical units, avg over 56 horizons):
      #        var      ACC  RMSE_norm    RMSE_phys     unit
      0        t2m   0.7057     0.3086       6.5209        K  (≈6.52 °C)
      1        10u   0.5613     0.3449       1.9189      m/s
      2        10v   0.5428     0.3415       1.6284      m/s
      3        msl   0.6950     0.5932       8.0286      hPa
      4         tp   0.2635     0.0743       0.0001        m
      5         sp   0.9990     0.0748       7.1359      hPa
      6       tcwv   0.6538     0.1202       1.9991    kg/m²
      7     z_surf   1.0000     0.0000       0.0000      gpm
      8        lsm   1.0000     0.0000       0.0000        -
      9      t@850   0.6495     0.2928       4.5398        K  (≈4.54 °C)
     10      u@850   0.7055     0.6841       5.6394      m/s
     11      v@850   0.5329     0.6977       4.3793      m/s
     12      z@850   0.8643     0.3468      52.8668      gpm
     13      q@850   0.5043     0.1433       0.0006    kg/kg
     14      t@500   0.5687     0.3001       3.9154        K  (≈3.92 °C)
     15      u@500   0.4273     0.7801       9.3820      m/s
     16      v@500   0.4349     1.0089       9.2897      m/s
     17      z@500   0.8035     0.2548      87.7913      gpm
     18      q@500   0.3163     0.1641       0.0002    kg/kg
     19      z@250   0.7679     0.2119     120.3403      gpm
     20      t@250   0.3728     0.3871       3.3526        K  (≈3.35 °C)
     21      u@250   0.4288     0.7207      13.0271      m/s
     22      v@250   0.4155     1.0036      13.4924      m/s
     23      q@250   0.2134     0.0662       0.0000    kg/kg
     24     z@1000   0.7382     0.5247      58.4543      gpm
     25     t@1000   0.7880     0.3361       5.6899        K  (≈5.69 °C)
     26     u@1000   0.5597     0.3038       1.8723      m/s
     27     v@1000   0.5576     0.3111       1.6532      m/s
     28     q@1000   0.6287     0.1019       0.0006    kg/kg
     29   sin_hour   0.0155     0.0000       0.0000        ?
     30   cos_hour   0.0155     0.0000       0.0000        ?
     31    sin_doy   0.0021     0.0000       0.0000        ?
     32    cos_doy   0.0094     0.0000       0.0000        ?
============================================================
