[predict] data_dir=/data/datasets/multires_krsk_33f (chunked=True, pred_steps=20)
[ChunkDataset] склеиваем data.npy (19ch) + data_extra.npy (14ch) → 33ch
[ChunkDataset] train: 12840 samples, flat_nodes=133279, feat=33, obs=2, pred=20
[ChunkDataset] склеиваем data.npy (19ch) + data_extra.npy (14ch) → 33ch
[ChunkDataset] val: 1605 samples, flat_nodes=133279, feat=33, obs=2, pred=20
[ChunkDataset] склеиваем data.npy (19ch) + data_extra.npy (14ch) → 33ch
[ChunkDataset] test_only: 1606 samples, flat_nodes=133279, feat=33, obs=2, pred=20
[graph] уровни меша [4, 6], признаки рёбер: legacy
[processor] InteractionNet: 12 шагов, агрегация 'mean'
Encoder summary: 
+---------------------------+----------------------------+----------------+----------+
| Layer                     | Input Shape                | Output Shape   | #Param   |
|---------------------------+----------------------------+----------------+----------|
| Model                     | [174241, 72], [2, 207099]  | [174241, 256]  | 348,162  |
| ├─(mlp)MLP                |                            | [174241, 256]  | 150,786  |
| │    └─(MLP)ModuleList    | --                         | --             | 150,786  |
| │    │    └─(0)Linear     | [174241, 72]               | [174241, 256]  | 18,688   |
| │    │    └─(1)PReLU      | [174241, 256]              | [174241, 256]  | 1        |
| │    │    └─(2)Linear     | [174241, 256]              | [174241, 256]  | 65,792   |
| │    │    └─(3)PReLU      | [174241, 256]              | [174241, 256]  | 1        |
| │    │    └─(4)Linear     | [174241, 256]              | [174241, 256]  | 65,792   |
| │    │    └─(5)LayerNorm  | [174241, 256]              | [174241, 256]  | 512      |
| ├─(graph_layer)GraphLayer |                            | [174241, 256]  | 197,376  |
| │    └─(activation)SiLU   | [174241, 256]              | [174241, 256]  | --       |
| │    └─(layers)ModuleList | --                         | --             | 197,376  |
| │    │    └─(0)GCNConv    | [174241, 256], [2, 207099] | [174241, 256]  | 65,792   |
| │    │    └─(1)SiLU       | [174241, 256]              | [174241, 256]  | --       |
| │    │    └─(2)GCNConv    | [174241, 256], [2, 207099] | [174241, 256]  | 65,792   |
| │    │    └─(3)SiLU       | --                         | --             | --       |
| │    │    └─(4)GCNConv    | [174241, 256], [2, 207099] | [174241, 256]  | 65,792   |
+---------------------------+----------------------------+----------------+----------+

Processor summary: 
  (summary skipped: Expected all tensors to be on the same device, but found at least two devices, cuda:0 and cpu! (when checking argument for argument mat1 in method wrapper_CUDA_addmm))

Decoder summary: 
+---------------------------+----------------------------+----------------+----------+
| Layer                     | Input Shape                | Output Shape   | #Param   |
|---------------------------+----------------------------+----------------+----------|
| Model                     | [174241, 256], [2, 399837] | [174241, 33]   | 152,483  |
| ├─(mlp)MLP                |                            | [174241, 128]  | 115,202  |
| │    └─(MLP)ModuleList    | --                         | --             | 115,202  |
| │    │    └─(0)Linear     | [174241, 256]              | [174241, 256]  | 65,792   |
| │    │    └─(1)PReLU      | [174241, 256]              | [174241, 256]  | 1        |
| │    │    └─(2)Linear     | [174241, 256]              | [174241, 128]  | 32,896   |
| │    │    └─(3)PReLU      | [174241, 128]              | [174241, 128]  | 1        |
| │    │    └─(4)Linear     | [174241, 128]              | [174241, 128]  | 16,512   |
| ├─(graph_layer)GraphLayer |                            | [174241, 33]   | 37,281   |
| │    └─(activation)SiLU   | [174241, 128]              | [174241, 128]  | --       |
| │    └─(layers)ModuleList | --                         | --             | 37,281   |
| │    │    └─(0)GCNConv    | [174241, 128], [2, 399837] | [174241, 128]  | 16,512   |
| │    │    └─(1)SiLU       | [174241, 128]              | [174241, 128]  | --       |
| │    │    └─(2)GCNConv    | [174241, 128], [2, 399837] | [174241, 128]  | 16,512   |
| │    │    └─(3)SiLU       | --                         | --             | --       |
| │    │    └─(4)GCNConv    | [174241, 128], [2, 399837] | [174241, 33]   | 4,257    |
+---------------------------+----------------------------+----------------+----------+

[AR-rollout] Модель выдаёт 1 шаг(ов), но мы прогоним 20 шагов авторегрессионно.
[static] Каналы [7, 8] — статика, carry-forward при AR
[forcing] Каналы [29, 30, 31, 32] — форсинг (из ground truth при AR)
[predict] device=cuda | grid=0x0 | 500/1606 test samples
[Region] 2501 nodes (--region [50.0,60.0]N x [83.0,98.0]E)
[metrics] Исключены из aggregate метрик: каналы [7, 8, 29, 30, 31, 32] (static+forcing)
[metrics] per-sample MSE будут сохранены в /workdir/paper_results/krsk5d_chwb_samples.npz
[Main] Инференс (500 samples, DA=none)...
  [50/500] RMSE=0.333400 ACC=0.9414
  [100/500] RMSE=0.321237 ACC=0.9427
  [150/500] RMSE=0.324149 ACC=0.9425
  [200/500] RMSE=0.323795 ACC=0.9429
  [250/500] RMSE=0.324524 ACC=0.9432
  [300/500] RMSE=0.324774 ACC=0.9433
  [350/500] RMSE=0.326204 ACC=0.9434
  [400/500] RMSE=0.325761 ACC=0.9437
  [450/500] RMSE=0.327380 ACC=0.9432
  [500/500] RMSE=0.328430 ACC=0.9428
[Save] per-sample metrics → /workdir/paper_results/krsk5d_chwb_samples.npz (N=500, AR=20, C=33)

============================================================
=== Inference summary (500 samples) ===
Grid: 0x0 (G=133279) | C=33 | AR=20 horizons
Overall: MSE=0.107866 | RMSE=0.328430 | MAE=0.160027
Baseline: RMSE=0.764486 | MAE=0.433413
Skill: 57.04%
ACC: 0.9428 | base: 0.7038 | Δ=+0.2390

Per-horizon:
  +06h: RMSE=0.126249 | base=0.360278 | skill=64.96% | ACC=0.9919 (base 0.9350)
  +12h: RMSE=0.158159 | base=0.512375 | skill=69.13% | ACC=0.9873 (base 0.8677)
  +18h: RMSE=0.185840 | base=0.604349 | skill=69.25% | ACC=0.9822 (base 0.8152)
  +24h: RMSE=0.204546 | base=0.662609 | skill=69.13% | ACC=0.9782 (base 0.7775)
  +30h: RMSE=0.220369 | base=0.710823 | skill=69.00% | ACC=0.9746 (base 0.7437)
  +36h: RMSE=0.235569 | base=0.743130 | skill=68.30% | ACC=0.9708 (base 0.7199)
  +42h: RMSE=0.250914 | base=0.765574 | skill=67.23% | ACC=0.9668 (base 0.7026)
  +48h: RMSE=0.266551 | base=0.779594 | skill=65.81% | ACC=0.9624 (base 0.6917)
  +54h: RMSE=0.282793 | base=0.795698 | skill=64.46% | ACC=0.9576 (base 0.6789)
  +60h: RMSE=0.299526 | base=0.805789 | skill=62.83% | ACC=0.9524 (base 0.6708)
  +66h: RMSE=0.316820 | base=0.812383 | skill=61.00% | ACC=0.9467 (base 0.6653)
  +72h: RMSE=0.334530 | base=0.815372 | skill=58.97% | ACC=0.9405 (base 0.6629)
  +78h: RMSE=0.352669 | base=0.823792 | skill=57.19% | ACC=0.9338 (base 0.6560)
  +84h: RMSE=0.371137 | base=0.829550 | skill=55.26% | ACC=0.9267 (base 0.6513)
  +90h: RMSE=0.389975 | base=0.833842 | skill=53.23% | ACC=0.9190 (base 0.6477)
  +96h: RMSE=0.409142 | base=0.835420 | skill=51.03% | ACC=0.9108 (base 0.6464)
  +102h: RMSE=0.428562 | base=0.842417 | skill=49.13% | ACC=0.9022 (base 0.6404)
  +108h: RMSE=0.447881 | base=0.847130 | skill=47.13% | ACC=0.8932 (base 0.6364)
  +114h: RMSE=0.466981 | base=0.850338 | skill=45.08% | ACC=0.8840 (base 0.6336)
  +120h: RMSE=0.485824 | base=0.850395 | skill=42.87% | ACC=0.8745 (base 0.6335)

Per-horizon per-channel RMSE (physical units):
         var   unit      +6h     +12h     +18h     +24h     +30h     +36h     +42h     +48h     +54h     +60h     +66h     +72h     +78h     +84h     +90h     +96h    +102h    +108h    +114h    +120h
         t2m      K    0.73°C    0.87°C    0.95°C    1.01°C    1.11°C    1.18°C    1.25°C    1.31°C    1.39°C    1.46°C    1.54°C    1.62°C    1.70°C    1.79°C    1.88°C    1.98°C    2.07°C    2.18°C    2.28°C    2.39°C
         10u    m/s     0.70     0.84     0.95     1.05     1.15     1.26     1.38     1.50     1.63     1.76     1.90     2.04     2.18     2.33     2.48     2.63     2.77     2.92     3.06     3.20
         10v    m/s     0.71     0.85     0.96     1.07     1.18     1.29     1.41     1.53     1.66     1.79     1.93     2.07     2.22     2.37     2.53     2.68     2.84     3.00     3.15     3.30
         msl    hPa     0.56     0.70     0.85     0.98     1.14     1.30     1.48     1.67     1.88     2.09     2.32     2.56     2.82     3.08     3.36     3.65     3.96     4.27     4.59     4.92
       t@850      K    0.60°C    0.74°C    0.82°C    0.89°C    0.97°C    1.04°C    1.11°C    1.19°C    1.27°C    1.36°C    1.45°C    1.55°C    1.65°C    1.76°C    1.87°C    1.99°C    2.11°C    2.24°C    2.36°C    2.49°C
       u@850    m/s     1.09     1.31     1.47     1.61     1.76     1.91     2.07     2.24     2.42     2.60     2.79     2.99     3.19     3.39     3.60     3.82     4.03     4.24     4.45     4.65
       v@850    m/s     1.10     1.31     1.47     1.61     1.75     1.91     2.07     2.23     2.41     2.59     2.79     2.99     3.19     3.41     3.62     3.84     4.06     4.28     4.49     4.70
       z@850    gpm      3.9      4.9      6.0      7.1      8.3      9.5     10.9     12.3     13.9     15.5     17.2     19.0     20.9     22.9     25.0     27.2     29.6     32.0     34.4     36.8
       z@500    gpm      4.5      5.8      7.3      8.7     10.4     12.1     14.0     16.0     18.1     20.4     22.9     25.4     28.1     30.9     33.9     37.0     40.2     43.5     46.9     50.2

Per-channel metrics overall (physical units, avg over 20 horizons):
    #        var      ACC  RMSE_norm    RMSE_phys     unit
    0        t2m   0.9970     0.0761       1.6074        K  (≈1.61 °C)
    1        10u   0.9285     0.3659       2.0358      m/s
    2        10v   0.8977     0.4365       2.0815      m/s
    3        msl   0.9775     0.2034       2.7526      hPa
    4         tp   0.6352     0.8068       0.0016        m
    5         sp   0.9996     0.0293       2.7970      hPa
    6       tcwv   0.9851     0.1762       2.9321    kg/m²
    7     z_surf   0.9998     0.0000       0.0000      gpm
    8        lsm   1.0000     0.0000       0.0000        -
    9      t@850   0.9947     0.1014       1.5728        K  (≈1.57 °C)
   10      u@850   0.9329     0.3618       2.9828      m/s
   11      v@850   0.8801     0.4775       2.9973      m/s
   12      z@850   0.9901     0.1345      20.5091      gpm
   13      q@850   0.9677     0.2590       0.0011    kg/kg
   14      t@500   0.9946     0.1087       1.4177        K  (≈1.42 °C)
   15      u@500   0.9385     0.3456       4.1563      m/s
   16      v@500   0.8896     0.4607       4.2420      m/s
   17      z@500   0.9968     0.0802      27.6502      gpm
   18      q@500   0.9099     0.4142       0.0005    kg/kg
   19      z@250   0.9981     0.0630      35.7987      gpm
   20      t@250   0.9764     0.2090       1.8101        K  (≈1.81 °C)
   21      u@250   0.9536     0.2995       5.4142      m/s
   22      v@250   0.9118     0.4134       5.5583      m/s
   23      q@250   0.8999     0.4468       0.0000    kg/kg
   24     z@1000   0.9793     0.1935      21.5608      gpm
   25     t@1000   0.9962     0.0894       1.5141        K  (≈1.51 °C)
   26     u@1000   0.9305     0.3614       2.2271      m/s
   27     v@1000   0.8993     0.4324       2.2979      m/s
   28     q@1000   0.9948     0.1053       0.0006    kg/kg
   29   sin_hour   0.2155     0.0000       0.0000        ?
   30   cos_hour   0.2155     0.0000       0.0000        ?
   31    sin_doy   0.1458     0.0000       0.0000        ?
   32    cos_doy   0.2208     0.0000       0.0000        ?

--- Region [50.0,60.0]N x [83.0,98.0]E (2501 nodes) ---
RMSE=0.232572 | base=0.648701 | skill=64.15%
ACC=0.8148 | base=0.3832

  Per-horizon (region):
    +06h: RMSE=0.078074 | base=0.264498 | skill=70.48% | ACC=0.9446 (base 0.7933)
    +12h: RMSE=0.091039 | base=0.400644 | skill=77.28% | ACC=0.9296 (base 0.6243)
    +18h: RMSE=0.100740 | base=0.488123 | skill=79.36% | ACC=0.9201 (base 0.5165)
    +24h: RMSE=0.109473 | base=0.542531 | skill=79.82% | ACC=0.9121 (base 0.4551)
    +30h: RMSE=0.119849 | base=0.581367 | skill=79.38% | ACC=0.9022 (base 0.4121)
    +36h: RMSE=0.130517 | base=0.610465 | skill=78.62% | ACC=0.8925 (base 0.3860)
    +42h: RMSE=0.141971 | base=0.636339 | skill=77.69% | ACC=0.8826 (base 0.3659)
    +48h: RMSE=0.154985 | base=0.660313 | skill=76.53% | ACC=0.8713 (base 0.3485)
    +54h: RMSE=0.170404 | base=0.683326 | skill=75.06% | ACC=0.8578 (base 0.3241)
    +60h: RMSE=0.188218 | base=0.696721 | skill=72.99% | ACC=0.8414 (base 0.3124)
    +66h: RMSE=0.207327 | base=0.703313 | skill=70.52% | ACC=0.8236 (base 0.3139)
    +72h: RMSE=0.227796 | base=0.706254 | skill=67.75% | ACC=0.8052 (base 0.3191)
    +78h: RMSE=0.246968 | base=0.711402 | skill=65.28% | ACC=0.7865 (base 0.3139)
    +84h: RMSE=0.264801 | base=0.714773 | skill=62.95% | ACC=0.7680 (base 0.3102)
    +90h: RMSE=0.282727 | base=0.717358 | skill=60.59% | ACC=0.7491 (base 0.3078)
    +96h: RMSE=0.300585 | base=0.719850 | skill=58.24% | ACC=0.7292 (base 0.3065)
    +102h: RMSE=0.321644 | base=0.724055 | skill=55.58% | ACC=0.7063 (base 0.3031)
    +108h: RMSE=0.343460 | base=0.725580 | skill=52.66% | ACC=0.6826 (base 0.3078)
    +114h: RMSE=0.366826 | base=0.726588 | skill=49.51% | ACC=0.6584 (base 0.3179)
    +120h: RMSE=0.391132 | base=0.726187 | skill=46.14% | ACC=0.6338 (base 0.3253)

  Per-horizon per-channel RMSE — REGION (2501 nodes):
           var   unit      +6h     +12h     +18h     +24h     +30h     +36h     +42h     +48h     +54h     +60h     +66h     +72h     +78h     +84h     +90h     +96h    +102h    +108h    +114h    +120h
           t2m      K    1.22°C    1.46°C    1.52°C    1.59°C    1.71°C    1.79°C    1.85°C    1.93°C    2.05°C    2.16°C    2.30°C    2.46°C    2.62°C    2.76°C    2.92°C    3.06°C    3.24°C    3.41°C    3.62°C    3.82°C
           10u    m/s     0.49     0.56     0.59     0.62     0.66     0.70     0.74     0.79     0.86     0.93     1.01     1.07     1.14     1.21     1.29     1.36     1.44     1.54     1.63     1.72
           10v    m/s     0.46     0.53     0.56     0.58     0.63     0.66     0.70     0.73     0.78     0.84     0.89     0.95     1.01     1.07     1.14     1.21     1.28     1.35     1.44     1.53
           msl    hPa     0.65     0.83     0.99     1.12     1.29     1.47     1.67     1.90     2.13     2.40     2.71     3.05     3.41     3.73     4.01     4.33     4.70     5.09     5.51     5.97
         t@850      K    0.69°C    0.85°C    0.95°C    1.02°C    1.09°C    1.16°C    1.23°C    1.31°C    1.41°C    1.53°C    1.65°C    1.78°C    1.90°C    2.01°C    2.12°C    2.22°C    2.35°C    2.50°C    2.69°C    2.90°C
         u@850    m/s     1.14     1.32     1.46     1.57     1.68     1.80     1.95     2.12     2.31     2.51     2.73     2.95     3.14     3.32     3.49     3.67     3.91     4.18     4.45     4.71
         v@850    m/s     1.04     1.18     1.30     1.39     1.50     1.61     1.73     1.85     1.98     2.15     2.32     2.50     2.66     2.84     3.09     3.33     3.53     3.72     3.97     4.20
         z@850    gpm      3.5      4.9      6.3      7.4      8.7     10.1     11.7     13.4     15.0     16.8     18.8     20.9     23.2     25.3     27.2     29.3     31.8     34.4     37.0     39.8
         z@500    gpm      4.5      6.3      8.1      9.7     11.7     13.8     16.0     18.6     21.4     24.3     27.2     29.9     32.3     34.8     37.6     40.7     44.2     48.3     52.6     56.3

  Per-channel region (physical units, avg over 20 horizons):
      #        var      ACC  RMSE_norm    RMSE_phys     unit
      0        t2m   0.8963     0.1178       2.4902        K  (≈2.49 °C)
      1        10u   0.8166     0.1948       1.0837      m/s
      2        10v   0.7950     0.2031       0.9684      m/s
      3        msl   0.9221     0.2421       3.2770      hPa
      4         tp   0.4056     0.0648       0.0001        m
      5         sp   0.9997     0.0317       3.0245      hPa
      6       tcwv   0.8535     0.0645       1.0724    kg/m²
      7     z_surf   1.0000     0.0000       0.0000      gpm
      8        lsm   1.0000     0.0000       0.0000        -
      9      t@850   0.8822     0.1151       1.7838        K  (≈1.78 °C)
     10      u@850   0.8742     0.3548       2.9249      m/s
     11      v@850   0.7796     0.4109       2.5793      m/s
     12      z@850   0.9599     0.1456      22.1952      gpm
     13      q@850   0.7588     0.0836       0.0003    kg/kg
     14      t@500   0.8668     0.1376       1.7955        K  (≈1.80 °C)
     15      u@500   0.7505     0.4065       4.8884      m/s
     16      v@500   0.7593     0.4945       4.5530      m/s
     17      z@500   0.9600     0.0903      31.1272      gpm
     18      q@500   0.6375     0.1159       0.0001    kg/kg
     19      z@250   0.9540     0.0744      42.2464      gpm
     20      t@250   0.7250     0.2544       2.2036        K  (≈2.20 °C)
     21      u@250   0.7911     0.3391       6.1291      m/s
     22      v@250   0.7944     0.4468       6.0065      m/s
     23      q@250   0.4921     0.0534       0.0000    kg/kg
     24     z@1000   0.9311     0.2198      24.4932      gpm
     25     t@1000   0.9256     0.1163       1.9689        K  (≈1.97 °C)
     26     u@1000   0.8085     0.1712       1.0553      m/s
     27     v@1000   0.8027     0.1785       0.9487      m/s
     28     q@1000   0.8587     0.0468       0.0003    kg/kg
     29   sin_hour   0.0155     0.0000       0.0000        ?
     30   cos_hour   0.0155     0.0000       0.0000        ?
     31    sin_doy   0.0048     0.0000       0.0000        ?
     32    cos_doy   0.0076     0.0000       0.0000        ?
============================================================
