### PROVENANCE ###############################################
# tag: m1_oi10_first4_ar28 | started: 2026-07-26T13:36:29+03:00 | host: k8smr-macos-build--graphcast-v3-750057806-task-0
# git commit: d62475f | gpu: NVIDIA H100 80GB HBM3
# dataset: /data/datasets/multires_krsk_19f_merge
#   info: {"time_start":"2010-01-01","time_end":"2021-12-31","n_time":16072,"n_nodes":133279,"n_feat":19,"flat":true,"n_global_kept":130778,"n_regional":2501,"roi":[50.0,60.0,83.0,98.0],"variables":["t2m","10u","10v","msl","tp","sp","tcwv","z_surf","lsm","t@850","u@850"
# experiment: experiments/multires_merge_freeze6_v2 (config md5 48fa48d6ff72346ef9ae4a9e7b2a5129)
#   ckpt: 6ad5ade3178d63776ce79a12069270ad  experiments/multires_merge_freeze6_v2/best_model.pth
# COMMAND:
#   python -u scripts/predict.py experiments/multires_merge_freeze6_v2 --data-dir /data/datasets/multires_krsk_19f_merge --split test_only --ar-steps 28 --max-samples 200 --per-channel --no-save --region 50 60 83 98 --save-sample-metrics /workdir/paper_results/m1_oi10_first4_ar28_samples.npz --assim-method oi --obs-sparsity 0.1 --obs-roi-only --obs-seed 42 --oi-corr-len 100000 --oi-sigma-o 0.5 --oi-first-k 4
##############################################################

[predict] data_dir=/data/datasets/multires_krsk_19f_merge (chunked=True, pred_steps=28)
[ChunkDataset] train: 12834 samples, flat_nodes=133279, feat=19, obs=2, pred=28
[ChunkDataset] val: 1604 samples, flat_nodes=133279, feat=19, obs=2, pred=28
[ChunkDataset] test_only: 1605 samples, flat_nodes=133279, feat=19, obs=2, pred=28
Encoder summary: 
+---------------------------+----------------------------+----------------+----------+
| Layer                     | Input Shape                | Output Shape   | #Param   |
|---------------------------+----------------------------+----------------+----------|
| Model                     | [174241, 44], [2, 207099]  | [174241, 256]  | 340,994  |
| ├─(mlp)MLP                |                            | [174241, 256]  | 143,618  |
| │    └─(MLP)ModuleList    | --                         | --             | 143,618  |
| │    │    └─(0)Linear     | [174241, 44]               | [174241, 256]  | 11,520   |
| │    │    └─(1)PReLU      | [174241, 256]              | [174241, 256]  | 1        |
| │    │    └─(2)Linear     | [174241, 256]              | [174241, 256]  | 65,792   |
| │    │    └─(3)PReLU      | [174241, 256]              | [174241, 256]  | 1        |
| │    │    └─(4)Linear     | [174241, 256]              | [174241, 256]  | 65,792   |
| │    │    └─(5)LayerNorm  | [174241, 256]              | [174241, 256]  | 512      |
| ├─(graph_layer)GraphLayer |                            | [174241, 256]  | 197,376  |
| │    └─(activation)SiLU   | [174241, 256]              | [174241, 256]  | --       |
| │    └─(layers)ModuleList | --                         | --             | 197,376  |
| │    │    └─(0)GCNConv    | [174241, 256], [2, 207099] | [174241, 256]  | 65,792   |
| │    │    └─(1)SiLU       | [174241, 256]              | [174241, 256]  | --       |
| │    │    └─(2)GCNConv    | [174241, 256], [2, 207099] | [174241, 256]  | 65,792   |
| │    │    └─(3)SiLU       | --                         | --             | --       |
| │    │    └─(4)GCNConv    | [174241, 256], [2, 207099] | [174241, 256]  | 65,792   |
+---------------------------+----------------------------+----------------+----------+

Processor summary: 
  (summary skipped: Expected all tensors to be on the same device, but found at least two devices, cuda:0 and cpu! (when checking argument for argument mat1 in method wrapper_CUDA_addmm))

Decoder summary: 
+---------------------------+----------------------------+----------------+----------+
| Layer                     | Input Shape                | Output Shape   | #Param   |
|---------------------------+----------------------------+----------------+----------|
| Model                     | [174241, 256], [2, 399837] | [174241, 19]   | 150,677  |
| ├─(mlp)MLP                |                            | [174241, 128]  | 115,202  |
| │    └─(MLP)ModuleList    | --                         | --             | 115,202  |
| │    │    └─(0)Linear     | [174241, 256]              | [174241, 256]  | 65,792   |
| │    │    └─(1)PReLU      | [174241, 256]              | [174241, 256]  | 1        |
| │    │    └─(2)Linear     | [174241, 256]              | [174241, 128]  | 32,896   |
| │    │    └─(3)PReLU      | [174241, 128]              | [174241, 128]  | 1        |
| │    │    └─(4)Linear     | [174241, 128]              | [174241, 128]  | 16,512   |
| ├─(graph_layer)GraphLayer |                            | [174241, 19]   | 35,475   |
| │    └─(activation)SiLU   | [174241, 128]              | [174241, 128]  | --       |
| │    └─(layers)ModuleList | --                         | --             | 35,475   |
| │    │    └─(0)GCNConv    | [174241, 128], [2, 399837] | [174241, 128]  | 16,512   |
| │    │    └─(1)SiLU       | [174241, 128]              | [174241, 128]  | --       |
| │    │    └─(2)GCNConv    | [174241, 128], [2, 399837] | [174241, 128]  | 16,512   |
| │    │    └─(3)SiLU       | --                         | --             | --       |
| │    │    └─(4)GCNConv    | [174241, 128], [2, 399837] | [174241, 19]   | 2,451    |
+---------------------------+----------------------------+----------------+----------+

[AR-rollout] Модель выдаёт 1 шаг(ов), но мы прогоним 28 шагов авторегрессионно.
[predict] device=cuda | grid=0x0 | 200/1605 test samples
[Region] 2501 nodes (--region [50.0,60.0]N x [83.0,98.0]E)
[OI] ROI mode: B matrix 2501×2501 (25 MB)
[Inline-obs] 250 станций (10.0% от 2501 узлов, seed=42)
[metrics] per-sample MSE будут сохранены в /workdir/paper_results/m1_oi10_first4_ar28_samples.npz
[assim] Residual-модель: ОИ применяется пошагово в AR-цикле (первые 4 шагов)
[Main] Инференс (200 samples, DA=oi)...
  [50/200] RMSE=0.495489 ACC=0.8716
  [100/200] RMSE=0.474467 ACC=0.8765
  [150/200] RMSE=0.477247 ACC=0.8762
  [200/200] RMSE=0.477525 ACC=0.8765
[Save] per-sample metrics → /workdir/paper_results/m1_oi10_first4_ar28_samples.npz (N=200, AR=28, C=19)

============================================================
=== Inference summary (200 samples) ===
Grid: 0x0 (G=133279) | C=19 | AR=28 horizons
Overall: MSE=0.228030 | RMSE=0.477525 | MAE=0.226242
Baseline: RMSE=0.749148 | MAE=0.396584
Skill: 36.26%
ACC: 0.8765 | base: 0.7080 | Δ=+0.1685

Per-horizon:
  +06h: RMSE=0.123342 | base=0.357652 | skill=65.51% | ACC=0.9922 (base 0.9352)
  +12h: RMSE=0.160600 | base=0.496977 | skill=67.68% | ACC=0.9867 (base 0.8737)
  +18h: RMSE=0.200265 | base=0.578048 | skill=65.35% | ACC=0.9789 (base 0.8279)
  +24h: RMSE=0.227231 | base=0.629793 | skill=63.92% | ACC=0.9726 (base 0.7950)
  +30h: RMSE=0.252514 | base=0.674076 | skill=62.54% | ACC=0.9660 (base 0.7644)
  +36h: RMSE=0.276102 | base=0.704374 | skill=60.80% | ACC=0.9593 (base 0.7424)
  +42h: RMSE=0.299991 | base=0.725490 | skill=58.65% | ACC=0.9518 (base 0.7263)
  +48h: RMSE=0.322648 | base=0.738404 | skill=56.30% | ACC=0.9441 (base 0.7164)
  +54h: RMSE=0.346592 | base=0.753452 | skill=54.00% | ACC=0.9353 (base 0.7046)
  +60h: RMSE=0.369293 | base=0.762871 | skill=51.59% | ACC=0.9264 (base 0.6971)
  +66h: RMSE=0.392585 | base=0.768436 | skill=48.91% | ACC=0.9167 (base 0.6925)
  +72h: RMSE=0.414639 | base=0.769775 | skill=46.14% | ACC=0.9070 (base 0.6914)
  +78h: RMSE=0.437227 | base=0.775236 | skill=43.60% | ACC=0.8965 (base 0.6869)
  +84h: RMSE=0.458523 | base=0.777581 | skill=41.03% | ACC=0.8861 (base 0.6851)
  +90h: RMSE=0.479607 | base=0.778660 | skill=38.41% | ACC=0.8754 (base 0.6841)
  +96h: RMSE=0.499420 | base=0.778385 | skill=35.84% | ACC=0.8649 (base 0.6845)
  +102h: RMSE=0.518757 | base=0.785192 | skill=33.93% | ACC=0.8542 (base 0.6789)
  +108h: RMSE=0.536959 | base=0.791771 | skill=32.18% | ACC=0.8437 (base 0.6735)
  +114h: RMSE=0.555210 | base=0.797933 | skill=30.42% | ACC=0.8329 (base 0.6683)
  +120h: RMSE=0.572208 | base=0.801293 | skill=28.59% | ACC=0.8223 (base 0.6656)
  +126h: RMSE=0.588797 | base=0.808703 | skill=27.19% | ACC=0.8118 (base 0.6593)
  +132h: RMSE=0.604013 | base=0.812771 | skill=25.68% | ACC=0.8019 (base 0.6559)
  +138h: RMSE=0.619222 | base=0.814721 | skill=24.00% | ACC=0.7919 (base 0.6541)
  +144h: RMSE=0.633210 | base=0.813916 | skill=22.20% | ACC=0.7824 (base 0.6549)
  +150h: RMSE=0.646871 | base=0.817467 | skill=20.87% | ACC=0.7731 (base 0.6517)
  +156h: RMSE=0.658805 | base=0.818516 | skill=19.51% | ACC=0.7645 (base 0.6509)
  +162h: RMSE=0.670467 | base=0.818095 | skill=18.05% | ACC=0.7562 (base 0.6511)
  +168h: RMSE=0.680871 | base=0.815721 | skill=16.53% | ACC=0.7485 (base 0.6532)

Per-horizon per-channel RMSE (physical units):
         var   unit      +6h     +12h     +18h     +24h     +30h     +36h     +42h     +48h     +54h     +60h     +66h     +72h     +78h     +84h     +90h     +96h    +102h    +108h    +114h    +120h    +126h    +132h    +138h    +144h    +150h    +156h    +162h    +168h
         t2m      K    0.80°C    0.97°C    1.09°C    1.18°C    1.32°C    1.43°C    1.54°C    1.63°C    1.76°C    1.87°C    1.99°C    2.10°C    2.23°C    2.35°C    2.49°C    2.60°C    2.74°C    2.85°C    2.98°C    3.09°C    3.22°C    3.33°C    3.46°C    3.58°C    3.72°C    3.84°C    3.98°C    4.09°C
         10u    m/s     0.71     0.87     1.02     1.15     1.31     1.48     1.66     1.83     2.02     2.21     2.40     2.58     2.77     2.94     3.12     3.28     3.44     3.59     3.73     3.87     4.00     4.11     4.22     4.32     4.42     4.51     4.59     4.66
         10v    m/s     0.73     0.89     1.04     1.18     1.34     1.51     1.69     1.87     2.06     2.24     2.42     2.60     2.79     2.96     3.14     3.31     3.47     3.63     3.78     3.91     4.04     4.16     4.28     4.39     4.49     4.58     4.67     4.75
         msl    hPa     0.60     0.80     1.04     1.27     1.56     1.85     2.15     2.46     2.78     3.11     3.44     3.79     4.14     4.49     4.84     5.20     5.54     5.88     6.21     6.53     6.84     7.15     7.43     7.72     7.99     8.24     8.48     8.72
       t@850      K    0.62°C    0.77°C    0.87°C    0.97°C    1.09°C    1.20°C    1.32°C    1.43°C    1.57°C    1.70°C    1.84°C    1.97°C    2.12°C    2.26°C    2.41°C    2.55°C    2.70°C    2.84°C    2.99°C    3.13°C    3.28°C    3.42°C    3.57°C    3.70°C    3.84°C    3.96°C    4.09°C    4.19°C
       u@850    m/s     1.04     1.28     1.50     1.70     1.94     2.17     2.43     2.68     2.95     3.21     3.49     3.75     4.02     4.27     4.53     4.77     5.01     5.23     5.45     5.65     5.85     6.01     6.18     6.33     6.48     6.60     6.73     6.84
       v@850    m/s     1.05     1.29     1.50     1.70     1.94     2.18     2.44     2.69     2.96     3.21     3.48     3.73     4.00     4.24     4.50     4.73     4.96     5.17     5.39     5.58     5.78     5.95     6.12     6.28     6.44     6.57     6.70     6.80
       z@850    gpm      4.7      6.1      8.3     10.0     12.6     14.7     17.4     19.6     22.3     24.7     27.4     29.9     32.7     35.2     38.1     40.6     43.5     46.0     48.8     51.2     53.9     56.1     58.5     60.5     62.7     64.5     66.5     68.1
       z@500    gpm      5.5      7.6     10.5     13.0     16.3     19.4     22.7     26.0     29.4     32.9     36.5     40.1     43.8     47.5     51.3     55.1     59.0     62.8     66.7     70.5     74.3     77.9     81.4     84.7     87.9     90.8     93.7     96.3

Per-channel metrics overall (physical units, avg over 28 horizons):
    #        var      ACC  RMSE_norm    RMSE_phys     unit
    0        t2m   0.9919     0.1242       2.6246        K  (≈2.62 °C)
    1        10u   0.8240     0.5656       3.1471      m/s
    2        10v   0.7486     0.6691       3.1909      m/s
    3        msl   0.9049     0.3926       5.3140      hPa
    4         tp   0.4570     1.0148       0.0020        m
    5         sp   0.9983     0.0564       5.3827      hPa
    6       tcwv   0.9630     0.2722       4.5284    kg/m²
    7     z_surf   0.9999     0.0142      12.0121      gpm
    8        lsm   0.9999     0.0195       0.0089        -
    9      t@850   0.9837     0.1686       2.6144        K  (≈2.61 °C)
   10      u@850   0.8362     0.5580       4.5995      m/s
   11      v@850   0.7077     0.7276       4.5671      m/s
   12      z@850   0.9523     0.2738      41.7292      gpm
   13      q@850   0.9385     0.3506       0.0015    kg/kg
   14      t@500   0.9833     0.1881       2.4541        K  (≈2.45 °C)
   15      u@500   0.8474     0.5442       6.5448      m/s
   16      v@500   0.7166     0.7246       6.6715      m/s
   17      z@500   0.9847     0.1674      57.6831      gpm
   18      q@500   0.8165     0.5797       0.0007    kg/kg

--- Region [50.0,60.0]N x [83.0,98.0]E (2501 nodes) ---
RMSE=0.315590 | base=0.584754 | skill=46.03%
ACC=0.7458 | base=0.4707

  Per-horizon (region):
    +06h: RMSE=0.049465 | base=0.230602 | skill=78.55% | ACC=0.9799 (base 0.8358)
    +12h: RMSE=0.058739 | base=0.342377 | skill=82.84% | ACC=0.9726 (base 0.6970)
    +18h: RMSE=0.063955 | base=0.414247 | skill=84.56% | ACC=0.9681 (base 0.6095)
    +24h: RMSE=0.067622 | base=0.460955 | skill=85.33% | ACC=0.9654 (base 0.5610)
    +30h: RMSE=0.109235 | base=0.497241 | skill=78.03% | ACC=0.9281 (base 0.5274)
    +36h: RMSE=0.129895 | base=0.525559 | skill=75.28% | ACC=0.9052 (base 0.5041)
    +42h: RMSE=0.149581 | base=0.548571 | skill=72.73% | ACC=0.8840 (base 0.4847)
    +48h: RMSE=0.168073 | base=0.567253 | skill=70.37% | ACC=0.8644 (base 0.4691)
    +54h: RMSE=0.187088 | base=0.587693 | skill=68.17% | ACC=0.8445 (base 0.4472)
    +60h: RMSE=0.206638 | base=0.603239 | skill=65.75% | ACC=0.8276 (base 0.4302)
    +66h: RMSE=0.225243 | base=0.614913 | skill=63.37% | ACC=0.8094 (base 0.4222)
    +72h: RMSE=0.243600 | base=0.622718 | skill=60.88% | ACC=0.7913 (base 0.4224)
    +78h: RMSE=0.260555 | base=0.628362 | skill=58.53% | ACC=0.7716 (base 0.4232)
    +84h: RMSE=0.277646 | base=0.631186 | skill=56.01% | ACC=0.7527 (base 0.4241)
    +90h: RMSE=0.293832 | base=0.635741 | skill=53.78% | ACC=0.7324 (base 0.4194)
    +96h: RMSE=0.310172 | base=0.640387 | skill=51.56% | ACC=0.7121 (base 0.4151)
    +102h: RMSE=0.328277 | base=0.642978 | skill=48.94% | ACC=0.6925 (base 0.4174)
    +108h: RMSE=0.346718 | base=0.641424 | skill=45.95% | ACC=0.6759 (base 0.4282)
    +114h: RMSE=0.368038 | base=0.641489 | skill=42.63% | ACC=0.6584 (base 0.4379)
    +120h: RMSE=0.387655 | base=0.641792 | skill=39.60% | ACC=0.6387 (base 0.4390)
    +126h: RMSE=0.403326 | base=0.644668 | skill=37.44% | ACC=0.6239 (base 0.4261)
    +132h: RMSE=0.420271 | base=0.644122 | skill=34.75% | ACC=0.6065 (base 0.4161)
    +138h: RMSE=0.439822 | base=0.640329 | skill=31.31% | ACC=0.5810 (base 0.4130)
    +144h: RMSE=0.458227 | base=0.634629 | skill=27.80% | ACC=0.5597 (base 0.4128)
    +150h: RMSE=0.472983 | base=0.629112 | skill=24.82% | ACC=0.5437 (base 0.4099)
    +156h: RMSE=0.481826 | base=0.618992 | skill=22.16% | ACC=0.5335 (base 0.4167)
    +162h: RMSE=0.483883 | base=0.606685 | skill=20.24% | ACC=0.5298 (base 0.4283)
    +168h: RMSE=0.482692 | base=0.593643 | skill=18.69% | ACC=0.5292 (base 0.4430)

  Per-horizon per-channel RMSE — REGION (2501 nodes):
           var   unit      +6h     +12h     +18h     +24h     +30h     +36h     +42h     +48h     +54h     +60h     +66h     +72h     +78h     +84h     +90h     +96h    +102h    +108h    +114h    +120h    +126h    +132h    +138h    +144h    +150h    +156h    +162h    +168h
           t2m      K    0.84°C    1.02°C    1.08°C    1.12°C    1.70°C    2.02°C    2.20°C    2.36°C    2.57°C    2.76°C    2.92°C    3.12°C    3.34°C    3.59°C    3.80°C    4.02°C    4.28°C    4.55°C    4.80°C    5.04°C    5.26°C    5.50°C    5.76°C    6.06°C    6.38°C    6.68°C    7.06°C    7.34°C
           10u    m/s     0.34     0.42     0.46     0.49     0.64     0.72     0.79     0.85     0.92     0.99     1.06     1.14     1.20     1.28     1.35     1.44     1.52     1.59     1.67     1.78     1.89     1.98     2.08     2.14     2.20     2.23     2.22     2.18
           10v    m/s     0.34     0.44     0.49     0.52     0.64     0.70     0.76     0.81     0.87     0.92     0.98     1.04     1.11     1.18     1.24     1.30     1.37     1.44     1.49     1.53     1.57     1.61     1.68     1.72     1.75     1.74     1.70     1.67
           msl    hPa     0.50     0.63     0.74     0.82     1.35     1.84     2.32     2.71     3.06     3.39     3.72     4.05     4.34     4.63     4.93     5.30     5.63     6.04     6.47     6.90     7.29     7.68     7.99     8.32     8.44     8.42     8.23     8.17
         t@850      K    0.48°C    0.63°C    0.71°C    0.77°C    1.09°C    1.28°C    1.47°C    1.60°C    1.76°C    1.92°C    2.07°C    2.22°C    2.38°C    2.49°C    2.63°C    2.76°C    2.90°C    3.05°C    3.23°C    3.45°C    3.67°C    3.90°C    4.14°C    4.36°C    4.53°C    4.68°C    4.83°C    4.96°C
         u@850    m/s     0.70     0.86     0.96     1.03     1.54     1.80     2.04     2.30     2.55     2.81     3.04     3.29     3.51     3.75     4.01     4.26     4.49     4.75     5.09     5.45     5.76     6.08     6.37     6.57     6.63     6.60     6.48     6.31
         v@850    m/s     0.64     0.76     0.83     0.88     1.42     1.54     1.74     1.94     2.15     2.32     2.54     2.70     2.89     3.07     3.25     3.42     3.61     3.79     3.94     4.10     4.16     4.25     4.49     4.74     4.94     5.01     5.03     5.01
         z@850    gpm      1.8      2.8      3.6      4.4      9.1     13.1     16.8     20.0     22.6     25.2     27.6     30.1     31.9     33.8     35.5     37.9     39.9     42.6     45.7     49.0     52.1     55.3     57.7     59.8     60.4     59.7     57.7     56.4
         z@500    gpm      3.1      4.4      5.5      6.4     10.6     14.3     18.8     23.0     27.1     30.8     34.5     37.9     40.7     43.3     46.0     48.8     51.1     53.9     57.6     62.8     68.9     75.6     82.1     88.0     92.8     96.3     98.0     98.3

  Per-channel region (physical units, avg over 28 horizons):
      #        var      ACC  RMSE_norm    RMSE_phys     unit
      0        t2m   0.8197     0.2026       4.2806        K  (≈4.28 °C)
      1        10u   0.6786     0.2651       1.4748      m/s
      2        10v   0.6449     0.2615       1.2471      m/s
      3        msl   0.8099     0.4054       5.4876      hPa
      4         tp   0.3515     0.0743       0.0001        m
      5         sp   0.9993     0.0529       5.0427      hPa
      6       tcwv   0.7722     0.0857       1.4261    kg/m²
      7     z_surf   1.0000     0.0110       9.3233      gpm
      8        lsm   0.9976     0.0128       0.0059        -
      9      t@850   0.7526     0.1915       2.9691        K  (≈2.97 °C)
     10      u@850   0.7868     0.5303       4.3711      m/s
     11      v@850   0.6855     0.5344       3.3546      m/s
     12      z@850   0.9254     0.2570      39.1723      gpm
     13      q@850   0.6364     0.1138       0.0005    kg/kg
     14      t@500   0.7223     0.1893       2.4697        K  (≈2.47 °C)
     15      u@500   0.5986     0.5647       6.7914      m/s
     16      v@500   0.6026     0.6727       6.1937      m/s
     17      z@500   0.9084     0.1632      56.2277      gpm
     18      q@500   0.4773     0.1266       0.0001    kg/kg
============================================================

### finished: 2026-07-26T13:58:00+03:00, exit=0 ###
