Using device: cuda
[ChunkDataset] склеиваем data.npy (19ch) + data_extra.npy (14ch) → 33ch
[ChunkDataset] train: 14012 samples, grid=512×256, feat=33, obs=2, pred=3
[ChunkDataset] склеиваем data.npy (19ch) + data_extra.npy (14ch) → 33ch
[ChunkDataset] val: 1752 samples, grid=512×256, feat=33, obs=2, pred=3
[ChunkDataset] склеиваем data.npy (19ch) + data_extra.npy (14ch) → 33ch
[ChunkDataset] test_only: 1752 samples, grid=512×256, feat=33, obs=2, pred=3
[ChunkDataset] шаг по времени 4 сроков = 24 ч (вход и цель на одной сетке)
[graph] уровни меша [4, 6], признаки рёбер: legacy
[processor] InteractionNet: 12 шагов, агрегация 'mean'
Encoder summary: 
+---------------------------+----------------------------+----------------+----------+
| Layer                     | Input Shape                | Output Shape   | #Param   |
|---------------------------+----------------------------+----------------+----------|
| Model                     | [172034, 72], [2, 203562]  | [172034, 256]  | 348,162  |
| ├─(mlp)MLP                |                            | [172034, 256]  | 150,786  |
| │    └─(MLP)ModuleList    | --                         | --             | 150,786  |
| │    │    └─(0)Linear     | [172034, 72]               | [172034, 256]  | 18,688   |
| │    │    └─(1)PReLU      | [172034, 256]              | [172034, 256]  | 1        |
| │    │    └─(2)Linear     | [172034, 256]              | [172034, 256]  | 65,792   |
| │    │    └─(3)PReLU      | [172034, 256]              | [172034, 256]  | 1        |
| │    │    └─(4)Linear     | [172034, 256]              | [172034, 256]  | 65,792   |
| │    │    └─(5)LayerNorm  | [172034, 256]              | [172034, 256]  | 512      |
| ├─(graph_layer)GraphLayer |                            | [172034, 256]  | 197,376  |
| │    └─(activation)SiLU   | [172034, 256]              | [172034, 256]  | --       |
| │    └─(layers)ModuleList | --                         | --             | 197,376  |
| │    │    └─(0)GCNConv    | [172034, 256], [2, 203562] | [172034, 256]  | 65,792   |
| │    │    └─(1)SiLU       | [172034, 256]              | [172034, 256]  | --       |
| │    │    └─(2)GCNConv    | [172034, 256], [2, 203562] | [172034, 256]  | 65,792   |
| │    │    └─(3)SiLU       | --                         | --             | --       |
| │    │    └─(4)GCNConv    | [172034, 256], [2, 203562] | [172034, 256]  | 65,792   |
+---------------------------+----------------------------+----------------+----------+

Processor summary: 
  (summary skipped: Expected all tensors to be on the same device, but found at least two devices, cuda:0 and cpu! (when checking argument for argument mat1 in method wrapper_CUDA_addmm))

Decoder summary: 
+---------------------------+----------------------------+----------------+----------+
| Layer                     | Input Shape                | Output Shape   | #Param   |
|---------------------------+----------------------------+----------------+----------|
| Model                     | [172034, 256], [2, 393216] | [172034, 33]   | 152,483  |
| ├─(mlp)MLP                |                            | [172034, 128]  | 115,202  |
| │    └─(MLP)ModuleList    | --                         | --             | 115,202  |
| │    │    └─(0)Linear     | [172034, 256]              | [172034, 256]  | 65,792   |
| │    │    └─(1)PReLU      | [172034, 256]              | [172034, 256]  | 1        |
| │    │    └─(2)Linear     | [172034, 256]              | [172034, 128]  | 32,896   |
| │    │    └─(3)PReLU      | [172034, 128]              | [172034, 128]  | 1        |
| │    │    └─(4)Linear     | [172034, 128]              | [172034, 128]  | 16,512   |
| ├─(graph_layer)GraphLayer |                            | [172034, 33]   | 37,281   |
| │    └─(activation)SiLU   | [172034, 128]              | [172034, 128]  | --       |
| │    └─(layers)ModuleList | --                         | --             | 37,281   |
| │    │    └─(0)GCNConv    | [172034, 128], [2, 393216] | [172034, 128]  | 16,512   |
| │    │    └─(1)SiLU       | [172034, 128]              | [172034, 128]  | --       |
| │    │    └─(2)GCNConv    | [172034, 128], [2, 393216] | [172034, 128]  | 16,512   |
| │    │    └─(3)SiLU       | --                         | --             | --       |
| │    │    └─(4)GCNConv    | [172034, 128], [2, 393216] | [172034, 33]   | 4,257    |
+---------------------------+----------------------------+----------------+----------+

[Train] Включен Weighted Loss.
[Train] static_channels=[7, 8], forcing_channels=[29, 30, 31, 32]
[Train] → маска каналов: 27/33 dynamic (no-loss: [7, 8, 29, 30, 31, 32])
[Train] channel_loss_weights applied to 8 channels: {0: 2.0, 1: 1.5, 2: 1.5, 3: 2.0, 4: 1.5, 5: 0.1, 17: 2.0, 19: 1.2}
[Train] input noise injection: sigma=0.05, apply_from_ar_step=1
[Init] val_loss=0.46790 val_acc=0.7803 raw_RMSE=0.6028

Epoch 0 (AR=1) with attention threshold 0.0
[Epoch 1] train_loss=0.15966  val_loss=0.12514  val_ACC=0.9408  raw_RMSE=0.3032
Val loss reduced by inf. Saving best model... 


Epoch 1 (AR=1) with attention threshold 0.0
[Epoch 2] train_loss=0.11001  val_loss=0.10792  val_ACC=0.9504  raw_RMSE=0.2779
Val loss reduced by 0.01723. Saving best model... 


Epoch 2 (AR=1) with attention threshold 0.0
[Epoch 3] train_loss=0.09612  val_loss=0.09688  val_ACC=0.9568  raw_RMSE=0.2602
Val loss reduced by 0.01104. Saving best model... 


Epoch 3 (AR=1) with attention threshold 0.0
[Epoch 4] train_loss=0.08926  val_loss=0.09346  val_ACC=0.9590  raw_RMSE=0.2537
Val loss reduced by 0.00342. Saving best model... 


Epoch 4 (AR=1) with attention threshold 0.0
[Epoch 5] train_loss=0.08518  val_loss=0.08930  val_ACC=0.9610  raw_RMSE=0.2477
Val loss reduced by 0.00416. Saving best model... 


Epoch 5 (AR=1) with attention threshold 0.0
[Epoch 6] train_loss=0.08223  val_loss=0.08716  val_ACC=0.9621  raw_RMSE=0.2444
Val loss reduced by 0.00214. Saving best model... 


Epoch 6 (AR=1) with attention threshold 0.005424
[Epoch 7] train_loss=0.08004  val_loss=0.08537  val_ACC=0.9632  raw_RMSE=0.2412
Val loss reduced by 0.00179. Saving best model... 


Epoch 7 (AR=1) with attention threshold 0.010848
[Epoch 8] train_loss=0.07833  val_loss=0.08393  val_ACC=0.9640  raw_RMSE=0.2386
Val loss reduced by 0.00144. Saving best model... 


Epoch 8 (AR=1) with attention threshold 0.016272
[Epoch 9] train_loss=0.07689  val_loss=0.08291  val_ACC=0.9646  raw_RMSE=0.2365
Val loss reduced by 0.00102. Saving best model... 


Epoch 9 (AR=1) with attention threshold 0.021696
[Epoch 10] train_loss=0.07569  val_loss=0.08121  val_ACC=0.9653  raw_RMSE=0.2338
Val loss reduced by 0.00169. Saving best model... 



>>> УРОВЕНЬ СЛОЖНОСТИ ПОВЫШЕН! Теперь обучаем на 2 шага(ов) вперед. <<<

Epoch 10 (AR=2) with attention threshold 0.02712
[Epoch 11] train_loss=0.10037  val_loss=0.08370  val_ACC=0.9639  raw_RMSE=0.2387
Patience counter is now 1 


Epoch 11 (AR=2) with attention threshold 0.032544
[Epoch 12] train_loss=0.09688  val_loss=0.08401  val_ACC=0.9637  raw_RMSE=0.2392
Patience counter is now 2 


Epoch 12 (AR=2) with attention threshold 0.037968
[Epoch 13] train_loss=0.09532  val_loss=0.08212  val_ACC=0.9647  raw_RMSE=0.2360
Patience counter is now 3 


Epoch 13 (AR=2) with attention threshold 0.043392
[Epoch 14] train_loss=0.09386  val_loss=0.08344  val_ACC=0.9642  raw_RMSE=0.2380
Patience counter is now 4 


Epoch 14 (AR=2) with attention threshold 0.048816
[Epoch 15] train_loss=0.09273  val_loss=0.08254  val_ACC=0.9646  raw_RMSE=0.2365
Patience counter is now 5 


Epoch 15 (AR=2) with attention threshold 0.05424
[Epoch 16] train_loss=0.09172  val_loss=0.08221  val_ACC=0.9647  raw_RMSE=0.2360
Patience counter is now 6 


Epoch 16 (AR=2) with attention threshold 0.059664
[Epoch 17] train_loss=0.09083  val_loss=0.08205  val_ACC=0.9648  raw_RMSE=0.2363
Patience counter is now 7 


Epoch 17 (AR=2) with attention threshold 0.065088
[Epoch 18] train_loss=0.09010  val_loss=0.08225  val_ACC=0.9647  raw_RMSE=0.2360
Patience counter is now 8 


Epoch 18 (AR=2) with attention threshold 0.07051199999999999
[Epoch 19] train_loss=0.08940  val_loss=0.08065  val_ACC=0.9654  raw_RMSE=0.2333
Val loss reduced by 0.00056. Saving best model... 


Epoch 19 (AR=2) with attention threshold 0.075936
