[predict] data_dir=/data/datasets/wb2_512x256_33f_v3 (chunked=True, pred_steps=56)
[ChunkDataset] склеиваем data.npy (19ch) + data_extra.npy (14ch) → 33ch
[ChunkDataset] train: 13980 samples, grid=512×256, feat=33, obs=2, pred=56
[ChunkDataset] склеиваем data.npy (19ch) + data_extra.npy (14ch) → 33ch
[ChunkDataset] val: 1747 samples, grid=512×256, feat=33, obs=2, pred=56
[ChunkDataset] склеиваем data.npy (19ch) + data_extra.npy (14ch) → 33ch
[ChunkDataset] test_only: 1748 samples, grid=512×256, feat=33, obs=2, pred=56
[graph] уровни меша [4, 6], признаки рёбер: legacy
[processor] InteractionNet: 12 шагов, агрегация 'mean'
Encoder summary: 
+---------------------------+----------------------------+----------------+----------+
| Layer                     | Input Shape                | Output Shape   | #Param   |
|---------------------------+----------------------------+----------------+----------|
| Model                     | [172034, 72], [2, 205302]  | [172034, 256]  | 348,162  |
| ├─(mlp)MLP                |                            | [172034, 256]  | 150,786  |
| │    └─(MLP)ModuleList    | --                         | --             | 150,786  |
| │    │    └─(0)Linear     | [172034, 72]               | [172034, 256]  | 18,688   |
| │    │    └─(1)PReLU      | [172034, 256]              | [172034, 256]  | 1        |
| │    │    └─(2)Linear     | [172034, 256]              | [172034, 256]  | 65,792   |
| │    │    └─(3)PReLU      | [172034, 256]              | [172034, 256]  | 1        |
| │    │    └─(4)Linear     | [172034, 256]              | [172034, 256]  | 65,792   |
| │    │    └─(5)LayerNorm  | [172034, 256]              | [172034, 256]  | 512      |
| ├─(graph_layer)GraphLayer |                            | [172034, 256]  | 197,376  |
| │    └─(activation)SiLU   | [172034, 256]              | [172034, 256]  | --       |
| │    └─(layers)ModuleList | --                         | --             | 197,376  |
| │    │    └─(0)GCNConv    | [172034, 256], [2, 205302] | [172034, 256]  | 65,792   |
| │    │    └─(1)SiLU       | [172034, 256]              | [172034, 256]  | --       |
| │    │    └─(2)GCNConv    | [172034, 256], [2, 205302] | [172034, 256]  | 65,792   |
| │    │    └─(3)SiLU       | --                         | --             | --       |
| │    │    └─(4)GCNConv    | [172034, 256], [2, 205302] | [172034, 256]  | 65,792   |
+---------------------------+----------------------------+----------------+----------+

Processor summary: 
  (summary skipped: Expected all tensors to be on the same device, but found at least two devices, cuda:0 and cpu! (when checking argument for argument mat1 in method wrapper_CUDA_addmm))

Decoder summary: 
+---------------------------+----------------------------+----------------+----------+
| Layer                     | Input Shape                | Output Shape   | #Param   |
|---------------------------+----------------------------+----------------+----------|
| Model                     | [172034, 256], [2, 393216] | [172034, 33]   | 152,483  |
| ├─(mlp)MLP                |                            | [172034, 128]  | 115,202  |
| │    └─(MLP)ModuleList    | --                         | --             | 115,202  |
| │    │    └─(0)Linear     | [172034, 256]              | [172034, 256]  | 65,792   |
| │    │    └─(1)PReLU      | [172034, 256]              | [172034, 256]  | 1        |
| │    │    └─(2)Linear     | [172034, 256]              | [172034, 128]  | 32,896   |
| │    │    └─(3)PReLU      | [172034, 128]              | [172034, 128]  | 1        |
| │    │    └─(4)Linear     | [172034, 128]              | [172034, 128]  | 16,512   |
| ├─(graph_layer)GraphLayer |                            | [172034, 33]   | 37,281   |
| │    └─(activation)SiLU   | [172034, 128]              | [172034, 128]  | --       |
| │    └─(layers)ModuleList | --                         | --             | 37,281   |
| │    │    └─(0)GCNConv    | [172034, 128], [2, 393216] | [172034, 128]  | 16,512   |
| │    │    └─(1)SiLU       | [172034, 128]              | [172034, 128]  | --       |
| │    │    └─(2)GCNConv    | [172034, 128], [2, 393216] | [172034, 128]  | 16,512   |
| │    │    └─(3)SiLU       | --                         | --             | --       |
| │    │    └─(4)GCNConv    | [172034, 128], [2, 393216] | [172034, 33]   | 4,257    |
+---------------------------+----------------------------+----------------+----------+

[config] pred_window_used=8, но декодировщик выдаёт 33 каналов при C=33 → модель одношаговая (1). Беру 1.
[AR-rollout] Модель выдаёт 1 шаг(ов), но мы прогоним 56 шагов авторегрессионно.
[static] Каналы [7, 8] — статика, carry-forward при AR
[forcing] Каналы [29, 30, 31, 32] — форсинг (из ground truth при AR)
[predict] device=cuda | grid=512x256 | 200/1748 test samples
[metrics] Исключены из aggregate метрик: каналы [7, 8, 29, 30, 31, 32] (static+forcing)
[metrics] per-sample MSE будут сохранены в /workdir/paper_results/d14_v3_samples.npz
[Main] Инференс (200 samples, DA=none)...
  [50/200] RMSE=0.718414 ACC=0.7413
  [100/200] RMSE=0.726775 ACC=0.7411
  [150/200] RMSE=0.720339 ACC=0.7435
  [200/200] RMSE=0.718314 ACC=0.7428
[Save] per-sample metrics → /workdir/paper_results/d14_v3_samples.npz (N=200, AR=56, C=33)

============================================================
=== Inference summary (200 samples) ===
Grid: 512x256 (G=131072) | C=33 | AR=56 horizons
Overall: MSE=0.515975 | RMSE=0.718314 | MAE=0.410494
Baseline: RMSE=0.849471 | MAE=0.505529
Skill: 15.44%
ACC: 0.7428 | base: 0.6495 | Δ=+0.0933

Per-horizon:
  +06h: RMSE=0.132072 | base=0.363632 | skill=63.68% | ACC=0.9911 (base 0.9342)
  +12h: RMSE=0.174619 | base=0.518330 | skill=66.31% | ACC=0.9844 (base 0.8668)
  +18h: RMSE=0.208567 | base=0.611119 | skill=65.87% | ACC=0.9774 (base 0.8156)
  +24h: RMSE=0.239500 | base=0.669568 | skill=64.23% | ACC=0.9699 (base 0.7792)
  +30h: RMSE=0.261889 | base=0.718684 | skill=63.56% | ACC=0.9640 (base 0.7461)
  +36h: RMSE=0.289829 | base=0.751671 | skill=61.44% | ACC=0.9559 (base 0.7227)
  +42h: RMSE=0.312066 | base=0.774619 | skill=59.71% | ACC=0.9491 (base 0.7060)
  +48h: RMSE=0.340472 | base=0.788369 | skill=56.81% | ACC=0.9396 (base 0.6958)
  +54h: RMSE=0.364410 | base=0.804644 | skill=54.71% | ACC=0.9311 (base 0.6834)
  +60h: RMSE=0.392638 | base=0.815266 | skill=51.84% | ACC=0.9203 (base 0.6750)
  +66h: RMSE=0.416890 | base=0.823431 | skill=49.37% | ACC=0.9104 (base 0.6688)
  +72h: RMSE=0.444444 | base=0.828253 | skill=46.34% | ACC=0.8986 (base 0.6651)
  +78h: RMSE=0.468939 | base=0.838504 | skill=44.07% | ACC=0.8874 (base 0.6570)
  +84h: RMSE=0.495567 | base=0.845083 | skill=41.36% | ACC=0.8747 (base 0.6516)
  +90h: RMSE=0.519678 | base=0.849863 | skill=38.85% | ACC=0.8625 (base 0.6480)
  +96h: RMSE=0.545084 | base=0.851942 | skill=36.02% | ACC=0.8492 (base 0.6464)
  +102h: RMSE=0.568674 | base=0.859016 | skill=33.80% | ACC=0.8363 (base 0.6407)
  +108h: RMSE=0.592759 | base=0.861924 | skill=31.23% | ACC=0.8226 (base 0.6383)
  +114h: RMSE=0.615383 | base=0.862495 | skill=28.65% | ACC=0.8092 (base 0.6381)
  +120h: RMSE=0.638289 | base=0.860117 | skill=25.79% | ACC=0.7953 (base 0.6402)
  +126h: RMSE=0.659792 | base=0.864354 | skill=23.67% | ACC=0.7818 (base 0.6367)
  +132h: RMSE=0.680850 | base=0.866611 | skill=21.44% | ACC=0.7683 (base 0.6348)
  +138h: RMSE=0.700439 | base=0.868288 | skill=19.33% | ACC=0.7553 (base 0.6336)
  +144h: RMSE=0.719188 | base=0.867633 | skill=17.11% | ACC=0.7426 (base 0.6342)
  +150h: RMSE=0.736919 | base=0.872502 | skill=15.54% | ACC=0.7304 (base 0.6302)
  +156h: RMSE=0.753666 | base=0.875082 | skill=13.87% | ACC=0.7184 (base 0.6281)
  +162h: RMSE=0.769123 | base=0.877226 | skill=12.32% | ACC=0.7071 (base 0.6265)
  +168h: RMSE=0.783596 | base=0.877258 | skill=10.68% | ACC=0.6961 (base 0.6266)
  +174h: RMSE=0.796907 | base=0.883001 | skill=9.75% | ACC=0.6859 (base 0.6219)
  +180h: RMSE=0.808309 | base=0.886287 | skill=8.80% | ACC=0.6768 (base 0.6191)
  +186h: RMSE=0.817974 | base=0.888069 | skill=7.89% | ACC=0.6690 (base 0.6177)
  +192h: RMSE=0.826079 | base=0.886775 | skill=6.84% | ACC=0.6622 (base 0.6189)
  +198h: RMSE=0.832871 | base=0.890075 | skill=6.43% | ACC=0.6565 (base 0.6161)
  +204h: RMSE=0.838529 | base=0.890592 | skill=5.85% | ACC=0.6515 (base 0.6156)
  +210h: RMSE=0.843423 | base=0.890472 | skill=5.28% | ACC=0.6473 (base 0.6157)
  +216h: RMSE=0.848285 | base=0.888101 | skill=4.48% | ACC=0.6432 (base 0.6177)
  +222h: RMSE=0.853104 | base=0.890641 | skill=4.21% | ACC=0.6390 (base 0.6155)
  +228h: RMSE=0.857876 | base=0.890460 | skill=3.66% | ACC=0.6346 (base 0.6155)
  +234h: RMSE=0.862808 | base=0.889406 | skill=2.99% | ACC=0.6303 (base 0.6166)
  +240h: RMSE=0.867676 | base=0.886146 | skill=2.08% | ACC=0.6261 (base 0.6194)
  +246h: RMSE=0.871791 | base=0.888633 | skill=1.90% | ACC=0.6225 (base 0.6174)
  +252h: RMSE=0.875176 | base=0.889270 | skill=1.58% | ACC=0.6194 (base 0.6169)
  +258h: RMSE=0.878229 | base=0.889468 | skill=1.26% | ACC=0.6168 (base 0.6169)
  +264h: RMSE=0.881047 | base=0.887796 | skill=0.76% | ACC=0.6144 (base 0.6185)
  +270h: RMSE=0.883211 | base=0.891876 | skill=0.97% | ACC=0.6126 (base 0.6151)
  +276h: RMSE=0.884762 | base=0.893784 | skill=1.01% | ACC=0.6112 (base 0.6135)
  +282h: RMSE=0.886123 | base=0.894670 | skill=0.96% | ACC=0.6100 (base 0.6129)
  +288h: RMSE=0.887546 | base=0.893038 | skill=0.61% | ACC=0.6086 (base 0.6144)
  +294h: RMSE=0.889052 | base=0.897175 | skill=0.91% | ACC=0.6072 (base 0.6110)
  +300h: RMSE=0.890287 | base=0.899621 | skill=1.04% | ACC=0.6059 (base 0.6089)
  +306h: RMSE=0.891305 | base=0.901124 | skill=1.09% | ACC=0.6049 (base 0.6078)
  +312h: RMSE=0.892221 | base=0.899844 | skill=0.85% | ACC=0.6039 (base 0.6090)
  +318h: RMSE=0.892883 | base=0.902919 | skill=1.11% | ACC=0.6032 (base 0.6064)
  +324h: RMSE=0.893180 | base=0.903071 | skill=1.10% | ACC=0.6027 (base 0.6062)
  +330h: RMSE=0.893643 | base=0.901654 | skill=0.89% | ACC=0.6021 (base 0.6076)
  +336h: RMSE=0.894204 | base=0.897442 | skill=0.36% | ACC=0.6014 (base 0.6112)

Per-horizon per-channel RMSE (physical units):
         var   unit      +6h     +12h     +18h     +24h     +30h     +36h     +42h     +48h     +54h     +60h     +66h     +72h     +78h     +84h     +90h     +96h    +102h    +108h    +114h    +120h    +126h    +132h    +138h    +144h    +150h    +156h    +162h    +168h    +174h    +180h    +186h    +192h    +198h    +204h    +210h    +216h    +222h    +228h    +234h    +240h    +246h    +252h    +258h    +264h    +270h    +276h    +282h    +288h    +294h    +300h    +306h    +312h    +318h    +324h    +330h    +336h
         t2m      K    0.85°C    1.05°C    1.11°C    1.24°C    1.35°C    1.48°C    1.56°C    1.68°C    1.78°C    1.90°C    1.99°C    2.11°C    2.21°C    2.32°C    2.42°C    2.53°C    2.63°C    2.74°C    2.85°C    2.97°C    3.08°C    3.20°C    3.31°C    3.42°C    3.52°C    3.63°C    3.73°C    3.82°C    3.92°C    4.00°C    4.08°C    4.15°C    4.22°C    4.27°C    4.33°C    4.37°C    4.42°C    4.47°C    4.51°C    4.55°C    4.60°C    4.63°C    4.67°C    4.69°C    4.73°C    4.76°C    4.79°C    4.83°C    4.86°C    4.89°C    4.92°C    4.95°C    4.97°C    5.00°C    5.02°C    5.05°C
         10u    m/s     0.78     0.99     1.15     1.33     1.49     1.69     1.87     2.07     2.27     2.49     2.68     2.90     3.09     3.29     3.47     3.66     3.84     4.01     4.17     4.33     4.47     4.61     4.74     4.86     4.97     5.08     5.17     5.26     5.34     5.42     5.48     5.54     5.58     5.63     5.66     5.69     5.72     5.76     5.79     5.82     5.85     5.87     5.89     5.90     5.91     5.91     5.91     5.91     5.92     5.92     5.93     5.95     5.96     5.96     5.97     5.98
         10v    m/s     0.80     1.02     1.18     1.36     1.52     1.71     1.89     2.10     2.30     2.52     2.71     2.93     3.13     3.34     3.53     3.72     3.90     4.07     4.24     4.40     4.56     4.71     4.85     4.98     5.11     5.23     5.34     5.45     5.54     5.62     5.68     5.73     5.75     5.77     5.77     5.79     5.81     5.84     5.86     5.89     5.91     5.93     5.93     5.94     5.95     5.96     5.96     5.96     5.96     5.97     5.97     5.97     5.97     5.97     5.96     5.96
         msl    hPa     0.73     1.07     1.35     1.65     1.94     2.27     2.57     2.92     3.26     3.63     3.99     4.39     4.78     5.20     5.62     6.05     6.48     6.92     7.35     7.79     8.21     8.63     9.02     9.42     9.80    10.17    10.49    10.80    11.08    11.33    11.53    11.71    11.87    12.02    12.16    12.29    12.42    12.54    12.68    12.82    12.96    13.09    13.20    13.30    13.37    13.42    13.45    13.49    13.54    13.58    13.62    13.65    13.66    13.67    13.69    13.71
       t@850      K    0.74°C    0.98°C    1.07°C    1.23°C    1.29°C    1.46°C    1.54°C    1.70°C    1.79°C    1.96°C    2.06°C    2.22°C    2.34°C    2.50°C    2.63°C    2.79°C    2.92°C    3.08°C    3.22°C    3.38°C    3.52°C    3.66°C    3.80°C    3.94°C    4.07°C    4.21°C    4.32°C    4.43°C    4.54°C    4.64°C    4.72°C    4.80°C    4.87°C    4.93°C    4.98°C    5.03°C    5.07°C    5.11°C    5.15°C    5.19°C    5.23°C    5.26°C    5.29°C    5.32°C    5.34°C    5.37°C    5.39°C    5.42°C    5.44°C    5.46°C    5.48°C    5.49°C    5.49°C    5.50°C    5.51°C    5.52°C
       u@850    m/s     1.17     1.50     1.73     1.98     2.20     2.48     2.73     3.02     3.28     3.57     3.83     4.11     4.38     4.65     4.91     5.17     5.43     5.68     5.91     6.14     6.35     6.57     6.77     6.96     7.14     7.30     7.45     7.59     7.72     7.84     7.93     8.01     8.08     8.14     8.21     8.27     8.32     8.37     8.42     8.47     8.51     8.54     8.58     8.61     8.63     8.63     8.63     8.64     8.66     8.68     8.69     8.72     8.74     8.75     8.76     8.77
       v@850    m/s     1.17     1.50     1.72     1.96     2.17     2.43     2.66     2.95     3.22     3.52     3.79     4.08     4.35     4.63     4.90     5.17     5.42     5.67     5.91     6.14     6.36     6.58     6.77     6.95     7.13     7.29     7.45     7.59     7.72     7.82     7.89     7.95     7.99     8.01     8.03     8.06     8.10     8.15     8.20     8.25     8.27     8.30     8.32     8.33     8.34     8.35     8.35     8.35     8.36     8.37     8.37     8.37     8.36     8.35     8.34     8.34
       z@850    gpm      5.9      8.7     10.2     12.8     14.6     17.5     19.6     22.5     24.8     27.8     30.4     33.5     36.4     39.8     43.0     46.5     49.8     53.3     56.7     60.1     63.5     66.8     70.0     73.3     76.4     79.3     81.9     84.4     86.6     88.6     90.3     91.8     93.1     94.4     95.6     96.6     97.6     98.6     99.6    100.7    101.7    102.7    103.5    104.2    104.8    105.2    105.5    105.8    106.1    106.4    106.8    107.0    107.1    107.2    107.3    107.5
       z@500    gpm      7.8     11.8     12.9     16.9     18.0     22.7     24.5     29.2     31.8     36.5     39.6     44.3     47.9     52.7     56.8     61.7     66.2     71.2     75.9     80.9     85.6     90.5     95.2     99.9    104.4    108.8    112.7    116.4    119.7    122.6    125.2    127.5    129.6    131.4    133.0    134.5    135.8    137.1    138.4    139.7    140.8    142.0    143.0    144.0    144.8    145.5    146.1    146.6    147.1    147.6    148.0    148.3    148.5    148.7    148.9    149.2

Per-channel metrics overall (physical units, avg over 56 horizons):
    #        var      ACC  RMSE_norm    RMSE_phys     unit
    0        t2m   0.9832     0.1759       3.7167        K  (≈3.72 °C)
    1        10u   0.6398     0.8625       4.7990      m/s
    2        10v   0.4784     1.0219       4.8730      m/s
    3        msl   0.7645     0.7514      10.1701      hPa
    4         tp   0.2865     1.0719       0.0021        m
    5         sp   0.9941     0.1259      12.0101      hPa
    6       tcwv   0.9255     0.3767       6.2667    kg/m²
    7     z_surf   0.9999     0.0000       0.0000      gpm
    8        lsm   1.0001     0.0000       0.0000        -
    9      t@850   0.9596     0.2702       4.1895        K  (≈4.19 °C)
   10      u@850   0.6607     0.8441       6.9578      m/s
   11      v@850   0.4169     1.0845       6.8072      m/s
   12      z@850   0.8847     0.5220      79.5711      gpm
   13      q@850   0.8898     0.4541       0.0019    kg/kg
   14      t@500   0.9519     0.3229       4.2127        K  (≈4.21 °C)
   15      u@500   0.6547     0.8424      10.1315      m/s
   16      v@500   0.3986     1.1096      10.2163      m/s
   17      z@500   0.9526     0.3187     109.8127      gpm
   18      q@500   0.6918     0.7033       0.0008    kg/kg
   19      z@250   0.9622     0.2991     169.8556      gpm
   20      t@250   0.9057     0.4896       4.2406        K  (≈4.24 °C)
   21      u@250   0.6807     0.8310      15.0202      m/s
   22      v@250   0.4083     1.1442      15.3817      m/s
   23      q@250   0.7366     0.6340       0.0000    kg/kg
   24     z@1000   0.7809     0.7260      80.8898      gpm
   25     t@1000   0.9742     0.2243       3.7981        K  (≈3.80 °C)
   26     u@1000   0.6392     0.8572       5.2830      m/s
   27     v@1000   0.4712     1.0234       5.4389      m/s
   28     q@1000   0.9640     0.2629       0.0016    kg/kg
   29   sin_hour   0.2135     0.0000       0.0000        ?
   30   cos_hour   0.2135     0.0000       0.0000        ?
   31    sin_doy   0.1788     0.0000       0.0000        ?
   32    cos_doy   0.1994     0.0000       0.0000        ?
============================================================
