[predict] data_dir=/data/datasets/wb2_512x256_33f_v3 (chunked=True, pred_steps=20)
[ChunkDataset] склеиваем data.npy (19ch) + data_extra.npy (14ch) → 33ch
[ChunkDataset] train: 14008 samples, grid=512×256, feat=33, obs=2, pred=20
[ChunkDataset] склеиваем data.npy (19ch) + data_extra.npy (14ch) → 33ch
[ChunkDataset] val: 1751 samples, grid=512×256, feat=33, obs=2, pred=20
[ChunkDataset] склеиваем data.npy (19ch) + data_extra.npy (14ch) → 33ch
[ChunkDataset] test_only: 1752 samples, grid=512×256, feat=33, obs=2, pred=20
[graph] уровни меша [4, 6], признаки рёбер: legacy
[processor] InteractionNet: 12 шагов, агрегация 'mean'
Encoder summary: 
+---------------------------+----------------------------+----------------+----------+
| Layer                     | Input Shape                | Output Shape   | #Param   |
|---------------------------+----------------------------+----------------+----------|
| Model                     | [172034, 72], [2, 205302]  | [172034, 256]  | 348,162  |
| ├─(mlp)MLP                |                            | [172034, 256]  | 150,786  |
| │    └─(MLP)ModuleList    | --                         | --             | 150,786  |
| │    │    └─(0)Linear     | [172034, 72]               | [172034, 256]  | 18,688   |
| │    │    └─(1)PReLU      | [172034, 256]              | [172034, 256]  | 1        |
| │    │    └─(2)Linear     | [172034, 256]              | [172034, 256]  | 65,792   |
| │    │    └─(3)PReLU      | [172034, 256]              | [172034, 256]  | 1        |
| │    │    └─(4)Linear     | [172034, 256]              | [172034, 256]  | 65,792   |
| │    │    └─(5)LayerNorm  | [172034, 256]              | [172034, 256]  | 512      |
| ├─(graph_layer)GraphLayer |                            | [172034, 256]  | 197,376  |
| │    └─(activation)SiLU   | [172034, 256]              | [172034, 256]  | --       |
| │    └─(layers)ModuleList | --                         | --             | 197,376  |
| │    │    └─(0)GCNConv    | [172034, 256], [2, 205302] | [172034, 256]  | 65,792   |
| │    │    └─(1)SiLU       | [172034, 256]              | [172034, 256]  | --       |
| │    │    └─(2)GCNConv    | [172034, 256], [2, 205302] | [172034, 256]  | 65,792   |
| │    │    └─(3)SiLU       | --                         | --             | --       |
| │    │    └─(4)GCNConv    | [172034, 256], [2, 205302] | [172034, 256]  | 65,792   |
+---------------------------+----------------------------+----------------+----------+

Processor summary: 
  (summary skipped: Expected all tensors to be on the same device, but found at least two devices, cuda:0 and cpu! (when checking argument for argument mat1 in method wrapper_CUDA_addmm))

Decoder summary: 
+---------------------------+----------------------------+----------------+----------+
| Layer                     | Input Shape                | Output Shape   | #Param   |
|---------------------------+----------------------------+----------------+----------|
| Model                     | [172034, 256], [2, 393216] | [172034, 33]   | 152,483  |
| ├─(mlp)MLP                |                            | [172034, 128]  | 115,202  |
| │    └─(MLP)ModuleList    | --                         | --             | 115,202  |
| │    │    └─(0)Linear     | [172034, 256]              | [172034, 256]  | 65,792   |
| │    │    └─(1)PReLU      | [172034, 256]              | [172034, 256]  | 1        |
| │    │    └─(2)Linear     | [172034, 256]              | [172034, 128]  | 32,896   |
| │    │    └─(3)PReLU      | [172034, 128]              | [172034, 128]  | 1        |
| │    │    └─(4)Linear     | [172034, 128]              | [172034, 128]  | 16,512   |
| ├─(graph_layer)GraphLayer |                            | [172034, 33]   | 37,281   |
| │    └─(activation)SiLU   | [172034, 128]              | [172034, 128]  | --       |
| │    └─(layers)ModuleList | --                         | --             | 37,281   |
| │    │    └─(0)GCNConv    | [172034, 128], [2, 393216] | [172034, 128]  | 16,512   |
| │    │    └─(1)SiLU       | [172034, 128]              | [172034, 128]  | --       |
| │    │    └─(2)GCNConv    | [172034, 128], [2, 393216] | [172034, 128]  | 16,512   |
| │    │    └─(3)SiLU       | --                         | --             | --       |
| │    │    └─(4)GCNConv    | [172034, 128], [2, 393216] | [172034, 33]   | 4,257    |
+---------------------------+----------------------------+----------------+----------+

[config] pred_window_used=8, но декодировщик выдаёт 33 каналов при C=33 → модель одношаговая (1). Беру 1.
[AR-rollout] Модель выдаёт 1 шаг(ов), но мы прогоним 20 шагов авторегрессионно.
[static] Каналы [7, 8] — статика, carry-forward при AR
[forcing] Каналы [29, 30, 31, 32] — форсинг (из ground truth при AR)
[predict] device=cuda | grid=512x256 | 200/1752 test samples
[metrics] Исключены из aggregate метрик: каналы [7, 8, 29, 30, 31, 32] (static+forcing)
[metrics] per-sample MSE будут сохранены в /workdir/paper_results/d5_v3_samples.npz
[Main] Инференс (200 samples, DA=none)...
  [50/200] RMSE=0.431670 ACC=0.9046
  [100/200] RMSE=0.431590 ACC=0.9068
  [150/200] RMSE=0.430537 ACC=0.9060
  [200/200] RMSE=0.426923 ACC=0.9071
[Save] per-sample metrics → /workdir/paper_results/d5_v3_samples.npz (N=200, AR=20, C=33)

============================================================
=== Inference summary (200 samples) ===
Grid: 512x256 (G=131072) | C=33 | AR=20 horizons
Overall: MSE=0.182263 | RMSE=0.426923 | MAE=0.224475
Baseline: RMSE=0.775932 | MAE=0.443952
Skill: 44.98%
ACC: 0.9071 | base: 0.7069 | Δ=+0.2003

Per-horizon:
  +06h: RMSE=0.132196 | base=0.365455 | skill=63.83% | ACC=0.9911 (base 0.9337)
  +12h: RMSE=0.174627 | base=0.521481 | skill=66.51% | ACC=0.9844 (base 0.8655)
  +18h: RMSE=0.208412 | base=0.615048 | skill=66.11% | ACC=0.9774 (base 0.8137)
  +24h: RMSE=0.239005 | base=0.674254 | skill=64.55% | ACC=0.9700 (base 0.7767)
  +30h: RMSE=0.261276 | base=0.723718 | skill=63.90% | ACC=0.9641 (base 0.7433)
  +36h: RMSE=0.289209 | base=0.756779 | skill=61.78% | ACC=0.9561 (base 0.7197)
  +42h: RMSE=0.311279 | base=0.779545 | skill=60.07% | ACC=0.9493 (base 0.7032)
  +48h: RMSE=0.339624 | base=0.792783 | skill=57.16% | ACC=0.9399 (base 0.6933)
  +54h: RMSE=0.363478 | base=0.807676 | skill=55.00% | ACC=0.9315 (base 0.6820)
  +60h: RMSE=0.391807 | base=0.816618 | skill=52.02% | ACC=0.9207 (base 0.6751)
  +66h: RMSE=0.415759 | base=0.823340 | skill=49.50% | ACC=0.9110 (base 0.6701)
  +72h: RMSE=0.443189 | base=0.827179 | skill=46.42% | ACC=0.8993 (base 0.6673)
  +78h: RMSE=0.467606 | base=0.836530 | skill=44.10% | ACC=0.8883 (base 0.6601)
  +84h: RMSE=0.494307 | base=0.842228 | skill=41.31% | ACC=0.8756 (base 0.6556)
  +90h: RMSE=0.518273 | base=0.846193 | skill=38.75% | ACC=0.8636 (base 0.6527)
  +96h: RMSE=0.543495 | base=0.847818 | skill=35.89% | ACC=0.8505 (base 0.6516)
  +102h: RMSE=0.566817 | base=0.854930 | skill=33.70% | ACC=0.8377 (base 0.6459)
  +108h: RMSE=0.590692 | base=0.858455 | skill=31.19% | ACC=0.8242 (base 0.6430)
  +114h: RMSE=0.613200 | base=0.859995 | skill=28.70% | ACC=0.8110 (base 0.6419)
  +120h: RMSE=0.635987 | base=0.858832 | skill=25.95% | ACC=0.7972 (base 0.6430)

Per-horizon per-channel RMSE (physical units):
         var   unit      +6h     +12h     +18h     +24h     +30h     +36h     +42h     +48h     +54h     +60h     +66h     +72h     +78h     +84h     +90h     +96h    +102h    +108h    +114h    +120h
         t2m      K    0.85°C    1.05°C    1.12°C    1.25°C    1.35°C    1.49°C    1.56°C    1.69°C    1.79°C    1.91°C    2.00°C    2.11°C    2.21°C    2.33°C    2.42°C    2.53°C    2.63°C    2.75°C    2.86°C    2.97°C
         10u    m/s     0.78     1.00     1.16     1.33     1.49     1.68     1.86     2.07     2.26     2.48     2.67     2.88     3.07     3.27     3.45     3.64     3.81     3.99     4.15     4.30
         10v    m/s     0.80     1.02     1.19     1.36     1.52     1.71     1.88     2.09     2.29     2.51     2.70     2.92     3.12     3.33     3.52     3.72     3.89     4.07     4.23     4.40
         msl    hPa     0.72     1.06     1.34     1.64     1.92     2.25     2.55     2.90     3.23     3.60     3.95     4.34     4.72     5.13     5.53     5.96     6.37     6.81     7.23     7.67
       t@850      K    0.74°C    0.97°C    1.06°C    1.21°C    1.28°C    1.44°C    1.52°C    1.68°C    1.77°C    1.93°C    2.04°C    2.19°C    2.31°C    2.48°C    2.61°C    2.76°C    2.90°C    3.05°C    3.19°C    3.34°C
       u@850    m/s     1.17     1.50     1.72     1.98     2.20     2.47     2.72     3.01     3.27     3.56     3.82     4.11     4.37     4.65     4.91     5.17     5.43     5.68     5.91     6.13
       v@850    m/s     1.17     1.50     1.72     1.96     2.16     2.43     2.66     2.95     3.21     3.51     3.78     4.08     4.35     4.64     4.91     5.18     5.43     5.68     5.92     6.15
       z@850    gpm      5.9      8.6     10.1     12.7     14.5     17.4     19.4     22.3     24.6     27.6     30.2     33.3     36.1     39.4     42.4     45.8     49.0     52.4     55.7     59.2
       z@500    gpm      7.9     11.9     12.9     16.9     17.9     22.6     24.4     29.1     31.6     36.3     39.4     44.0     47.5     52.1     56.0     60.8     65.1     70.0     74.5     79.4

Per-channel metrics overall (physical units, avg over 20 horizons):
    #        var      ACC  RMSE_norm    RMSE_phys     unit
    0        t2m   0.9949     0.0966       2.0408        K  (≈2.04 °C)
    1        10u   0.8781     0.5015       2.7903      m/s
    2        10v   0.8230     0.5959       2.8417      m/s
    3        msl   0.9561     0.3305       4.4739      hPa
    4         tp   0.5324     0.8973       0.0018        m
    5         sp   0.9988     0.0557       5.3089      hPa
    6       tcwv   0.9735     0.2261       3.7620    kg/m²
    7     z_surf   0.9999     0.0000       0.0000      gpm
    8        lsm   1.0001     0.0000       0.0000        -
    9      t@850   0.9892     0.1396       2.1642        K  (≈2.16 °C)
   10      u@850   0.8880     0.4841       3.9906      m/s
   11      v@850   0.7987     0.6338       3.9786      m/s
   12      z@850   0.9791     0.2256      34.3935      gpm
   13      q@850   0.9482     0.3139       0.0013    kg/kg
   14      t@500   0.9881     0.1643       2.1444        K  (≈2.14 °C)
   15      u@500   0.8964     0.4646       5.5880      m/s
   16      v@500   0.8088     0.6243       5.7480      m/s
   17      z@500   0.9920     0.1322      45.5710      gpm
   18      q@500   0.8538     0.5014       0.0006    kg/kg
   19      z@250   0.9930     0.1403      79.6618      gpm
   20      t@250   0.9631     0.2931       2.5389        K  (≈2.54 °C)
   21      u@250   0.9086     0.4383       7.9213      m/s
   22      v@250   0.8286     0.6051       8.1345      m/s
   23      q@250   0.8553     0.4885       0.0000    kg/kg
   24     z@1000   0.9591     0.3198      35.6242      gpm
   25     t@1000   0.9926     0.1211       2.0501        K  (≈2.05 °C)
   26     u@1000   0.8799     0.4932       3.0393      m/s
   27     v@1000   0.8249     0.5880       3.1252      m/s
   28     q@1000   0.9887     0.1476       0.0009    kg/kg
   29   sin_hour   0.2135     0.0000       0.0000        ?
   30   cos_hour   0.2135     0.0000       0.0000        ?
   31    sin_doy   0.1823     0.0000       0.0000        ?
   32    cos_doy   0.2088     0.0000       0.0000        ?
============================================================
