Using device: cuda
[ChunkDataset] склеиваем data.npy (19ch) + data_extra.npy (14ch) → 33ch
[ChunkDataset] train: 14002 samples, grid=512×256, feat=33, obs=2, pred=1
[ChunkDataset] склеиваем data.npy (19ch) + data_extra.npy (14ch) → 33ch
[ChunkDataset] val: 1750 samples, grid=512×256, feat=33, obs=2, pred=1
[ChunkDataset] склеиваем data.npy (19ch) + data_extra.npy (14ch) → 33ch
[ChunkDataset] test_only: 1751 samples, grid=512×256, feat=33, obs=2, pred=1
[ChunkDataset] шаг по времени 28 сроков = 168 ч (вход и цель на одной сетке)
[graph] уровни меша [4, 6], признаки рёбер: legacy
[processor] InteractionNet: 12 шагов, агрегация 'mean'
Encoder summary: 
+---------------------------+----------------------------+----------------+----------+
| Layer                     | Input Shape                | Output Shape   | #Param   |
|---------------------------+----------------------------+----------------+----------|
| Model                     | [172034, 72], [2, 203562]  | [172034, 256]  | 348,162  |
| ├─(mlp)MLP                |                            | [172034, 256]  | 150,786  |
| │    └─(MLP)ModuleList    | --                         | --             | 150,786  |
| │    │    └─(0)Linear     | [172034, 72]               | [172034, 256]  | 18,688   |
| │    │    └─(1)PReLU      | [172034, 256]              | [172034, 256]  | 1        |
| │    │    └─(2)Linear     | [172034, 256]              | [172034, 256]  | 65,792   |
| │    │    └─(3)PReLU      | [172034, 256]              | [172034, 256]  | 1        |
| │    │    └─(4)Linear     | [172034, 256]              | [172034, 256]  | 65,792   |
| │    │    └─(5)LayerNorm  | [172034, 256]              | [172034, 256]  | 512      |
| ├─(graph_layer)GraphLayer |                            | [172034, 256]  | 197,376  |
| │    └─(activation)SiLU   | [172034, 256]              | [172034, 256]  | --       |
| │    └─(layers)ModuleList | --                         | --             | 197,376  |
| │    │    └─(0)GCNConv    | [172034, 256], [2, 203562] | [172034, 256]  | 65,792   |
| │    │    └─(1)SiLU       | [172034, 256]              | [172034, 256]  | --       |
| │    │    └─(2)GCNConv    | [172034, 256], [2, 203562] | [172034, 256]  | 65,792   |
| │    │    └─(3)SiLU       | --                         | --             | --       |
| │    │    └─(4)GCNConv    | [172034, 256], [2, 203562] | [172034, 256]  | 65,792   |
+---------------------------+----------------------------+----------------+----------+

Processor summary: 
  (summary skipped: Expected all tensors to be on the same device, but found at least two devices, cuda:0 and cpu! (when checking argument for argument mat1 in method wrapper_CUDA_addmm))

Decoder summary: 
+---------------------------+----------------------------+----------------+----------+
| Layer                     | Input Shape                | Output Shape   | #Param   |
|---------------------------+----------------------------+----------------+----------|
| Model                     | [172034, 256], [2, 393216] | [172034, 33]   | 152,483  |
| ├─(mlp)MLP                |                            | [172034, 128]  | 115,202  |
| │    └─(MLP)ModuleList    | --                         | --             | 115,202  |
| │    │    └─(0)Linear     | [172034, 256]              | [172034, 256]  | 65,792   |
| │    │    └─(1)PReLU      | [172034, 256]              | [172034, 256]  | 1        |
| │    │    └─(2)Linear     | [172034, 256]              | [172034, 128]  | 32,896   |
| │    │    └─(3)PReLU      | [172034, 128]              | [172034, 128]  | 1        |
| │    │    └─(4)Linear     | [172034, 128]              | [172034, 128]  | 16,512   |
| ├─(graph_layer)GraphLayer |                            | [172034, 33]   | 37,281   |
| │    └─(activation)SiLU   | [172034, 128]              | [172034, 128]  | --       |
| │    └─(layers)ModuleList | --                         | --             | 37,281   |
| │    │    └─(0)GCNConv    | [172034, 128], [2, 393216] | [172034, 128]  | 16,512   |
| │    │    └─(1)SiLU       | [172034, 128]              | [172034, 128]  | --       |
| │    │    └─(2)GCNConv    | [172034, 128], [2, 393216] | [172034, 128]  | 16,512   |
| │    │    └─(3)SiLU       | --                         | --             | --       |
| │    │    └─(4)GCNConv    | [172034, 128], [2, 393216] | [172034, 33]   | 4,257    |
+---------------------------+----------------------------+----------------+----------+

[Train] Включен Weighted Loss.
[Train] static_channels=[7, 8], forcing_channels=[29, 30, 31, 32]
[Train] → маска каналов: 27/33 dynamic (no-loss: [7, 8, 29, 30, 31, 32])
[Train] channel_loss_weights applied to 8 channels: {0: 2.0, 1: 1.5, 2: 1.5, 3: 2.0, 4: 1.5, 5: 0.1, 17: 2.0, 19: 1.2}
[Train] input noise injection: sigma=0.05, apply_from_ar_step=1
[Init] val_loss=0.75288 val_acc=0.6237 raw_RMSE=0.7874

Epoch 0 (AR=1) with attention threshold 0.0
[Epoch 1] train_loss=0.42061  val_loss=0.41323  val_ACC=0.7165  raw_RMSE=0.5859
Val loss reduced by inf. Saving best model... 


Epoch 1 (AR=1) with attention threshold 0.0
[Epoch 2] train_loss=0.39269  val_loss=0.40218  val_ACC=0.7261  raw_RMSE=0.5781
Val loss reduced by 0.01105. Saving best model... 


Epoch 2 (AR=1) with attention threshold 0.0
[Epoch 3] train_loss=0.38458  val_loss=0.40336  val_ACC=0.7264  raw_RMSE=0.5784
Patience counter is now 1 


Epoch 3 (AR=1) with attention threshold 0.0
[Epoch 4] train_loss=0.37758  val_loss=0.40589  val_ACC=0.7252  raw_RMSE=0.5795
Patience counter is now 2 


Epoch 4 (AR=1) with attention threshold 0.0
[Epoch 5] train_loss=0.36889  val_loss=0.41282  val_ACC=0.7189  raw_RMSE=0.5849
Patience counter is now 3 


Epoch 5 (AR=1) with attention threshold 0.0
[Epoch 6] train_loss=0.35566  val_loss=0.42240  val_ACC=0.7141  raw_RMSE=0.5928
Patience counter is now 4 


Epoch 6 (AR=1) with attention threshold 0.005424
[Epoch 7] train_loss=0.33780  val_loss=0.42985  val_ACC=0.7099  raw_RMSE=0.5971
Patience counter is now 5 


Epoch 7 (AR=1) with attention threshold 0.010848
[Epoch 8] train_loss=0.31811  val_loss=0.44547  val_ACC=0.7014  raw_RMSE=0.6092
Patience counter is now 6 


Epoch 8 (AR=1) with attention threshold 0.016272
[Epoch 9] train_loss=0.29840  val_loss=0.44370  val_ACC=0.7031  raw_RMSE=0.6078
Patience counter is now 7 


Epoch 9 (AR=1) with attention threshold 0.021696
[Epoch 10] train_loss=0.28054  val_loss=0.45171  val_ACC=0.6991  raw_RMSE=0.6136
Patience counter is now 8 


Epoch 10 (AR=1) with attention threshold 0.02712
[Epoch 11] train_loss=0.26406  val_loss=0.45523  val_ACC=0.6965  raw_RMSE=0.6176
Patience counter is now 9 


Epoch 11 (AR=1) with attention threshold 0.032544
[Epoch 12] train_loss=0.24953  val_loss=0.46220  val_ACC=0.6943  raw_RMSE=0.6212
Patience counter is now 10 


Epoch 12 (AR=1) with attention threshold 0.037968
[Epoch 13] train_loss=0.23647  val_loss=0.46896  val_ACC=0.6924  raw_RMSE=0.6267
Patience counter is now 11 


Epoch 13 (AR=1) with attention threshold 0.043392
[Epoch 14] train_loss=0.22495  val_loss=0.47008  val_ACC=0.6919  raw_RMSE=0.6278
Patience counter is now 12 


Epoch 14 (AR=1) with attention threshold 0.048816
[Epoch 15] train_loss=0.21486  val_loss=0.47232  val_ACC=0.6889  raw_RMSE=0.6299
Patience counter is now 13 


Epoch 15 (AR=1) with attention threshold 0.05424
[Epoch 16] train_loss=0.20596  val_loss=0.48073  val_ACC=0.6882  raw_RMSE=0.6355
Patience counter is now 14 


Epoch 16 (AR=1) with attention threshold 0.059664
[Epoch 17] train_loss=0.19825  val_loss=0.47972  val_ACC=0.6869  raw_RMSE=0.6356
Patience counter is now 15 

Early stopping.
