[predict] data_dir=/data/datasets/wb2_512x256_33f_v3 (chunked=True, pred_steps=20)
[ChunkDataset] склеиваем data.npy (19ch) + data_extra.npy (14ch) → 33ch
[ChunkDataset] train: 14008 samples, grid=512×256, feat=33, obs=2, pred=20
[ChunkDataset] склеиваем data.npy (19ch) + data_extra.npy (14ch) → 33ch
[ChunkDataset] val: 1751 samples, grid=512×256, feat=33, obs=2, pred=20
[ChunkDataset] склеиваем data.npy (19ch) + data_extra.npy (14ch) → 33ch
[ChunkDataset] test_only: 1752 samples, grid=512×256, feat=33, obs=2, pred=20
[graph] уровни меша [4, 6], признаки рёбер: legacy
[processor] InteractionNet: 12 шагов, агрегация 'mean'
Encoder summary: 
+---------------------------+----------------------------+----------------+----------+
| Layer                     | Input Shape                | Output Shape   | #Param   |
|---------------------------+----------------------------+----------------+----------|
| Model                     | [172034, 72], [2, 205302]  | [172034, 256]  | 348,162  |
| ├─(mlp)MLP                |                            | [172034, 256]  | 150,786  |
| │    └─(MLP)ModuleList    | --                         | --             | 150,786  |
| │    │    └─(0)Linear     | [172034, 72]               | [172034, 256]  | 18,688   |
| │    │    └─(1)PReLU      | [172034, 256]              | [172034, 256]  | 1        |
| │    │    └─(2)Linear     | [172034, 256]              | [172034, 256]  | 65,792   |
| │    │    └─(3)PReLU      | [172034, 256]              | [172034, 256]  | 1        |
| │    │    └─(4)Linear     | [172034, 256]              | [172034, 256]  | 65,792   |
| │    │    └─(5)LayerNorm  | [172034, 256]              | [172034, 256]  | 512      |
| ├─(graph_layer)GraphLayer |                            | [172034, 256]  | 197,376  |
| │    └─(activation)SiLU   | [172034, 256]              | [172034, 256]  | --       |
| │    └─(layers)ModuleList | --                         | --             | 197,376  |
| │    │    └─(0)GCNConv    | [172034, 256], [2, 205302] | [172034, 256]  | 65,792   |
| │    │    └─(1)SiLU       | [172034, 256]              | [172034, 256]  | --       |
| │    │    └─(2)GCNConv    | [172034, 256], [2, 205302] | [172034, 256]  | 65,792   |
| │    │    └─(3)SiLU       | --                         | --             | --       |
| │    │    └─(4)GCNConv    | [172034, 256], [2, 205302] | [172034, 256]  | 65,792   |
+---------------------------+----------------------------+----------------+----------+

Processor summary: 
  (summary skipped: Expected all tensors to be on the same device, but found at least two devices, cuda:0 and cpu! (when checking argument for argument mat1 in method wrapper_CUDA_addmm))

Decoder summary: 
+---------------------------+----------------------------+----------------+----------+
| Layer                     | Input Shape                | Output Shape   | #Param   |
|---------------------------+----------------------------+----------------+----------|
| Model                     | [172034, 256], [2, 393216] | [172034, 33]   | 152,483  |
| ├─(mlp)MLP                |                            | [172034, 128]  | 115,202  |
| │    └─(MLP)ModuleList    | --                         | --             | 115,202  |
| │    │    └─(0)Linear     | [172034, 256]              | [172034, 256]  | 65,792   |
| │    │    └─(1)PReLU      | [172034, 256]              | [172034, 256]  | 1        |
| │    │    └─(2)Linear     | [172034, 256]              | [172034, 128]  | 32,896   |
| │    │    └─(3)PReLU      | [172034, 128]              | [172034, 128]  | 1        |
| │    │    └─(4)Linear     | [172034, 128]              | [172034, 128]  | 16,512   |
| ├─(graph_layer)GraphLayer |                            | [172034, 33]   | 37,281   |
| │    └─(activation)SiLU   | [172034, 128]              | [172034, 128]  | --       |
| │    └─(layers)ModuleList | --                         | --             | 37,281   |
| │    │    └─(0)GCNConv    | [172034, 128], [2, 393216] | [172034, 128]  | 16,512   |
| │    │    └─(1)SiLU       | [172034, 128]              | [172034, 128]  | --       |
| │    │    └─(2)GCNConv    | [172034, 128], [2, 393216] | [172034, 128]  | 16,512   |
| │    │    └─(3)SiLU       | --                         | --             | --       |
| │    │    └─(4)GCNConv    | [172034, 128], [2, 393216] | [172034, 33]   | 4,257    |
+---------------------------+----------------------------+----------------+----------+

[config] pred_window_used=4, но декодировщик выдаёт 33 каналов при C=33 → модель одношаговая (1). Беру 1.
[AR-rollout] Модель выдаёт 1 шаг(ов), но мы прогоним 20 шагов авторегрессионно.
[static] Каналы [7, 8] — статика, carry-forward при AR
[forcing] Каналы [29, 30, 31, 32] — форсинг (из ground truth при AR)
[predict] device=cuda | grid=512x256 | 200/1752 test samples
[metrics] Исключены из aggregate метрик: каналы [7, 8, 29, 30, 31, 32] (static+forcing)
[metrics] per-sample MSE будут сохранены в /workdir/paper_results/lrdrop_v3_d5_samples.npz
[Main] Инференс (200 samples, DA=none)...
  [50/200] RMSE=0.385708 ACC=0.9237
  [100/200] RMSE=0.382040 ACC=0.9264
  [150/200] RMSE=0.384577 ACC=0.9245
  [200/200] RMSE=0.383985 ACC=0.9245
[Save] per-sample metrics → /workdir/paper_results/lrdrop_v3_d5_samples.npz (N=200, AR=20, C=33)

============================================================
=== Inference summary (200 samples) ===
Grid: 512x256 (G=131072) | C=33 | AR=20 horizons
Overall: MSE=0.147444 | RMSE=0.383985 | MAE=0.193955
Baseline: RMSE=0.775932 | MAE=0.443952
Skill: 50.51%
ACC: 0.9245 | base: 0.7069 | Δ=+0.2176

Per-horizon:
  +06h: RMSE=0.127213 | base=0.365455 | skill=65.19% | ACC=0.9917 (base 0.9337)
  +12h: RMSE=0.168169 | base=0.521481 | skill=67.75% | ACC=0.9854 (base 0.8655)
  +18h: RMSE=0.196642 | base=0.615048 | skill=68.03% | ACC=0.9797 (base 0.8137)
  +24h: RMSE=0.225297 | base=0.674254 | skill=66.59% | ACC=0.9731 (base 0.7767)
  +30h: RMSE=0.242760 | base=0.723718 | skill=66.46% | ACC=0.9687 (base 0.7433)
  +36h: RMSE=0.266414 | base=0.756779 | skill=64.80% | ACC=0.9625 (base 0.7197)
  +42h: RMSE=0.283895 | base=0.779545 | skill=63.58% | ACC=0.9576 (base 0.7032)
  +48h: RMSE=0.306979 | base=0.792783 | skill=61.28% | ACC=0.9506 (base 0.6933)
  +54h: RMSE=0.326144 | base=0.807676 | skill=59.62% | ACC=0.9444 (base 0.6820)
  +60h: RMSE=0.349574 | base=0.816618 | skill=57.19% | ACC=0.9364 (base 0.6751)
  +66h: RMSE=0.370176 | base=0.823340 | skill=55.04% | ACC=0.9289 (base 0.6701)
  +72h: RMSE=0.394400 | base=0.827179 | skill=52.32% | ACC=0.9197 (base 0.6673)
  +78h: RMSE=0.415837 | base=0.836530 | skill=50.29% | ACC=0.9111 (base 0.6601)
  +84h: RMSE=0.439781 | base=0.842228 | skill=47.78% | ACC=0.9010 (base 0.6556)
  +90h: RMSE=0.461721 | base=0.846193 | skill=45.44% | ACC=0.8912 (base 0.6527)
  +96h: RMSE=0.485467 | base=0.847818 | skill=42.74% | ACC=0.8801 (base 0.6516)
  +102h: RMSE=0.507617 | base=0.854930 | skill=40.62% | ACC=0.8693 (base 0.6459)
  +108h: RMSE=0.530697 | base=0.858455 | skill=38.18% | ACC=0.8577 (base 0.6430)
  +114h: RMSE=0.551852 | base=0.859995 | skill=35.83% | ACC=0.8466 (base 0.6419)
  +120h: RMSE=0.574501 | base=0.858832 | skill=33.11% | ACC=0.8345 (base 0.6430)

Per-horizon per-channel RMSE (physical units):
         var   unit      +6h     +12h     +18h     +24h     +30h     +36h     +42h     +48h     +54h     +60h     +66h     +72h     +78h     +84h     +90h     +96h    +102h    +108h    +114h    +120h
         t2m      K    0.83°C    1.06°C    1.09°C    1.25°C    1.30°C    1.43°C    1.46°C    1.57°C    1.61°C    1.71°C    1.76°C    1.85°C    1.91°C    2.00°C    2.06°C    2.16°C    2.23°C    2.33°C    2.41°C    2.50°C
         10u    m/s     0.76     0.96     1.08     1.22     1.34     1.49     1.62     1.78     1.93     2.11     2.27     2.45     2.63     2.81     2.98     3.16     3.33     3.49     3.65     3.80
         10v    m/s     0.77     0.99     1.11     1.27     1.38     1.53     1.66     1.82     1.97     2.15     2.31     2.50     2.68     2.86     3.04     3.23     3.40     3.58     3.75     3.93
         msl    hPa     0.64     0.84     0.98     1.16     1.31     1.51     1.70     1.92     2.15     2.42     2.69     3.00     3.31     3.65     4.00     4.36     4.73     5.11     5.51     5.91
       t@850      K    0.72°C    0.93°C    0.97°C    1.13°C    1.16°C    1.28°C    1.33°C    1.44°C    1.50°C    1.62°C    1.70°C    1.82°C    1.92°C    2.05°C    2.16°C    2.30°C    2.42°C    2.56°C    2.68°C    2.82°C
       u@850    m/s     1.13     1.43     1.59     1.81     1.96     2.18     2.36     2.58     2.79     3.03     3.25     3.50     3.73     3.98     4.23     4.48     4.72     4.96     5.18     5.41
       v@850    m/s     1.13     1.45     1.61     1.83     1.97     2.19     2.36     2.58     2.79     3.03     3.26     3.51     3.75     4.02     4.26     4.51     4.75     4.99     5.22     5.45
       z@850    gpm      5.7      7.7      7.6      9.8     10.2     12.0     13.0     14.9     16.4     18.6     20.5     22.9     25.1     27.8     30.3     33.1     36.0     38.9     42.0     45.2
       z@500    gpm      7.9     12.2     11.4     16.7     15.1     19.6     19.1     23.3     23.7     27.8     29.1     33.2     35.2     39.4     42.1     46.4     49.7     54.2     58.0     62.7

Per-channel metrics overall (physical units, avg over 20 horizons):
    #        var      ACC  RMSE_norm    RMSE_phys     unit
    0        t2m   0.9957     0.0846       1.7876        K  (≈1.79 °C)
    1        10u   0.9080     0.4367       2.4297      m/s
    2        10v   0.8642     0.5217       2.4879      m/s
    3        msl   0.9767     0.2414       3.2679      hPa
    4         tp   0.5705     0.8782       0.0017        m
    5         sp   0.9993     0.0376       3.5873      hPa
    6       tcwv   0.9773     0.2100       3.4939    kg/m²
    7     z_surf   0.9999     0.0000       0.0000      gpm
    8        lsm   1.0001     0.0000       0.0000        -
    9      t@850   0.9920     0.1179       1.8283        K  (≈1.83 °C)
   10      u@850   0.9154     0.4207       3.4680      m/s
   11      v@850   0.8433     0.5556       3.4873      m/s
   12      z@850   0.9889     0.1639      24.9783      gpm
   13      q@850   0.9558     0.2933       0.0012    kg/kg
   14      t@500   0.9911     0.1355       1.7682        K  (≈1.77 °C)
   15      u@500   0.9181     0.4137       4.9753      m/s
   16      v@500   0.8484     0.5551       5.1106      m/s
   17      z@500   0.9953     0.1023      35.2454      gpm
   18      q@500   0.8664     0.4828       0.0005    kg/kg
   19      z@250   0.9956     0.1035      58.7687      gpm
   20      t@250   0.9705     0.2604       2.2554        K  (≈2.26 °C)
   21      u@250   0.9246     0.3883       7.0188      m/s
   22      v@250   0.8637     0.5352       7.1948      m/s
   23      q@250   0.8618     0.4879       0.0000    kg/kg
   24     z@1000   0.9779     0.2353      26.2153      gpm
   25     t@1000   0.9942     0.0986       1.6687        K  (≈1.67 °C)
   26     u@1000   0.9097     0.4285       2.6410      m/s
   27     v@1000   0.8657     0.5129       2.7261      m/s
   28     q@1000   0.9916     0.1292       0.0008    kg/kg
   29   sin_hour   0.2135     0.0000       0.0000        ?
   30   cos_hour   0.2135     0.0000       0.0000        ?
   31    sin_doy   0.1823     0.0000       0.0000        ?
   32    cos_doy   0.2088     0.0000       0.0000        ?
============================================================
