### PROVENANCE ###############################################
# tag: m1_dipl_oi10_ar28 | started: 2026-07-26T14:39:42+03:00 | host: k8smr-macos-build--graphcast-v3-750057806-task-0
# git commit: d62475f | gpu: NVIDIA H100 80GB HBM3
# dataset: /data/datasets/multires_krsk_19f_merge
#   info: {"time_start":"2010-01-01","time_end":"2021-12-31","n_time":16072,"n_nodes":133279,"n_feat":19,"flat":true,"n_global_kept":130778,"n_regional":2501,"roi":[50.0,60.0,83.0,98.0],"variables":["t2m","10u","10v","msl","tp","sp","tcwv","z_surf","lsm","t@850","u@850"
# experiment: experiments/multires_nores_freeze6 (config md5 5b38c726faeac8db3e6238c3868f8062)
#   ckpt: c42ba49fa635c12c65fa3eb2e3813b7c  experiments/multires_nores_freeze6/best_model.pth
# COMMAND:
#   python -u scripts/predict.py experiments/multires_nores_freeze6 --data-dir /data/datasets/multires_krsk_19f_merge --split test_only --ar-steps 28 --max-samples 200 --per-channel --no-save --region 50 60 83 98 --save-sample-metrics /workdir/paper_results/m1_dipl_oi10_ar28_samples.npz --no-residual --assim-method oi --obs-sparsity 0.1 --obs-roi-only --obs-seed 42 --oi-corr-len 100000 --oi-sigma-o 0.5
##############################################################

[predict] data_dir=/data/datasets/multires_krsk_19f_merge (chunked=True, pred_steps=28)
[ChunkDataset] train: 12834 samples, flat_nodes=133279, feat=19, obs=2, pred=28
[ChunkDataset] val: 1604 samples, flat_nodes=133279, feat=19, obs=2, pred=28
[ChunkDataset] test_only: 1605 samples, flat_nodes=133279, feat=19, obs=2, pred=28
Encoder summary: 
+---------------------------+----------------------------+----------------+----------+
| Layer                     | Input Shape                | Output Shape   | #Param   |
|---------------------------+----------------------------+----------------+----------|
| Model                     | [174241, 44], [2, 207099]  | [174241, 256]  | 340,994  |
| ├─(mlp)MLP                |                            | [174241, 256]  | 143,618  |
| │    └─(MLP)ModuleList    | --                         | --             | 143,618  |
| │    │    └─(0)Linear     | [174241, 44]               | [174241, 256]  | 11,520   |
| │    │    └─(1)PReLU      | [174241, 256]              | [174241, 256]  | 1        |
| │    │    └─(2)Linear     | [174241, 256]              | [174241, 256]  | 65,792   |
| │    │    └─(3)PReLU      | [174241, 256]              | [174241, 256]  | 1        |
| │    │    └─(4)Linear     | [174241, 256]              | [174241, 256]  | 65,792   |
| │    │    └─(5)LayerNorm  | [174241, 256]              | [174241, 256]  | 512      |
| ├─(graph_layer)GraphLayer |                            | [174241, 256]  | 197,376  |
| │    └─(activation)SiLU   | [174241, 256]              | [174241, 256]  | --       |
| │    └─(layers)ModuleList | --                         | --             | 197,376  |
| │    │    └─(0)GCNConv    | [174241, 256], [2, 207099] | [174241, 256]  | 65,792   |
| │    │    └─(1)SiLU       | [174241, 256]              | [174241, 256]  | --       |
| │    │    └─(2)GCNConv    | [174241, 256], [2, 207099] | [174241, 256]  | 65,792   |
| │    │    └─(3)SiLU       | --                         | --             | --       |
| │    │    └─(4)GCNConv    | [174241, 256], [2, 207099] | [174241, 256]  | 65,792   |
+---------------------------+----------------------------+----------------+----------+

Processor summary: 
  (summary skipped: Expected all tensors to be on the same device, but found at least two devices, cuda:0 and cpu! (when checking argument for argument mat1 in method wrapper_CUDA_addmm))

Decoder summary: 
+---------------------------+----------------------------+----------------+----------+
| Layer                     | Input Shape                | Output Shape   | #Param   |
|---------------------------+----------------------------+----------------+----------|
| Model                     | [174241, 256], [2, 399837] | [174241, 19]   | 150,677  |
| ├─(mlp)MLP                |                            | [174241, 128]  | 115,202  |
| │    └─(MLP)ModuleList    | --                         | --             | 115,202  |
| │    │    └─(0)Linear     | [174241, 256]              | [174241, 256]  | 65,792   |
| │    │    └─(1)PReLU      | [174241, 256]              | [174241, 256]  | 1        |
| │    │    └─(2)Linear     | [174241, 256]              | [174241, 128]  | 32,896   |
| │    │    └─(3)PReLU      | [174241, 128]              | [174241, 128]  | 1        |
| │    │    └─(4)Linear     | [174241, 128]              | [174241, 128]  | 16,512   |
| ├─(graph_layer)GraphLayer |                            | [174241, 19]   | 35,475   |
| │    └─(activation)SiLU   | [174241, 128]              | [174241, 128]  | --       |
| │    └─(layers)ModuleList | --                         | --             | 35,475   |
| │    │    └─(0)GCNConv    | [174241, 128], [2, 399837] | [174241, 128]  | 16,512   |
| │    │    └─(1)SiLU       | [174241, 128]              | [174241, 128]  | --       |
| │    │    └─(2)GCNConv    | [174241, 128], [2, 399837] | [174241, 128]  | 16,512   |
| │    │    └─(3)SiLU       | --                         | --             | --       |
| │    │    └─(4)GCNConv    | [174241, 128], [2, 399837] | [174241, 19]   | 2,451    |
+---------------------------+----------------------------+----------------+----------+

[AR-rollout] Модель выдаёт 1 шаг(ов), но мы прогоним 28 шагов авторегрессионно.
[predict] device=cuda | grid=0x0 | 200/1605 test samples
[Region] 2501 nodes (--region [50.0,60.0]N x [83.0,98.0]E)
[OI] ROI mode: B matrix 2501×2501 (25 MB)
[Inline-obs] 250 станций (10.0% от 2501 узлов, seed=42)
[metrics] per-sample MSE будут сохранены в /workdir/paper_results/m1_dipl_oi10_ar28_samples.npz
[Main] Инференс (200 samples, DA=oi)...
  [50/200] RMSE=0.667315 ACC=0.8142
  [100/200] RMSE=0.649623 ACC=0.8200
  [150/200] RMSE=0.650280 ACC=0.8209
  [200/200] RMSE=0.650233 ACC=0.8219
[Save] per-sample metrics → /workdir/paper_results/m1_dipl_oi10_ar28_samples.npz (N=200, AR=28, C=19)

============================================================
=== Inference summary (200 samples) ===
Grid: 0x0 (G=133279) | C=19 | AR=28 horizons
Overall: MSE=0.422803 | RMSE=0.650233 | MAE=0.300148
Baseline: RMSE=0.749148 | MAE=0.396584
Skill: 13.20%
ACC: 0.8219 | base: 0.7080 | Δ=+0.1138

Per-horizon:
  +06h: RMSE=0.121433 | base=0.357652 | skill=66.05% | ACC=0.9925 (base 0.9352)
  +12h: RMSE=0.158970 | base=0.496977 | skill=68.01% | ACC=0.9870 (base 0.8737)
  +18h: RMSE=0.201445 | base=0.578048 | skill=65.15% | ACC=0.9787 (base 0.8279)
  +24h: RMSE=0.229062 | base=0.629793 | skill=63.63% | ACC=0.9722 (base 0.7950)
  +30h: RMSE=0.254855 | base=0.674076 | skill=62.19% | ACC=0.9655 (base 0.7644)
  +36h: RMSE=0.278941 | base=0.704374 | skill=60.40% | ACC=0.9586 (base 0.7424)
  +42h: RMSE=0.304762 | base=0.725490 | skill=57.99% | ACC=0.9506 (base 0.7263)
  +48h: RMSE=0.329330 | base=0.738404 | skill=55.40% | ACC=0.9424 (base 0.7164)
  +54h: RMSE=0.356035 | base=0.753452 | skill=52.75% | ACC=0.9328 (base 0.7046)
  +60h: RMSE=0.380765 | base=0.762871 | skill=50.09% | ACC=0.9232 (base 0.6971)
  +66h: RMSE=0.407795 | base=0.768436 | skill=46.93% | ACC=0.9120 (base 0.6925)
  +72h: RMSE=0.432762 | base=0.769775 | skill=43.78% | ACC=0.9010 (base 0.6914)
  +78h: RMSE=0.461715 | base=0.775236 | skill=40.44% | ACC=0.8877 (base 0.6869)
  +84h: RMSE=0.487927 | base=0.777581 | skill=37.25% | ACC=0.8749 (base 0.6851)
  +90h: RMSE=0.519331 | base=0.778660 | skill=33.30% | ACC=0.8590 (base 0.6841)
  +96h: RMSE=0.550404 | base=0.778385 | skill=29.29% | ACC=0.8433 (base 0.6845)
  +102h: RMSE=0.585451 | base=0.785192 | skill=25.44% | ACC=0.8234 (base 0.6789)
  +108h: RMSE=0.627949 | base=0.791771 | skill=20.69% | ACC=0.8044 (base 0.6735)
  +114h: RMSE=0.668318 | base=0.797933 | skill=16.24% | ACC=0.7800 (base 0.6683)
  +120h: RMSE=0.720289 | base=0.801293 | skill=10.11% | ACC=0.7595 (base 0.6656)
  +126h: RMSE=0.773511 | base=0.808703 | skill=4.35% | ACC=0.7277 (base 0.6593)
  +132h: RMSE=0.829260 | base=0.812771 | skill=-2.03% | ACC=0.7069 (base 0.6559)
  +138h: RMSE=0.896080 | base=0.814721 | skill=-9.99% | ACC=0.6666 (base 0.6541)
  +144h: RMSE=0.944401 | base=0.813916 | skill=-16.03% | ACC=0.6469 (base 0.6549)
  +150h: RMSE=1.027115 | base=0.817467 | skill=-25.65% | ACC=0.5994 (base 0.6517)
  +156h: RMSE=1.070820 | base=0.818516 | skill=-30.82% | ACC=0.5808 (base 0.6509)
  +162h: RMSE=1.167999 | base=0.818095 | skill=-42.77% | ACC=0.5277 (base 0.6511)
  +168h: RMSE=1.209489 | base=0.815721 | skill=-48.27% | ACC=0.5078 (base 0.6532)

Per-horizon per-channel RMSE (physical units):
         var   unit      +6h     +12h     +18h     +24h     +30h     +36h     +42h     +48h     +54h     +60h     +66h     +72h     +78h     +84h     +90h     +96h    +102h    +108h    +114h    +120h    +126h    +132h    +138h    +144h    +150h    +156h    +162h    +168h
         t2m      K    0.77°C    0.95°C    1.09°C    1.19°C    1.33°C    1.43°C    1.55°C    1.64°C    1.77°C    1.88°C    2.02°C    2.17°C    2.33°C    2.61°C    2.76°C    3.31°C    3.40°C    4.36°C    4.40°C    5.80°C    6.11°C    7.75°C    8.57°C   10.26°C   11.64°C   12.91°C   14.70°C   15.72°C
         10u    m/s     0.70     0.86     1.01     1.15     1.33     1.50     1.70     1.89     2.10     2.30     2.52     2.72     2.94     3.14     3.35     3.55     3.73     3.95     4.09     4.32     4.44     4.66     4.77     4.95     5.04     5.16     5.21     5.30
         10v    m/s     0.71     0.87     1.02     1.17     1.34     1.52     1.71     1.91     2.12     2.32     2.53     2.74     2.95     3.15     3.35     3.56     3.75     3.97     4.14     4.37     4.54     4.78     4.93     5.11     5.21     5.33     5.37     5.48
         msl    hPa     0.60     0.82     1.10     1.34     1.66     1.96     2.31     2.64     3.01     3.38     3.78     4.18     4.61     5.03     5.49     5.90     6.39     6.80     7.31     7.66     8.11     8.39     8.74     8.99     9.28     9.67    10.05    10.78
       t@850      K    0.59°C    0.74°C    0.86°C    0.96°C    1.08°C    1.19°C    1.32°C    1.43°C    1.58°C    1.71°C    1.86°C    2.00°C    2.16°C    2.32°C    2.49°C    2.67°C    2.83°C    3.08°C    3.25°C    3.60°C    3.87°C    4.37°C    4.86°C    5.47°C    6.20°C    6.83°C    7.67°C    8.19°C
       u@850    m/s     1.02     1.26     1.48     1.69     1.95     2.20     2.48     2.76     3.06     3.35     3.66     3.95     4.26     4.55     4.84     5.13     5.39     5.72     5.93     6.30     6.48     6.86     7.05     7.37     7.57     7.81     7.99     8.23
       v@850    m/s     1.02     1.26     1.48     1.69     1.94     2.19     2.47     2.75     3.05     3.34     3.64     3.93     4.23     4.51     4.79     5.07     5.33     5.65     5.86     6.23     6.42     6.80     6.98     7.25     7.38     7.55     7.63     7.76
       z@850    gpm      4.3      5.8      8.1      9.9     12.6     14.9     17.7     20.2     23.2     25.9     29.1     32.0     35.5     38.5     42.1     45.3     48.8     52.2     55.5     58.3     61.1     63.6     66.4     69.7     73.9     79.7     86.9     95.0
       z@500    gpm      5.5      7.7     10.8     13.6     17.1     20.5     24.3     27.9     31.8     35.8     40.0     44.3     48.7     53.2     57.6     62.4     66.6     72.0     75.8     81.6     85.7     92.9     99.7    110.1    123.0    137.7    158.0    176.2

Per-channel metrics overall (physical units, avg over 28 horizons):
    #        var      ACC  RMSE_norm    RMSE_phys     unit
    0        t2m   0.9433     0.3078       6.5037        K  (≈6.50 °C)
    1        10u   0.7866     0.6269       3.4884      m/s
    2        10v   0.6841     0.7467       3.5607      m/s
    3        msl   0.8712     0.4579       6.1980      hPa
    4         tp   0.3951     1.1036       0.0022        m
    5         sp   0.8801     0.7122      67.9233      hPa
    6       tcwv   0.9069     0.4325       7.1951    kg/m²
    7     z_surf   0.8771     0.7702     651.5900      gpm
    8        lsm   0.8322     1.1108       0.5067        -
    9      t@850   0.9664     0.2391       3.7063        K  (≈3.71 °C)
   10      u@850   0.8030     0.6269       5.1679      m/s
   11      v@850   0.6453     0.8068       5.0642      m/s
   12      z@850   0.9315     0.3232      49.2707      gpm
   13      q@850   0.9026     0.4336       0.0018    kg/kg
   14      t@500   0.9702     0.2558       3.3381        K  (≈3.34 °C)
   15      u@500   0.8119     0.6599       7.9365      m/s
   16      v@500   0.6550     0.8457       7.7871      m/s
   17      z@500   0.9720     0.2267      78.1259      gpm
   18      q@500   0.7810     0.6148       0.0007    kg/kg

--- Region [50.0,60.0]N x [83.0,98.0]E (2501 nodes) ---
RMSE=0.377649 | base=0.584754 | skill=35.42%
ACC=0.8307 | base=0.4707

  Per-horizon (region):
    +06h: RMSE=0.050316 | base=0.230602 | skill=78.18% | ACC=0.9758 (base 0.8358)
    +12h: RMSE=0.059935 | base=0.342377 | skill=82.49% | ACC=0.9675 (base 0.6970)
    +18h: RMSE=0.065690 | base=0.414247 | skill=84.14% | ACC=0.9619 (base 0.6095)
    +24h: RMSE=0.069526 | base=0.460955 | skill=84.92% | ACC=0.9587 (base 0.5610)
    +30h: RMSE=0.073596 | base=0.497241 | skill=85.20% | ACC=0.9546 (base 0.5274)
    +36h: RMSE=0.075835 | base=0.525559 | skill=85.57% | ACC=0.9524 (base 0.5041)
    +42h: RMSE=0.078752 | base=0.548571 | skill=85.64% | ACC=0.9484 (base 0.4847)
    +48h: RMSE=0.080181 | base=0.567253 | skill=85.87% | ACC=0.9463 (base 0.4691)
    +54h: RMSE=0.083488 | base=0.587693 | skill=85.79% | ACC=0.9396 (base 0.4472)
    +60h: RMSE=0.085662 | base=0.603239 | skill=85.80% | ACC=0.9358 (base 0.4302)
    +66h: RMSE=0.090296 | base=0.614913 | skill=85.32% | ACC=0.9234 (base 0.4222)
    +72h: RMSE=0.094962 | base=0.622718 | skill=84.75% | ACC=0.9171 (base 0.4224)
    +78h: RMSE=0.102837 | base=0.628362 | skill=83.63% | ACC=0.8982 (base 0.4232)
    +84h: RMSE=0.113192 | base=0.631186 | skill=82.07% | ACC=0.8939 (base 0.4241)
    +90h: RMSE=0.127565 | base=0.635741 | skill=79.93% | ACC=0.8714 (base 0.4194)
    +96h: RMSE=0.149966 | base=0.640387 | skill=76.58% | ACC=0.8665 (base 0.4151)
    +102h: RMSE=0.175992 | base=0.642978 | skill=72.63% | ACC=0.8408 (base 0.4174)
    +108h: RMSE=0.213669 | base=0.641424 | skill=66.69% | ACC=0.8300 (base 0.4282)
    +114h: RMSE=0.256324 | base=0.641489 | skill=60.04% | ACC=0.8014 (base 0.4379)
    +120h: RMSE=0.301696 | base=0.641792 | skill=52.99% | ACC=0.7849 (base 0.4390)
    +126h: RMSE=0.369128 | base=0.644668 | skill=42.74% | ACC=0.7484 (base 0.4261)
    +132h: RMSE=0.416060 | base=0.644122 | skill=35.41% | ACC=0.7300 (base 0.4161)
    +138h: RMSE=0.514577 | base=0.640329 | skill=19.64% | ACC=0.6836 (base 0.4130)
    +144h: RMSE=0.561800 | base=0.634629 | skill=11.48% | ACC=0.6648 (base 0.4128)
    +150h: RMSE=0.691808 | base=0.629112 | skill=-9.97% | ACC=0.6119 (base 0.4099)
    +156h: RMSE=0.743071 | base=0.618992 | skill=-20.05% | ACC=0.5933 (base 0.4167)
    +162h: RMSE=0.894197 | base=0.606685 | skill=-47.39% | ACC=0.5390 (base 0.4283)
    +168h: RMSE=0.952450 | base=0.593643 | skill=-60.44% | ACC=0.5203 (base 0.4430)

  Per-horizon per-channel RMSE — REGION (2501 nodes):
           var   unit      +6h     +12h     +18h     +24h     +30h     +36h     +42h     +48h     +54h     +60h     +66h     +72h     +78h     +84h     +90h     +96h    +102h    +108h    +114h    +120h    +126h    +132h    +138h    +144h    +150h    +156h    +162h    +168h
           t2m      K    0.84°C    1.02°C    1.09°C    1.15°C    1.22°C    1.27°C    1.29°C    1.32°C    1.35°C    1.39°C    1.40°C    1.46°C    1.48°C    1.60°C    1.63°C    1.87°C    1.94°C    2.36°C    2.58°C    3.13°C    3.69°C    4.29°C    5.38°C    6.01°C    7.71°C    8.40°C   10.53°C   11.34°C
           10u    m/s     0.33     0.41     0.45     0.48     0.52     0.54     0.56     0.58     0.59     0.61     0.62     0.63     0.64     0.65     0.67     0.68     0.69     0.73     0.74     0.81     0.79     0.91     0.87     1.02     0.95     1.08     1.03     1.15
           10v    m/s     0.34     0.43     0.48     0.52     0.56     0.58     0.60     0.62     0.64     0.65     0.66     0.67     0.69     0.69     0.71     0.72     0.73     0.76     0.77     0.81     0.84     0.89     0.94     0.99     1.04     1.10     1.19     1.28
           msl    hPa     0.49     0.63     0.72     0.80     0.87     0.93     0.98     1.04     1.09     1.17     1.22     1.31     1.36     1.46     1.52     1.65     1.73     1.94     2.03     2.38     2.49     2.99     3.09     3.72     3.82     4.55     4.66     5.49
         t@850      K    0.48°C    0.62°C    0.71°C    0.76°C    0.80°C    0.83°C    0.85°C    0.86°C    0.89°C    0.91°C    0.93°C    0.95°C    0.98°C    1.02°C    1.06°C    1.14°C    1.19°C    1.35°C    1.43°C    1.72°C    1.85°C    2.26°C    2.50°C    2.96°C    3.33°C    3.76°C    4.21°C    4.53°C
         u@850    m/s     0.68     0.81     0.89     0.94     0.98     1.01     1.04     1.06     1.09     1.11     1.15     1.16     1.21     1.22     1.26     1.28     1.32     1.36     1.38     1.42     1.43     1.50     1.61     1.71     1.89     2.01     2.20     2.36
         v@850    m/s     0.63     0.74     0.81     0.85     0.89     0.91     0.94     0.95     0.99     1.00     1.05     1.07     1.12     1.14     1.20     1.23     1.30     1.32     1.36     1.37     1.40     1.44     1.49     1.55     1.68     1.78     2.02     2.12
         z@850    gpm      1.7      2.7      3.5      4.1      4.7      5.3      5.8      6.5      7.1      7.8      8.4      9.2      9.8     10.5     11.1     11.9     12.7     13.6     14.5     15.9     17.1     19.1     21.4     24.0     28.1     31.6     37.3     41.5
         z@500    gpm      3.0      4.2      5.2      6.1      7.0      7.9      8.8      9.8     10.7     11.9     12.9     14.3     15.3     16.6     17.6     19.1     20.1     21.9     23.3     25.6     27.9     31.1     36.1     40.2     49.7     54.2     66.6     70.9

  Per-channel region (physical units, avg over 28 horizons):
      #        var      ACC  RMSE_norm    RMSE_phys     unit
      0        t2m   0.8507     0.2043       4.3177        K  (≈4.32 °C)
      1        10u   0.8766     0.1320       0.7347      m/s
      2        10v   0.8239     0.1632       0.7782      m/s
      3        msl   0.8892     0.1780       2.4089      hPa
      4         tp   0.3934     0.3613       0.0007        m
      5         sp   0.8578     0.6229      59.4121      hPa
      6       tcwv   0.7312     0.1862       3.0981    kg/m²
      7     z_surf   0.8623     0.6309     533.7488      gpm
      8        lsm   0.4298     1.2099       0.5519        -
      9      t@850   0.8622     0.1264       1.9603        K  (≈1.96 °C)
     10      u@850   0.9589     0.1677       1.3825      m/s
     11      v@850   0.9252     0.2038       1.2790      m/s
     12      z@850   0.9089     0.1129      17.2152      gpm
     13      q@850   0.8456     0.0878       0.0004    kg/kg
     14      t@500   0.8963     0.0980       1.2780        K  (≈1.28 °C)
     15      u@500   0.9444     0.1451       1.7453      m/s
     16      v@500   0.9485     0.1737       1.5992      m/s
     17      z@500   0.8975     0.0846      29.1606      gpm
     18      q@500   0.8811     0.0564       0.0001    kg/kg
============================================================

### finished: 2026-07-26T15:13:04+03:00, exit=0 ###
