### PROVENANCE ###############################################
# tag: a33_long_oi1 | started: 2026-08-07T04:23:00+00:00 | host: k8smr-macos-build--graphcast-v4-3510779436-task-0
# git commit: fe696dd | gpu: NVIDIA H100 80GB HBM3
# dataset: /data/datasets/multires_krsk_33f
# ckpt md5: d813295b852259016749d0ee43a1b8f3 (эпоха 29)
# COMMAND:
#   python -u scripts/predict.py experiments/multires_krsk_33f --data-dir /data/datasets/multires_krsk_33f --ckpt /data/paper_heavy/krsk33f_last_epoch.pth --per-channel --no-save --save-sample-metrics /workdir/paper_results/a33_long_oi1_samples.npz --split test_only --ar-steps 56 --max-samples 200 --region 50 60 83 98 --assim-method oi --obs-sparsity 0.01 --obs-roi-only --obs-seed 42 --oi-corr-len 200000 --oi-sigma-o 0.5
##############################################################

[predict] data_dir=/data/datasets/multires_krsk_33f (chunked=True, pred_steps=56)
[ChunkDataset] склеиваем data.npy (19ch) + data_extra.npy (14ch) → 33ch
[ChunkDataset] train: 12812 samples, flat_nodes=133279, feat=33, obs=2, pred=56
[ChunkDataset] склеиваем data.npy (19ch) + data_extra.npy (14ch) → 33ch
[ChunkDataset] val: 1601 samples, flat_nodes=133279, feat=33, obs=2, pred=56
[ChunkDataset] склеиваем data.npy (19ch) + data_extra.npy (14ch) → 33ch
[ChunkDataset] test_only: 1602 samples, flat_nodes=133279, feat=33, obs=2, pred=56
Encoder summary: 
+---------------------------+----------------------------+----------------+----------+
| Layer                     | Input Shape                | Output Shape   | #Param   |
|---------------------------+----------------------------+----------------+----------|
| Model                     | [174241, 72], [2, 207099]  | [174241, 256]  | 348,162  |
| ├─(mlp)MLP                |                            | [174241, 256]  | 150,786  |
| │    └─(MLP)ModuleList    | --                         | --             | 150,786  |
| │    │    └─(0)Linear     | [174241, 72]               | [174241, 256]  | 18,688   |
| │    │    └─(1)PReLU      | [174241, 256]              | [174241, 256]  | 1        |
| │    │    └─(2)Linear     | [174241, 256]              | [174241, 256]  | 65,792   |
| │    │    └─(3)PReLU      | [174241, 256]              | [174241, 256]  | 1        |
| │    │    └─(4)Linear     | [174241, 256]              | [174241, 256]  | 65,792   |
| │    │    └─(5)LayerNorm  | [174241, 256]              | [174241, 256]  | 512      |
| ├─(graph_layer)GraphLayer |                            | [174241, 256]  | 197,376  |
| │    └─(activation)SiLU   | [174241, 256]              | [174241, 256]  | --       |
| │    └─(layers)ModuleList | --                         | --             | 197,376  |
| │    │    └─(0)GCNConv    | [174241, 256], [2, 207099] | [174241, 256]  | 65,792   |
| │    │    └─(1)SiLU       | [174241, 256]              | [174241, 256]  | --       |
| │    │    └─(2)GCNConv    | [174241, 256], [2, 207099] | [174241, 256]  | 65,792   |
| │    │    └─(3)SiLU       | --                         | --             | --       |
| │    │    └─(4)GCNConv    | [174241, 256], [2, 207099] | [174241, 256]  | 65,792   |
+---------------------------+----------------------------+----------------+----------+

Processor summary: 
  (summary skipped: Expected all tensors to be on the same device, but found at least two devices, cuda:0 and cpu! (when checking argument for argument mat1 in method wrapper_CUDA_addmm))

Decoder summary: 
+---------------------------+----------------------------+----------------+----------+
| Layer                     | Input Shape                | Output Shape   | #Param   |
|---------------------------+----------------------------+----------------+----------|
| Model                     | [174241, 256], [2, 399837] | [174241, 33]   | 152,483  |
| ├─(mlp)MLP                |                            | [174241, 128]  | 115,202  |
| │    └─(MLP)ModuleList    | --                         | --             | 115,202  |
| │    │    └─(0)Linear     | [174241, 256]              | [174241, 256]  | 65,792   |
| │    │    └─(1)PReLU      | [174241, 256]              | [174241, 256]  | 1        |
| │    │    └─(2)Linear     | [174241, 256]              | [174241, 128]  | 32,896   |
| │    │    └─(3)PReLU      | [174241, 128]              | [174241, 128]  | 1        |
| │    │    └─(4)Linear     | [174241, 128]              | [174241, 128]  | 16,512   |
| ├─(graph_layer)GraphLayer |                            | [174241, 33]   | 37,281   |
| │    └─(activation)SiLU   | [174241, 128]              | [174241, 128]  | --       |
| │    └─(layers)ModuleList | --                         | --             | 37,281   |
| │    │    └─(0)GCNConv    | [174241, 128], [2, 399837] | [174241, 128]  | 16,512   |
| │    │    └─(1)SiLU       | [174241, 128]              | [174241, 128]  | --       |
| │    │    └─(2)GCNConv    | [174241, 128], [2, 399837] | [174241, 128]  | 16,512   |
| │    │    └─(3)SiLU       | --                         | --             | --       |
| │    │    └─(4)GCNConv    | [174241, 128], [2, 399837] | [174241, 33]   | 4,257    |
+---------------------------+----------------------------+----------------+----------+

[AR-rollout] Модель выдаёт 1 шаг(ов), но мы прогоним 56 шагов авторегрессионно.
[static] Каналы [7, 8] — статика, carry-forward при AR
[forcing] Каналы [29, 30, 31, 32] — форсинг (из ground truth при AR)
[predict] device=cuda | grid=0x0 | 200/1602 test samples
[Region] 2501 nodes (--region [50.0,60.0]N x [83.0,98.0]E)
[OI] ROI mode: B matrix 2501×2501 (25 MB)
[Inline-obs] 25 станций (1.0% от 2501 узлов, seed=42)
[metrics] Исключены из aggregate метрик: каналы [7, 8, 29, 30, 31, 32] (static+forcing)
[metrics] per-sample MSE будут сохранены в /workdir/paper_results/a33_long_oi1_samples.npz
[assim] Residual-модель: ОИ применяется пошагово в AR-цикле
[Main] Инференс (200 samples, DA=oi)...
  [50/200] RMSE=0.635745 ACC=0.7893
  [100/200] RMSE=0.621621 ACC=0.7926
  [150/200] RMSE=0.616467 ACC=0.7953
  [200/200] RMSE=0.616407 ACC=0.7970
[Save] per-sample metrics → /workdir/paper_results/a33_long_oi1_samples.npz (N=200, AR=56, C=33)

============================================================
=== Inference summary (200 samples) ===
Grid: 0x0 (G=133279) | C=33 | AR=56 horizons
Overall: MSE=0.379957 | RMSE=0.616407 | MAE=0.326662
Baseline: RMSE=0.831300 | MAE=0.488264
Skill: 25.85%
ACC: 0.7970 | base: 0.6345 | Δ=+0.1625

Per-horizon:
  +06h: RMSE=0.122496 | base=0.353267 | skill=65.32% | ACC=0.9922 (base 0.9355)
  +12h: RMSE=0.154320 | base=0.501430 | skill=69.22% | ACC=0.9875 (base 0.8690)
  +18h: RMSE=0.182516 | base=0.592491 | skill=69.20% | ACC=0.9824 (base 0.8160)
  +24h: RMSE=0.201287 | base=0.651720 | skill=69.11% | ACC=0.9783 (base 0.7767)
  +30h: RMSE=0.217079 | base=0.700992 | skill=69.03% | ACC=0.9746 (base 0.7411)
  +36h: RMSE=0.232447 | base=0.734049 | skill=68.33% | ACC=0.9708 (base 0.7157)
  +42h: RMSE=0.248185 | base=0.756769 | skill=67.20% | ACC=0.9666 (base 0.6975)
  +48h: RMSE=0.264025 | base=0.770750 | skill=65.74% | ACC=0.9621 (base 0.6861)
  +54h: RMSE=0.280528 | base=0.786815 | skill=64.35% | ACC=0.9572 (base 0.6726)
  +60h: RMSE=0.297730 | base=0.797070 | skill=62.65% | ACC=0.9517 (base 0.6639)
  +66h: RMSE=0.315548 | base=0.803549 | skill=60.73% | ACC=0.9457 (base 0.6581)
  +72h: RMSE=0.333920 | base=0.805774 | skill=58.56% | ACC=0.9391 (base 0.6561)
  +78h: RMSE=0.352908 | base=0.811859 | skill=56.53% | ACC=0.9320 (base 0.6506)
  +84h: RMSE=0.372374 | base=0.814022 | skill=54.26% | ACC=0.9243 (base 0.6487)
  +90h: RMSE=0.392074 | base=0.814287 | skill=51.85% | ACC=0.9162 (base 0.6483)
  +96h: RMSE=0.411853 | base=0.813067 | skill=49.35% | ACC=0.9076 (base 0.6494)
  +102h: RMSE=0.431696 | base=0.819458 | skill=47.32% | ACC=0.8985 (base 0.6438)
  +108h: RMSE=0.451372 | base=0.826220 | skill=45.37% | ACC=0.8891 (base 0.6380)
  +114h: RMSE=0.470981 | base=0.833532 | skill=43.50% | ACC=0.8794 (base 0.6315)
  +120h: RMSE=0.490349 | base=0.838668 | skill=41.53% | ACC=0.8694 (base 0.6271)
  +126h: RMSE=0.509587 | base=0.848178 | skill=39.92% | ACC=0.8591 (base 0.6185)
  +132h: RMSE=0.528666 | base=0.853947 | skill=38.09% | ACC=0.8485 (base 0.6134)
  +138h: RMSE=0.547352 | base=0.857172 | skill=36.14% | ACC=0.8378 (base 0.6104)
  +144h: RMSE=0.565285 | base=0.857010 | skill=34.04% | ACC=0.8272 (base 0.6107)
  +150h: RMSE=0.582581 | base=0.860816 | skill=32.32% | ACC=0.8166 (base 0.6071)
  +156h: RMSE=0.599460 | base=0.861687 | skill=30.43% | ACC=0.8061 (base 0.6064)
  +162h: RMSE=0.616122 | base=0.861030 | skill=28.44% | ACC=0.7954 (base 0.6070)
  +168h: RMSE=0.632195 | base=0.858442 | skill=26.36% | ACC=0.7850 (base 0.6095)
  +174h: RMSE=0.647515 | base=0.861150 | skill=24.81% | ACC=0.7748 (base 0.6070)
  +180h: RMSE=0.662058 | base=0.862006 | skill=23.20% | ACC=0.7650 (base 0.6064)
  +186h: RMSE=0.675716 | base=0.862110 | skill=21.62% | ACC=0.7555 (base 0.6063)
  +192h: RMSE=0.688165 | base=0.860414 | skill=20.02% | ACC=0.7467 (base 0.6081)
  +198h: RMSE=0.699608 | base=0.864198 | skill=19.05% | ACC=0.7384 (base 0.6047)
  +204h: RMSE=0.710631 | base=0.866006 | skill=17.94% | ACC=0.7304 (base 0.6032)
  +210h: RMSE=0.721332 | base=0.866899 | skill=16.79% | ACC=0.7224 (base 0.6025)
  +216h: RMSE=0.731475 | base=0.865905 | skill=15.52% | ACC=0.7149 (base 0.6036)
  +222h: RMSE=0.741369 | base=0.870217 | skill=14.81% | ACC=0.7074 (base 0.5996)
  +228h: RMSE=0.750842 | base=0.872731 | skill=13.97% | ACC=0.7003 (base 0.5975)
  +234h: RMSE=0.759495 | base=0.874726 | skill=13.17% | ACC=0.6936 (base 0.5958)
  +240h: RMSE=0.766966 | base=0.874987 | skill=12.35% | ACC=0.6877 (base 0.5957)
  +246h: RMSE=0.773633 | base=0.880083 | skill=12.10% | ACC=0.6823 (base 0.5910)
  +252h: RMSE=0.779471 | base=0.882676 | skill=11.69% | ACC=0.6775 (base 0.5888)
  +258h: RMSE=0.784895 | base=0.883826 | skill=11.19% | ACC=0.6730 (base 0.5877)
  +264h: RMSE=0.790006 | base=0.882353 | skill=10.47% | ACC=0.6686 (base 0.5892)
  +270h: RMSE=0.794926 | base=0.885103 | skill=10.19% | ACC=0.6644 (base 0.5865)
  +276h: RMSE=0.799034 | base=0.884968 | skill=9.71% | ACC=0.6609 (base 0.5866)
  +282h: RMSE=0.802629 | base=0.883161 | skill=9.12% | ACC=0.6578 (base 0.5882)
  +288h: RMSE=0.805773 | base=0.879355 | skill=8.37% | ACC=0.6551 (base 0.5917)
  +294h: RMSE=0.808866 | base=0.881746 | skill=8.27% | ACC=0.6524 (base 0.5893)
  +300h: RMSE=0.811481 | base=0.883536 | skill=8.16% | ACC=0.6500 (base 0.5876)
  +306h: RMSE=0.814218 | base=0.884933 | skill=7.99% | ACC=0.6475 (base 0.5862)
  +312h: RMSE=0.816811 | base=0.883943 | skill=7.59% | ACC=0.6452 (base 0.5871)
  +318h: RMSE=0.819085 | base=0.887324 | skill=7.69% | ACC=0.6434 (base 0.5838)
  +324h: RMSE=0.821740 | base=0.888451 | skill=7.51% | ACC=0.6413 (base 0.5828)
  +330h: RMSE=0.824477 | base=0.888550 | skill=7.21% | ACC=0.6392 (base 0.5827)
  +336h: RMSE=0.826961 | base=0.886160 | skill=6.68% | ACC=0.6373 (base 0.5851)

Per-horizon per-channel RMSE (physical units):
         var   unit      +6h     +12h     +18h     +24h     +30h     +36h     +42h     +48h     +54h     +60h     +66h     +72h     +78h     +84h     +90h     +96h    +102h    +108h    +114h    +120h    +126h    +132h    +138h    +144h    +150h    +156h    +162h    +168h    +174h    +180h    +186h    +192h    +198h    +204h    +210h    +216h    +222h    +228h    +234h    +240h    +246h    +252h    +258h    +264h    +270h    +276h    +282h    +288h    +294h    +300h    +306h    +312h    +318h    +324h    +330h    +336h
         t2m      K    0.78°C    0.93°C    1.01°C    1.08°C    1.18°C    1.25°C    1.31°C    1.38°C    1.45°C    1.52°C    1.60°C    1.67°C    1.75°C    1.84°C    1.93°C    2.02°C    2.11°C    2.21°C    2.30°C    2.40°C    2.49°C    2.59°C    2.69°C    2.78°C    2.87°C    2.96°C    3.05°C    3.14°C    3.23°C    3.32°C    3.40°C    3.48°C    3.56°C    3.63°C    3.69°C    3.76°C    3.82°C    3.88°C    3.94°C    4.00°C    4.05°C    4.10°C    4.14°C    4.18°C    4.21°C    4.24°C    4.27°C    4.29°C    4.31°C    4.34°C    4.36°C    4.38°C    4.39°C    4.41°C    4.42°C    4.43°C
         10u    m/s     0.70     0.84     0.95     1.04     1.15     1.26     1.38     1.50     1.63     1.76     1.91     2.05     2.21     2.37     2.52     2.68     2.83     2.98     3.13     3.28     3.42     3.56     3.69     3.81     3.93     4.04     4.15     4.25     4.36     4.46     4.55     4.64     4.72     4.79     4.86     4.93     4.99     5.05     5.10     5.15     5.19     5.22     5.25     5.28     5.31     5.33     5.35     5.36     5.37     5.38     5.40     5.41     5.42     5.44     5.45     5.47
         10v    m/s     0.71     0.85     0.96     1.06     1.17     1.28     1.39     1.52     1.64     1.78     1.92     2.07     2.23     2.38     2.54     2.70     2.86     3.01     3.16     3.31     3.46     3.60     3.74     3.87     3.99     4.10     4.21     4.33     4.43     4.53     4.62     4.70     4.77     4.83     4.90     4.97     5.03     5.10     5.16     5.21     5.25     5.28     5.30     5.33     5.35     5.38     5.40     5.41     5.43     5.44     5.46     5.48     5.49     5.49     5.50     5.51
         msl    hPa     0.57     0.71     0.86     0.99     1.15     1.31     1.49     1.67     1.88     2.10     2.35     2.61     2.89     3.19     3.49     3.81     4.14     4.47     4.80     5.14     5.47     5.79     6.12     6.44     6.75     7.05     7.36     7.67     7.97     8.27     8.55     8.82     9.06     9.29     9.51     9.72     9.92    10.10    10.26    10.38    10.47    10.56    10.65    10.75    10.86    10.98    11.09    11.19    11.27    11.34    11.39    11.44    11.49    11.53    11.58    11.63
       t@850      K    0.63°C    0.75°C    0.84°C    0.90°C    0.97°C    1.04°C    1.11°C    1.18°C    1.26°C    1.34°C    1.43°C    1.53°C    1.63°C    1.73°C    1.84°C    1.96°C    2.08°C    2.20°C    2.32°C    2.44°C    2.56°C    2.69°C    2.81°C    2.93°C    3.06°C    3.18°C    3.30°C    3.41°C    3.53°C    3.64°C    3.75°C    3.85°C    3.95°C    4.04°C    4.13°C    4.20°C    4.28°C    4.35°C    4.42°C    4.48°C    4.54°C    4.59°C    4.63°C    4.67°C    4.71°C    4.74°C    4.77°C    4.80°C    4.83°C    4.86°C    4.90°C    4.93°C    4.96°C    4.98°C    5.01°C    5.03°C
       u@850    m/s     1.06     1.27     1.43     1.57     1.72     1.87     2.04     2.21     2.39     2.58     2.78     2.98     3.20     3.42     3.64     3.87     4.09     4.31     4.52     4.74     4.95     5.15     5.33     5.51     5.69     5.86     6.03     6.19     6.34     6.49     6.64     6.77     6.89     7.00     7.10     7.20     7.30     7.39     7.47     7.54     7.60     7.65     7.70     7.75     7.79     7.83     7.85     7.88     7.91     7.92     7.94     7.95     7.97     7.99     8.02     8.05
       v@850    m/s     1.07     1.27     1.43     1.57     1.72     1.87     2.03     2.20     2.37     2.56     2.76     2.97     3.19     3.41     3.64     3.87     4.09     4.31     4.53     4.74     4.94     5.14     5.34     5.53     5.70     5.86     6.03     6.18     6.33     6.47     6.59     6.70     6.80     6.90     7.00     7.10     7.19     7.28     7.36     7.42     7.47     7.51     7.55     7.59     7.62     7.66     7.69     7.72     7.74     7.76     7.79     7.82     7.84     7.86     7.87     7.89
       z@850    gpm      4.2      5.1      6.2      7.2      8.4      9.7     11.0     12.5     14.1     15.8     17.7     19.7     21.8     24.0     26.4     28.8     31.3     33.8     36.3     38.9     41.4     43.9     46.5     49.0     51.4     53.9     56.3     58.7     61.1     63.4     65.6     67.7     69.5     71.3     73.1     74.7     76.2     77.7     78.9     79.9     80.7     81.5     82.3     83.2     84.1     85.1     86.0     86.8     87.5     88.0     88.4     88.8     89.2     89.6     90.0     90.5
       z@500    gpm      5.6      6.5      7.8      9.2     10.8     12.5     14.3     16.3     18.5     20.9     23.4     26.1     29.0     32.1     35.2     38.4     41.8     45.2     48.7     52.2     55.8     59.4     63.1     66.9     70.6     74.2     77.8     81.3     84.7     88.0     91.0     93.8     96.5     99.0    101.5    103.8    106.1    108.3    110.3    112.0    113.5    114.9    116.2    117.5    118.7    119.8    120.9    121.8    122.7    123.4    124.0    124.6    125.2    125.8    126.5    127.1

Per-channel metrics overall (physical units, avg over 56 horizons):
    #        var      ACC  RMSE_norm    RMSE_phys     unit
    0        t2m   0.9869     0.1513       3.1974        K  (≈3.20 °C)
    1        10u   0.7051     0.7366       4.0985      m/s
    2        10v   0.5877     0.8687       4.1426      m/s
    3        msl   0.7927     0.5882       7.9617      hPa
    4         tp   0.3830     1.0498       0.0021        m
    5         sp   0.9965     0.0838       7.9917      hPa
    6       tcwv   0.9436     0.3337       5.5520    kg/m²
    7     z_surf   0.9998     0.0000       0.0000      gpm
    8        lsm   1.0000     0.0000       0.0000        -
    9      t@850   0.9703     0.2263       3.5078        K  (≈3.51 °C)
   10      u@850   0.7268     0.7272       5.9947      m/s
   11      v@850   0.5354     0.9426       5.9164      m/s
   12      z@850   0.8953     0.4027      61.3903      gpm
   13      q@850   0.9180     0.4036       0.0017    kg/kg
   14      t@500   0.9682     0.2575       3.3601        K  (≈3.36 °C)
   15      u@500   0.7482     0.7134       8.5796      m/s
   16      v@500   0.5409     0.9539       8.7827      m/s
   17      z@500   0.9654     0.2485      85.6363      gpm
   18      q@500   0.7655     0.6456       0.0007    kg/kg
   19      z@250   0.9791     0.2023     114.8743      gpm
   20      t@250   0.9106     0.4092       3.5441        K  (≈3.54 °C)
   21      u@250   0.7850     0.6623      11.9704      m/s
   22      v@250   0.5679     0.9447      12.6999      m/s
   23      q@250   0.7930     0.6082       0.0000    kg/kg
   24     z@1000   0.8030     0.5599      62.3819      gpm
   25     t@1000   0.9824     0.1845       3.1236        K  (≈3.12 °C)
   26     u@1000   0.7070     0.7368       4.5410      m/s
   27     v@1000   0.5840     0.8778       4.6654      m/s
   28     q@1000   0.9780     0.2114       0.0012    kg/kg
   29   sin_hour   0.2155     0.0000       0.0000        ?
   30   cos_hour   0.2155     0.0000       0.0000        ?
   31    sin_doy   0.0812     0.0000       0.0000        ?
   32    cos_doy   0.2285     0.0000       0.0000        ?

--- Region [50.0,60.0]N x [83.0,98.0]E (2501 nodes) ---
RMSE=0.180992 | base=0.663002 | skill=72.70%
ACC=0.8400 | base=0.3366

  Per-horizon (region):
    +06h: RMSE=0.069633 | base=0.251263 | skill=72.29% | ACC=0.9585 (base 0.8078)
    +12h: RMSE=0.081270 | base=0.377203 | skill=78.45% | ACC=0.9469 (base 0.6451)
    +18h: RMSE=0.087695 | base=0.460143 | skill=80.94% | ACC=0.9406 (base 0.5407)
    +24h: RMSE=0.091944 | base=0.517356 | skill=82.23% | ACC=0.9368 (base 0.4779)
    +30h: RMSE=0.096311 | base=0.560485 | skill=82.82% | ACC=0.9325 (base 0.4330)
    +36h: RMSE=0.099731 | base=0.594986 | skill=83.24% | ACC=0.9289 (base 0.3996)
    +42h: RMSE=0.102780 | base=0.623375 | skill=83.51% | ACC=0.9261 (base 0.3731)
    +48h: RMSE=0.105818 | base=0.646586 | skill=83.63% | ACC=0.9236 (base 0.3491)
    +54h: RMSE=0.109029 | base=0.668853 | skill=83.70% | ACC=0.9206 (base 0.3195)
    +60h: RMSE=0.112255 | base=0.683858 | skill=83.59% | ACC=0.9179 (base 0.2964)
    +66h: RMSE=0.115617 | base=0.695377 | skill=83.37% | ACC=0.9151 (base 0.2839)
    +72h: RMSE=0.118918 | base=0.702140 | skill=83.06% | ACC=0.9122 (base 0.2799)
    +78h: RMSE=0.122093 | base=0.707096 | skill=82.73% | ACC=0.9089 (base 0.2789)
    +84h: RMSE=0.125156 | base=0.709482 | skill=82.36% | ACC=0.9054 (base 0.2810)
    +90h: RMSE=0.128119 | base=0.710787 | skill=81.98% | ACC=0.9020 (base 0.2832)
    +96h: RMSE=0.131589 | base=0.710183 | skill=81.47% | ACC=0.8984 (base 0.2859)
    +102h: RMSE=0.135733 | base=0.706347 | skill=80.78% | ACC=0.8941 (base 0.2948)
    +108h: RMSE=0.140523 | base=0.699409 | skill=79.91% | ACC=0.8895 (base 0.3125)
    +114h: RMSE=0.145426 | base=0.694635 | skill=79.06% | ACC=0.8838 (base 0.3316)
    +120h: RMSE=0.150626 | base=0.690937 | skill=78.20% | ACC=0.8777 (base 0.3424)
    +126h: RMSE=0.155078 | base=0.692337 | skill=77.60% | ACC=0.8713 (base 0.3326)
    +132h: RMSE=0.159169 | base=0.692908 | skill=77.03% | ACC=0.8653 (base 0.3189)
    +138h: RMSE=0.164040 | base=0.690994 | skill=76.26% | ACC=0.8595 (base 0.3103)
    +144h: RMSE=0.167453 | base=0.687156 | skill=75.63% | ACC=0.8547 (base 0.3048)
    +150h: RMSE=0.172261 | base=0.682097 | skill=74.75% | ACC=0.8487 (base 0.2981)
    +156h: RMSE=0.176315 | base=0.671256 | skill=73.73% | ACC=0.8430 (base 0.3030)
    +162h: RMSE=0.181229 | base=0.657541 | skill=72.44% | ACC=0.8379 (base 0.3147)
    +168h: RMSE=0.184789 | base=0.644121 | skill=71.31% | ACC=0.8342 (base 0.3287)
    +174h: RMSE=0.188784 | base=0.638126 | skill=70.42% | ACC=0.8303 (base 0.3345)
    +180h: RMSE=0.191735 | base=0.638114 | skill=69.95% | ACC=0.8269 (base 0.3336)
    +186h: RMSE=0.194919 | base=0.644373 | skill=69.75% | ACC=0.8224 (base 0.3299)
    +192h: RMSE=0.199365 | base=0.649721 | skill=69.32% | ACC=0.8170 (base 0.3264)
    +198h: RMSE=0.201616 | base=0.652601 | skill=69.11% | ACC=0.8131 (base 0.3222)
    +204h: RMSE=0.202708 | base=0.649834 | skill=68.81% | ACC=0.8097 (base 0.3262)
    +210h: RMSE=0.204948 | base=0.644826 | skill=68.22% | ACC=0.8065 (base 0.3351)
    +216h: RMSE=0.208030 | base=0.641761 | skill=67.58% | ACC=0.8003 (base 0.3404)
    +222h: RMSE=0.211875 | base=0.644661 | skill=67.13% | ACC=0.7960 (base 0.3398)
    +228h: RMSE=0.215233 | base=0.651040 | skill=66.94% | ACC=0.7907 (base 0.3329)
    +234h: RMSE=0.217051 | base=0.661963 | skill=67.21% | ACC=0.7866 (base 0.3203)
    +240h: RMSE=0.219441 | base=0.671395 | skill=67.32% | ACC=0.7825 (base 0.3153)
    +246h: RMSE=0.221327 | base=0.681015 | skill=67.50% | ACC=0.7793 (base 0.3089)
    +252h: RMSE=0.222493 | base=0.690167 | skill=67.76% | ACC=0.7760 (base 0.3042)
    +258h: RMSE=0.221660 | base=0.698155 | skill=68.25% | ACC=0.7740 (base 0.3005)
    +264h: RMSE=0.223289 | base=0.703011 | skill=68.24% | ACC=0.7711 (base 0.2972)
    +270h: RMSE=0.224008 | base=0.706980 | skill=68.31% | ACC=0.7679 (base 0.2900)
    +276h: RMSE=0.226324 | base=0.707588 | skill=68.01% | ACC=0.7655 (base 0.2898)
    +282h: RMSE=0.227655 | base=0.706284 | skill=67.77% | ACC=0.7629 (base 0.2949)
    +288h: RMSE=0.227206 | base=0.703027 | skill=67.68% | ACC=0.7641 (base 0.3052)
    +294h: RMSE=0.227350 | base=0.702634 | skill=67.64% | ACC=0.7629 (base 0.3097)
    +300h: RMSE=0.229654 | base=0.704405 | skill=67.40% | ACC=0.7612 (base 0.3080)
    +306h: RMSE=0.231055 | base=0.707758 | skill=67.35% | ACC=0.7609 (base 0.2997)
    +312h: RMSE=0.233160 | base=0.708848 | skill=67.11% | ACC=0.7579 (base 0.2903)
    +318h: RMSE=0.232099 | base=0.708842 | skill=67.26% | ACC=0.7565 (base 0.2821)
    +324h: RMSE=0.232491 | base=0.705357 | skill=67.04% | ACC=0.7543 (base 0.2833)
    +330h: RMSE=0.233992 | base=0.698722 | skill=66.51% | ACC=0.7534 (base 0.2961)
    +336h: RMSE=0.233773 | base=0.692018 | skill=66.22% | ACC=0.7545 (base 0.3062)

  Per-horizon per-channel RMSE — REGION (2501 nodes):
           var   unit      +6h     +12h     +18h     +24h     +30h     +36h     +42h     +48h     +54h     +60h     +66h     +72h     +78h     +84h     +90h     +96h    +102h    +108h    +114h    +120h    +126h    +132h    +138h    +144h    +150h    +156h    +162h    +168h    +174h    +180h    +186h    +192h    +198h    +204h    +210h    +216h    +222h    +228h    +234h    +240h    +246h    +252h    +258h    +264h    +270h    +276h    +282h    +288h    +294h    +300h    +306h    +312h    +318h    +324h    +330h    +336h
           t2m      K    1.18°C    1.46°C    1.57°C    1.66°C    1.77°C    1.83°C    1.87°C    1.91°C    1.95°C    1.98°C    2.01°C    2.03°C    2.07°C    2.10°C    2.12°C    2.15°C    2.18°C    2.21°C    2.24°C    2.27°C    2.30°C    2.35°C    2.39°C    2.43°C    2.45°C    2.47°C    2.49°C    2.51°C    2.52°C    2.53°C    2.56°C    2.59°C    2.63°C    2.67°C    2.70°C    2.73°C    2.78°C    2.82°C    2.86°C    2.90°C    2.93°C    2.98°C    3.02°C    3.04°C    3.06°C    3.10°C    3.12°C    3.12°C    3.14°C    3.16°C    3.17°C    3.18°C    3.19°C    3.20°C    3.21°C    3.23°C
           10u    m/s     0.47     0.57     0.63     0.66     0.70     0.73     0.75     0.76     0.78     0.80     0.81     0.83     0.85     0.86     0.88     0.89     0.91     0.92     0.93     0.94     0.95     0.97     0.98     0.99     1.02     1.04     1.05     1.06     1.05     1.05     1.06     1.07     1.07     1.09     1.10     1.11     1.13     1.14     1.15     1.16     1.16     1.16     1.14     1.15     1.15     1.16     1.17     1.16     1.14     1.15     1.16     1.17     1.18     1.19     1.20     1.19
           10v    m/s     0.45     0.55     0.59     0.62     0.66     0.69     0.70     0.72     0.74     0.75     0.77     0.78     0.80     0.81     0.82     0.83     0.85     0.86     0.88     0.89     0.91     0.92     0.94     0.95     0.96     0.97     0.97     0.98     0.99     1.00     1.00     1.01     1.02     1.03     1.04     1.05     1.07     1.08     1.08     1.10     1.10     1.10     1.09     1.10     1.12     1.12     1.11     1.10     1.10     1.11     1.11     1.11     1.12     1.14     1.14     1.14
           msl    hPa     0.62     0.80     0.92     1.02     1.11     1.18     1.23     1.28     1.34     1.38     1.43     1.48     1.53     1.57     1.61     1.67     1.75     1.83     1.91     2.00     2.09     2.19     2.28     2.35     2.42     2.49     2.57     2.66     2.76     2.85     2.96     3.06     3.17     3.25     3.34     3.43     3.52     3.59     3.66     3.71     3.77     3.81     3.80     3.80     3.83     3.85     3.85     3.86     3.86     3.90     3.94     4.00     4.05     4.10     4.15     4.19
         t@850      K    0.70°C    0.89°C    1.01°C    1.08°C    1.14°C    1.18°C    1.21°C    1.23°C    1.25°C    1.27°C    1.28°C    1.30°C    1.32°C    1.34°C    1.36°C    1.38°C    1.40°C    1.43°C    1.46°C    1.49°C    1.52°C    1.56°C    1.59°C    1.61°C    1.64°C    1.67°C    1.69°C    1.70°C    1.72°C    1.75°C    1.78°C    1.83°C    1.87°C    1.91°C    1.94°C    1.97°C    2.03°C    2.07°C    2.11°C    2.13°C    2.15°C    2.18°C    2.20°C    2.26°C    2.30°C    2.32°C    2.30°C    2.30°C    2.31°C    2.33°C    2.35°C    2.35°C    2.34°C    2.32°C    2.31°C    2.32°C
         u@850    m/s     1.07     1.28     1.40     1.48     1.54     1.58     1.63     1.67     1.70     1.74     1.78     1.82     1.86     1.89     1.92     1.96     2.02     2.07     2.12     2.15     2.20     2.28     2.34     2.41     2.48     2.53     2.57     2.58     2.59     2.63     2.65     2.71     2.75     2.83     2.84     2.90     2.96     3.02     3.01     3.05     3.08     3.08     3.04     2.98     2.97     2.97     3.01     2.97     2.97     3.00     3.01     3.07     3.09     3.07     3.06     3.04
         v@850    m/s     0.93     1.08     1.17     1.24     1.29     1.34     1.38     1.42     1.46     1.50     1.54     1.59     1.62     1.64     1.69     1.75     1.78     1.82     1.86     1.92     1.95     1.98     2.04     2.04     2.08     2.14     2.21     2.25     2.33     2.35     2.38     2.43     2.46     2.44     2.48     2.53     2.53     2.57     2.58     2.60     2.58     2.55     2.51     2.58     2.65     2.72     2.71     2.68     2.71     2.71     2.75     2.75     2.69     2.73     2.76     2.76
         z@850    gpm      2.6      3.4      4.1      4.6      5.1      5.5      5.9      6.3      6.7      7.1      7.5      7.9      8.2      8.5      9.0      9.5     10.2     10.9     11.6     12.4     13.2     14.0     14.6     15.1     15.6     16.2     17.0     17.9     18.8     19.8     20.8     21.7     22.7     23.5     24.3     25.0     25.7     26.3     26.9     27.4     27.9     28.3     28.3     28.3     28.4     28.4     28.4     28.4     28.6     28.9     29.3     29.8     30.2     30.4     30.8     31.1
         z@500    gpm      3.8      4.9      5.7      6.3      6.8      7.4      7.9      8.4      8.9      9.5     10.2     10.9     11.5     12.2     12.8     13.7     14.5     15.5     16.8     18.1     19.6     20.9     22.0     22.9     24.1     25.2     26.3     27.5     28.6     29.8     31.2     32.9     34.5     35.9     37.2     38.4     39.8     41.3     42.6     43.1     44.1     45.4     46.4     47.3     47.7     47.7     47.7     47.7     47.7     47.8     48.0     48.1     48.4     48.6     49.1     49.9

  Per-channel region (physical units, avg over 56 horizons):
      #        var      ACC  RMSE_norm    RMSE_phys     unit
      0        t2m   0.8974     0.1209       2.5547        K  (≈2.55 °C)
      1        10u   0.7899     0.1812       1.0081      m/s
      2        10v   0.7315     0.2005       0.9563      m/s
      3        msl   0.8736     0.2123       2.8741      hPa
      4         tp   0.5251     0.0584       0.0001        m
      5         sp   0.9993     0.0309       2.9463      hPa
      6       tcwv   0.9104     0.0401       0.6668    kg/m²
      7     z_surf   1.0000     0.0000       0.0000      gpm
      8        lsm   1.0000     0.0000       0.0000        -
      9      t@850   0.8505     0.1159       1.7975        K  (≈1.80 °C)
     10      u@850   0.8874     0.3040       2.5058      m/s
     11      v@850   0.8129     0.3496       2.1942      m/s
     12      z@850   0.9179     0.1343      20.4694      gpm
     13      q@850   0.8329     0.0609       0.0003    kg/kg
     14      t@500   0.8841     0.0945       1.2332        K  (≈1.23 °C)
     15      u@500   0.8591     0.2570       3.0906      m/s
     16      v@500   0.8516     0.3435       3.1623      m/s
     17      z@500   0.9098     0.0944      32.5312      gpm
     18      q@500   0.8011     0.0651       0.0001    kg/kg
     19      z@250   0.8975     0.0777      44.1560      gpm
     20      t@250   0.8278     0.1170       1.0131        K  (≈1.01 °C)
     21      u@250   0.8666     0.2199       3.9745      m/s
     22      v@250   0.8563     0.3221       4.3300      m/s
     23      q@250   0.7013     0.0307       0.0000    kg/kg
     24     z@1000   0.8819     0.1954      21.7668      gpm
     25     t@1000   0.9026     0.1318       2.2318        K  (≈2.23 °C)
     26     u@1000   0.7860     0.1665       1.0263      m/s
     27     v@1000   0.7614     0.1797       0.9550      m/s
     28     q@1000   0.8636     0.0394       0.0002    kg/kg
     29   sin_hour   0.0155     0.0000       0.0000        ?
     30   cos_hour   0.0155     0.0000       0.0000        ?
     31    sin_doy   0.0021     0.0000       0.0000        ?
     32    cos_doy   0.0094     0.0000       0.0000        ?
============================================================
