[11.08 09:07:14] === COSINE LR ABLATION START ===
[11.08 09:07:14] GPU: 0 MiB
[11.08 09:07:14] нет окружения или регионального датасета — запускаю подготовку (часы)
[11.08 09:07:17] подготовка rc=0
[11.08 09:07:17] нет /data/datasets/multires_krsk_33f — собираю 33-канальный региональный датасет (часы CPU)
[11.08 09:07:17] сборка rc=1 размер 4.0K
[11.08 09:07:17] датасета так и нет — стоп
[11.08 09:10:17] === COSINE LR ABLATION START ===
[11.08 09:10:17] GPU: 0 MiB
[11.08 09:10:17] нет окружения или регионального датасета — запускаю подготовку (часы)
[11.08 09:10:20] подготовка rc=0
[11.08 09:10:20] нет /data/datasets/multires_krsk_33f — собираю 33-канальный региональный датасет (часы CPU)
[11.08 09:31:13] сборка rc=0 размер 56G
[11.08 09:31:13] коммит: 8754837
[11.08 09:31:13] ВНИМАНИЕ: незакоммиченные изменения — модель будет невоспроизводима
[11.08 09:31:13] START обучения multires_krsk_33f_cosine (косинус, разогрев 1000 шагов)
[13.08 14:07:51] DONE обучение rc=0
[13.08 14:07:51] START оценки на тестовом окне
[13.08 14:43:47] DONE оценка | skill=74.53%
         msl    hPa     0.60     0.76     0.95     1.10
           t2m      K    1.29°C    1.52°C    1.59°C    1.67°C
           msl    hPa     0.69     0.89     1.07     1.23
[13.08 14:43:47] сравнивать с multires_krsk_33f: t2m 1.32/1.53/1.59/1.66 °C, успешность 75.31 %
[13.08 14:43:47] === ALL DONE ===
