[predict] data_dir=/data/datasets/multires_krsk_33f (chunked=True, pred_steps=4)
[ChunkDataset] склеиваем data.npy (19ch) + data_extra.npy (14ch) → 33ch
[ChunkDataset] train: 12853 samples, flat_nodes=133279, feat=33, obs=2, pred=4
[ChunkDataset] склеиваем data.npy (19ch) + data_extra.npy (14ch) → 33ch
[ChunkDataset] val: 1607 samples, flat_nodes=133279, feat=33, obs=2, pred=4
[ChunkDataset] склеиваем data.npy (19ch) + data_extra.npy (14ch) → 33ch
[ChunkDataset] test_only: 1607 samples, flat_nodes=133279, feat=33, obs=2, pred=4
[graph] уровни меша [4, 6], признаки рёбер: legacy
[processor] InteractionNet: 12 шагов, агрегация 'mean'
Encoder summary: 
+---------------------------+----------------------------+----------------+----------+
| Layer                     | Input Shape                | Output Shape   | #Param   |
|---------------------------+----------------------------+----------------+----------|
| Model                     | [174241, 72], [2, 207099]  | [174241, 256]  | 348,162  |
| ├─(mlp)MLP                |                            | [174241, 256]  | 150,786  |
| │    └─(MLP)ModuleList    | --                         | --             | 150,786  |
| │    │    └─(0)Linear     | [174241, 72]               | [174241, 256]  | 18,688   |
| │    │    └─(1)PReLU      | [174241, 256]              | [174241, 256]  | 1        |
| │    │    └─(2)Linear     | [174241, 256]              | [174241, 256]  | 65,792   |
| │    │    └─(3)PReLU      | [174241, 256]              | [174241, 256]  | 1        |
| │    │    └─(4)Linear     | [174241, 256]              | [174241, 256]  | 65,792   |
| │    │    └─(5)LayerNorm  | [174241, 256]              | [174241, 256]  | 512      |
| ├─(graph_layer)GraphLayer |                            | [174241, 256]  | 197,376  |
| │    └─(activation)SiLU   | [174241, 256]              | [174241, 256]  | --       |
| │    └─(layers)ModuleList | --                         | --             | 197,376  |
| │    │    └─(0)GCNConv    | [174241, 256], [2, 207099] | [174241, 256]  | 65,792   |
| │    │    └─(1)SiLU       | [174241, 256]              | [174241, 256]  | --       |
| │    │    └─(2)GCNConv    | [174241, 256], [2, 207099] | [174241, 256]  | 65,792   |
| │    │    └─(3)SiLU       | --                         | --             | --       |
| │    │    └─(4)GCNConv    | [174241, 256], [2, 207099] | [174241, 256]  | 65,792   |
+---------------------------+----------------------------+----------------+----------+

Processor summary: 
  (summary skipped: Expected all tensors to be on the same device, but found at least two devices, cuda:0 and cpu! (when checking argument for argument mat1 in method wrapper_CUDA_addmm))

Decoder summary: 
+---------------------------+----------------------------+----------------+----------+
| Layer                     | Input Shape                | Output Shape   | #Param   |
|---------------------------+----------------------------+----------------+----------|
| Model                     | [174241, 256], [2, 399837] | [174241, 33]   | 152,483  |
| ├─(mlp)MLP                |                            | [174241, 128]  | 115,202  |
| │    └─(MLP)ModuleList    | --                         | --             | 115,202  |
| │    │    └─(0)Linear     | [174241, 256]              | [174241, 256]  | 65,792   |
| │    │    └─(1)PReLU      | [174241, 256]              | [174241, 256]  | 1        |
| │    │    └─(2)Linear     | [174241, 256]              | [174241, 128]  | 32,896   |
| │    │    └─(3)PReLU      | [174241, 128]              | [174241, 128]  | 1        |
| │    │    └─(4)Linear     | [174241, 128]              | [174241, 128]  | 16,512   |
| ├─(graph_layer)GraphLayer |                            | [174241, 33]   | 37,281   |
| │    └─(activation)SiLU   | [174241, 128]              | [174241, 128]  | --       |
| │    └─(layers)ModuleList | --                         | --             | 37,281   |
| │    │    └─(0)GCNConv    | [174241, 128], [2, 399837] | [174241, 128]  | 16,512   |
| │    │    └─(1)SiLU       | [174241, 128]              | [174241, 128]  | --       |
| │    │    └─(2)GCNConv    | [174241, 128], [2, 399837] | [174241, 128]  | 16,512   |
| │    │    └─(3)SiLU       | --                         | --             | --       |
| │    │    └─(4)GCNConv    | [174241, 128], [2, 399837] | [174241, 33]   | 4,257    |
+---------------------------+----------------------------+----------------+----------+

[AR-rollout] Модель выдаёт 1 шаг(ов), но мы прогоним 4 шагов авторегрессионно.
[static] Каналы [7, 8] — статика, carry-forward при AR
[forcing] Каналы [29, 30, 31, 32] — форсинг (из ground truth при AR)
[predict] device=cuda | grid=0x0 | 2000/1607 test samples
[Region] 2501 nodes (--region [50.0,60.0]N x [83.0,98.0]E)
[metrics] Исключены из aggregate метрик: каналы [7, 8, 29, 30, 31, 32] (static+forcing)
[metrics] per-sample MSE будут сохранены в /workdir/paper_results/krsk_v3lr_roi_samples.npz
[Main] Инференс (2000 samples, DA=none)...
  [50/2000] RMSE=0.169229 ACC=0.9854
  [100/2000] RMSE=0.164707 ACC=0.9854
  [150/2000] RMSE=0.167805 ACC=0.9852
  [200/2000] RMSE=0.168367 ACC=0.9852
  [250/2000] RMSE=0.168861 ACC=0.9852
  [300/2000] RMSE=0.169244 ACC=0.9852
  [350/2000] RMSE=0.169841 ACC=0.9852
  [400/2000] RMSE=0.169909 ACC=0.9852
  [450/2000] RMSE=0.170143 ACC=0.9852
  [500/2000] RMSE=0.169785 ACC=0.9852
  [550/2000] RMSE=0.169720 ACC=0.9852
  [600/2000] RMSE=0.169877 ACC=0.9851
  [650/2000] RMSE=0.169902 ACC=0.9851
  [700/2000] RMSE=0.170293 ACC=0.9851
  [750/2000] RMSE=0.170818 ACC=0.9851
  [800/2000] RMSE=0.170683 ACC=0.9850
  [850/2000] RMSE=0.170876 ACC=0.9850
  [900/2000] RMSE=0.170981 ACC=0.9850
  [950/2000] RMSE=0.171056 ACC=0.9850
  [1000/2000] RMSE=0.171024 ACC=0.9851
  [1050/2000] RMSE=0.171265 ACC=0.9851
  [1100/2000] RMSE=0.171399 ACC=0.9850
  [1150/2000] RMSE=0.171446 ACC=0.9851
  [1200/2000] RMSE=0.171275 ACC=0.9851
  [1250/2000] RMSE=0.170979 ACC=0.9851
  [1300/2000] RMSE=0.170721 ACC=0.9852
  [1350/2000] RMSE=0.170398 ACC=0.9852
  [1400/2000] RMSE=0.170327 ACC=0.9852
  [1450/2000] RMSE=0.170121 ACC=0.9852
  [1500/2000] RMSE=0.169913 ACC=0.9852
  [1550/2000] RMSE=0.169647 ACC=0.9852
  [1600/2000] RMSE=0.169402 ACC=0.9853
[Save] per-sample metrics → /workdir/paper_results/krsk_v3lr_roi_samples.npz (N=1607, AR=4, C=33)

============================================================
=== Inference summary (1607 samples) ===
Grid: 0x0 (G=133279) | C=33 | AR=4 horizons
Overall: MSE=0.028686 | RMSE=0.169370 | MAE=0.081369
Baseline: RMSE=0.548209 | MAE=0.281325
Skill: 69.10%
ACC: 0.9853 | base: 0.8500 | Δ=+0.1353

Per-horizon:
  +06h: RMSE=0.124398 | base=0.363277 | skill=65.76% | ACC=0.9922 (base 0.9343)
  +12h: RMSE=0.155856 | base=0.514900 | skill=69.73% | ACC=0.9877 (base 0.8677)
  +18h: RMSE=0.184009 | base=0.605222 | skill=69.60% | ACC=0.9826 (base 0.8171)
  +24h: RMSE=0.202779 | base=0.662380 | skill=69.39% | ACC=0.9786 (base 0.7808)

Per-horizon per-channel RMSE (physical units):
         var   unit      +6h     +12h     +18h     +24h
         t2m      K    0.79°C    0.92°C    0.99°C    1.06°C
         10u    m/s     0.71     0.85     0.95     1.05
         10v    m/s     0.71     0.85     0.96     1.07
         msl    hPa     0.60     0.75     0.89     1.02
       t@850      K    0.65°C    0.78°C    0.87°C    0.94°C
       u@850    m/s     1.08     1.29     1.45     1.59
       v@850    m/s     1.08     1.28     1.44     1.58
       z@850    gpm      4.4      5.4      6.4      7.4
       z@500    gpm      5.7      6.7      8.0      9.3

Per-channel metrics overall (physical units, avg over 4 horizons):
    #        var      ACC  RMSE_norm    RMSE_phys     unit
    0        t2m   0.9989     0.0448       0.9457        K  (≈0.95 °C)
    1        10u   0.9866     0.1616       0.8991      m/s
    2        10v   0.9814     0.1905       0.9086      m/s
    3        msl   0.9981     0.0614       0.8306      hPa
    4         tp   0.8606     0.5132       0.0010        m
    5         sp   1.0000     0.0102       0.9742      hPa
    6       tcwv   0.9964     0.0844       1.4049    kg/m²
    7     z_surf   0.9998     0.0000       0.0000      gpm
    8        lsm   1.0000     0.0000       0.0000        -
    9      t@850   0.9986     0.0525       0.8136        K  (≈0.81 °C)
   10      u@850   0.9862     0.1654       1.3637      m/s
   11      v@850   0.9762     0.2167       1.3603      m/s
   12      z@850   0.9992     0.0393       5.9934      gpm
   13      q@850   0.9882     0.1526       0.0006    kg/kg
   14      t@500   0.9989     0.0464       0.6054        K  (≈0.61 °C)
   15      u@500   0.9885     0.1505       1.8097      m/s
   16      v@500   0.9800     0.1984       1.8267      m/s
   17      z@500   0.9998     0.0220       7.5690      gpm
   18      q@500   0.9730     0.2329       0.0003    kg/kg
   19      z@250   0.9998     0.0191      10.8576      gpm
   20      t@250   0.9964     0.0854       0.7394        K  (≈0.74 °C)
   21      u@250   0.9911     0.1327       2.3992      m/s
   22      v@250   0.9838     0.1783       2.3967      m/s
   23      q@250   0.9574     0.2937       0.0000    kg/kg
   24     z@1000   0.9984     0.0566       6.3109      gpm
   25     t@1000   0.9987     0.0505       0.8544        K  (≈0.85 °C)
   26     u@1000   0.9868     0.1602       0.9876      m/s
   27     v@1000   0.9817     0.1887       1.0026      m/s
   28     q@1000   0.9977     0.0679       0.0004    kg/kg
   29   sin_hour   0.2155     0.0000       0.0000        ?
   30   cos_hour   0.2155     0.0000       0.0000        ?
   31    sin_doy   0.1761     0.0000       0.0000        ?
   32    cos_doy   0.1927     0.0000       0.0000        ?

--- Region [50.0,60.0]N x [83.0,98.0]E (2501 nodes) ---
RMSE=0.111652 | base=0.421000 | skill=73.48%
ACC=0.9138 | base=0.5746

  Per-horizon (region):
    +06h: RMSE=0.092876 | base=0.268288 | skill=65.38% | ACC=0.9352 (base 0.7685)
    +12h: RMSE=0.107195 | base=0.392209 | skill=72.67% | ACC=0.9173 (base 0.5945)
    +18h: RMSE=0.117162 | base=0.466936 | skill=74.91% | ACC=0.9063 (base 0.4955)
    +24h: RMSE=0.126573 | base=0.514906 | skill=75.42% | ACC=0.8964 (base 0.4398)

  Per-horizon per-channel RMSE — REGION (2501 nodes):
           var   unit      +6h     +12h     +18h     +24h
           t2m      K    1.31°C    1.52°C    1.58°C    1.65°C
           10u    m/s     0.59     0.67     0.71     0.74
           10v    m/s     0.58     0.66     0.69     0.71
           msl    hPa     0.68     0.85     1.00     1.12
         t@850      K    0.75°C    0.90°C    0.99°C    1.05°C
         u@850    m/s     1.24     1.44     1.57     1.67
         v@850    m/s     1.13     1.28     1.38     1.48
         z@850    gpm      4.1      5.2      6.3      7.3
         z@500    gpm      5.5      6.8      8.2      9.5

  Per-channel region (physical units, avg over 4 horizons):
      #        var      ACC  RMSE_norm    RMSE_phys     unit
      0        t2m   0.9374     0.0719       1.5194        K  (≈1.52 °C)
      1        10u   0.8956     0.1222       0.6801      m/s
      2        10v   0.8715     0.1383       0.6594      m/s
      3        msl   0.9734     0.0684       0.9263      hPa
      4         tp   0.5268     0.1067       0.0002        m
      5         sp   0.9999     0.0110       1.0452      hPa
      6       tcwv   0.9519     0.0578       0.9615    kg/m²
      7     z_surf   1.0000     0.0000       0.0000      gpm
      8        lsm   1.0000     0.0000       0.0000        -
      9      t@850   0.9518     0.0599       0.9279        K  (≈0.93 °C)
     10      u@850   0.9386     0.1803       1.4865      m/s
     11      v@850   0.9077     0.2110       1.3245      m/s
     12      z@850   0.9844     0.0384       5.8609      gpm
     13      q@850   0.8686     0.0996       0.0004    kg/kg
     14      t@500   0.9601     0.0451       0.5884        K  (≈0.59 °C)
     15      u@500   0.9399     0.1511       1.8171      m/s
     16      v@500   0.9435     0.1928       1.7748      m/s
     17      z@500   0.9918     0.0222       7.6400      gpm
     18      q@500   0.8785     0.1420       0.0002    kg/kg
     19      z@250   0.9908     0.0200      11.3691      gpm
     20      t@250   0.9161     0.0905       0.7834        K  (≈0.78 °C)
     21      u@250   0.9511     0.1334       2.4115      m/s
     22      v@250   0.9533     0.1762       2.3682      m/s
     23      q@250   0.7629     0.0800       0.0000    kg/kg
     24     z@1000   0.9771     0.0619       6.8918      gpm
     25     t@1000   0.9453     0.0673       1.1398        K  (≈1.14 °C)
     26     u@1000   0.8883     0.1065       0.6565      m/s
     27     v@1000   0.8734     0.1169       0.6211      m/s
     28     q@1000   0.8929     0.0772       0.0005    kg/kg
     29   sin_hour   0.0155     0.0000       0.0000        ?
     30   cos_hour   0.0155     0.0000       0.0000        ?
     31    sin_doy   0.0066     0.0000       0.0000        ?
     32    cos_doy   0.0067     0.0000       0.0000        ?
============================================================
