[predict] data_dir=/data/datasets/multires_krsk_33f (chunked=True, pred_steps=4)
[ChunkDataset] склеиваем data.npy (19ch) + data_extra.npy (14ch) → 33ch
[ChunkDataset] train: 12853 samples, flat_nodes=133279, feat=33, obs=2, pred=4
[ChunkDataset] склеиваем data.npy (19ch) + data_extra.npy (14ch) → 33ch
[ChunkDataset] val: 1607 samples, flat_nodes=133279, feat=33, obs=2, pred=4
[ChunkDataset] склеиваем data.npy (19ch) + data_extra.npy (14ch) → 33ch
[ChunkDataset] test_only: 1607 samples, flat_nodes=133279, feat=33, obs=2, pred=4
[graph] уровни меша [4, 6], признаки рёбер: legacy
[processor] InteractionNet: 12 шагов, агрегация 'mean'
Encoder summary: 
+---------------------------+----------------------------+----------------+----------+
| Layer                     | Input Shape                | Output Shape   | #Param   |
|---------------------------+----------------------------+----------------+----------|
| Model                     | [174241, 72], [2, 207099]  | [174241, 256]  | 348,162  |
| ├─(mlp)MLP                |                            | [174241, 256]  | 150,786  |
| │    └─(MLP)ModuleList    | --                         | --             | 150,786  |
| │    │    └─(0)Linear     | [174241, 72]               | [174241, 256]  | 18,688   |
| │    │    └─(1)PReLU      | [174241, 256]              | [174241, 256]  | 1        |
| │    │    └─(2)Linear     | [174241, 256]              | [174241, 256]  | 65,792   |
| │    │    └─(3)PReLU      | [174241, 256]              | [174241, 256]  | 1        |
| │    │    └─(4)Linear     | [174241, 256]              | [174241, 256]  | 65,792   |
| │    │    └─(5)LayerNorm  | [174241, 256]              | [174241, 256]  | 512      |
| ├─(graph_layer)GraphLayer |                            | [174241, 256]  | 197,376  |
| │    └─(activation)SiLU   | [174241, 256]              | [174241, 256]  | --       |
| │    └─(layers)ModuleList | --                         | --             | 197,376  |
| │    │    └─(0)GCNConv    | [174241, 256], [2, 207099] | [174241, 256]  | 65,792   |
| │    │    └─(1)SiLU       | [174241, 256]              | [174241, 256]  | --       |
| │    │    └─(2)GCNConv    | [174241, 256], [2, 207099] | [174241, 256]  | 65,792   |
| │    │    └─(3)SiLU       | --                         | --             | --       |
| │    │    └─(4)GCNConv    | [174241, 256], [2, 207099] | [174241, 256]  | 65,792   |
+---------------------------+----------------------------+----------------+----------+

Processor summary: 
  (summary skipped: Expected all tensors to be on the same device, but found at least two devices, cuda:0 and cpu! (when checking argument for argument mat1 in method wrapper_CUDA_addmm))

Decoder summary: 
+---------------------------+----------------------------+----------------+----------+
| Layer                     | Input Shape                | Output Shape   | #Param   |
|---------------------------+----------------------------+----------------+----------|
| Model                     | [174241, 256], [2, 399837] | [174241, 33]   | 152,483  |
| ├─(mlp)MLP                |                            | [174241, 128]  | 115,202  |
| │    └─(MLP)ModuleList    | --                         | --             | 115,202  |
| │    │    └─(0)Linear     | [174241, 256]              | [174241, 256]  | 65,792   |
| │    │    └─(1)PReLU      | [174241, 256]              | [174241, 256]  | 1        |
| │    │    └─(2)Linear     | [174241, 256]              | [174241, 128]  | 32,896   |
| │    │    └─(3)PReLU      | [174241, 128]              | [174241, 128]  | 1        |
| │    │    └─(4)Linear     | [174241, 128]              | [174241, 128]  | 16,512   |
| ├─(graph_layer)GraphLayer |                            | [174241, 33]   | 37,281   |
| │    └─(activation)SiLU   | [174241, 128]              | [174241, 128]  | --       |
| │    └─(layers)ModuleList | --                         | --             | 37,281   |
| │    │    └─(0)GCNConv    | [174241, 128], [2, 399837] | [174241, 128]  | 16,512   |
| │    │    └─(1)SiLU       | [174241, 128]              | [174241, 128]  | --       |
| │    │    └─(2)GCNConv    | [174241, 128], [2, 399837] | [174241, 128]  | 16,512   |
| │    │    └─(3)SiLU       | --                         | --             | --       |
| │    │    └─(4)GCNConv    | [174241, 128], [2, 399837] | [174241, 33]   | 4,257    |
+---------------------------+----------------------------+----------------+----------+

[AR-rollout] Модель выдаёт 1 шаг(ов), но мы прогоним 4 шагов авторегрессионно.
[static] Каналы [7, 8] — статика, carry-forward при AR
[forcing] Каналы [29, 30, 31, 32] — форсинг (из ground truth при AR)
[predict] device=cuda | grid=0x0 | 2000/1607 test samples
[Region] 2501 nodes (--region [50.0,60.0]N x [83.0,98.0]E)
[metrics] Исключены из aggregate метрик: каналы [7, 8, 29, 30, 31, 32] (static+forcing)
[metrics] per-sample MSE будут сохранены в /workdir/paper_results/roiw30_krsk_roi_best_samples.npz
[Main] Инференс (2000 samples, DA=none)...
  [50/2000] RMSE=0.170266 ACC=0.9852
  [100/2000] RMSE=0.165690 ACC=0.9852
  [150/2000] RMSE=0.168792 ACC=0.9850
  [200/2000] RMSE=0.169370 ACC=0.9850
  [250/2000] RMSE=0.169857 ACC=0.9851
  [300/2000] RMSE=0.170252 ACC=0.9850
  [350/2000] RMSE=0.170862 ACC=0.9851
  [400/2000] RMSE=0.170941 ACC=0.9850
  [450/2000] RMSE=0.171153 ACC=0.9850
  [500/2000] RMSE=0.170785 ACC=0.9850
  [550/2000] RMSE=0.170713 ACC=0.9850
  [600/2000] RMSE=0.170887 ACC=0.9850
  [650/2000] RMSE=0.170919 ACC=0.9849
  [700/2000] RMSE=0.171320 ACC=0.9849
  [750/2000] RMSE=0.171850 ACC=0.9849
  [800/2000] RMSE=0.171705 ACC=0.9849
  [850/2000] RMSE=0.171896 ACC=0.9849
  [900/2000] RMSE=0.171998 ACC=0.9848
  [950/2000] RMSE=0.172071 ACC=0.9849
  [1000/2000] RMSE=0.172040 ACC=0.9849
  [1050/2000] RMSE=0.172284 ACC=0.9849
  [1100/2000] RMSE=0.172413 ACC=0.9849
  [1150/2000] RMSE=0.172459 ACC=0.9849
  [1200/2000] RMSE=0.172279 ACC=0.9849
  [1250/2000] RMSE=0.171979 ACC=0.9849
  [1300/2000] RMSE=0.171717 ACC=0.9850
  [1350/2000] RMSE=0.171390 ACC=0.9850
  [1400/2000] RMSE=0.171324 ACC=0.9850
  [1450/2000] RMSE=0.171115 ACC=0.9850
  [1500/2000] RMSE=0.170905 ACC=0.9850
  [1550/2000] RMSE=0.170636 ACC=0.9851
  [1600/2000] RMSE=0.170392 ACC=0.9851
[Save] per-sample metrics → /workdir/paper_results/roiw30_krsk_roi_best_samples.npz (N=1607, AR=4, C=33)

============================================================
=== Inference summary (1607 samples) ===
Grid: 0x0 (G=133279) | C=33 | AR=4 horizons
Overall: MSE=0.029023 | RMSE=0.170360 | MAE=0.081846
Baseline: RMSE=0.548209 | MAE=0.281325
Skill: 68.92%
ACC: 0.9851 | base: 0.8500 | Δ=+0.1351

Per-horizon:
  +06h: RMSE=0.125669 | base=0.363277 | skill=65.41% | ACC=0.9920 (base 0.9343)
  +12h: RMSE=0.156969 | base=0.514900 | skill=69.51% | ACC=0.9875 (base 0.8677)
  +18h: RMSE=0.184947 | base=0.605222 | skill=69.44% | ACC=0.9824 (base 0.8171)
  +24h: RMSE=0.203600 | base=0.662380 | skill=69.26% | ACC=0.9784 (base 0.7808)

Per-horizon per-channel RMSE (physical units):
         var   unit      +6h     +12h     +18h     +24h
         t2m      K    0.80°C    0.94°C    1.01°C    1.07°C
         10u    m/s     0.72     0.85     0.96     1.06
         10v    m/s     0.72     0.86     0.97     1.07
         msl    hPa     0.61     0.76     0.91     1.04
       t@850      K    0.65°C    0.78°C    0.87°C    0.94°C
       u@850    m/s     1.09     1.30     1.45     1.60
       v@850    m/s     1.09     1.29     1.45     1.59
       z@850    gpm      4.4      5.3      6.4      7.4
       z@500    gpm      5.4      6.5      8.0      9.3

Per-channel metrics overall (physical units, avg over 4 horizons):
    #        var      ACC  RMSE_norm    RMSE_phys     unit
    0        t2m   0.9989     0.0454       0.9601        K  (≈0.96 °C)
    1        10u   0.9864     0.1628       0.9059      m/s
    2        10v   0.9811     0.1918       0.9146      m/s
    3        msl   0.9980     0.0625       0.8457      hPa
    4         tp   0.8586     0.5169       0.0010        m
    5         sp   0.9999     0.0104       0.9944      hPa
    6       tcwv   0.9964     0.0845       1.4053    kg/m²
    7     z_surf   0.9998     0.0000       0.0000      gpm
    8        lsm   1.0000     0.0000       0.0000        -
    9      t@850   0.9985     0.0528       0.8183        K  (≈0.82 °C)
   10      u@850   0.9860     0.1665       1.3724      m/s
   11      v@850   0.9760     0.2179       1.3677      m/s
   12      z@850   0.9992     0.0394       6.0009      gpm
   13      q@850   0.9881     0.1529       0.0006    kg/kg
   14      t@500   0.9989     0.0464       0.6059        K  (≈0.61 °C)
   15      u@500   0.9884     0.1514       1.8212      m/s
   16      v@500   0.9798     0.1996       1.8382      m/s
   17      z@500   0.9998     0.0216       7.4542      gpm
   18      q@500   0.9729     0.2333       0.0003    kg/kg
   19      z@250   0.9998     0.0188      10.7012      gpm
   20      t@250   0.9964     0.0857       0.7425        K  (≈0.74 °C)
   21      u@250   0.9910     0.1337       2.4164      m/s
   22      v@250   0.9837     0.1793       2.4109      m/s
   23      q@250   0.9572     0.2944       0.0000    kg/kg
   24     z@1000   0.9983     0.0575       6.4038      gpm
   25     t@1000   0.9987     0.0509       0.8619        K  (≈0.86 °C)
   26     u@1000   0.9866     0.1615       0.9952      m/s
   27     v@1000   0.9814     0.1900       1.0099      m/s
   28     q@1000   0.9976     0.0681       0.0004    kg/kg
   29   sin_hour   0.2155     0.0000       0.0000        ?
   30   cos_hour   0.2155     0.0000       0.0000        ?
   31    sin_doy   0.1761     0.0000       0.0000        ?
   32    cos_doy   0.1927     0.0000       0.0000        ?

--- Region [50.0,60.0]N x [83.0,98.0]E (2501 nodes) ---
RMSE=0.106163 | base=0.421000 | skill=74.78%
ACC=0.9235 | base=0.5746

  Per-horizon (region):
    +06h: RMSE=0.088351 | base=0.268288 | skill=67.07% | ACC=0.9416 (base 0.7685)
    +12h: RMSE=0.101648 | base=0.392209 | skill=74.08% | ACC=0.9268 (base 0.5945)
    +18h: RMSE=0.111168 | base=0.466936 | skill=76.19% | ACC=0.9174 (base 0.4955)
    +24h: RMSE=0.120773 | base=0.514906 | skill=76.54% | ACC=0.9082 (base 0.4398)

  Per-horizon per-channel RMSE — REGION (2501 nodes):
           var   unit      +6h     +12h     +18h     +24h
           t2m      K    1.24°C    1.43°C    1.47°C    1.53°C
           10u    m/s     0.56     0.63     0.66     0.69
           10v    m/s     0.54     0.61     0.64     0.66
           msl    hPa     0.64     0.80     0.93     1.05
         t@850      K    0.70°C    0.84°C    0.91°C    0.98°C
         u@850    m/s     1.17     1.34     1.46     1.56
         v@850    m/s     1.07     1.21     1.31     1.40
         z@850    gpm      3.7      4.9      6.0      7.0
         z@500    gpm      4.9      6.3      7.7      9.1

  Per-channel region (physical units, avg over 4 horizons):
      #        var      ACC  RMSE_norm    RMSE_phys     unit
      0        t2m   0.9437     0.0673       1.4214        K  (≈1.42 °C)
      1        10u   0.9081     0.1146       0.6375      m/s
      2        10v   0.8890     0.1289       0.6148      m/s
      3        msl   0.9768     0.0643       0.8698      hPa
      4         tp   0.5967     0.0904       0.0002        m
      5         sp   0.9999     0.0100       0.9580      hPa
      6       tcwv   0.9573     0.0556       0.9250    kg/m²
      7     z_surf   1.0000     0.0000       0.0000      gpm
      8        lsm   1.0000     0.0000       0.0000        -
      9      t@850   0.9580     0.0557       0.8639        K  (≈0.86 °C)
     10      u@850   0.9452     0.1688       1.3914      m/s
     11      v@850   0.9174     0.2001       1.2563      m/s
     12      z@850   0.9868     0.0364       5.5454      gpm
     13      q@850   0.8813     0.0956       0.0004    kg/kg
     14      t@500   0.9632     0.0428       0.5587        K  (≈0.56 °C)
     15      u@500   0.9430     0.1473       1.7712      m/s
     16      v@500   0.9468     0.1874       1.7253      m/s
     17      z@500   0.9928     0.0208       7.1733      gpm
     18      q@500   0.8864     0.1389       0.0002    kg/kg
     19      z@250   0.9921     0.0178      10.1320      gpm
     20      t@250   0.9214     0.0864       0.7487        K  (≈0.75 °C)
     21      u@250   0.9540     0.1298       2.3465      m/s
     22      v@250   0.9561     0.1709       2.2979      m/s
     23      q@250   0.7840     0.0781       0.0000    kg/kg
     24     z@1000   0.9803     0.0581       6.4714      gpm
     25     t@1000   0.9529     0.0620       1.0502        K  (≈1.05 °C)
     26     u@1000   0.9027     0.0991       0.6108      m/s
     27     v@1000   0.8914     0.1083       0.5757      m/s
     28     q@1000   0.9064     0.0729       0.0004    kg/kg
     29   sin_hour   0.0155     0.0000       0.0000        ?
     30   cos_hour   0.0155     0.0000       0.0000        ?
     31    sin_doy   0.0066     0.0000       0.0000        ?
     32    cos_doy   0.0067     0.0000       0.0000        ?
============================================================
