### PROVENANCE ###############################################
# tag: a_chw_bg_long_oi1 | started: 2026-08-27T11:38:52+00:00 | host: k8smr-macos-build--graphcast-v3-878647223-task-0
# git commit: f34f05c | gpu: NVIDIA H100 80GB HBM3
# dataset: /data/datasets/multires_krsk_33f
# ckpt md5: 73b5cd394adc2ebef88d97437857cbc2 (эпоха 29)
# COMMAND:
#   python -u scripts/predict.py experiments/multires_krsk_33f_chw --data-dir /data/datasets/multires_krsk_33f --ckpt /data/paper_heavy/krsk_chw_bg_assim.pth --per-channel --no-save --save-sample-metrics /workdir/paper_results/a_chw_bg_long_oi1_samples.npz --split test_only --ar-steps 56 --max-samples 200 --region 50 60 83 98 --assim-method oi --obs-sparsity 0.01 --obs-roi-only --obs-seed 42 --oi-corr-len 200000 --oi-sigma-o 0.5 --assim-metrics-background
##############################################################

[predict] data_dir=/data/datasets/multires_krsk_33f (chunked=True, pred_steps=56)
[ChunkDataset] склеиваем data.npy (19ch) + data_extra.npy (14ch) → 33ch
[ChunkDataset] train: 12812 samples, flat_nodes=133279, feat=33, obs=2, pred=56
[ChunkDataset] склеиваем data.npy (19ch) + data_extra.npy (14ch) → 33ch
[ChunkDataset] val: 1601 samples, flat_nodes=133279, feat=33, obs=2, pred=56
[ChunkDataset] склеиваем data.npy (19ch) + data_extra.npy (14ch) → 33ch
[ChunkDataset] test_only: 1602 samples, flat_nodes=133279, feat=33, obs=2, pred=56
[graph] уровни меша [4, 6], признаки рёбер: legacy
[processor] InteractionNet: 12 шагов, агрегация 'mean'
Encoder summary: 
+---------------------------+----------------------------+----------------+----------+
| Layer                     | Input Shape                | Output Shape   | #Param   |
|---------------------------+----------------------------+----------------+----------|
| Model                     | [174241, 72], [2, 207099]  | [174241, 256]  | 348,162  |
| ├─(mlp)MLP                |                            | [174241, 256]  | 150,786  |
| │    └─(MLP)ModuleList    | --                         | --             | 150,786  |
| │    │    └─(0)Linear     | [174241, 72]               | [174241, 256]  | 18,688   |
| │    │    └─(1)PReLU      | [174241, 256]              | [174241, 256]  | 1        |
| │    │    └─(2)Linear     | [174241, 256]              | [174241, 256]  | 65,792   |
| │    │    └─(3)PReLU      | [174241, 256]              | [174241, 256]  | 1        |
| │    │    └─(4)Linear     | [174241, 256]              | [174241, 256]  | 65,792   |
| │    │    └─(5)LayerNorm  | [174241, 256]              | [174241, 256]  | 512      |
| ├─(graph_layer)GraphLayer |                            | [174241, 256]  | 197,376  |
| │    └─(activation)SiLU   | [174241, 256]              | [174241, 256]  | --       |
| │    └─(layers)ModuleList | --                         | --             | 197,376  |
| │    │    └─(0)GCNConv    | [174241, 256], [2, 207099] | [174241, 256]  | 65,792   |
| │    │    └─(1)SiLU       | [174241, 256]              | [174241, 256]  | --       |
| │    │    └─(2)GCNConv    | [174241, 256], [2, 207099] | [174241, 256]  | 65,792   |
| │    │    └─(3)SiLU       | --                         | --             | --       |
| │    │    └─(4)GCNConv    | [174241, 256], [2, 207099] | [174241, 256]  | 65,792   |
+---------------------------+----------------------------+----------------+----------+

Processor summary: 
  (summary skipped: Expected all tensors to be on the same device, but found at least two devices, cuda:0 and cpu! (when checking argument for argument mat1 in method wrapper_CUDA_addmm))

Decoder summary: 
+---------------------------+----------------------------+----------------+----------+
| Layer                     | Input Shape                | Output Shape   | #Param   |
|---------------------------+----------------------------+----------------+----------|
| Model                     | [174241, 256], [2, 399837] | [174241, 33]   | 152,483  |
| ├─(mlp)MLP                |                            | [174241, 128]  | 115,202  |
| │    └─(MLP)ModuleList    | --                         | --             | 115,202  |
| │    │    └─(0)Linear     | [174241, 256]              | [174241, 256]  | 65,792   |
| │    │    └─(1)PReLU      | [174241, 256]              | [174241, 256]  | 1        |
| │    │    └─(2)Linear     | [174241, 256]              | [174241, 128]  | 32,896   |
| │    │    └─(3)PReLU      | [174241, 128]              | [174241, 128]  | 1        |
| │    │    └─(4)Linear     | [174241, 128]              | [174241, 128]  | 16,512   |
| ├─(graph_layer)GraphLayer |                            | [174241, 33]   | 37,281   |
| │    └─(activation)SiLU   | [174241, 128]              | [174241, 128]  | --       |
| │    └─(layers)ModuleList | --                         | --             | 37,281   |
| │    │    └─(0)GCNConv    | [174241, 128], [2, 399837] | [174241, 128]  | 16,512   |
| │    │    └─(1)SiLU       | [174241, 128]              | [174241, 128]  | --       |
| │    │    └─(2)GCNConv    | [174241, 128], [2, 399837] | [174241, 128]  | 16,512   |
| │    │    └─(3)SiLU       | --                         | --             | --       |
| │    │    └─(4)GCNConv    | [174241, 128], [2, 399837] | [174241, 33]   | 4,257    |
+---------------------------+----------------------------+----------------+----------+

[AR-rollout] Модель выдаёт 1 шаг(ов), но мы прогоним 56 шагов авторегрессионно.
[static] Каналы [7, 8] — статика, carry-forward при AR
[forcing] Каналы [29, 30, 31, 32] — форсинг (из ground truth при AR)
[predict] device=cuda | grid=0x0 | 200/1602 test samples
[Region] 2501 nodes (--region [50.0,60.0]N x [83.0,98.0]E)
[OI] ROI mode: B matrix 2501×2501 (25 MB)
[Inline-obs] 25 станций (1.0% от 2501 узлов, seed=42)
[metrics] Исключены из aggregate метрик: каналы [7, 8, 29, 30, 31, 32] (static+forcing)
[metrics] per-sample MSE будут сохранены в /workdir/paper_results/a_chw_bg_long_oi1_samples.npz
[assim] Residual-модель: ОИ применяется пошагово в AR-цикле
[Main] Инференс (200 samples, DA=oi)...
  [50/200] RMSE=0.610960 ACC=0.8000
  [100/200] RMSE=0.601376 ACC=0.8005
  [150/200] RMSE=0.596361 ACC=0.8039
  [200/200] RMSE=0.596239 ACC=0.8061
[Save] per-sample metrics → /workdir/paper_results/a_chw_bg_long_oi1_samples.npz (N=200, AR=56, C=33)

============================================================
=== Inference summary (200 samples) ===
Grid: 0x0 (G=133279) | C=33 | AR=56 horizons
Overall: MSE=0.355501 | RMSE=0.596239 | MAE=0.314304
Baseline: RMSE=0.831300 | MAE=0.488264
Skill: 28.28%
ACC: 0.8061 | base: 0.6345 | Δ=+0.1716

Per-horizon:
  +06h: RMSE=0.124066 | base=0.353267 | skill=64.88% | ACC=0.9919 (base 0.9355)
  +12h: RMSE=0.155421 | base=0.501430 | skill=69.00% | ACC=0.9873 (base 0.8690)
  +18h: RMSE=0.183057 | base=0.592491 | skill=69.10% | ACC=0.9822 (base 0.8160)
  +24h: RMSE=0.201228 | base=0.651720 | skill=69.12% | ACC=0.9783 (base 0.7767)
  +30h: RMSE=0.216459 | base=0.700992 | skill=69.12% | ACC=0.9747 (base 0.7411)
  +36h: RMSE=0.231079 | base=0.734049 | skill=68.52% | ACC=0.9711 (base 0.7157)
  +42h: RMSE=0.245929 | base=0.756769 | skill=67.50% | ACC=0.9671 (base 0.6975)
  +48h: RMSE=0.260804 | base=0.770750 | skill=66.16% | ACC=0.9629 (base 0.6861)
  +54h: RMSE=0.276301 | base=0.786815 | skill=64.88% | ACC=0.9583 (base 0.6726)
  +60h: RMSE=0.292508 | base=0.797070 | skill=63.30% | ACC=0.9532 (base 0.6639)
  +66h: RMSE=0.309213 | base=0.803549 | skill=61.52% | ACC=0.9476 (base 0.6581)
  +72h: RMSE=0.326458 | base=0.805774 | skill=59.49% | ACC=0.9415 (base 0.6561)
  +78h: RMSE=0.344298 | base=0.811859 | skill=57.59% | ACC=0.9349 (base 0.6506)
  +84h: RMSE=0.362468 | base=0.814022 | skill=55.47% | ACC=0.9278 (base 0.6487)
  +90h: RMSE=0.381032 | base=0.814287 | skill=53.21% | ACC=0.9201 (base 0.6483)
  +96h: RMSE=0.399883 | base=0.813067 | skill=50.82% | ACC=0.9120 (base 0.6494)
  +102h: RMSE=0.419009 | base=0.819458 | skill=48.87% | ACC=0.9034 (base 0.6438)
  +108h: RMSE=0.438032 | base=0.826220 | skill=46.98% | ACC=0.8944 (base 0.6380)
  +114h: RMSE=0.456776 | base=0.833532 | skill=45.20% | ACC=0.8852 (base 0.6315)
  +120h: RMSE=0.475082 | base=0.838668 | skill=43.35% | ACC=0.8758 (base 0.6271)
  +126h: RMSE=0.492923 | base=0.848178 | skill=41.88% | ACC=0.8663 (base 0.6185)
  +132h: RMSE=0.510560 | base=0.853947 | skill=40.21% | ACC=0.8566 (base 0.6134)
  +138h: RMSE=0.528098 | base=0.857172 | skill=38.39% | ACC=0.8466 (base 0.6104)
  +144h: RMSE=0.545203 | base=0.857010 | skill=36.38% | ACC=0.8365 (base 0.6107)
  +150h: RMSE=0.561600 | base=0.860816 | skill=34.76% | ACC=0.8265 (base 0.6071)
  +156h: RMSE=0.577638 | base=0.861687 | skill=32.96% | ACC=0.8164 (base 0.6064)
  +162h: RMSE=0.593616 | base=0.861030 | skill=31.06% | ACC=0.8062 (base 0.6070)
  +168h: RMSE=0.609478 | base=0.858442 | skill=29.00% | ACC=0.7959 (base 0.6095)
  +174h: RMSE=0.624706 | base=0.861150 | skill=27.46% | ACC=0.7858 (base 0.6070)
  +180h: RMSE=0.639307 | base=0.862006 | skill=25.83% | ACC=0.7759 (base 0.6064)
  +186h: RMSE=0.653068 | base=0.862110 | skill=24.25% | ACC=0.7663 (base 0.6063)
  +192h: RMSE=0.665734 | base=0.860414 | skill=22.63% | ACC=0.7574 (base 0.6081)
  +198h: RMSE=0.677570 | base=0.864198 | skill=21.60% | ACC=0.7489 (base 0.6047)
  +204h: RMSE=0.688621 | base=0.866006 | skill=20.48% | ACC=0.7408 (base 0.6032)
  +210h: RMSE=0.698910 | base=0.866899 | skill=19.38% | ACC=0.7331 (base 0.6025)
  +216h: RMSE=0.708459 | base=0.865905 | skill=18.18% | ACC=0.7259 (base 0.6036)
  +222h: RMSE=0.717377 | base=0.870217 | skill=17.56% | ACC=0.7191 (base 0.5996)
  +228h: RMSE=0.725753 | base=0.872731 | skill=16.84% | ACC=0.7127 (base 0.5975)
  +234h: RMSE=0.733491 | base=0.874726 | skill=16.15% | ACC=0.7067 (base 0.5958)
  +240h: RMSE=0.740687 | base=0.874987 | skill=15.35% | ACC=0.7012 (base 0.5957)
  +246h: RMSE=0.747269 | base=0.880083 | skill=15.09% | ACC=0.6960 (base 0.5910)
  +252h: RMSE=0.753167 | base=0.882676 | skill=14.67% | ACC=0.6914 (base 0.5888)
  +258h: RMSE=0.758477 | base=0.883826 | skill=14.18% | ACC=0.6873 (base 0.5877)
  +264h: RMSE=0.763028 | base=0.882353 | skill=13.52% | ACC=0.6837 (base 0.5892)
  +270h: RMSE=0.766872 | base=0.885103 | skill=13.36% | ACC=0.6806 (base 0.5865)
  +276h: RMSE=0.770356 | base=0.884968 | skill=12.95% | ACC=0.6777 (base 0.5866)
  +282h: RMSE=0.773701 | base=0.883161 | skill=12.39% | ACC=0.6750 (base 0.5882)
  +288h: RMSE=0.776928 | base=0.879355 | skill=11.65% | ACC=0.6724 (base 0.5917)
  +294h: RMSE=0.779944 | base=0.881746 | skill=11.55% | ACC=0.6698 (base 0.5893)
  +300h: RMSE=0.783056 | base=0.883536 | skill=11.37% | ACC=0.6671 (base 0.5876)
  +306h: RMSE=0.786619 | base=0.884933 | skill=11.11% | ACC=0.6642 (base 0.5862)
  +312h: RMSE=0.789869 | base=0.883943 | skill=10.64% | ACC=0.6614 (base 0.5871)
  +318h: RMSE=0.792790 | base=0.887324 | skill=10.65% | ACC=0.6590 (base 0.5838)
  +324h: RMSE=0.795641 | base=0.888451 | skill=10.45% | ACC=0.6566 (base 0.5828)
  +330h: RMSE=0.798344 | base=0.888550 | skill=10.15% | ACC=0.6543 (base 0.5827)
  +336h: RMSE=0.801141 | base=0.886160 | skill=9.59% | ACC=0.6521 (base 0.5851)

Per-horizon per-channel RMSE (physical units):
         var   unit      +6h     +12h     +18h     +24h     +30h     +36h     +42h     +48h     +54h     +60h     +66h     +72h     +78h     +84h     +90h     +96h    +102h    +108h    +114h    +120h    +126h    +132h    +138h    +144h    +150h    +156h    +162h    +168h    +174h    +180h    +186h    +192h    +198h    +204h    +210h    +216h    +222h    +228h    +234h    +240h    +246h    +252h    +258h    +264h    +270h    +276h    +282h    +288h    +294h    +300h    +306h    +312h    +318h    +324h    +330h    +336h
         t2m      K    0.74°C    0.89°C    0.97°C    1.04°C    1.13°C    1.19°C    1.25°C    1.31°C    1.38°C    1.45°C    1.51°C    1.58°C    1.65°C    1.73°C    1.81°C    1.90°C    1.98°C    2.07°C    2.16°C    2.25°C    2.34°C    2.42°C    2.51°C    2.60°C    2.68°C    2.77°C    2.86°C    2.94°C    3.03°C    3.11°C    3.19°C    3.27°C    3.35°C    3.42°C    3.49°C    3.56°C    3.62°C    3.68°C    3.73°C    3.79°C    3.84°C    3.88°C    3.92°C    3.97°C    4.00°C    4.04°C    4.07°C    4.10°C    4.13°C    4.14°C    4.16°C    4.18°C    4.20°C    4.22°C    4.25°C    4.26°C
         10u    m/s     0.71     0.85     0.96     1.05     1.15     1.26     1.37     1.49     1.61     1.73     1.87     2.00     2.15     2.29     2.44     2.59     2.74     2.88     3.02     3.16     3.29     3.42     3.55     3.67     3.78     3.89     4.00     4.10     4.20     4.29     4.39     4.47     4.56     4.64     4.72     4.79     4.84     4.90     4.95     4.99     5.02     5.05     5.08     5.10     5.13     5.15     5.17     5.19     5.20     5.21     5.23     5.25     5.27     5.28     5.29     5.30
         10v    m/s     0.72     0.86     0.97     1.07     1.17     1.28     1.39     1.50     1.62     1.75     1.88     2.02     2.17     2.32     2.47     2.63     2.78     2.94     3.09     3.24     3.37     3.51     3.64     3.76     3.88     3.99     4.10     4.20     4.31     4.42     4.51     4.60     4.68     4.75     4.82     4.88     4.93     4.98     5.02     5.06     5.10     5.13     5.16     5.19     5.21     5.22     5.24     5.26     5.28     5.30     5.32     5.34     5.36     5.38     5.40     5.42
         msl    hPa     0.55     0.69     0.82     0.94     1.09     1.23     1.39     1.56     1.75     1.95     2.17     2.41     2.66     2.94     3.22     3.52     3.83     4.15     4.46     4.76     5.06     5.36     5.66     5.96     6.25     6.53     6.82     7.11     7.40     7.68     7.95     8.20     8.43     8.66     8.86     9.06     9.24     9.42     9.57     9.69     9.80     9.89     9.97    10.04    10.12    10.20    10.28    10.37    10.44    10.51    10.58    10.64    10.69    10.73    10.78    10.81
       t@850      K    0.59°C    0.72°C    0.81°C    0.87°C    0.94°C    1.00°C    1.07°C    1.14°C    1.21°C    1.29°C    1.38°C    1.47°C    1.56°C    1.66°C    1.77°C    1.87°C    1.98°C    2.10°C    2.21°C    2.33°C    2.45°C    2.56°C    2.68°C    2.80°C    2.92°C    3.04°C    3.16°C    3.29°C    3.41°C    3.52°C    3.62°C    3.72°C    3.81°C    3.90°C    3.98°C    4.05°C    4.12°C    4.19°C    4.26°C    4.33°C    4.39°C    4.44°C    4.49°C    4.53°C    4.57°C    4.60°C    4.64°C    4.66°C    4.69°C    4.71°C    4.74°C    4.77°C    4.80°C    4.83°C    4.86°C    4.89°C
       u@850    m/s     1.08     1.28     1.44     1.58     1.72     1.87     2.02     2.18     2.35     2.53     2.71     2.90     3.10     3.30     3.51     3.71     3.93     4.14     4.34     4.54     4.73     4.92     5.10     5.27     5.44     5.59     5.76     5.92     6.06     6.21     6.34     6.47     6.60     6.72     6.83     6.94     7.03     7.11     7.19     7.25     7.30     7.35     7.40     7.44     7.47     7.50     7.53     7.56     7.58     7.61     7.63     7.66     7.69     7.71     7.73     7.75
       v@850    m/s     1.09     1.29     1.45     1.59     1.72     1.87     2.02     2.18     2.34     2.52     2.70     2.90     3.10     3.32     3.53     3.75     3.97     4.19     4.40     4.60     4.79     4.98     5.16     5.33     5.50     5.65     5.80     5.95     6.10     6.24     6.36     6.48     6.59     6.69     6.78     6.87     6.95     7.02     7.09     7.16     7.22     7.27     7.31     7.35     7.38     7.41     7.42     7.44     7.46     7.49     7.54     7.57     7.59     7.62     7.64     7.68
       z@850    gpm      3.8      4.7      5.7      6.7      7.8      9.0     10.2     11.5     13.0     14.5     16.2     18.0     20.0     22.0     24.1     26.4     28.8     31.2     33.5     35.9     38.2     40.5     42.8     45.1     47.4     49.7     51.9     54.2     56.4     58.6     60.6     62.4     64.2     65.9     67.5     69.1     70.5     71.9     73.1     74.2     75.0     75.8     76.4     77.0     77.6     78.2     78.8     79.5     80.1     80.6     81.2     81.7     82.2     82.6     83.0     83.3
       z@500    gpm      4.5      5.7      7.1      8.4     10.0     11.6     13.3     15.2     17.2     19.4     21.7     24.2     26.9     29.7     32.6     35.6     38.8     42.0     45.3     48.6     51.9     55.3     58.7     62.2     65.6     69.0     72.4     75.7     78.9     81.9     84.7     87.3     89.8     92.1     94.3     96.5     98.7    100.8    102.8    104.5    106.0    107.3    108.4    109.3    110.2    110.9    111.6    112.3    112.9    113.6    114.4    115.1    115.8    116.5    117.2    117.9

Per-channel metrics overall (physical units, avg over 56 horizons):
    #        var      ACC  RMSE_norm    RMSE_phys     unit
    0        t2m   0.9879     0.1434       3.0311        K  (≈3.03 °C)
    1        10u   0.7171     0.7129       3.9665      m/s
    2        10v   0.5956     0.8478       4.0429      m/s
    3        msl   0.8194     0.5471       7.4053      hPa
    4         tp   0.3918     1.0419       0.0021        m
    5         sp   0.9968     0.0784       7.4810      hPa
    6       tcwv   0.9482     0.3228       5.3703    kg/m²
    7     z_surf   0.9998     0.0000       0.0000      gpm
    8        lsm   1.0000     0.0000       0.0000        -
    9      t@850   0.9725     0.2186       3.3889        K  (≈3.39 °C)
   10      u@850   0.7413     0.6986       5.7590      m/s
   11      v@850   0.5435     0.9120       5.7246      m/s
   12      z@850   0.9108     0.3714      56.6178      gpm
   13      q@850   0.9216     0.3969       0.0016    kg/kg
   14      t@500   0.9706     0.2459       3.2080        K  (≈3.21 °C)
   15      u@500   0.7650     0.6852       8.2410      m/s
   16      v@500   0.5500     0.9228       8.4962      m/s
   17      z@500   0.9706     0.2307      79.4811      gpm
   18      q@500   0.7810     0.6301       0.0007    kg/kg
   19      z@250   0.9822     0.1846     104.8633      gpm
   20      t@250   0.9133     0.3765       3.2608        K  (≈3.26 °C)
   21      u@250   0.8021     0.6330      11.4418      m/s
   22      v@250   0.5784     0.9090      12.2207      m/s
   23      q@250   0.8020     0.6138       0.0000    kg/kg
   24     z@1000   0.8281     0.5219      58.1425      gpm
   25     t@1000   0.9839     0.1754       2.9694        K  (≈2.97 °C)
   26     u@1000   0.7193     0.7126       4.3920      m/s
   27     v@1000   0.5924     0.8543       4.5402      m/s
   28     q@1000   0.9801     0.2017       0.0012    kg/kg
   29   sin_hour   0.2155     0.0000       0.0000        ?
   30   cos_hour   0.2155     0.0000       0.0000        ?
   31    sin_doy   0.0812     0.0000       0.0000        ?
   32    cos_doy   0.2285     0.0000       0.0000        ?

--- Region [50.0,60.0]N x [83.0,98.0]E (2501 nodes) ---
RMSE=0.324202 | base=0.663002 | skill=51.10%
ACC=0.7303 | base=0.3366

  Per-horizon (region):
    +06h: RMSE=0.073080 | base=0.251263 | skill=70.92% | ACC=0.9525 (base 0.8078)
    +12h: RMSE=0.084207 | base=0.377203 | skill=77.68% | ACC=0.9409 (base 0.6451)
    +18h: RMSE=0.091316 | base=0.460143 | skill=80.15% | ACC=0.9339 (base 0.5407)
    +24h: RMSE=0.096958 | base=0.517356 | skill=81.26% | ACC=0.9290 (base 0.4779)
    +30h: RMSE=0.103404 | base=0.560485 | skill=81.55% | ACC=0.9235 (base 0.4330)
    +36h: RMSE=0.109318 | base=0.594986 | skill=81.63% | ACC=0.9183 (base 0.3996)
    +42h: RMSE=0.116096 | base=0.623375 | skill=81.38% | ACC=0.9129 (base 0.3731)
    +48h: RMSE=0.124096 | base=0.646586 | skill=80.81% | ACC=0.9070 (base 0.3491)
    +54h: RMSE=0.133479 | base=0.668853 | skill=80.04% | ACC=0.9003 (base 0.3195)
    +60h: RMSE=0.142371 | base=0.683858 | skill=79.18% | ACC=0.8934 (base 0.2964)
    +66h: RMSE=0.152960 | base=0.695377 | skill=78.00% | ACC=0.8862 (base 0.2839)
    +72h: RMSE=0.163607 | base=0.702140 | skill=76.70% | ACC=0.8785 (base 0.2799)
    +78h: RMSE=0.173067 | base=0.707096 | skill=75.52% | ACC=0.8700 (base 0.2789)
    +84h: RMSE=0.180263 | base=0.709482 | skill=74.59% | ACC=0.8621 (base 0.2810)
    +90h: RMSE=0.188977 | base=0.710787 | skill=73.41% | ACC=0.8537 (base 0.2832)
    +96h: RMSE=0.198689 | base=0.710183 | skill=72.02% | ACC=0.8434 (base 0.2859)
    +102h: RMSE=0.213049 | base=0.706347 | skill=69.84% | ACC=0.8315 (base 0.2948)
    +108h: RMSE=0.228128 | base=0.699409 | skill=67.38% | ACC=0.8196 (base 0.3125)
    +114h: RMSE=0.243212 | base=0.694635 | skill=64.99% | ACC=0.8057 (base 0.3316)
    +120h: RMSE=0.256063 | base=0.690937 | skill=62.94% | ACC=0.7896 (base 0.3424)
    +126h: RMSE=0.268318 | base=0.692337 | skill=61.24% | ACC=0.7753 (base 0.3326)
    +132h: RMSE=0.277945 | base=0.692908 | skill=59.89% | ACC=0.7611 (base 0.3189)
    +138h: RMSE=0.290683 | base=0.690994 | skill=57.93% | ACC=0.7471 (base 0.3103)
    +144h: RMSE=0.304263 | base=0.687156 | skill=55.72% | ACC=0.7352 (base 0.3048)
    +150h: RMSE=0.316883 | base=0.682097 | skill=53.54% | ACC=0.7249 (base 0.2981)
    +156h: RMSE=0.326573 | base=0.671256 | skill=51.35% | ACC=0.7144 (base 0.3030)
    +162h: RMSE=0.333147 | base=0.657541 | skill=49.33% | ACC=0.7053 (base 0.3147)
    +168h: RMSE=0.339464 | base=0.644121 | skill=47.30% | ACC=0.6979 (base 0.3287)
    +174h: RMSE=0.345341 | base=0.638126 | skill=45.88% | ACC=0.6909 (base 0.3345)
    +180h: RMSE=0.350960 | base=0.638114 | skill=45.00% | ACC=0.6874 (base 0.3336)
    +186h: RMSE=0.353081 | base=0.644373 | skill=45.21% | ACC=0.6906 (base 0.3299)
    +192h: RMSE=0.354073 | base=0.649721 | skill=45.50% | ACC=0.6890 (base 0.3264)
    +198h: RMSE=0.357193 | base=0.652601 | skill=45.27% | ACC=0.6772 (base 0.3222)
    +204h: RMSE=0.364892 | base=0.649834 | skill=43.85% | ACC=0.6648 (base 0.3262)
    +210h: RMSE=0.369602 | base=0.644826 | skill=42.68% | ACC=0.6541 (base 0.3351)
    +216h: RMSE=0.371819 | base=0.641761 | skill=42.06% | ACC=0.6477 (base 0.3404)
    +222h: RMSE=0.375763 | base=0.644661 | skill=41.71% | ACC=0.6407 (base 0.3398)
    +228h: RMSE=0.385772 | base=0.651040 | skill=40.75% | ACC=0.6366 (base 0.3329)
    +234h: RMSE=0.390466 | base=0.661963 | skill=41.01% | ACC=0.6336 (base 0.3203)
    +240h: RMSE=0.401680 | base=0.671395 | skill=40.17% | ACC=0.6233 (base 0.3153)
    +246h: RMSE=0.412056 | base=0.681015 | skill=39.49% | ACC=0.6149 (base 0.3089)
    +252h: RMSE=0.418832 | base=0.690167 | skill=39.31% | ACC=0.6076 (base 0.3042)
    +258h: RMSE=0.429800 | base=0.698155 | skill=38.44% | ACC=0.5999 (base 0.3005)
    +264h: RMSE=0.433739 | base=0.703011 | skill=38.30% | ACC=0.5943 (base 0.2972)
    +270h: RMSE=0.433309 | base=0.706980 | skill=38.71% | ACC=0.5942 (base 0.2900)
    +276h: RMSE=0.436623 | base=0.707588 | skill=38.29% | ACC=0.5943 (base 0.2898)
    +282h: RMSE=0.437133 | base=0.706284 | skill=38.11% | ACC=0.5917 (base 0.2949)
    +288h: RMSE=0.438195 | base=0.703027 | skill=37.67% | ACC=0.5902 (base 0.3052)
    +294h: RMSE=0.436518 | base=0.702634 | skill=37.87% | ACC=0.5889 (base 0.3097)
    +300h: RMSE=0.433164 | base=0.704405 | skill=38.51% | ACC=0.5917 (base 0.3080)
    +306h: RMSE=0.430542 | base=0.707758 | skill=39.17% | ACC=0.5878 (base 0.2997)
    +312h: RMSE=0.428380 | base=0.708848 | skill=39.57% | ACC=0.5838 (base 0.2903)
    +318h: RMSE=0.427739 | base=0.708842 | skill=39.66% | ACC=0.5807 (base 0.2821)
    +324h: RMSE=0.429644 | base=0.705357 | skill=39.09% | ACC=0.5799 (base 0.2833)
    +330h: RMSE=0.429394 | base=0.698722 | skill=38.55% | ACC=0.5788 (base 0.2961)
    +336h: RMSE=0.431535 | base=0.692018 | skill=37.64% | ACC=0.5709 (base 0.3062)

  Per-horizon per-channel RMSE — REGION (2501 nodes):
           var   unit      +6h     +12h     +18h     +24h     +30h     +36h     +42h     +48h     +54h     +60h     +66h     +72h     +78h     +84h     +90h     +96h    +102h    +108h    +114h    +120h    +126h    +132h    +138h    +144h    +150h    +156h    +162h    +168h    +174h    +180h    +186h    +192h    +198h    +204h    +210h    +216h    +222h    +228h    +234h    +240h    +246h    +252h    +258h    +264h    +270h    +276h    +282h    +288h    +294h    +300h    +306h    +312h    +318h    +324h    +330h    +336h
           t2m      K    1.24°C    1.45°C    1.55°C    1.62°C    1.70°C    1.75°C    1.80°C    1.84°C    1.89°C    1.93°C    1.96°C    1.99°C    2.04°C    2.09°C    2.13°C    2.16°C    2.21°C    2.27°C    2.33°C    2.38°C    2.43°C    2.50°C    2.57°C    2.65°C    2.71°C    2.72°C    2.73°C    2.76°C    2.76°C    2.80°C    2.83°C    2.85°C    2.93°C    3.00°C    3.08°C    3.12°C    3.16°C    3.18°C    3.19°C    3.23°C    3.26°C    3.30°C    3.36°C    3.43°C    3.48°C    3.55°C    3.59°C    3.66°C    3.72°C    3.73°C    3.76°C    3.78°C    3.80°C    3.82°C    3.86°C    3.86°C
           10u    m/s     0.44     0.52     0.57     0.59     0.63     0.66     0.68     0.71     0.74     0.77     0.80     0.83     0.86     0.88     0.90     0.92     0.97     1.03     1.06     1.09     1.11     1.15     1.18     1.22     1.27     1.31     1.35     1.36     1.36     1.38     1.37     1.34     1.36     1.40     1.45     1.50     1.53     1.56     1.55     1.55     1.55     1.58     1.62     1.62     1.61     1.61     1.61     1.62     1.61     1.61     1.61     1.61     1.61     1.61     1.63     1.66
           10v    m/s     0.43     0.51     0.55     0.58     0.61     0.64     0.67     0.69     0.72     0.75     0.78     0.81     0.84     0.87     0.90     0.93     0.98     1.03     1.07     1.12     1.17     1.22     1.28     1.32     1.34     1.36     1.38     1.39     1.40     1.41     1.40     1.41     1.44     1.48     1.50     1.54     1.57     1.59     1.60     1.64     1.65     1.63     1.65     1.67     1.68     1.69     1.70     1.70     1.71     1.70     1.69     1.73     1.74     1.75     1.76     1.80
           msl    hPa     0.65     0.78     0.91     1.01     1.13     1.24     1.34     1.46     1.59     1.72     1.85     1.99     2.10     2.19     2.30     2.45     2.65     2.85     2.99     3.14     3.30     3.51     3.72     3.90     4.08     4.24     4.37     4.53     4.72     4.94     5.14     5.24     5.35     5.47     5.57     5.61     5.65     5.68     5.66     5.72     5.82     5.86     5.85     5.92     5.95     5.99     6.04     6.14     6.27     6.27     6.22     6.19     6.22     6.27     6.19     6.17
         t@850      K    0.66°C    0.81°C    0.89°C    0.94°C    0.99°C    1.03°C    1.06°C    1.10°C    1.13°C    1.18°C    1.23°C    1.28°C    1.33°C    1.37°C    1.41°C    1.45°C    1.53°C    1.62°C    1.67°C    1.76°C    1.82°C    1.93°C    2.01°C    2.08°C    2.15°C    2.20°C    2.26°C    2.31°C    2.33°C    2.38°C    2.37°C    2.35°C    2.40°C    2.49°C    2.57°C    2.67°C    2.78°C    2.86°C    2.90°C    2.93°C    2.98°C    3.05°C    3.11°C    3.20°C    3.25°C    3.25°C    3.24°C    3.26°C    3.25°C    3.22°C    3.18°C    3.22°C    3.25°C    3.25°C    3.28°C    3.33°C
         u@850    m/s     1.07     1.25     1.35     1.43     1.50     1.56     1.63     1.72     1.82     1.92     2.04     2.16     2.24     2.30     2.38     2.50     2.66     2.84     2.97     3.09     3.16     3.29     3.50     3.71     3.86     4.00     4.15     4.27     4.30     4.38     4.35     4.23     4.27     4.42     4.57     4.76     4.83     4.86     4.80     4.76     4.78     4.86     4.91     4.91     4.80     4.76     4.77     4.82     4.83     4.81     4.81     4.80     4.75     4.77     4.72     4.78
         v@850    m/s     0.97     1.10     1.20     1.27     1.35     1.43     1.52     1.61     1.72     1.82     1.95     2.06     2.17     2.24     2.35     2.47     2.66     2.80     2.92     3.06     3.25     3.33     3.46     3.61     3.74     3.81     3.86     3.91     4.00     4.06     4.09     4.17     4.28     4.32     4.31     4.32     4.39     4.48     4.65     4.88     4.94     4.87     5.03     5.12     5.19     5.25     5.28     5.31     5.18     5.02     5.03     5.08     5.04     4.93     4.91     5.03
         z@850    gpm      3.3      4.0      4.8      5.5      6.4      7.2      8.0      9.0     10.0     11.0     12.0     13.0     13.8     14.5     15.3     16.4     17.8     19.2     20.5     21.7     23.0     24.4     25.8     27.0     28.1     29.5     30.7     32.1     33.7     35.3     36.7     37.7     38.6     39.6     40.3     40.5     40.9     41.5     41.9     42.5     43.4     43.8     43.8     44.0     44.1     44.2     44.5     45.1     46.0     46.1     45.8     45.2     44.8     44.6     43.7     43.3
         z@500    gpm      4.3      5.3      6.2      7.1      8.2      9.1     10.1     11.4     12.8     14.2     15.6     17.0     18.0     18.8     19.9     21.4     23.1     25.1     27.4     29.6     32.0     34.4     36.3     38.6     40.7     43.0     45.3     47.0     48.7     50.0     50.5     51.1     52.4     53.8     55.2     56.7     58.7     61.2     62.8     63.6     64.7     66.3     67.5     68.5     69.0     69.6     69.5     69.1     69.0     68.9     68.7     68.0     67.0     66.6     65.9     65.0

  Per-channel region (physical units, avg over 56 horizons):
      #        var      ACC  RMSE_norm    RMSE_phys     unit
      0        t2m   0.8859     0.1342       2.8364        K  (≈2.84 °C)
      1        10u   0.7215     0.2304       1.2822      m/s
      2        10v   0.6408     0.2800       1.3351      m/s
      3        msl   0.8432     0.3344       4.5259      hPa
      4         tp   0.3638     0.0739       0.0001        m
      5         sp   0.9991     0.0470       4.4782      hPa
      6       tcwv   0.8262     0.0670       1.1143    kg/m²
      7     z_surf   1.0000     0.0000       0.0000      gpm
      8        lsm   1.0000     0.0000       0.0000        -
      9      t@850   0.8164     0.1524       2.3621        K  (≈2.36 °C)
     10      u@850   0.8260     0.4641       3.8254      m/s
     11      v@850   0.6357     0.6119       3.8406      m/s
     12      z@850   0.9133     0.2141      32.6392      gpm
     13      q@850   0.7341     0.0865       0.0004    kg/kg
     14      t@500   0.7646     0.1605       2.0943        K  (≈2.09 °C)
     15      u@500   0.6622     0.5022       6.0394      m/s
     16      v@500   0.6146     0.7275       6.6985      m/s
     17      z@500   0.8897     0.1393      48.0000      gpm
     18      q@500   0.5680     0.1103       0.0001    kg/kg
     19      z@250   0.8638     0.1110      63.0122      gpm
     20      t@250   0.5700     0.2300       1.9917        K  (≈1.99 °C)
     21      u@250   0.6548     0.4697       8.4889      m/s
     22      v@250   0.5875     0.7365       9.9016      m/s
     23      q@250   0.3860     0.0505       0.0000    kg/kg
     24     z@1000   0.8601     0.3048      33.9617      gpm
     25     t@1000   0.9006     0.1492       2.5253        K  (≈2.53 °C)
     26     u@1000   0.7030     0.2123       1.3081      m/s
     27     v@1000   0.6501     0.2571       1.3665      m/s
     28     q@1000   0.8382     0.0478       0.0003    kg/kg
     29   sin_hour   0.0155     0.0000       0.0000        ?
     30   cos_hour   0.0155     0.0000       0.0000        ?
     31    sin_doy   0.0021     0.0000       0.0000        ?
     32    cos_doy   0.0094     0.0000       0.0000        ?
============================================================
