[27.08 14:33:02] === КОРПУС ПОСТОБРАБОТКИ, годы 2016-2020 ===
[27.08 14:33:02] подготовка окружения и датасетов
[27.08 14:46:42] подготовка rc=0
[27.08 14:46:42] модель: multires_krsk_33f_chw
[27.08 14:46:42] наблюдения: /data/datasets/isd_lite_russia (6213 файлов)
[27.08 14:46:42] START сборки (развёртка до 120 ч, инициализации 00 и 12 UTC)
[27.08 14:46:48] DONE сборка rc=1
[27.08 14:46:48] корпус не собрался — см. corpus_2016_2020_build.log
[27.08 14:46:48] === ALL DONE ===
[27.08 15:06:23] === КОРПУС ПОСТОБРАБОТКИ, годы 2016-2020 ===
[27.08 15:06:23] собираю метаданные 33-канального датасета
[coords] 133279 узлов, is_regional есть, из них региональных 2501
[scalers] (33,) собраны: 19 из слитого + 10 из scalers_extra.npz + 4 временных
[variables] 33 имени записаны

     канал      среднее   ст.откл.
       t2m      278.936     21.130
       msl     1009.471     13.535
     t@850      274.930     15.504
     z@500     5525.216    344.589
     z@250    10336.561    567.930
    z@1000       74.713    111.413
  sin_hour        0.000      0.707

готово: /data/datasets/multires_krsk_33f_meta
[27.08 15:06:23] модель: multires_krsk_33f_chw
[27.08 15:06:23] наблюдения: /data/datasets/isd_lite_russia (6213 файлов)
[27.08 15:06:23] START сборки (развёртка до 120 ч, инициализации 00 и 12 UTC)
[27.08 15:06:28] DONE сборка rc=1
[27.08 15:06:28] корпус не собрался — см. corpus_2016_2020_build.log
[27.08 15:06:28] === ALL DONE ===
[27.08 15:12:52] === КОРПУС ПОСТОБРАБОТКИ, годы 2016-2020 ===
[27.08 15:12:52] модель: multires_krsk_33f_chw
[27.08 15:12:52] наблюдения: /data/datasets/isd_lite_russia (6213 файлов)
[27.08 15:12:52] START сборки (развёртка до 120 ч, инициализации 00 и 12 UTC)
[27.08 17:30:58] DONE сборка rc=1
[27.08 17:30:58] корпус не собрался — см. corpus_2016_2020_build.log
[27.08 17:30:58] === ALL DONE ===
[28.08 06:55:57] === КОРПУС ПОСТОБРАБОТКИ, годы 2016-2020 ===
[28.08 06:55:57] подготовка окружения и датасетов
[28.08 07:06:15] === КОРПУС ПОСТОБРАБОТКИ, годы 2016-2020 ===
[28.08 07:06:15] подготовка окружения и датасетов
[28.08 07:07:49] подготовка rc=4
[28.08 07:07:49] собираю метаданные 33-канального датасета
нет /data/datasets/multires_krsk_19f_merge/coords.npz
[28.08 07:07:50] метаданные не собрались — стоп
[28.08 07:12:10] === КОРПУС ПОСТОБРАБОТКИ, годы 2016-2020 ===
[28.08 07:12:10] нет /data/datasets/global_512x256_extra_2010-2021_07deg/data.npy — стоп
[28.08 07:23:59] === КОРПУС ПОСТОБРАБОТКИ, годы 2016-2020 ===
[28.08 07:23:59] нет /data/datasets/global_512x256_extra_2010-2021_07deg/data.npy — стоп
[28.08 07:54:48] === КОРПУС ПОСТОБРАБОТКИ, годы 2016-2020 ===
[28.08 07:54:48] подготовка окружения и датасетов
[28.08 08:12:14] подготовка rc=0 (сбой на сборке слитого датасета не помеха — он не нужен)
[28.08 08:12:14] нет /data/datasets/global_512x256_extra_2010-2021_07deg/data.npy — стоп
