[predict] data_dir=/data/datasets/wb2_512x256_33f_v3 (chunked=True, pred_steps=14)
[ChunkDataset] склеиваем data.npy (19ch) + data_extra.npy (14ch) → 33ch
[ChunkDataset] train: 13977 samples, grid=512×256, feat=33, obs=2, pred=14
[ChunkDataset] склеиваем data.npy (19ch) + data_extra.npy (14ch) → 33ch
[ChunkDataset] val: 1747 samples, grid=512×256, feat=33, obs=2, pred=14
[ChunkDataset] склеиваем data.npy (19ch) + data_extra.npy (14ch) → 33ch
[ChunkDataset] test_only: 1748 samples, grid=512×256, feat=33, obs=2, pred=14
[ChunkDataset] шаг по времени 4 сроков = 24 ч (вход и цель на одной сетке)
[graph] уровни меша [4, 6], признаки рёбер: legacy
[processor] InteractionNet: 12 шагов, агрегация 'mean'
Encoder summary: 
+---------------------------+----------------------------+----------------+----------+
| Layer                     | Input Shape                | Output Shape   | #Param   |
|---------------------------+----------------------------+----------------+----------|
| Model                     | [172034, 72], [2, 205302]  | [172034, 256]  | 348,162  |
| ├─(mlp)MLP                |                            | [172034, 256]  | 150,786  |
| │    └─(MLP)ModuleList    | --                         | --             | 150,786  |
| │    │    └─(0)Linear     | [172034, 72]               | [172034, 256]  | 18,688   |
| │    │    └─(1)PReLU      | [172034, 256]              | [172034, 256]  | 1        |
| │    │    └─(2)Linear     | [172034, 256]              | [172034, 256]  | 65,792   |
| │    │    └─(3)PReLU      | [172034, 256]              | [172034, 256]  | 1        |
| │    │    └─(4)Linear     | [172034, 256]              | [172034, 256]  | 65,792   |
| │    │    └─(5)LayerNorm  | [172034, 256]              | [172034, 256]  | 512      |
| ├─(graph_layer)GraphLayer |                            | [172034, 256]  | 197,376  |
| │    └─(activation)SiLU   | [172034, 256]              | [172034, 256]  | --       |
| │    └─(layers)ModuleList | --                         | --             | 197,376  |
| │    │    └─(0)GCNConv    | [172034, 256], [2, 205302] | [172034, 256]  | 65,792   |
| │    │    └─(1)SiLU       | [172034, 256]              | [172034, 256]  | --       |
| │    │    └─(2)GCNConv    | [172034, 256], [2, 205302] | [172034, 256]  | 65,792   |
| │    │    └─(3)SiLU       | --                         | --             | --       |
| │    │    └─(4)GCNConv    | [172034, 256], [2, 205302] | [172034, 256]  | 65,792   |
+---------------------------+----------------------------+----------------+----------+

Processor summary: 
  (summary skipped: Expected all tensors to be on the same device, but found at least two devices, cuda:0 and cpu! (when checking argument for argument mat1 in method wrapper_CUDA_addmm))

Decoder summary: 
+---------------------------+----------------------------+----------------+----------+
| Layer                     | Input Shape                | Output Shape   | #Param   |
|---------------------------+----------------------------+----------------+----------|
| Model                     | [172034, 256], [2, 393216] | [172034, 33]   | 152,483  |
| ├─(mlp)MLP                |                            | [172034, 128]  | 115,202  |
| │    └─(MLP)ModuleList    | --                         | --             | 115,202  |
| │    │    └─(0)Linear     | [172034, 256]              | [172034, 256]  | 65,792   |
| │    │    └─(1)PReLU      | [172034, 256]              | [172034, 256]  | 1        |
| │    │    └─(2)Linear     | [172034, 256]              | [172034, 128]  | 32,896   |
| │    │    └─(3)PReLU      | [172034, 128]              | [172034, 128]  | 1        |
| │    │    └─(4)Linear     | [172034, 128]              | [172034, 128]  | 16,512   |
| ├─(graph_layer)GraphLayer |                            | [172034, 33]   | 37,281   |
| │    └─(activation)SiLU   | [172034, 128]              | [172034, 128]  | --       |
| │    └─(layers)ModuleList | --                         | --             | 37,281   |
| │    │    └─(0)GCNConv    | [172034, 128], [2, 393216] | [172034, 128]  | 16,512   |
| │    │    └─(1)SiLU       | [172034, 128]              | [172034, 128]  | --       |
| │    │    └─(2)GCNConv    | [172034, 128], [2, 393216] | [172034, 128]  | 16,512   |
| │    │    └─(3)SiLU       | --                         | --             | --       |
| │    │    └─(4)GCNConv    | [172034, 128], [2, 393216] | [172034, 33]   | 4,257    |
+---------------------------+----------------------------+----------------+----------+

[config] pred_window_used=3, но декодировщик выдаёт 33 каналов при C=33 → модель одношаговая (1). Беру 1.
[predict] шаг модели 24 ч, горизонты будут кратны ему
[AR-rollout] Модель выдаёт 1 шаг(ов), но мы прогоним 14 шагов авторегрессионно.
[static] Каналы [7, 8] — статика, carry-forward при AR
[forcing] Каналы [29, 30, 31, 32] — форсинг (из ground truth при AR)
[predict] device=cuda | grid=512x256 | 200/1748 test samples
[metrics] Исключены из aggregate метрик: каналы [7, 8, 29, 30, 31, 32] (static+forcing)
[metrics] per-sample MSE будут сохранены в /workdir/paper_results/d14_v5_samples.npz
[Main] Инференс (200 samples, DA=none)...
  [50/200] RMSE=0.634429 ACC=0.7810
  [100/200] RMSE=0.638857 ACC=0.7837
  [150/200] RMSE=0.636671 ACC=0.7839
  [200/200] RMSE=0.634692 ACC=0.7837
[Save] per-sample metrics → /workdir/paper_results/d14_v5_samples.npz (N=200, AR=14, C=33)

============================================================
=== Inference summary (200 samples) ===
Grid: 512x256 (G=131072) | C=33 | AR=14 horizons
Overall: MSE=0.402833 | RMSE=0.634692 | MAE=0.364252
Baseline: RMSE=0.857946 | MAE=0.511130
Skill: 26.02%
ACC: 0.7837 | base: 0.6426 | Δ=+0.1411

Per-horizon:
  +24h: RMSE=0.256119 | base=0.669568 | skill=61.75% | ACC=0.9654 (base 0.7792)
  +48h: RMSE=0.325112 | base=0.788369 | skill=58.76% | ACC=0.9436 (base 0.6958)
  +72h: RMSE=0.396773 | base=0.828253 | skill=52.10% | ACC=0.9151 (base 0.6651)
  +96h: RMSE=0.469941 | base=0.851942 | skill=44.84% | ACC=0.8801 (base 0.6464)
  +120h: RMSE=0.538199 | base=0.860117 | skill=37.43% | ACC=0.8426 (base 0.6402)
  +144h: RMSE=0.598721 | base=0.867633 | skill=30.99% | ACC=0.8060 (base 0.6342)
  +168h: RMSE=0.647634 | base=0.877258 | skill=26.18% | ACC=0.7732 (base 0.6266)
  +192h: RMSE=0.687481 | base=0.886775 | skill=22.47% | ACC=0.7450 (base 0.6189)
  +216h: RMSE=0.719807 | base=0.888101 | skill=18.95% | ACC=0.7209 (base 0.6177)
  +240h: RMSE=0.744381 | base=0.886146 | skill=16.00% | ACC=0.7020 (base 0.6194)
  +264h: RMSE=0.766003 | base=0.887796 | skill=13.72% | ACC=0.6856 (base 0.6185)
  +288h: RMSE=0.782601 | base=0.893038 | skill=12.37% | ACC=0.6726 (base 0.6144)
  +312h: RMSE=0.795810 | base=0.899844 | skill=11.56% | ACC=0.6626 (base 0.6090)
  +336h: RMSE=0.803212 | base=0.897442 | skill=10.50% | ACC=0.6575 (base 0.6112)

Per-horizon per-channel RMSE (physical units):
         var   unit     +24h     +48h     +72h     +96h    +120h    +144h    +168h    +192h    +216h    +240h    +264h    +288h    +312h    +336h
         t2m      K    1.38°C    1.72°C    2.04°C    2.40°C    2.76°C    3.13°C    3.45°C    3.75°C    4.02°C    4.26°C    4.49°C    4.71°C    4.89°C    5.06°C
         10u    m/s     1.55     2.11     2.68     3.23     3.71     4.10     4.42     4.67     4.88     5.05     5.16     5.25     5.32     5.37
         10v    m/s     1.55     2.10     2.68     3.27     3.81     4.28     4.62     4.85     5.04     5.19     5.33     5.41     5.47     5.48
         msl    hPa     1.89     2.90     4.02     5.19     6.26     7.31     8.19     9.03     9.73    10.27    10.82    11.13    11.36    11.54
       t@850      K    1.46°C    1.81°C    2.17°C    2.58°C    3.01°C    3.41°C    3.75°C    4.06°C    4.32°C    4.53°C    4.72°C    4.92°C    5.08°C    5.19°C
       u@850    m/s     2.25     2.99     3.75     4.49     5.17     5.75     6.24     6.61     6.92     7.17     7.35     7.49     7.61     7.69
       v@850    m/s     2.21     2.92     3.68     4.46     5.19     5.83     6.29     6.63     6.89     7.10     7.30     7.41     7.50     7.50
       z@850    gpm     13.9     21.8     30.4     39.4     47.8     56.0     63.2     69.7     75.4     80.1     84.7     87.2     88.9     90.4
       z@500    gpm     17.7     28.3     40.0     52.6     64.9     76.4     86.9     96.2    104.3    110.5    116.6    121.1    124.5    126.9

Per-channel metrics overall (physical units, avg over 14 horizons):
    #        var      ACC  RMSE_norm    RMSE_phys     unit
    0        t2m   0.9848     0.1717       3.6289        K  (≈3.63 °C)
    1        10u   0.7066     0.7702       4.2857      m/s
    2        10v   0.5253     0.9249       4.4103      m/s
    3        msl   0.8382     0.6242       8.4490      hPa
    4         tp   0.3588     0.9885       0.0020        m
    5         sp   0.9958     0.0932       8.8863      hPa
    6       tcwv   0.9422     0.3420       5.6903    kg/m²
    7     z_surf   0.9999     0.0000       0.0000      gpm
    8        lsm   1.0001     0.0000       0.0000        -
    9      t@850   0.9673     0.2477       3.8406        K  (≈3.84 °C)
   10      u@850   0.7310     0.7372       6.0772      m/s
   11      v@850   0.4630     0.9613       6.0342      m/s
   12      z@850   0.9228     0.4308      65.6637      gpm
   13      q@850   0.9175     0.4095       0.0017    kg/kg
   14      t@500   0.9647     0.2745       3.5813        K  (≈3.58 °C)
   15      u@500   0.7327     0.7251       8.7201      m/s
   16      v@500   0.4532     0.9786       9.0108      m/s
   17      z@500   0.9682     0.2633      90.7364      gpm
   18      q@500   0.7673     0.6412       0.0007    kg/kg
   19      z@250   0.9778     0.2176     123.6057      gpm
   20      t@250   0.9129     0.4195       3.6338        K  (≈3.63 °C)
   21      u@250   0.7465     0.6957      12.5753      m/s
   22      v@250   0.4731     0.9889      13.2944      m/s
   23      q@250   0.7884     0.6059       0.0000    kg/kg
   24     z@1000   0.8503     0.6059      67.5029      gpm
   25     t@1000   0.9753     0.2156       3.6508        K  (≈3.65 °C)
   26     u@1000   0.7036     0.7694       4.7421      m/s
   27     v@1000   0.5202     0.9332       4.9598      m/s
   28     q@1000   0.9734     0.2352       0.0014    kg/kg
   29   sin_hour   0.2135     0.0000       0.0000        ?
   30   cos_hour   0.2135     0.0000       0.0000        ?
   31    sin_doy   0.1786     0.0000       0.0000        ?
   32    cos_doy   0.2004     0.0000       0.0000        ?
============================================================
