[predict] data_dir=/data/datasets/wb2_512x256_33f_v3 (chunked=True, pred_steps=7)
[ChunkDataset] склеиваем data.npy (19ch) + data_extra.npy (14ch) → 33ch
[ChunkDataset] train: 14000 samples, grid=512×256, feat=33, obs=2, pred=7
[ChunkDataset] склеиваем data.npy (19ch) + data_extra.npy (14ch) → 33ch
[ChunkDataset] val: 1750 samples, grid=512×256, feat=33, obs=2, pred=7
[ChunkDataset] склеиваем data.npy (19ch) + data_extra.npy (14ch) → 33ch
[ChunkDataset] test_only: 1750 samples, grid=512×256, feat=33, obs=2, pred=7
[ChunkDataset] шаг по времени 4 сроков = 24 ч (вход и цель на одной сетке)
[graph] уровни меша [4, 6], признаки рёбер: legacy
[processor] InteractionNet: 12 шагов, агрегация 'mean'
Encoder summary: 
+---------------------------+----------------------------+----------------+----------+
| Layer                     | Input Shape                | Output Shape   | #Param   |
|---------------------------+----------------------------+----------------+----------|
| Model                     | [172034, 72], [2, 205302]  | [172034, 256]  | 348,162  |
| ├─(mlp)MLP                |                            | [172034, 256]  | 150,786  |
| │    └─(MLP)ModuleList    | --                         | --             | 150,786  |
| │    │    └─(0)Linear     | [172034, 72]               | [172034, 256]  | 18,688   |
| │    │    └─(1)PReLU      | [172034, 256]              | [172034, 256]  | 1        |
| │    │    └─(2)Linear     | [172034, 256]              | [172034, 256]  | 65,792   |
| │    │    └─(3)PReLU      | [172034, 256]              | [172034, 256]  | 1        |
| │    │    └─(4)Linear     | [172034, 256]              | [172034, 256]  | 65,792   |
| │    │    └─(5)LayerNorm  | [172034, 256]              | [172034, 256]  | 512      |
| ├─(graph_layer)GraphLayer |                            | [172034, 256]  | 197,376  |
| │    └─(activation)SiLU   | [172034, 256]              | [172034, 256]  | --       |
| │    └─(layers)ModuleList | --                         | --             | 197,376  |
| │    │    └─(0)GCNConv    | [172034, 256], [2, 205302] | [172034, 256]  | 65,792   |
| │    │    └─(1)SiLU       | [172034, 256]              | [172034, 256]  | --       |
| │    │    └─(2)GCNConv    | [172034, 256], [2, 205302] | [172034, 256]  | 65,792   |
| │    │    └─(3)SiLU       | --                         | --             | --       |
| │    │    └─(4)GCNConv    | [172034, 256], [2, 205302] | [172034, 256]  | 65,792   |
+---------------------------+----------------------------+----------------+----------+

Processor summary: 
  (summary skipped: Expected all tensors to be on the same device, but found at least two devices, cuda:0 and cpu! (when checking argument for argument mat1 in method wrapper_CUDA_addmm))

Decoder summary: 
+---------------------------+----------------------------+----------------+----------+
| Layer                     | Input Shape                | Output Shape   | #Param   |
|---------------------------+----------------------------+----------------+----------|
| Model                     | [172034, 256], [2, 393216] | [172034, 33]   | 152,483  |
| ├─(mlp)MLP                |                            | [172034, 128]  | 115,202  |
| │    └─(MLP)ModuleList    | --                         | --             | 115,202  |
| │    │    └─(0)Linear     | [172034, 256]              | [172034, 256]  | 65,792   |
| │    │    └─(1)PReLU      | [172034, 256]              | [172034, 256]  | 1        |
| │    │    └─(2)Linear     | [172034, 256]              | [172034, 128]  | 32,896   |
| │    │    └─(3)PReLU      | [172034, 128]              | [172034, 128]  | 1        |
| │    │    └─(4)Linear     | [172034, 128]              | [172034, 128]  | 16,512   |
| ├─(graph_layer)GraphLayer |                            | [172034, 33]   | 37,281   |
| │    └─(activation)SiLU   | [172034, 128]              | [172034, 128]  | --       |
| │    └─(layers)ModuleList | --                         | --             | 37,281   |
| │    │    └─(0)GCNConv    | [172034, 128], [2, 393216] | [172034, 128]  | 16,512   |
| │    │    └─(1)SiLU       | [172034, 128]              | [172034, 128]  | --       |
| │    │    └─(2)GCNConv    | [172034, 128], [2, 393216] | [172034, 128]  | 16,512   |
| │    │    └─(3)SiLU       | --                         | --             | --       |
| │    │    └─(4)GCNConv    | [172034, 128], [2, 393216] | [172034, 33]   | 4,257    |
+---------------------------+----------------------------+----------------+----------+

[config] pred_window_used=3, но декодировщик выдаёт 33 каналов при C=33 → модель одношаговая (1). Беру 1.
[predict] шаг модели 24 ч, горизонты будут кратны ему
[AR-rollout] Модель выдаёт 1 шаг(ов), но мы прогоним 7 шагов авторегрессионно.
[static] Каналы [7, 8] — статика, carry-forward при AR
[forcing] Каналы [29, 30, 31, 32] — форсинг (из ground truth при AR)
[predict] device=cuda | grid=512x256 | 200/1750 test samples
[metrics] Исключены из aggregate метрик: каналы [7, 8, 29, 30, 31, 32] (static+forcing)
[metrics] per-sample MSE будут сохранены в /workdir/paper_results/d7_v5ext_samples.npz
[Main] Инференс (200 samples, DA=none)...
  [50/200] RMSE=0.443453 ACC=0.8929
  [100/200] RMSE=0.442338 ACC=0.8961
  [150/200] RMSE=0.443821 ACC=0.8943
  [200/200] RMSE=0.443857 ACC=0.8937
[Save] per-sample metrics → /workdir/paper_results/d7_v5ext_samples.npz (N=200, AR=7, C=33)

============================================================
=== Inference summary (200 samples) ===
Grid: 512x256 (G=131072) | C=33 | AR=7 horizons
Overall: MSE=0.197009 | RMSE=0.443857 | MAE=0.238896
Baseline: RMSE=0.824540 | MAE=0.482031
Skill: 46.17%
ACC: 0.8937 | base: 0.6696 | Δ=+0.2241

Per-horizon:
  +24h: RMSE=0.246652 | base=0.675706 | skill=63.50% | ACC=0.9678 (base 0.7758)
  +48h: RMSE=0.303729 | base=0.792801 | skill=61.69% | ACC=0.9506 (base 0.6934)
  +72h: RMSE=0.363988 | base=0.827839 | skill=56.03% | ACC=0.9286 (base 0.6665)
  +96h: RMSE=0.427126 | base=0.848620 | skill=49.67% | ACC=0.9015 (base 0.6504)
  +120h: RMSE=0.490951 | base=0.857860 | skill=42.77% | ACC=0.8698 (base 0.6434)
  +144h: RMSE=0.550868 | base=0.870374 | skill=36.71% | ACC=0.8361 (base 0.6330)
  +168h: RMSE=0.605447 | base=0.880345 | skill=31.23% | ACC=0.8020 (base 0.6250)

Per-horizon per-channel RMSE (physical units):
         var   unit     +24h     +48h     +72h     +96h    +120h    +144h    +168h
         t2m      K    1.32°C    1.61°C    1.87°C    2.15°C    2.45°C    2.75°C    3.03°C
         10u    m/s     1.47     1.95     2.44     2.95     3.40     3.80     4.16
         10v    m/s     1.48     1.95     2.46     2.96     3.47     3.94     4.35
         msl    hPa     1.65     2.40     3.28     4.30     5.36     6.42     7.46
       t@850      K    1.29°C    1.54°C    1.83°C    2.20°C    2.59°C    2.98°C    3.34°C
       u@850    m/s     2.14     2.77     3.41     4.10     4.75     5.34     5.87
       v@850    m/s     2.12     2.73     3.41     4.10     4.79     5.42     5.98
       z@850    gpm     12.4     18.1     24.8     32.5     40.6     48.9     57.0
       z@500    gpm     15.6     23.4     32.6     43.4     55.0     66.9     78.4

Per-channel metrics overall (physical units, avg over 7 horizons):
    #        var      ACC  RMSE_norm    RMSE_phys     unit
    0        t2m   0.9933     0.1061       2.2429        K  (≈2.24 °C)
    1        10u   0.8528     0.5431       3.0218      m/s
    2        10v   0.7744     0.6502       3.1005      m/s
    3        msl   0.9487     0.3569       4.8308      hPa
    4         tp   0.5191     0.8732       0.0017        m
    5         sp   0.9987     0.0520       4.9581      hPa
    6       tcwv   0.9722     0.2323       3.8648    kg/m²
    7     z_surf   0.9999     0.0000       0.0000      gpm
    8        lsm   1.0001     0.0000       0.0000        -
    9      t@850   0.9867     0.1521       2.3587        K  (≈2.36 °C)
   10      u@850   0.8687     0.5152       4.2466      m/s
   11      v@850   0.7426     0.6827       4.2854      m/s
   12      z@850   0.9759     0.2411      36.7462      gpm
   13      q@850   0.9490     0.3105       0.0013    kg/kg
   14      t@500   0.9859     0.1683       2.1962        K  (≈2.20 °C)
   15      u@500   0.8813     0.4861       5.8457      m/s
   16      v@500   0.7564     0.6694       6.1630      m/s
   17      z@500   0.9903     0.1446      49.8332      gpm
   18      q@500   0.8690     0.4791       0.0005    kg/kg
   19      z@250   0.9935     0.1177      66.8522      gpm
   20      t@250   0.9625     0.2769       2.3981        K  (≈2.40 °C)
   21      u@250   0.8960     0.4470       8.0802      m/s
   22      v@250   0.7872     0.6377       8.5731      m/s
   23      q@250   0.8655     0.4680       0.0000    kg/kg
   24     z@1000   0.9522     0.3452      38.4599      gpm
   25     t@1000   0.9903     0.1276       2.1607        K  (≈2.16 °C)
   26     u@1000   0.8553     0.5339       3.2906      m/s
   27     v@1000   0.7753     0.6424       3.4143      m/s
   28     q@1000   0.9884     0.1497       0.0009    kg/kg
   29   sin_hour   0.2135     0.0000       0.0000        ?
   30   cos_hour   0.2135     0.0000       0.0000        ?
   31    sin_doy   0.1812     0.0000       0.0000        ?
   32    cos_doy   0.2089     0.0000       0.0000        ?
============================================================
