[predict] data_dir=/data/datasets/multires_krsk_33f (chunked=True, pred_steps=20)
[ChunkDataset] склеиваем data.npy (19ch) + data_extra.npy (14ch) → 33ch
[ChunkDataset] train: 12840 samples, flat_nodes=133279, feat=33, obs=2, pred=20
[ChunkDataset] склеиваем data.npy (19ch) + data_extra.npy (14ch) → 33ch
[ChunkDataset] val: 1605 samples, flat_nodes=133279, feat=33, obs=2, pred=20
[ChunkDataset] склеиваем data.npy (19ch) + data_extra.npy (14ch) → 33ch
[ChunkDataset] test_only: 1606 samples, flat_nodes=133279, feat=33, obs=2, pred=20
[graph] уровни меша [4, 6], признаки рёбер: legacy
[processor] InteractionNet: 12 шагов, агрегация 'mean'
Encoder summary: 
+---------------------------+----------------------------+----------------+----------+
| Layer                     | Input Shape                | Output Shape   | #Param   |
|---------------------------+----------------------------+----------------+----------|
| Model                     | [174241, 72], [2, 207099]  | [174241, 256]  | 348,162  |
| ├─(mlp)MLP                |                            | [174241, 256]  | 150,786  |
| │    └─(MLP)ModuleList    | --                         | --             | 150,786  |
| │    │    └─(0)Linear     | [174241, 72]               | [174241, 256]  | 18,688   |
| │    │    └─(1)PReLU      | [174241, 256]              | [174241, 256]  | 1        |
| │    │    └─(2)Linear     | [174241, 256]              | [174241, 256]  | 65,792   |
| │    │    └─(3)PReLU      | [174241, 256]              | [174241, 256]  | 1        |
| │    │    └─(4)Linear     | [174241, 256]              | [174241, 256]  | 65,792   |
| │    │    └─(5)LayerNorm  | [174241, 256]              | [174241, 256]  | 512      |
| ├─(graph_layer)GraphLayer |                            | [174241, 256]  | 197,376  |
| │    └─(activation)SiLU   | [174241, 256]              | [174241, 256]  | --       |
| │    └─(layers)ModuleList | --                         | --             | 197,376  |
| │    │    └─(0)GCNConv    | [174241, 256], [2, 207099] | [174241, 256]  | 65,792   |
| │    │    └─(1)SiLU       | [174241, 256]              | [174241, 256]  | --       |
| │    │    └─(2)GCNConv    | [174241, 256], [2, 207099] | [174241, 256]  | 65,792   |
| │    │    └─(3)SiLU       | --                         | --             | --       |
| │    │    └─(4)GCNConv    | [174241, 256], [2, 207099] | [174241, 256]  | 65,792   |
+---------------------------+----------------------------+----------------+----------+

Processor summary: 
  (summary skipped: Expected all tensors to be on the same device, but found at least two devices, cuda:0 and cpu! (when checking argument for argument mat1 in method wrapper_CUDA_addmm))

Decoder summary: 
+---------------------------+----------------------------+----------------+----------+
| Layer                     | Input Shape                | Output Shape   | #Param   |
|---------------------------+----------------------------+----------------+----------|
| Model                     | [174241, 256], [2, 399837] | [174241, 33]   | 152,483  |
| ├─(mlp)MLP                |                            | [174241, 128]  | 115,202  |
| │    └─(MLP)ModuleList    | --                         | --             | 115,202  |
| │    │    └─(0)Linear     | [174241, 256]              | [174241, 256]  | 65,792   |
| │    │    └─(1)PReLU      | [174241, 256]              | [174241, 256]  | 1        |
| │    │    └─(2)Linear     | [174241, 256]              | [174241, 128]  | 32,896   |
| │    │    └─(3)PReLU      | [174241, 128]              | [174241, 128]  | 1        |
| │    │    └─(4)Linear     | [174241, 128]              | [174241, 128]  | 16,512   |
| ├─(graph_layer)GraphLayer |                            | [174241, 33]   | 37,281   |
| │    └─(activation)SiLU   | [174241, 128]              | [174241, 128]  | --       |
| │    └─(layers)ModuleList | --                         | --             | 37,281   |
| │    │    └─(0)GCNConv    | [174241, 128], [2, 399837] | [174241, 128]  | 16,512   |
| │    │    └─(1)SiLU       | [174241, 128]              | [174241, 128]  | --       |
| │    │    └─(2)GCNConv    | [174241, 128], [2, 399837] | [174241, 128]  | 16,512   |
| │    │    └─(3)SiLU       | --                         | --             | --       |
| │    │    └─(4)GCNConv    | [174241, 128], [2, 399837] | [174241, 33]   | 4,257    |
+---------------------------+----------------------------+----------------+----------+

[AR-rollout] Модель выдаёт 1 шаг(ов), но мы прогоним 20 шагов авторегрессионно.
[static] Каналы [7, 8] — статика, carry-forward при AR
[forcing] Каналы [29, 30, 31, 32] — форсинг (из ground truth при AR)
[predict] device=cuda | grid=0x0 | 500/1606 test samples
[Region] 2501 nodes (--region [50.0,60.0]N x [83.0,98.0]E)
[metrics] Исключены из aggregate метрик: каналы [7, 8, 29, 30, 31, 32] (static+forcing)
[metrics] per-sample MSE будут сохранены в /workdir/paper_results/krsk5d_chw_samples.npz
[Main] Инференс (500 samples, DA=none)...
  [50/500] RMSE=0.332521 ACC=0.9419
  [100/500] RMSE=0.320403 ACC=0.9433
  [150/500] RMSE=0.323912 ACC=0.9429
  [200/500] RMSE=0.323691 ACC=0.9432
  [250/500] RMSE=0.324692 ACC=0.9434
  [300/500] RMSE=0.324978 ACC=0.9436
  [350/500] RMSE=0.326398 ACC=0.9436
  [400/500] RMSE=0.325964 ACC=0.9439
  [450/500] RMSE=0.327624 ACC=0.9434
  [500/500] RMSE=0.328774 ACC=0.9430
[Save] per-sample metrics → /workdir/paper_results/krsk5d_chw_samples.npz (N=500, AR=20, C=33)

============================================================
=== Inference summary (500 samples) ===
Grid: 0x0 (G=133279) | C=33 | AR=20 horizons
Overall: MSE=0.108093 | RMSE=0.328774 | MAE=0.159932
Baseline: RMSE=0.764486 | MAE=0.433413
Skill: 56.99%
ACC: 0.9430 | base: 0.7038 | Δ=+0.2391

Per-horizon:
  +06h: RMSE=0.125919 | base=0.360278 | skill=65.05% | ACC=0.9920 (base 0.9350)
  +12h: RMSE=0.157870 | base=0.512375 | skill=69.19% | ACC=0.9873 (base 0.8677)
  +18h: RMSE=0.185632 | base=0.604349 | skill=69.28% | ACC=0.9823 (base 0.8152)
  +24h: RMSE=0.204307 | base=0.662609 | skill=69.17% | ACC=0.9783 (base 0.7775)
  +30h: RMSE=0.220087 | base=0.710823 | skill=69.04% | ACC=0.9747 (base 0.7437)
  +36h: RMSE=0.235284 | base=0.743130 | skill=68.34% | ACC=0.9709 (base 0.7199)
  +42h: RMSE=0.250638 | base=0.765574 | skill=67.26% | ACC=0.9669 (base 0.7026)
  +48h: RMSE=0.266296 | base=0.779594 | skill=65.84% | ACC=0.9626 (base 0.6917)
  +54h: RMSE=0.282571 | base=0.795698 | skill=64.49% | ACC=0.9579 (base 0.6789)
  +60h: RMSE=0.299363 | base=0.805789 | skill=62.85% | ACC=0.9526 (base 0.6708)
  +66h: RMSE=0.316718 | base=0.812383 | skill=61.01% | ACC=0.9469 (base 0.6653)
  +72h: RMSE=0.334497 | base=0.815372 | skill=58.98% | ACC=0.9408 (base 0.6629)
  +78h: RMSE=0.352739 | base=0.823792 | skill=57.18% | ACC=0.9341 (base 0.6560)
  +84h: RMSE=0.371371 | base=0.829550 | skill=55.23% | ACC=0.9270 (base 0.6513)
  +90h: RMSE=0.390389 | base=0.833842 | skill=53.18% | ACC=0.9193 (base 0.6477)
  +96h: RMSE=0.409772 | base=0.835420 | skill=50.95% | ACC=0.9111 (base 0.6464)
  +102h: RMSE=0.429423 | base=0.842417 | skill=49.02% | ACC=0.9024 (base 0.6404)
  +108h: RMSE=0.449013 | base=0.847130 | skill=47.00% | ACC=0.8934 (base 0.6364)
  +114h: RMSE=0.468374 | base=0.850338 | skill=44.92% | ACC=0.8841 (base 0.6336)
  +120h: RMSE=0.487472 | base=0.850395 | skill=42.68% | ACC=0.8745 (base 0.6335)

Per-horizon per-channel RMSE (physical units):
         var   unit      +6h     +12h     +18h     +24h     +30h     +36h     +42h     +48h     +54h     +60h     +66h     +72h     +78h     +84h     +90h     +96h    +102h    +108h    +114h    +120h
         t2m      K    0.75°C    0.90°C    0.98°C    1.04°C    1.14°C    1.21°C    1.27°C    1.34°C    1.42°C    1.49°C    1.56°C    1.64°C    1.72°C    1.81°C    1.90°C    1.99°C    2.09°C    2.19°C    2.29°C    2.40°C
         10u    m/s     0.71     0.85     0.96     1.06     1.16     1.27     1.39     1.51     1.64     1.77     1.91     2.04     2.19     2.33     2.48     2.63     2.78     2.93     3.07     3.21
         10v    m/s     0.72     0.86     0.97     1.07     1.18     1.30     1.41     1.53     1.66     1.80     1.93     2.08     2.22     2.38     2.53     2.69     2.85     3.00     3.15     3.30
         msl    hPa     0.57     0.71     0.86     0.99     1.15     1.31     1.49     1.68     1.88     2.10     2.33     2.57     2.82     3.09     3.36     3.66     3.97     4.29     4.62     4.94
       t@850      K    0.60°C    0.73°C    0.81°C    0.88°C    0.96°C    1.03°C    1.10°C    1.18°C    1.26°C    1.35°C    1.44°C    1.54°C    1.64°C    1.75°C    1.86°C    1.98°C    2.10°C    2.23°C    2.35°C    2.49°C
       u@850    m/s     1.09     1.30     1.46     1.60     1.75     1.91     2.07     2.24     2.42     2.60     2.79     2.99     3.19     3.40     3.61     3.82     4.04     4.26     4.47     4.67
       v@850    m/s     1.10     1.30     1.46     1.60     1.75     1.90     2.06     2.23     2.41     2.59     2.79     2.99     3.19     3.41     3.63     3.85     4.07     4.29     4.51     4.72
       z@850    gpm      3.9      4.9      6.0      7.1      8.3      9.5     10.9     12.4     13.9     15.5     17.3     19.1     21.0     23.0     25.1     27.3     29.7     32.1     34.6     37.1
       z@500    gpm      4.6      5.9      7.3      8.7     10.4     12.1     13.9     15.9     18.1     20.4     22.8     25.4     28.1     30.9     33.9     37.0     40.3     43.6     47.0     50.4

Per-channel metrics overall (physical units, avg over 20 horizons):
    #        var      ACC  RMSE_norm    RMSE_phys     unit
    0        t2m   0.9969     0.0770       1.6265        K  (≈1.63 °C)
    1        10u   0.9283     0.3668       2.0408      m/s
    2        10v   0.8977     0.4374       2.0857      m/s
    3        msl   0.9775     0.2041       2.7627      hPa
    4         tp   0.6359     0.8090       0.0016        m
    5         sp   0.9996     0.0293       2.7918      hPa
    6       tcwv   0.9850     0.1766       2.9385    kg/m²
    7     z_surf   0.9998     0.0000       0.0000      gpm
    8        lsm   1.0000     0.0000       0.0000        -
    9      t@850   0.9947     0.1009       1.5642        K  (≈1.56 °C)
   10      u@850   0.9331     0.3624       2.9876      m/s
   11      v@850   0.8805     0.4781       3.0008      m/s
   12      z@850   0.9901     0.1351      20.5975      gpm
   13      q@850   0.9676     0.2591       0.0011    kg/kg
   14      t@500   0.9946     0.1081       1.4105        K  (≈1.41 °C)
   15      u@500   0.9388     0.3453       4.1534      m/s
   16      v@500   0.8904     0.4600       4.2350      m/s
   17      z@500   0.9968     0.0804      27.6945      gpm
   18      q@500   0.9100     0.4150       0.0005    kg/kg
   19      z@250   0.9981     0.0625      35.5064      gpm
   20      t@250   0.9767     0.2074       1.7959        K  (≈1.80 °C)
   21      u@250   0.9540     0.2986       5.3963      m/s
   22      v@250   0.9129     0.4116       5.5340      m/s
   23      q@250   0.9002     0.4487       0.0000    kg/kg
   24     z@1000   0.9793     0.1941      21.6288      gpm
   25     t@1000   0.9962     0.0894       1.5128        K  (≈1.51 °C)
   26     u@1000   0.9304     0.3619       2.2305      m/s
   27     v@1000   0.8995     0.4328       2.3005      m/s
   28     q@1000   0.9948     0.1051       0.0006    kg/kg
   29   sin_hour   0.2155     0.0000       0.0000        ?
   30   cos_hour   0.2155     0.0000       0.0000        ?
   31    sin_doy   0.1458     0.0000       0.0000        ?
   32    cos_doy   0.2208     0.0000       0.0000        ?

--- Region [50.0,60.0]N x [83.0,98.0]E (2501 nodes) ---
RMSE=0.231032 | base=0.648701 | skill=64.39%
ACC=0.8176 | base=0.3832

  Per-horizon (region):
    +06h: RMSE=0.077360 | base=0.264498 | skill=70.75% | ACC=0.9469 (base 0.7933)
    +12h: RMSE=0.090308 | base=0.400644 | skill=77.46% | ACC=0.9322 (base 0.6243)
    +18h: RMSE=0.099900 | base=0.488123 | skill=79.53% | ACC=0.9228 (base 0.5165)
    +24h: RMSE=0.108520 | base=0.542531 | skill=80.00% | ACC=0.9149 (base 0.4551)
    +30h: RMSE=0.118803 | base=0.581367 | skill=79.56% | ACC=0.9049 (base 0.4121)
    +36h: RMSE=0.129406 | base=0.610465 | skill=78.80% | ACC=0.8952 (base 0.3860)
    +42h: RMSE=0.140881 | base=0.636339 | skill=77.86% | ACC=0.8853 (base 0.3659)
    +48h: RMSE=0.153902 | base=0.660313 | skill=76.69% | ACC=0.8739 (base 0.3485)
    +54h: RMSE=0.169344 | base=0.683326 | skill=75.22% | ACC=0.8603 (base 0.3241)
    +60h: RMSE=0.187075 | base=0.696721 | skill=73.15% | ACC=0.8439 (base 0.3124)
    +66h: RMSE=0.205957 | base=0.703313 | skill=70.72% | ACC=0.8262 (base 0.3139)
    +72h: RMSE=0.225970 | base=0.706254 | skill=68.00% | ACC=0.8081 (base 0.3191)
    +78h: RMSE=0.244523 | base=0.711402 | skill=65.63% | ACC=0.7898 (base 0.3139)
    +84h: RMSE=0.261950 | base=0.714773 | skill=63.35% | ACC=0.7713 (base 0.3102)
    +90h: RMSE=0.280021 | base=0.717358 | skill=60.97% | ACC=0.7527 (base 0.3078)
    +96h: RMSE=0.298326 | base=0.719850 | skill=58.56% | ACC=0.7330 (base 0.3065)
    +102h: RMSE=0.319487 | base=0.724055 | skill=55.88% | ACC=0.7100 (base 0.3031)
    +108h: RMSE=0.341588 | base=0.725580 | skill=52.92% | ACC=0.6856 (base 0.3078)
    +114h: RMSE=0.365226 | base=0.726588 | skill=49.73% | ACC=0.6605 (base 0.3179)
    +120h: RMSE=0.390013 | base=0.726187 | skill=46.29% | ACC=0.6346 (base 0.3253)

  Per-horizon per-channel RMSE — REGION (2501 nodes):
           var   unit      +6h     +12h     +18h     +24h     +30h     +36h     +42h     +48h     +54h     +60h     +66h     +72h     +78h     +84h     +90h     +96h    +102h    +108h    +114h    +120h
           t2m      K    1.26°C    1.51°C    1.57°C    1.63°C    1.75°C    1.83°C    1.89°C    1.97°C    2.08°C    2.20°C    2.33°C    2.49°C    2.65°C    2.78°C    2.94°C    3.08°C    3.25°C    3.42°C    3.63°C    3.84°C
           10u    m/s     0.50     0.57     0.61     0.63     0.67     0.71     0.75     0.80     0.87     0.94     1.01     1.07     1.14     1.20     1.27     1.35     1.43     1.52     1.62     1.72
           10v    m/s     0.47     0.55     0.58     0.60     0.64     0.68     0.71     0.74     0.79     0.85     0.90     0.95     1.01     1.07     1.14     1.21     1.28     1.35     1.44     1.53
           msl    hPa     0.66     0.83     0.99     1.13     1.29     1.47     1.67     1.90     2.12     2.39     2.70     3.04     3.40     3.73     4.02     4.34     4.70     5.09     5.50     5.96
         t@850      K    0.68°C    0.84°C    0.93°C    1.01°C    1.08°C    1.15°C    1.22°C    1.31°C    1.41°C    1.53°C    1.65°C    1.78°C    1.91°C    2.02°C    2.13°C    2.23°C    2.35°C    2.51°C    2.70°C    2.91°C
         u@850    m/s     1.13     1.31     1.44     1.55     1.66     1.78     1.93     2.09     2.28     2.49     2.71     2.93     3.11     3.29     3.46     3.63     3.88     4.16     4.45     4.73
         v@850    m/s     1.02     1.17     1.28     1.37     1.48     1.59     1.71     1.83     1.97     2.13     2.30     2.47     2.63     2.81     3.06     3.30     3.52     3.71     3.94     4.19
         z@850    gpm      3.5      4.9      6.2      7.4      8.7     10.1     11.6     13.3     14.9     16.7     18.7     20.8     23.0     25.1     27.1     29.3     31.7     34.3     36.9     39.7
         z@500    gpm      4.5      6.3      8.0      9.7     11.6     13.7     16.0     18.6     21.4     24.3     27.0     29.7     31.9     34.4     37.2     40.3     43.9     48.1     52.4     56.3

  Per-channel region (physical units, avg over 20 horizons):
      #        var      ACC  RMSE_norm    RMSE_phys     unit
      0        t2m   0.8941     0.1191       2.5160        K  (≈2.52 °C)
      1        10u   0.8140     0.1943       1.0810      m/s
      2        10v   0.7892     0.2043       0.9740      m/s
      3        msl   0.9226     0.2421       3.2770      hPa
      4         tp   0.4424     0.0590       0.0001        m
      5         sp   0.9997     0.0316       3.0118      hPa
      6       tcwv   0.8565     0.0645       1.0735    kg/m²
      7     z_surf   1.0000     0.0000       0.0000      gpm
      8        lsm   1.0000     0.0000       0.0000        -
      9      t@850   0.8832     0.1151       1.7852        K  (≈1.79 °C)
     10      u@850   0.8755     0.3526       2.9068      m/s
     11      v@850   0.7823     0.4078       2.5600      m/s
     12      z@850   0.9605     0.1450      22.1004      gpm
     13      q@850   0.7628     0.0835       0.0003    kg/kg
     14      t@500   0.8683     0.1356       1.7699        K  (≈1.77 °C)
     15      u@500   0.7546     0.4028       4.8440      m/s
     16      v@500   0.7615     0.4921       4.5313      m/s
     17      z@500   0.9601     0.0898      30.9595      gpm
     18      q@500   0.6391     0.1160       0.0001    kg/kg
     19      z@250   0.9552     0.0730      41.4509      gpm
     20      t@250   0.7296     0.2528       2.1899        K  (≈2.19 °C)
     21      u@250   0.7944     0.3347       6.0492      m/s
     22      v@250   0.7980     0.4413       5.9332      m/s
     23      q@250   0.5043     0.0523       0.0000    kg/kg
     24     z@1000   0.9319     0.2194      24.4494      gpm
     25     t@1000   0.9266     0.1178       1.9943        K  (≈1.99 °C)
     26     u@1000   0.8079     0.1705       1.0508      m/s
     27     v@1000   0.8010     0.1786       0.9492      m/s
     28     q@1000   0.8600     0.0470       0.0003    kg/kg
     29   sin_hour   0.0155     0.0000       0.0000        ?
     30   cos_hour   0.0155     0.0000       0.0000        ?
     31    sin_doy   0.0048     0.0000       0.0000        ?
     32    cos_doy   0.0076     0.0000       0.0000        ?
============================================================
