[28.08 12:28:52] === НЕЙРОННЫЙ ПОСТПРОЦЕССОР ===
[28.08 12:28:52] корпус: data/postproc/corpus_krsk_lags2_seen.parquet (438M)
[28.08 12:28:52] делю корпус по годам: обучение 2016-2018, отбор 2019, проверка 2020
  train: 1,848,824 строк -> data/postproc/krsk_train.parquet
  val: 616,554 строк -> data/postproc/krsk_val.parquet
  test: 618,236 строк -> data/postproc/krsk_test.parquet
[28.08 12:29:00] обучение, эпох 40
    "elev",
    "z_surf",
    "lsm",
    "sin_hour",
    "cos_hour",
    "sin_doy",
    "cos_doy",
    "lead_norm"
  ],
  "hidden": [
    192,
    192,
    128
  ],
  "dropout": 0.1,
  "probabilistic": false,
  "station_emb_dim": 32,
  "film_hidden": 64,
  "epochs": 40,
  "batch_size": 4096,
  "lr": 0.001,
  "weight_decay": 0.0001,
  "huber_delta": 1.0,
  "wind_alpha": 0.5,
  "w_t2m": 1.0,
  "w_wind": 1.0,
  "balanced_sampling": true,
  "num_workers": 4,
  "device": "cuda",
  "grad_clip": 1.0,
  "seed": 42
}
[cfg] num_stations=71  features=26
[dataset] признаков-наблюдений добавлено: 34
[dataset] пропусков в признаках: 5,792,039 (6.81%) — заменены средним
[dataset] признаков-наблюдений добавлено: 34
[dataset] пропусков в признаках: 1,899,185 (6.53%) — заменены средним
[model] StationLeadBiasResidualMLP params=101,432  (station_emb=32 hidden=[192, 192, 128] bias_head=Embedding(71,3))
Traceback (most recent call last):
  File "/workdir/graphcast-lite/scripts/postproc/train_neural_postproc_v3.py", line 350, in <module>
    sys.exit(main())
  File "/workdir/graphcast-lite/scripts/postproc/train_neural_postproc_v3.py", line 344, in main
    result = train_v3(cfg)
  File "/workdir/graphcast-lite/scripts/postproc/train_neural_postproc_v3.py", line 247, in train_v3
    train_m = _epoch_pass(model, train_loader, cfg, optim, train=True)
  File "/workdir/graphcast-lite/scripts/postproc/train_neural_postproc_v3.py", line 126, in _epoch_pass
    out = model(features, station_idx=station_idx, lead_norm=lead_norm, gnn_targets=gnn)
  File "/data/venvs/graphcast/lib/python3.10/site-packages/torch/nn/modules/module.py", line 1511, in _wrapped_call_impl
    return self._call_impl(*args, **kwargs)
  File "/data/venvs/graphcast/lib/python3.10/site-packages/torch/nn/modules/module.py", line 1520, in _call_impl
    return forward_call(*args, **kwargs)
  File "/workdir/graphcast-lite/src/postprocessing/neural/models.py", line 363, in forward
    h = self.fc1(x)
  File "/data/venvs/graphcast/lib/python3.10/site-packages/torch/nn/modules/module.py", line 1511, in _wrapped_call_impl
    return self._call_impl(*args, **kwargs)
  File "/data/venvs/graphcast/lib/python3.10/site-packages/torch/nn/modules/module.py", line 1520, in _call_impl
    return forward_call(*args, **kwargs)
  File "/data/venvs/graphcast/lib/python3.10/site-packages/torch/nn/modules/linear.py", line 116, in forward
    return F.linear(input, self.weight, self.bias)
RuntimeError: mat1 and mat2 shapes cannot be multiplied (4096x92 and 58x192)
[28.08 12:29:15] обучение rc=1
[28.08 12:29:15] весов нет — см. лог выше
[28.08 12:37:50] === НЕЙРОННЫЙ ПОСТПРОЦЕССОР ===
[28.08 12:37:50] корпус: data/postproc/corpus_krsk_lags2_seen.parquet (438M)
[28.08 12:37:50] базовые линии на выборке сети (только полные наблюдения)
только полные наблюдения: 3,083,614 -> 2,388,455 строк (выборка нейронного постпроцессора)
обучение 1,417,593 строк ([2016, 2017, 2018]), проверка 485,888 строк ([2020]), станций 71
                     сырой прогноз    2.978    2.113   -0.470      0.0%
                 станция×месяц×час    2.521    1.808   -0.139     15.4%
              регрессия (8 призн.)    2.922    2.071   -0.232      1.9%
регрессия + наблюдения (42 призн.)    2.617    1.894   -0.186     12.1%
   таблица + регрессия (42 призн.)    2.498    1.800   -0.160     16.1%
  по срокам, лучший способ — таблица + регрессия (42 призн.):
                     сырой прогноз    1.740    1.357   +0.375      0.0%
                 станция×месяц×час    1.635    1.255   +0.128      6.0%
              регрессия (8 призн.)    1.496    1.128   +0.038     14.0%
регрессия + наблюдения (42 призн.)    1.444    1.087   +0.032     17.0%
   таблица + регрессия (42 призн.)    1.445    1.084   +0.066     17.0%
  по срокам, лучший способ — регрессия + наблюдения (42 призн.):
                     сырой прогноз    1.585    1.222   +0.233      0.0%
                 станция×месяц×час    1.467    1.120   +0.026      7.4%
              регрессия (8 призн.)    1.324    0.983   -0.009     16.5%
регрессия + наблюдения (42 призн.)    1.264    0.937   -0.025     20.2%
   таблица + регрессия (42 призн.)    1.259    0.937   -0.016     20.6%
  по срокам, лучший способ — таблица + регрессия (42 призн.):
[28.08 12:38:21] обучение, эпох 40
  "batch_size": 4096,
  "lr": 0.001,
  "weight_decay": 0.0001,
  "huber_delta": 1.0,
  "wind_alpha": 0.5,
  "w_t2m": 1.0,
  "w_wind": 1.0,
  "balanced_sampling": true,
  "num_workers": 4,
  "device": "cuda",
  "grad_clip": 1.0,
  "seed": 42
}
[cfg] num_stations=71  features=26
[dataset] признаков-наблюдений добавлено: 34
[dataset] пропусков в признаках: 5,792,039 (6.81%) — заменены средним
[cfg] признаков: 26 -> 60 (датасет дополнил список)
[dataset] пропусков в признаках: 1,899,185 (6.53%) — заменены средним
[model] StationLeadBiasResidualMLP params=107,960  (station_emb=32 hidden=[192, 192, 128] bias_head=Embedding(71,3))
[ep 001] train loss=4.9496 val loss=4.6003 val rmse_t2m=2.434°C val bias_t2m=-0.003°C val vec_rmse_wind=1.732m/s
[ep 002] train loss=4.3768 val loss=4.4601 val rmse_t2m=2.381°C val bias_t2m=+0.002°C val vec_rmse_wind=1.706m/s
[ep 003] train loss=4.2720 val loss=4.4075 val rmse_t2m=2.368°C val bias_t2m=-0.004°C val vec_rmse_wind=1.696m/s
[ep 004] train loss=4.1848 val loss=4.3955 val rmse_t2m=2.362°C val bias_t2m=+0.021°C val vec_rmse_wind=1.694m/s
[ep 005] train loss=4.1442 val loss=4.3704 val rmse_t2m=2.357°C val bias_t2m=-0.043°C val vec_rmse_wind=1.689m/s
[ep 006] train loss=4.1035 val loss=4.3452 val rmse_t2m=2.346°C val bias_t2m=-0.072°C val vec_rmse_wind=1.683m/s
[ep 007] train loss=4.0883 val loss=4.3447 val rmse_t2m=2.355°C val bias_t2m=-0.059°C val vec_rmse_wind=1.682m/s
[ep 008] train loss=4.0639 val loss=4.3481 val rmse_t2m=2.355°C val bias_t2m=-0.037°C val vec_rmse_wind=1.683m/s
[ep 009] train loss=4.0459 val loss=4.3333 val rmse_t2m=2.347°C val bias_t2m=-0.011°C val vec_rmse_wind=1.681m/s
[ep 010] train loss=4.0171 val loss=4.3408 val rmse_t2m=2.345°C val bias_t2m=-0.018°C val vec_rmse_wind=1.684m/s
[ep 011] train loss=4.0059 val loss=4.3319 val rmse_t2m=2.340°C val bias_t2m=-0.006°C val vec_rmse_wind=1.682m/s
[ep 012] train loss=3.9836 val loss=4.3292 val rmse_t2m=2.336°C val bias_t2m=+0.023°C val vec_rmse_wind=1.682m/s
[ep 013] train loss=3.9845 val loss=4.3348 val rmse_t2m=2.340°C val bias_t2m=+0.008°C val vec_rmse_wind=1.683m/s
[ep 014] train loss=3.9670 val loss=4.3225 val rmse_t2m=2.336°C val bias_t2m=+0.038°C val vec_rmse_wind=1.681m/s
[ep 015] train loss=3.9508 val loss=4.3309 val rmse_t2m=2.342°C val bias_t2m=-0.014°C val vec_rmse_wind=1.681m/s
[ep 016] train loss=3.9548 val loss=4.3307 val rmse_t2m=2.336°C val bias_t2m=-0.012°C val vec_rmse_wind=1.683m/s
[ep 017] train loss=3.9342 val loss=4.3223 val rmse_t2m=2.338°C val bias_t2m=-0.010°C val vec_rmse_wind=1.681m/s
[ep 018] train loss=3.9225 val loss=4.3322 val rmse_t2m=2.338°C val bias_t2m=-0.015°C val vec_rmse_wind=1.683m/s
[ep 019] train loss=3.9166 val loss=4.3265 val rmse_t2m=2.343°C val bias_t2m=-0.031°C val vec_rmse_wind=1.681m/s
[ep 020] train loss=3.8996 val loss=4.3358 val rmse_t2m=2.343°C val bias_t2m=-0.034°C val vec_rmse_wind=1.683m/s
[ep 021] train loss=3.8989 val loss=4.3223 val rmse_t2m=2.339°C val bias_t2m=-0.029°C val vec_rmse_wind=1.680m/s
[ep 022] train loss=3.8838 val loss=4.3258 val rmse_t2m=2.335°C val bias_t2m=-0.005°C val vec_rmse_wind=1.682m/s
[ep 023] train loss=3.8883 val loss=4.3299 val rmse_t2m=2.339°C val bias_t2m=-0.019°C val vec_rmse_wind=1.682m/s
[ep 024] train loss=3.8734 val loss=4.3372 val rmse_t2m=2.344°C val bias_t2m=-0.045°C val vec_rmse_wind=1.684m/s
[ep 025] train loss=3.8568 val loss=4.3278 val rmse_t2m=2.340°C val bias_t2m=-0.035°C val vec_rmse_wind=1.682m/s
[ep 026] train loss=3.8565 val loss=4.3338 val rmse_t2m=2.339°C val bias_t2m=-0.029°C val vec_rmse_wind=1.684m/s
[ep 027] train loss=3.8453 val loss=4.3331 val rmse_t2m=2.342°C val bias_t2m=-0.027°C val vec_rmse_wind=1.683m/s
[ep 028] train loss=3.8564 val loss=4.3304 val rmse_t2m=2.335°C val bias_t2m=+0.000°C val vec_rmse_wind=1.683m/s
[ep 029] train loss=3.8431 val loss=4.3361 val rmse_t2m=2.342°C val bias_t2m=-0.040°C val vec_rmse_wind=1.684m/s
[ep 030] train loss=3.8471 val loss=4.3321 val rmse_t2m=2.340°C val bias_t2m=-0.011°C val vec_rmse_wind=1.683m/s
[ep 031] train loss=3.8369 val loss=4.3333 val rmse_t2m=2.340°C val bias_t2m=-0.014°C val vec_rmse_wind=1.683m/s
[ep 032] train loss=3.8242 val loss=4.3280 val rmse_t2m=2.337°C val bias_t2m=-0.018°C val vec_rmse_wind=1.682m/s
[ep 033] train loss=3.8258 val loss=4.3334 val rmse_t2m=2.338°C val bias_t2m=-0.042°C val vec_rmse_wind=1.684m/s
[ep 034] train loss=3.8248 val loss=4.3326 val rmse_t2m=2.339°C val bias_t2m=-0.032°C val vec_rmse_wind=1.684m/s
[ep 035] train loss=3.8232 val loss=4.3298 val rmse_t2m=2.337°C val bias_t2m=-0.016°C val vec_rmse_wind=1.683m/s
[ep 036] train loss=3.8288 val loss=4.3282 val rmse_t2m=2.337°C val bias_t2m=-0.024°C val vec_rmse_wind=1.683m/s
[ep 037] train loss=3.8231 val loss=4.3301 val rmse_t2m=2.338°C val bias_t2m=-0.017°C val vec_rmse_wind=1.683m/s
[ep 038] train loss=3.8242 val loss=4.3304 val rmse_t2m=2.339°C val bias_t2m=-0.025°C val vec_rmse_wind=1.683m/s
[ep 039] train loss=3.8132 val loss=4.3304 val rmse_t2m=2.339°C val bias_t2m=-0.027°C val vec_rmse_wind=1.683m/s
[ep 040] train loss=3.8291 val loss=4.3298 val rmse_t2m=2.338°C val bias_t2m=-0.025°C val vec_rmse_wind=1.683m/s
Done: {'best_val_combined': 4.0160751925451725, 'epochs_run': 40}
[28.08 12:57:36] обучение rc=0
[28.08 12:57:36] проверка на 2020
[dataset] пропусков в признаках: 1,915,506 (6.57%) — заменены средним
[eval] модель: StationLeadBiasResidualMLP
Saved: experiments/neural_postproc_krsk/eval_test2020/eval_per_lead_v2.json
Saved: experiments/neural_postproc_krsk/eval_test2020/eval_per_lead_v2.md

Overall: t2m RMSE=2.297°C, wind vec=1.727m/s
[28.08 12:57:51] === ALL DONE ===
[28.08 14:30:38] === НЕЙРОННЫЙ ПОСТПРОЦЕССОР ===
[28.08 14:30:38] корпус: data/postproc/corpus_krsk_lags2_seen.parquet (438M)
[28.08 14:30:38] базовые линии на выборке сети (только полные наблюдения)
только полные наблюдения: 3,083,614 -> 2,388,455 строк (выборка нейронного постпроцессора)
обучение 1,417,593 строк ([2016, 2017, 2018]), проверка 485,888 строк ([2020]), станций 71
                     сырой прогноз    2.978    2.113   -0.470      0.0%
                 станция×месяц×час    2.521    1.808   -0.139     15.4%
              регрессия (8 призн.)    2.922    2.071   -0.232      1.9%
регрессия + наблюдения (42 призн.)    2.617    1.894   -0.186     12.1%
   таблица + регрессия (42 призн.)    2.498    1.800   -0.160     16.1%
  по срокам, лучший способ — таблица + регрессия (42 призн.):
                     сырой прогноз    1.740    1.357   +0.375      0.0%
                 станция×месяц×час    1.635    1.255   +0.128      6.0%
              регрессия (8 призн.)    1.496    1.128   +0.038     14.0%
регрессия + наблюдения (42 призн.)    1.444    1.087   +0.032     17.0%
   таблица + регрессия (42 призн.)    1.445    1.084   +0.066     17.0%
  по срокам, лучший способ — регрессия + наблюдения (42 призн.):
                     сырой прогноз    1.585    1.222   +0.233      0.0%
                 станция×месяц×час    1.467    1.120   +0.026      7.4%
              регрессия (8 призн.)    1.324    0.983   -0.009     16.5%
регрессия + наблюдения (42 призн.)    1.264    0.937   -0.025     20.2%
   таблица + регрессия (42 призн.)    1.259    0.937   -0.016     20.6%
  по срокам, лучший способ — таблица + регрессия (42 призн.):
[28.08 14:31:04] --- experiments/neural_postproc_krsk: веса уже есть, обучение пропускаю
[28.08 14:31:04]     проверка на 2020
[eval] модель: StationLeadBiasResidualMLP
Overall: t2m RMSE=2.297°C, wind vec=1.727m/s
[28.08 14:31:18] --- experiments/neural_postproc_krsk_noobs: обучение, эпох 20
[cfg] num_stations=71  features=26
[dataset] пропусков в признаках: 526 (0.00%) — заменены средним
[dataset] пропусков в признаках: 45 (0.00%) — заменены средним
[model] StationLeadBiasResidualMLP params=101,432  (station_emb=32 hidden=[192, 192, 128] bias_head=Embedding(71,3))
[ep 001] train loss=4.9196 val loss=4.5447 val rmse_t2m=2.440°C val bias_t2m=+0.011°C val vec_rmse_wind=1.717m/s
[ep 002] train loss=4.3312 val loss=4.4171 val rmse_t2m=2.394°C val bias_t2m=+0.012°C val vec_rmse_wind=1.693m/s
[ep 003] train loss=4.2440 val loss=4.3765 val rmse_t2m=2.375°C val bias_t2m=-0.028°C val vec_rmse_wind=1.687m/s
[ep 004] train loss=4.1674 val loss=4.3734 val rmse_t2m=2.376°C val bias_t2m=+0.048°C val vec_rmse_wind=1.687m/s
[ep 005] train loss=4.1311 val loss=4.3564 val rmse_t2m=2.372°C val bias_t2m=+0.005°C val vec_rmse_wind=1.683m/s
[ep 006] train loss=4.0911 val loss=4.3369 val rmse_t2m=2.375°C val bias_t2m=-0.125°C val vec_rmse_wind=1.676m/s
[ep 007] train loss=4.0780 val loss=4.3431 val rmse_t2m=2.370°C val bias_t2m=-0.041°C val vec_rmse_wind=1.680m/s
[ep 008] train loss=4.0549 val loss=4.3330 val rmse_t2m=2.370°C val bias_t2m=-0.025°C val vec_rmse_wind=1.677m/s
[ep 009] train loss=4.0438 val loss=4.3368 val rmse_t2m=2.372°C val bias_t2m=-0.051°C val vec_rmse_wind=1.678m/s
[ep 010] train loss=4.0147 val loss=4.3345 val rmse_t2m=2.363°C val bias_t2m=-0.000°C val vec_rmse_wind=1.679m/s
[ep 011] train loss=4.0050 val loss=4.3268 val rmse_t2m=2.362°C val bias_t2m=-0.021°C val vec_rmse_wind=1.677m/s
[ep 012] train loss=3.9872 val loss=4.3244 val rmse_t2m=2.356°C val bias_t2m=+0.001°C val vec_rmse_wind=1.678m/s
[ep 013] train loss=3.9888 val loss=4.3218 val rmse_t2m=2.359°C val bias_t2m=-0.027°C val vec_rmse_wind=1.677m/s
[ep 014] train loss=3.9741 val loss=4.3234 val rmse_t2m=2.357°C val bias_t2m=-0.021°C val vec_rmse_wind=1.678m/s
[ep 015] train loss=3.9592 val loss=4.3243 val rmse_t2m=2.358°C val bias_t2m=-0.031°C val vec_rmse_wind=1.677m/s
[ep 016] train loss=3.9707 val loss=4.3228 val rmse_t2m=2.351°C val bias_t2m=-0.007°C val vec_rmse_wind=1.678m/s
[ep 017] train loss=3.9576 val loss=4.3199 val rmse_t2m=2.357°C val bias_t2m=-0.026°C val vec_rmse_wind=1.677m/s
[ep 018] train loss=3.9507 val loss=4.3196 val rmse_t2m=2.354°C val bias_t2m=-0.016°C val vec_rmse_wind=1.677m/s
[ep 019] train loss=3.9585 val loss=4.3183 val rmse_t2m=2.357°C val bias_t2m=-0.026°C val vec_rmse_wind=1.676m/s
[ep 020] train loss=3.9424 val loss=4.3172 val rmse_t2m=2.356°C val bias_t2m=-0.021°C val vec_rmse_wind=1.676m/s
Done: {'best_val_combined': 4.029779589701436, 'epochs_run': 20}
[28.08 14:41:04]     проверка на 2020
[28.08 14:41:07] === ALL DONE ===
[28.08 15:03:14] === НЕЙРОННЫЙ ПОСТПРОЦЕССОР ===
[28.08 15:03:14] корпус: data/postproc/corpus_krsk_lags2_seen.parquet (438M)
[28.08 15:03:14] базовые линии на выборке сети (только полные наблюдения)
только полные наблюдения: 3,083,614 -> 2,388,455 строк (выборка нейронного постпроцессора)
обучение 1,417,593 строк ([2016, 2017, 2018]), проверка 485,888 строк ([2020]), станций 71
                     сырой прогноз    2.978    2.113   -0.470      0.0%
                 станция×месяц×час    2.521    1.808   -0.139     15.4%
              регрессия (8 призн.)    2.922    2.071   -0.232      1.9%
регрессия + наблюдения (42 призн.)    2.617    1.894   -0.186     12.1%
   таблица + регрессия (42 призн.)    2.498    1.800   -0.160     16.1%
  по срокам, лучший способ — таблица + регрессия (42 призн.):
                     сырой прогноз    1.740    1.357   +0.375      0.0%
                 станция×месяц×час    1.635    1.255   +0.128      6.0%
              регрессия (8 призн.)    1.496    1.128   +0.038     14.0%
регрессия + наблюдения (42 призн.)    1.444    1.087   +0.032     17.0%
   таблица + регрессия (42 призн.)    1.445    1.084   +0.066     17.0%
  по срокам, лучший способ — регрессия + наблюдения (42 призн.):
                     сырой прогноз    1.585    1.222   +0.233      0.0%
                 станция×месяц×час    1.467    1.120   +0.026      7.4%
              регрессия (8 призн.)    1.324    0.983   -0.009     16.5%
регрессия + наблюдения (42 призн.)    1.264    0.937   -0.025     20.2%
   таблица + регрессия (42 призн.)    1.259    0.937   -0.016     20.6%
  по срокам, лучший способ — таблица + регрессия (42 призн.):
[28.08 15:03:41] --- experiments/neural_postproc_krsk: веса уже есть, обучение пропускаю
[28.08 15:03:41]     проверка на 2020
[eval] модель: StationLeadBiasResidualMLP
Overall: t2m RMSE=2.297°C, wind vec=1.727m/s
[28.08 15:03:56] --- experiments/neural_postproc_krsk_noobs: веса уже есть, обучение пропускаю
[28.08 15:03:56]     проверка на 2020
[eval] модель: StationLeadBiasResidualMLP
Overall: t2m RMSE=2.331°C, wind vec=1.718m/s
[28.08 15:04:11] --- experiments/neural_postproc_krsk_prob: обучение, эпох 20, обучающий krsk_train.parquet
[cfg] num_stations=71  features=26
[dataset] признаков-наблюдений добавлено: 34
[dataset] пропусков в признаках: 5,792,039 (6.81%) — заменены средним
[cfg] признаков: 26 -> 60 (датасет дополнил список)
[dataset] пропусков в признаках: 1,899,185 (6.53%) — заменены средним
[model] StationLeadBiasResidualMLP params=108,347  (station_emb=32 hidden=[192, 192, 128] bias_head=Embedding(71,3))
[ep 001] train loss=2.6452 val loss=2.5181 val rmse_t2m=2.393°C val bias_t2m=+0.003°C val vec_rmse_wind=1.739m/s
[ep 002] train loss=2.4131 val loss=2.4622 val rmse_t2m=2.351°C val bias_t2m=-0.018°C val vec_rmse_wind=1.705m/s
[ep 003] train loss=2.3622 val loss=2.4466 val rmse_t2m=2.348°C val bias_t2m=-0.021°C val vec_rmse_wind=1.696m/s
[ep 004] train loss=2.3355 val loss=2.4381 val rmse_t2m=2.346°C val bias_t2m=-0.068°C val vec_rmse_wind=1.689m/s
[ep 005] train loss=2.3166 val loss=2.4261 val rmse_t2m=2.332°C val bias_t2m=+0.007°C val vec_rmse_wind=1.686m/s
[ep 006] train loss=2.3010 val loss=2.4194 val rmse_t2m=2.329°C val bias_t2m=-0.036°C val vec_rmse_wind=1.682m/s
[ep 007] train loss=2.2931 val loss=2.4165 val rmse_t2m=2.321°C val bias_t2m=-0.045°C val vec_rmse_wind=1.683m/s
[ep 008] train loss=2.2792 val loss=2.4159 val rmse_t2m=2.325°C val bias_t2m=-0.045°C val vec_rmse_wind=1.682m/s
[ep 009] train loss=2.2738 val loss=2.4173 val rmse_t2m=2.332°C val bias_t2m=-0.075°C val vec_rmse_wind=1.680m/s
[ep 010] train loss=2.2676 val loss=2.4161 val rmse_t2m=2.334°C val bias_t2m=-0.092°C val vec_rmse_wind=1.681m/s
[ep 011] train loss=2.2604 val loss=2.4146 val rmse_t2m=2.335°C val bias_t2m=-0.011°C val vec_rmse_wind=1.678m/s
[ep 012] train loss=2.2559 val loss=2.4176 val rmse_t2m=2.341°C val bias_t2m=-0.103°C val vec_rmse_wind=1.678m/s
[ep 013] train loss=2.2516 val loss=2.4160 val rmse_t2m=2.339°C val bias_t2m=-0.035°C val vec_rmse_wind=1.676m/s
[ep 014] train loss=2.2511 val loss=2.4152 val rmse_t2m=2.339°C val bias_t2m=-0.048°C val vec_rmse_wind=1.678m/s
[ep 015] train loss=2.2439 val loss=2.4118 val rmse_t2m=2.332°C val bias_t2m=-0.012°C val vec_rmse_wind=1.678m/s
[ep 016] train loss=2.2412 val loss=2.4144 val rmse_t2m=2.339°C val bias_t2m=-0.061°C val vec_rmse_wind=1.676m/s
[ep 017] train loss=2.2419 val loss=2.4125 val rmse_t2m=2.336°C val bias_t2m=-0.060°C val vec_rmse_wind=1.676m/s
[ep 018] train loss=2.2387 val loss=2.4114 val rmse_t2m=2.335°C val bias_t2m=-0.043°C val vec_rmse_wind=1.676m/s
[ep 019] train loss=2.2385 val loss=2.4110 val rmse_t2m=2.333°C val bias_t2m=-0.040°C val vec_rmse_wind=1.676m/s
[ep 020] train loss=2.2365 val loss=2.4106 val rmse_t2m=2.333°C val bias_t2m=-0.043°C val vec_rmse_wind=1.676m/s
Done: {'best_val_combined': 4.004940243778941, 'epochs_run': 20}
[28.08 15:14:55]     проверка на 2020
[eval] модель: StationLeadBiasResidualMLP
Overall: t2m RMSE=2.289°C, wind vec=1.719m/s
[28.08 15:15:15] готовлю набор на одном годе: обучение 2019, отбор 2018
  train1y: 616,554 строк
  val1y: 616,552 строк
[28.08 15:15:20] --- experiments/neural_postproc_krsk_1y: обучение, эпох 20, обучающий krsk_train1y.parquet
[cfg] num_stations=71  features=26
[dataset] признаков-наблюдений добавлено: 34
[dataset] пропусков в признаках: 1,899,185 (6.53%) — заменены средним
[cfg] признаков: 26 -> 60 (датасет дополнил список)
[dataset] пропусков в признаках: 1,917,874 (6.77%) — заменены средним
[model] StationLeadBiasResidualMLP params=107,960  (station_emb=32 hidden=[192, 192, 128] bias_head=Embedding(71,3))
[ep 001] train loss=5.6073 val loss=5.0837 val rmse_t2m=2.542°C val bias_t2m=+0.142°C val vec_rmse_wind=1.841m/s
[ep 002] train loss=4.8133 val loss=4.8526 val rmse_t2m=2.463°C val bias_t2m=+0.122°C val vec_rmse_wind=1.798m/s
[ep 003] train loss=4.5978 val loss=4.7304 val rmse_t2m=2.419°C val bias_t2m=+0.071°C val vec_rmse_wind=1.775m/s
[ep 004] train loss=4.4100 val loss=4.6541 val rmse_t2m=2.392°C val bias_t2m=+0.059°C val vec_rmse_wind=1.759m/s
[ep 005] train loss=4.2872 val loss=4.6313 val rmse_t2m=2.377°C val bias_t2m=-0.012°C val vec_rmse_wind=1.757m/s
[ep 006] train loss=4.2616 val loss=4.6337 val rmse_t2m=2.381°C val bias_t2m=+0.060°C val vec_rmse_wind=1.757m/s
[ep 007] train loss=4.2043 val loss=4.6159 val rmse_t2m=2.378°C val bias_t2m=+0.089°C val vec_rmse_wind=1.753m/s
[ep 008] train loss=4.1529 val loss=4.6157 val rmse_t2m=2.375°C val bias_t2m=+0.120°C val vec_rmse_wind=1.754m/s
[ep 009] train loss=4.1131 val loss=4.6216 val rmse_t2m=2.384°C val bias_t2m=+0.079°C val vec_rmse_wind=1.754m/s
[ep 010] train loss=4.0808 val loss=4.6293 val rmse_t2m=2.387°C val bias_t2m=+0.064°C val vec_rmse_wind=1.755m/s
[ep 011] train loss=4.0254 val loss=4.6144 val rmse_t2m=2.375°C val bias_t2m=+0.049°C val vec_rmse_wind=1.754m/s
[ep 012] train loss=4.0106 val loss=4.6309 val rmse_t2m=2.382°C val bias_t2m=+0.067°C val vec_rmse_wind=1.757m/s
[ep 013] train loss=3.9687 val loss=4.6324 val rmse_t2m=2.382°C val bias_t2m=+0.115°C val vec_rmse_wind=1.758m/s
[ep 014] train loss=3.9748 val loss=4.6305 val rmse_t2m=2.381°C val bias_t2m=+0.096°C val vec_rmse_wind=1.758m/s
[ep 015] train loss=3.9285 val loss=4.6231 val rmse_t2m=2.382°C val bias_t2m=+0.118°C val vec_rmse_wind=1.756m/s
[ep 016] train loss=3.9382 val loss=4.6356 val rmse_t2m=2.381°C val bias_t2m=+0.085°C val vec_rmse_wind=1.759m/s
[ep 017] train loss=3.9326 val loss=4.6345 val rmse_t2m=2.384°C val bias_t2m=+0.104°C val vec_rmse_wind=1.759m/s
[ep 018] train loss=3.9249 val loss=4.6275 val rmse_t2m=2.383°C val bias_t2m=+0.105°C val vec_rmse_wind=1.757m/s
[ep 019] train loss=3.9365 val loss=4.6307 val rmse_t2m=2.383°C val bias_t2m=+0.100°C val vec_rmse_wind=1.758m/s
[ep 020] train loss=3.9090 val loss=4.6300 val rmse_t2m=2.383°C val bias_t2m=+0.098°C val vec_rmse_wind=1.758m/s
Done: {'best_val_combined': 4.129471317680307, 'epochs_run': 20}
[28.08 15:20:37]     проверка на 2020
[eval] модель: StationLeadBiasResidualMLP
Overall: t2m RMSE=2.356°C, wind vec=1.757m/s
[28.08 15:20:52] --- разбор по станциям (основная модель)
[dataset] пропусков в признаках: 1,915,506 (6.57%) — заменены средним
[eval] модель: StationLeadBiasResidualMLP
Saved: experiments/neural_postproc_krsk/eval_stations/eval_per_station_krsk.json
Saved: experiments/neural_postproc_krsk/eval_stations/eval_per_station_krsk.md
Stations in box: 71 / 50; region n=485,888
Region pp T2m RMSE = 2.297°C (GNN 2.978°C)
Region pp wind vec-RMSE = 1.727m/s (GNN 2.353m/s)
[28.08 15:21:08] === ALL DONE ===
