[28.08 17:01:34] === НОЧНОЙ ПРОГОН: окрестность станции ===
[28.08 17:01:34] шаг 1: корпус с окрестностью (около 2,5 часов)
[28.08 19:38:30] шаг 1 готов: data/postproc/corpus_krsk_2016_2020_nb6.parquet (497M)
[28.08 19:38:30] шаг 2: признаки-наблюдения
  obs_v10_anom: заполнено  76.3 %

добавлено признаков: 34 — obs_lag_age_h, obs_t2m_lag0, obs_t2m_lag6, obs_t2m_lag12, obs_t2m_lag24, obs_t2m_tend24, err_t2m_lag0, err_t2m_lag6, err_t2m_lag12, err_t2m_lag24, err_t2m_lag_mean, obs_t2m_anom, obs_u10_lag0, obs_u10_lag6, obs_u10_lag12, obs_u10_lag24, obs_u10_tend24, err_u10_lag0, err_u10_lag6, err_u10_lag12, err_u10_lag24, err_u10_lag_mean, obs_u10_anom, obs_v10_lag0, obs_v10_lag6, obs_v10_lag12, obs_v10_lag24, obs_v10_tend24, err_v10_lag0, err_v10_lag6, err_v10_lag12, err_v10_lag24, err_v10_lag_mean, obs_v10_anom
записано data/postproc/corpus_krsk_lags2_nb6.parquet: 3,083,614 строк, 95 столбцов
[28.08 19:39:03] шаг 3: базовые линии
только полные наблюдения: 3,083,614 -> 2,388,455 строк (выборка нейронного постпроцессора)
=== t2m, °C ===
                     сырой прогноз    2.978    2.113   -0.470      0.0%
                 станция×месяц×час    2.521    1.808   -0.139     15.4%
   таблица + регрессия (42 призн.)    2.498    1.800   -0.160     16.1%
  по срокам, лучший способ — таблица + регрессия (42 призн.):
=== 10u, м/с ===
                     сырой прогноз    1.740    1.357   +0.375      0.0%
                 станция×месяц×час    1.635    1.255   +0.128      6.0%
   таблица + регрессия (42 призн.)    1.445    1.084   +0.066     17.0%
=== 10v, м/с ===
                     сырой прогноз    1.585    1.222   +0.233      0.0%
                 станция×месяц×час    1.467    1.120   +0.026      7.4%
   таблица + регрессия (42 призн.)    1.259    0.937   -0.016     20.6%
  по срокам, лучший способ — таблица + регрессия (42 призн.):
[28.08 19:39:32] шаг 4: деление по годам
  train: 1,848,824 строк
  val: 616,554 строк
  test: 618,236 строк
[28.08 19:39:41] шаг 5: обучение, 20 эпох
