[28.08 11:44:32] === ПОСТОБРАБОТКА, красноярский корпус ===
[28.08 11:44:32] корпус: data/postproc/corpus_krsk_2016_2020.parquet (342M)
[28.08 11:44:32] --- настройка seen: обучение 2016 2017 2018, проверка 2020
[28.08 11:44:32]     признаки-наблюдения (климатология только по 2016 2017 2018)
  obs_t2m_lag6: заполнено  99.0 %
  obs_t2m_lag12: заполнено  99.2 %
  obs_t2m_lag24: заполнено  99.2 %
  obs_lag_age_h: медиана 0.00 ч, максимум 0.00 ч
  err_lag0: заполнено  99.3 %, разброс 2.71
  err_lag6: заполнено  99.0 %, разброс 2.66
  err_lag12: заполнено  99.2 %, разброс 2.71
  err_lag24: заполнено  99.2 %, разброс 2.71
климатическая норма по годам [2016, 2017, 2018]: заполнено 99.3 %

добавлено признаков: 12 — obs_t2m_lag0, obs_t2m_lag6, obs_t2m_lag12, obs_t2m_lag24, obs_lag_age_h, obs_t2m_tend24, err_lag0, err_lag6, err_lag12, err_lag24, err_lag_mean, obs_t2m_anom
записано data/postproc/corpus_krsk_lags_seen.parquet: 3,083,614 строк, 62 столбцов
[28.08 11:44:46]     базовые линии
обучение 1,848,824 строк ([2016, 2017, 2018]), проверка 618,236 строк ([2020]), станций 71

=== t2m, °C ===
                    способ     RMSE      MAE    смещ.   выигрыш
             сырой прогноз    3.103    2.213   -0.225      0.0%
            общее смещение    3.101    2.210   -0.198      0.1%
                   станция    2.849    2.066   -0.198      8.2%
             станция×месяц    2.697    1.961   -0.200     13.1%
         станция×месяц×час    2.653    1.918   -0.202     14.5%
              станция×срок    2.850    2.066   -0.198      8.2%
      регрессия (8 призн.)    3.086    2.207   -0.228      0.5%

[10u] регрессия не посчиталась: Input y contains NaN.
=== 10u, м/с ===
                    способ     RMSE      MAE    смещ.   выигрыш
             сырой прогноз      nan      nan     +nan      nan%
            общее смещение      nan      nan     +nan      nan%
                   станция      nan      nan     +nan      nan%
             станция×месяц      nan      nan     +nan      nan%
         станция×месяц×час      nan      nan     +nan      nan%
              станция×срок      nan      nan     +nan      nan%

[10v] регрессия не посчиталась: Input y contains NaN.
=== 10v, м/с ===
                    способ     RMSE      MAE    смещ.   выигрыш
             сырой прогноз      nan      nan     +nan      nan%
            общее смещение      nan      nan     +nan      nan%
                   станция      nan      nan     +nan      nan%
             станция×месяц      nan      nan     +nan      nan%
         станция×месяц×час      nan      nan     +nan      nan%
              станция×срок      nan      nan     +nan      nan%

[28.08 11:44:55] --- настройка unseen: обучение 2019, проверка 2020
[28.08 11:44:55]     признаки-наблюдения (климатология только по 2019)
  obs_t2m_lag6: заполнено  99.0 %
  obs_t2m_lag12: заполнено  99.2 %
  obs_t2m_lag24: заполнено  99.2 %
  obs_lag_age_h: медиана 0.00 ч, максимум 0.00 ч
  err_lag0: заполнено  99.3 %, разброс 2.71
  err_lag6: заполнено  99.0 %, разброс 2.66
  err_lag12: заполнено  99.2 %, разброс 2.71
  err_lag24: заполнено  99.2 %, разброс 2.71
климатическая норма по годам [2019]: заполнено 99.3 %

добавлено признаков: 12 — obs_t2m_lag0, obs_t2m_lag6, obs_t2m_lag12, obs_t2m_lag24, obs_lag_age_h, obs_t2m_tend24, err_lag0, err_lag6, err_lag12, err_lag24, err_lag_mean, obs_t2m_anom
записано data/postproc/corpus_krsk_lags_unseen.parquet: 3,083,614 строк, 62 столбцов
[28.08 11:45:09]     базовые линии
обучение 616,554 строк ([2019]), проверка 618,236 строк ([2020]), станций 71

=== t2m, °C ===
                    способ     RMSE      MAE    смещ.   выигрыш
             сырой прогноз    3.103    2.213   -0.225      0.0%
            общее смещение    3.097    2.204   -0.123      0.2%
                   станция    2.837    2.044   -0.124      8.6%
             станция×месяц    2.693    1.959   -0.124     13.2%
         станция×месяц×час    2.651    1.916   -0.125     14.6%
              станция×срок    2.837    2.043   -0.124      8.6%
      регрессия (8 призн.)    3.078    2.202   -0.175      0.8%

[10u] регрессия не посчиталась: Input y contains NaN.
=== 10u, м/с ===
                    способ     RMSE      MAE    смещ.   выигрыш
             сырой прогноз      nan      nan     +nan      nan%
            общее смещение      nan      nan     +nan      nan%
                   станция      nan      nan     +nan      nan%
             станция×месяц      nan      nan     +nan      nan%
         станция×месяц×час      nan      nan     +nan      nan%
              станция×срок      nan      nan     +nan      nan%

[10v] регрессия не посчиталась: Input y contains NaN.
=== 10v, м/с ===
                    способ     RMSE      MAE    смещ.   выигрыш
             сырой прогноз      nan      nan     +nan      nan%
            общее смещение      nan      nan     +nan      nan%
                   станция      nan      nan     +nan      nan%
             станция×месяц      nan      nan     +nan      nan%
         станция×месяц×час      nan      nan     +nan      nan%
              станция×срок      nan      nan     +nan      nan%

[28.08 11:45:17] === ALL DONE ===
[28.08 11:52:14] === ПОСТОБРАБОТКА, красноярский корпус ===
[28.08 11:52:14] корпус: data/postproc/corpus_krsk_2016_2020.parquet (342M)
[28.08 11:52:14] --- настройка seen: обучение 2016 2017 2018, проверка 2020
[28.08 11:52:14]     признаки уже посчитаны
[28.08 11:52:14]     базовые линии
обучение 1,848,824 строк ([2016, 2017, 2018]), проверка 618,236 строк ([2020]), станций 71

сырая ошибка приземной температуры по годам, °C:
    2016: RMSE 3.156  смещение +0.039  строк 613,830
    2017: RMSE 3.090  смещение -0.054  строк 618,442
    2018: RMSE 3.133  смещение -0.066  строк 616,552
    2019: RMSE 3.138  смещение -0.102  строк 616,554
    2020: RMSE 3.103  смещение -0.225  строк 618,236

=== t2m, °C ===
                            способ     RMSE      MAE    смещ.   выигрыш
                     сырой прогноз    3.103    2.213   -0.225      0.0%
                    общее смещение    3.101    2.210   -0.198      0.1%
                           станция    2.849    2.066   -0.198      8.2%
                     станция×месяц    2.697    1.961   -0.200     13.1%
                 станция×месяц×час    2.653    1.918   -0.202     14.5%
                      станция×срок    2.850    2.066   -0.198      8.2%
              регрессия (8 призн.)    3.086    2.207   -0.228      0.5%
регрессия + наблюдения (20 призн.)    2.756    2.001   -0.192     11.2%

[10u] без наблюдения: обучение 431,231, проверка 132,348 строк — выброшены
=== 10u, м/с ===
                            способ     RMSE      MAE    смещ.   выигрыш
                     сырой прогноз    1.740    1.357   +0.375      0.0%
                    общее смещение    1.703    1.324   +0.127      2.1%
                           станция    1.651    1.278   +0.128      5.1%
                     станция×месяц    1.645    1.266   +0.127      5.4%
                 станция×месяц×час    1.635    1.255   +0.128      6.0%
                      станция×срок    1.649    1.276   +0.128      5.2%
              регрессия (8 призн.)    1.496    1.128   +0.038     14.0%
регрессия + наблюдения (20 призн.)    1.494    1.127   +0.041     14.1%

[10v] без наблюдения: обучение 431,231, проверка 132,348 строк — выброшены
=== 10v, м/с ===
                            способ     RMSE      MAE    смещ.   выигрыш
                     сырой прогноз    1.585    1.222   +0.233      0.0%
                    общее смещение    1.568    1.207   +0.037      1.1%
                           станция    1.518    1.167   +0.035      4.2%
                     станция×месяц    1.484    1.135   +0.025      6.4%
                 станция×месяц×час    1.467    1.120   +0.026      7.4%
                      станция×срок    1.516    1.166   +0.035      4.3%
              регрессия (8 призн.)    1.324    0.983   -0.009     16.5%
регрессия + наблюдения (20 призн.)    1.321    0.981   -0.010     16.6%

[28.08 11:52:32] --- настройка unseen: обучение 2019, проверка 2020
[28.08 11:52:32]     признаки уже посчитаны
[28.08 11:52:32]     базовые линии
обучение 616,554 строк ([2019]), проверка 618,236 строк ([2020]), станций 71

сырая ошибка приземной температуры по годам, °C:
    2016: RMSE 3.156  смещение +0.039  строк 613,830
    2017: RMSE 3.090  смещение -0.054  строк 618,442
    2018: RMSE 3.133  смещение -0.066  строк 616,552
    2019: RMSE 3.138  смещение -0.102  строк 616,554
    2020: RMSE 3.103  смещение -0.225  строк 618,236

=== t2m, °C ===
                            способ     RMSE      MAE    смещ.   выигрыш
                     сырой прогноз    3.103    2.213   -0.225      0.0%
                    общее смещение    3.097    2.204   -0.123      0.2%
                           станция    2.837    2.044   -0.124      8.6%
                     станция×месяц    2.693    1.959   -0.124     13.2%
                 станция×месяц×час    2.651    1.916   -0.125     14.6%
                      станция×срок    2.837    2.043   -0.124      8.6%
              регрессия (8 призн.)    3.078    2.202   -0.175      0.8%
регрессия + наблюдения (20 призн.)    2.752    2.006   -0.138     11.3%

[10u] без наблюдения: обучение 131,580, проверка 132,348 строк — выброшены
=== 10u, м/с ===
                            способ     RMSE      MAE    смещ.   выигрыш
                     сырой прогноз    1.740    1.357   +0.375      0.0%
                    общее смещение    1.700    1.321   +0.067      2.3%
                           станция    1.649    1.273   +0.070      5.2%
                     станция×месяц    1.627    1.247   +0.067      6.5%
                 станция×месяц×час    1.623    1.241   +0.069      6.7%
                      станция×срок    1.647    1.272   +0.070      5.3%
              регрессия (8 призн.)    1.498    1.127   +0.016     13.9%
регрессия + наблюдения (20 призн.)    1.498    1.127   +0.018     13.9%

[10v] без наблюдения: обучение 131,580, проверка 132,348 строк — выброшены
=== 10v, м/с ===
                            способ     RMSE      MAE    смещ.   выигрыш
                     сырой прогноз    1.585    1.222   +0.233      0.0%
                    общее смещение    1.568    1.207   -0.053      1.0%
                           станция    1.519    1.167   -0.053      4.1%
                     станция×месяц    1.489    1.136   -0.060      6.1%
                 станция×месяц×час    1.477    1.126   -0.060      6.8%
                      станция×срок    1.518    1.166   -0.053      4.2%
              регрессия (8 призн.)    1.329    0.985   -0.062     16.1%
регрессия + наблюдения (20 призн.)    1.327    0.985   -0.062     16.2%

[28.08 11:52:40] === ALL DONE ===
[28.08 12:02:04] === ПОСТОБРАБОТКА, красноярский корпус ===
[28.08 12:02:04] корпус: data/postproc/corpus_krsk_2016_2020.parquet (342M)
[28.08 12:02:04] --- настройка seen: обучение 2016 2017 2018, проверка 2020
[28.08 12:02:04]     признаки уже посчитаны
[28.08 12:02:04]     базовые линии
обучение 1,848,824 строк ([2016, 2017, 2018]), проверка 618,236 строк ([2020]), станций 71

сырая ошибка приземной температуры по годам, °C:
    2016: RMSE 3.156  смещение +0.039  строк 613,830
    2017: RMSE 3.090  смещение -0.054  строк 618,442
    2018: RMSE 3.133  смещение -0.066  строк 616,552
    2019: RMSE 3.138  смещение -0.102  строк 616,554
    2020: RMSE 3.103  смещение -0.225  строк 618,236

=== t2m, °C ===
                            способ     RMSE      MAE    смещ.   выигрыш
                     сырой прогноз    3.103    2.213   -0.225      0.0%
                    общее смещение    3.101    2.210   -0.198      0.1%
                           станция    2.849    2.066   -0.198      8.2%
                     станция×месяц    2.697    1.961   -0.200     13.1%
                 станция×месяц×час    2.653    1.918   -0.202     14.5%
                      станция×срок    2.850    2.066   -0.198      8.2%
              регрессия (8 призн.)    3.086    2.207   -0.228      0.5%
регрессия + наблюдения (20 призн.)    2.756    2.001   -0.192     11.2%
   таблица + регрессия (20 призн.)    2.637    1.910   -0.188     15.0%

[10u] без наблюдения: обучение 431,231, проверка 132,348 строк — выброшены
=== 10u, м/с ===
                            способ     RMSE      MAE    смещ.   выигрыш
                     сырой прогноз    1.740    1.357   +0.375      0.0%
                    общее смещение    1.703    1.324   +0.127      2.1%
                           станция    1.651    1.278   +0.128      5.1%
                     станция×месяц    1.645    1.266   +0.127      5.4%
                 станция×месяц×час    1.635    1.255   +0.128      6.0%
                      станция×срок    1.649    1.276   +0.128      5.2%
              регрессия (8 призн.)    1.496    1.128   +0.038     14.0%
регрессия + наблюдения (20 призн.)    1.494    1.127   +0.041     14.1%
   таблица + регрессия (20 призн.)    1.453    1.094   +0.066     16.5%

[10v] без наблюдения: обучение 431,231, проверка 132,348 строк — выброшены
=== 10v, м/с ===
                            способ     RMSE      MAE    смещ.   выигрыш
                     сырой прогноз    1.585    1.222   +0.233      0.0%
                    общее смещение    1.568    1.207   +0.037      1.1%
                           станция    1.518    1.167   +0.035      4.2%
                     станция×месяц    1.484    1.135   +0.025      6.4%
                 станция×месяц×час    1.467    1.120   +0.026      7.4%
                      станция×срок    1.516    1.166   +0.035      4.3%
              регрессия (8 призн.)    1.324    0.983   -0.009     16.5%
регрессия + наблюдения (20 призн.)    1.321    0.981   -0.010     16.6%
   таблица + регрессия (20 призн.)    1.263    0.940   -0.013     20.3%

[28.08 12:02:22] --- настройка unseen: обучение 2019, проверка 2020
[28.08 12:02:22]     признаки уже посчитаны
[28.08 12:02:22]     базовые линии
обучение 616,554 строк ([2019]), проверка 618,236 строк ([2020]), станций 71

сырая ошибка приземной температуры по годам, °C:
    2016: RMSE 3.156  смещение +0.039  строк 613,830
    2017: RMSE 3.090  смещение -0.054  строк 618,442
    2018: RMSE 3.133  смещение -0.066  строк 616,552
    2019: RMSE 3.138  смещение -0.102  строк 616,554
    2020: RMSE 3.103  смещение -0.225  строк 618,236

=== t2m, °C ===
                            способ     RMSE      MAE    смещ.   выигрыш
                     сырой прогноз    3.103    2.213   -0.225      0.0%
                    общее смещение    3.097    2.204   -0.123      0.2%
                           станция    2.837    2.044   -0.124      8.6%
                     станция×месяц    2.693    1.959   -0.124     13.2%
                 станция×месяц×час    2.651    1.916   -0.125     14.6%
                      станция×срок    2.837    2.043   -0.124      8.6%
              регрессия (8 призн.)    3.078    2.202   -0.175      0.8%
регрессия + наблюдения (20 призн.)    2.752    2.006   -0.138     11.3%
   таблица + регрессия (20 призн.)    2.628    1.912   -0.132     15.3%

[10u] без наблюдения: обучение 131,580, проверка 132,348 строк — выброшены
=== 10u, м/с ===
                            способ     RMSE      MAE    смещ.   выигрыш
                     сырой прогноз    1.740    1.357   +0.375      0.0%
                    общее смещение    1.700    1.321   +0.067      2.3%
                           станция    1.649    1.273   +0.070      5.2%
                     станция×месяц    1.627    1.247   +0.067      6.5%
                 станция×месяц×час    1.623    1.241   +0.069      6.7%
                      станция×срок    1.647    1.272   +0.070      5.3%
              регрессия (8 призн.)    1.498    1.127   +0.016     13.9%
регрессия + наблюдения (20 призн.)    1.498    1.127   +0.018     13.9%
   таблица + регрессия (20 призн.)    1.464    1.100   +0.033     15.9%

[10v] без наблюдения: обучение 131,580, проверка 132,348 строк — выброшены
=== 10v, м/с ===
                            способ     RMSE      MAE    смещ.   выигрыш
                     сырой прогноз    1.585    1.222   +0.233      0.0%
                    общее смещение    1.568    1.207   -0.053      1.0%
                           станция    1.519    1.167   -0.053      4.1%
                     станция×месяц    1.489    1.136   -0.060      6.1%
                 станция×месяц×час    1.477    1.126   -0.060      6.8%
                      станция×срок    1.518    1.166   -0.053      4.2%
              регрессия (8 призн.)    1.329    0.985   -0.062     16.1%
регрессия + наблюдения (20 призн.)    1.327    0.985   -0.062     16.2%
   таблица + регрессия (20 призн.)    1.291    0.964   -0.063     18.5%

[28.08 12:02:32] === ALL DONE ===
