### PROVENANCE ###############################################
# tag: a_chwb_long_noda | started: 2026-08-25T04:26:44+00:00 | host: k8smr-macos-build--graphcast-v3-2600753541-task-0
# git commit: 6bba8df | gpu: NVIDIA H100 80GB HBM3
# dataset: /data/datasets/multires_krsk_33f
# ckpt md5: 1ae10134e831b0674245d51be3ba0344 (эпоха 29)
# COMMAND:
#   python -u scripts/predict.py experiments/multires_krsk_33f_chwb --data-dir /data/datasets/multires_krsk_33f --ckpt /data/paper_heavy/krsk_chwb_assim.pth --per-channel --no-save --save-sample-metrics /workdir/paper_results/a_chwb_long_noda_samples.npz --split test_only --ar-steps 56 --max-samples 200 --region 50 60 83 98
##############################################################

[predict] data_dir=/data/datasets/multires_krsk_33f (chunked=True, pred_steps=56)
[ChunkDataset] склеиваем data.npy (19ch) + data_extra.npy (14ch) → 33ch
[ChunkDataset] train: 12812 samples, flat_nodes=133279, feat=33, obs=2, pred=56
[ChunkDataset] склеиваем data.npy (19ch) + data_extra.npy (14ch) → 33ch
[ChunkDataset] val: 1601 samples, flat_nodes=133279, feat=33, obs=2, pred=56
[ChunkDataset] склеиваем data.npy (19ch) + data_extra.npy (14ch) → 33ch
[ChunkDataset] test_only: 1602 samples, flat_nodes=133279, feat=33, obs=2, pred=56
[graph] уровни меша [4, 6], признаки рёбер: legacy
[processor] InteractionNet: 12 шагов, агрегация 'mean'
Encoder summary: 
+---------------------------+----------------------------+----------------+----------+
| Layer                     | Input Shape                | Output Shape   | #Param   |
|---------------------------+----------------------------+----------------+----------|
| Model                     | [174241, 72], [2, 207099]  | [174241, 256]  | 348,162  |
| ├─(mlp)MLP                |                            | [174241, 256]  | 150,786  |
| │    └─(MLP)ModuleList    | --                         | --             | 150,786  |
| │    │    └─(0)Linear     | [174241, 72]               | [174241, 256]  | 18,688   |
| │    │    └─(1)PReLU      | [174241, 256]              | [174241, 256]  | 1        |
| │    │    └─(2)Linear     | [174241, 256]              | [174241, 256]  | 65,792   |
| │    │    └─(3)PReLU      | [174241, 256]              | [174241, 256]  | 1        |
| │    │    └─(4)Linear     | [174241, 256]              | [174241, 256]  | 65,792   |
| │    │    └─(5)LayerNorm  | [174241, 256]              | [174241, 256]  | 512      |
| ├─(graph_layer)GraphLayer |                            | [174241, 256]  | 197,376  |
| │    └─(activation)SiLU   | [174241, 256]              | [174241, 256]  | --       |
| │    └─(layers)ModuleList | --                         | --             | 197,376  |
| │    │    └─(0)GCNConv    | [174241, 256], [2, 207099] | [174241, 256]  | 65,792   |
| │    │    └─(1)SiLU       | [174241, 256]              | [174241, 256]  | --       |
| │    │    └─(2)GCNConv    | [174241, 256], [2, 207099] | [174241, 256]  | 65,792   |
| │    │    └─(3)SiLU       | --                         | --             | --       |
| │    │    └─(4)GCNConv    | [174241, 256], [2, 207099] | [174241, 256]  | 65,792   |
+---------------------------+----------------------------+----------------+----------+

Processor summary: 
  (summary skipped: Expected all tensors to be on the same device, but found at least two devices, cuda:0 and cpu! (when checking argument for argument mat1 in method wrapper_CUDA_addmm))

Decoder summary: 
+---------------------------+----------------------------+----------------+----------+
| Layer                     | Input Shape                | Output Shape   | #Param   |
|---------------------------+----------------------------+----------------+----------|
| Model                     | [174241, 256], [2, 399837] | [174241, 33]   | 152,483  |
| ├─(mlp)MLP                |                            | [174241, 128]  | 115,202  |
| │    └─(MLP)ModuleList    | --                         | --             | 115,202  |
| │    │    └─(0)Linear     | [174241, 256]              | [174241, 256]  | 65,792   |
| │    │    └─(1)PReLU      | [174241, 256]              | [174241, 256]  | 1        |
| │    │    └─(2)Linear     | [174241, 256]              | [174241, 128]  | 32,896   |
| │    │    └─(3)PReLU      | [174241, 128]              | [174241, 128]  | 1        |
| │    │    └─(4)Linear     | [174241, 128]              | [174241, 128]  | 16,512   |
| ├─(graph_layer)GraphLayer |                            | [174241, 33]   | 37,281   |
| │    └─(activation)SiLU   | [174241, 128]              | [174241, 128]  | --       |
| │    └─(layers)ModuleList | --                         | --             | 37,281   |
| │    │    └─(0)GCNConv    | [174241, 128], [2, 399837] | [174241, 128]  | 16,512   |
| │    │    └─(1)SiLU       | [174241, 128]              | [174241, 128]  | --       |
| │    │    └─(2)GCNConv    | [174241, 128], [2, 399837] | [174241, 128]  | 16,512   |
| │    │    └─(3)SiLU       | --                         | --             | --       |
| │    │    └─(4)GCNConv    | [174241, 128], [2, 399837] | [174241, 33]   | 4,257    |
+---------------------------+----------------------------+----------------+----------+

[AR-rollout] Модель выдаёт 1 шаг(ов), но мы прогоним 56 шагов авторегрессионно.
[static] Каналы [7, 8] — статика, carry-forward при AR
[forcing] Каналы [29, 30, 31, 32] — форсинг (из ground truth при AR)
[predict] device=cuda | grid=0x0 | 200/1602 test samples
[Region] 2501 nodes (--region [50.0,60.0]N x [83.0,98.0]E)
[metrics] Исключены из aggregate метрик: каналы [7, 8, 29, 30, 31, 32] (static+forcing)
[metrics] per-sample MSE будут сохранены в /workdir/paper_results/a_chwb_long_noda_samples.npz
[Main] Инференс (200 samples, DA=none)...
  [50/200] RMSE=0.616660 ACC=0.7955
  [100/200] RMSE=0.606347 ACC=0.7966
  [150/200] RMSE=0.602063 ACC=0.7994
  [200/200] RMSE=0.601141 ACC=0.8021
[Save] per-sample metrics → /workdir/paper_results/a_chwb_long_noda_samples.npz (N=200, AR=56, C=33)

============================================================
=== Inference summary (200 samples) ===
Grid: 0x0 (G=133279) | C=33 | AR=56 horizons
Overall: MSE=0.361370 | RMSE=0.601141 | MAE=0.318044
Baseline: RMSE=0.831300 | MAE=0.488264
Skill: 27.69%
ACC: 0.8021 | base: 0.6345 | Δ=+0.1676

Per-horizon:
  +06h: RMSE=0.124393 | base=0.353267 | skill=64.79% | ACC=0.9919 (base 0.9355)
  +12h: RMSE=0.155753 | base=0.501430 | skill=68.94% | ACC=0.9873 (base 0.8690)
  +18h: RMSE=0.183339 | base=0.592491 | skill=69.06% | ACC=0.9821 (base 0.8160)
  +24h: RMSE=0.201588 | base=0.651720 | skill=69.07% | ACC=0.9782 (base 0.7767)
  +30h: RMSE=0.216944 | base=0.700992 | skill=69.05% | ACC=0.9746 (base 0.7411)
  +36h: RMSE=0.231670 | base=0.734049 | skill=68.44% | ACC=0.9709 (base 0.7157)
  +42h: RMSE=0.246619 | base=0.756769 | skill=67.41% | ACC=0.9669 (base 0.6975)
  +48h: RMSE=0.261639 | base=0.770750 | skill=66.05% | ACC=0.9626 (base 0.6861)
  +54h: RMSE=0.277303 | base=0.786815 | skill=64.76% | ACC=0.9579 (base 0.6726)
  +60h: RMSE=0.293684 | base=0.797070 | skill=63.15% | ACC=0.9526 (base 0.6639)
  +66h: RMSE=0.310597 | base=0.803549 | skill=61.35% | ACC=0.9469 (base 0.6581)
  +72h: RMSE=0.328056 | base=0.805774 | skill=59.29% | ACC=0.9407 (base 0.6561)
  +78h: RMSE=0.346070 | base=0.811859 | skill=57.37% | ACC=0.9339 (base 0.6506)
  +84h: RMSE=0.364404 | base=0.814022 | skill=55.23% | ACC=0.9266 (base 0.6487)
  +90h: RMSE=0.383149 | base=0.814287 | skill=52.95% | ACC=0.9188 (base 0.6483)
  +96h: RMSE=0.402185 | base=0.813067 | skill=50.53% | ACC=0.9105 (base 0.6494)
  +102h: RMSE=0.421459 | base=0.819458 | skill=48.57% | ACC=0.9017 (base 0.6438)
  +108h: RMSE=0.440670 | base=0.826220 | skill=46.66% | ACC=0.8925 (base 0.6380)
  +114h: RMSE=0.459663 | base=0.833532 | skill=44.85% | ACC=0.8830 (base 0.6315)
  +120h: RMSE=0.478280 | base=0.838668 | skill=42.97% | ACC=0.8733 (base 0.6271)
  +126h: RMSE=0.496430 | base=0.848178 | skill=41.47% | ACC=0.8635 (base 0.6185)
  +132h: RMSE=0.514391 | base=0.853947 | skill=39.76% | ACC=0.8534 (base 0.6134)
  +138h: RMSE=0.532207 | base=0.857172 | skill=37.91% | ACC=0.8431 (base 0.6104)
  +144h: RMSE=0.549535 | base=0.857010 | skill=35.88% | ACC=0.8326 (base 0.6107)
  +150h: RMSE=0.566261 | base=0.860816 | skill=34.22% | ACC=0.8222 (base 0.6071)
  +156h: RMSE=0.582598 | base=0.861687 | skill=32.39% | ACC=0.8118 (base 0.6064)
  +162h: RMSE=0.598787 | base=0.861030 | skill=30.46% | ACC=0.8013 (base 0.6070)
  +168h: RMSE=0.614731 | base=0.858442 | skill=28.39% | ACC=0.7908 (base 0.6095)
  +174h: RMSE=0.630079 | base=0.861150 | skill=26.83% | ACC=0.7804 (base 0.6070)
  +180h: RMSE=0.644751 | base=0.862006 | skill=25.20% | ACC=0.7704 (base 0.6064)
  +186h: RMSE=0.658534 | base=0.862110 | skill=23.61% | ACC=0.7607 (base 0.6063)
  +192h: RMSE=0.671140 | base=0.860414 | skill=22.00% | ACC=0.7517 (base 0.6081)
  +198h: RMSE=0.682772 | base=0.864198 | skill=20.99% | ACC=0.7433 (base 0.6047)
  +204h: RMSE=0.693501 | base=0.866006 | skill=19.92% | ACC=0.7354 (base 0.6032)
  +210h: RMSE=0.703664 | base=0.866899 | skill=18.83% | ACC=0.7278 (base 0.6025)
  +216h: RMSE=0.713277 | base=0.865905 | skill=17.63% | ACC=0.7205 (base 0.6036)
  +222h: RMSE=0.722400 | base=0.870217 | skill=16.99% | ACC=0.7136 (base 0.5996)
  +228h: RMSE=0.731193 | base=0.872731 | skill=16.22% | ACC=0.7069 (base 0.5975)
  +234h: RMSE=0.739481 | base=0.874726 | skill=15.46% | ACC=0.7007 (base 0.5958)
  +240h: RMSE=0.746987 | base=0.874987 | skill=14.63% | ACC=0.6949 (base 0.5957)
  +246h: RMSE=0.754106 | base=0.880083 | skill=14.31% | ACC=0.6895 (base 0.5910)
  +252h: RMSE=0.760602 | base=0.882676 | skill=13.83% | ACC=0.6846 (base 0.5888)
  +258h: RMSE=0.766233 | base=0.883826 | skill=13.31% | ACC=0.6802 (base 0.5877)
  +264h: RMSE=0.770955 | base=0.882353 | skill=12.63% | ACC=0.6764 (base 0.5892)
  +270h: RMSE=0.774895 | base=0.885103 | skill=12.45% | ACC=0.6732 (base 0.5865)
  +276h: RMSE=0.778392 | base=0.884968 | skill=12.04% | ACC=0.6704 (base 0.5866)
  +282h: RMSE=0.781930 | base=0.883161 | skill=11.46% | ACC=0.6675 (base 0.5882)
  +288h: RMSE=0.785239 | base=0.879355 | skill=10.70% | ACC=0.6647 (base 0.5917)
  +294h: RMSE=0.788261 | base=0.881746 | skill=10.60% | ACC=0.6621 (base 0.5893)
  +300h: RMSE=0.791009 | base=0.883536 | skill=10.47% | ACC=0.6597 (base 0.5876)
  +306h: RMSE=0.793824 | base=0.884933 | skill=10.30% | ACC=0.6572 (base 0.5862)
  +312h: RMSE=0.796328 | base=0.883943 | skill=9.91% | ACC=0.6550 (base 0.5871)
  +318h: RMSE=0.798712 | base=0.887324 | skill=9.99% | ACC=0.6530 (base 0.5838)
  +324h: RMSE=0.801300 | base=0.888451 | skill=9.81% | ACC=0.6509 (base 0.5828)
  +330h: RMSE=0.803794 | base=0.888550 | skill=9.54% | ACC=0.6490 (base 0.5827)
  +336h: RMSE=0.806286 | base=0.886160 | skill=9.01% | ACC=0.6471 (base 0.5851)

Per-horizon per-channel RMSE (physical units):
         var   unit      +6h     +12h     +18h     +24h     +30h     +36h     +42h     +48h     +54h     +60h     +66h     +72h     +78h     +84h     +90h     +96h    +102h    +108h    +114h    +120h    +126h    +132h    +138h    +144h    +150h    +156h    +162h    +168h    +174h    +180h    +186h    +192h    +198h    +204h    +210h    +216h    +222h    +228h    +234h    +240h    +246h    +252h    +258h    +264h    +270h    +276h    +282h    +288h    +294h    +300h    +306h    +312h    +318h    +324h    +330h    +336h
         t2m      K    0.72°C    0.86°C    0.94°C    1.01°C    1.10°C    1.17°C    1.22°C    1.29°C    1.36°C    1.43°C    1.50°C    1.57°C    1.65°C    1.74°C    1.83°C    1.92°C    2.01°C    2.11°C    2.21°C    2.31°C    2.41°C    2.51°C    2.61°C    2.71°C    2.80°C    2.90°C    2.99°C    3.09°C    3.18°C    3.27°C    3.35°C    3.44°C    3.51°C    3.60°C    3.67°C    3.75°C    3.82°C    3.89°C    3.96°C    4.01°C    4.07°C    4.11°C    4.16°C    4.20°C    4.25°C    4.28°C    4.32°C    4.35°C    4.38°C    4.40°C    4.41°C    4.43°C    4.45°C    4.47°C    4.49°C    4.50°C
         10u    m/s     0.70     0.84     0.95     1.04     1.15     1.25     1.37     1.48     1.61     1.74     1.87     2.01     2.15     2.30     2.45     2.60     2.75     2.90     3.04     3.18     3.31     3.44     3.57     3.70     3.81     3.92     4.03     4.14     4.24     4.33     4.42     4.51     4.59     4.67     4.74     4.81     4.86     4.92     4.96     5.00     5.03     5.06     5.09     5.12     5.14     5.16     5.18     5.21     5.23     5.25     5.27     5.28     5.29     5.31     5.32     5.34
         10v    m/s     0.71     0.85     0.96     1.06     1.17     1.27     1.38     1.50     1.62     1.75     1.89     2.03     2.18     2.33     2.48     2.64     2.80     2.96     3.11     3.26     3.40     3.54     3.67     3.80     3.92     4.03     4.14     4.24     4.35     4.46     4.55     4.64     4.72     4.79     4.85     4.91     4.97     5.03     5.08     5.13     5.17     5.21     5.24     5.26     5.28     5.29     5.31     5.33     5.34     5.35     5.37     5.38     5.40     5.41     5.42     5.43
         msl    hPa     0.54     0.68     0.82     0.94     1.08     1.23     1.39     1.57     1.76     1.97     2.20     2.44     2.71     2.98     3.27     3.57     3.89     4.21     4.53     4.84     5.14     5.44     5.74     6.05     6.34     6.64     6.92     7.22     7.51     7.79     8.05     8.30     8.53     8.75     8.96     9.16     9.34     9.50     9.64     9.77     9.88     9.99    10.09    10.18    10.27    10.35    10.44    10.54    10.62    10.68    10.73    10.78    10.81    10.85    10.89    10.94
       t@850      K    0.60°C    0.73°C    0.81°C    0.88°C    0.95°C    1.02°C    1.08°C    1.15°C    1.23°C    1.31°C    1.40°C    1.49°C    1.59°C    1.69°C    1.80°C    1.91°C    2.03°C    2.14°C    2.27°C    2.39°C    2.51°C    2.63°C    2.76°C    2.88°C    3.00°C    3.13°C    3.25°C    3.37°C    3.49°C    3.61°C    3.71°C    3.80°C    3.89°C    3.97°C    4.05°C    4.13°C    4.22°C    4.30°C    4.37°C    4.44°C    4.51°C    4.57°C    4.62°C    4.67°C    4.71°C    4.75°C    4.79°C    4.81°C    4.84°C    4.87°C    4.90°C    4.93°C    4.96°C    4.98°C    5.01°C    5.03°C
       u@850    m/s     1.08     1.29     1.45     1.59     1.73     1.88     2.03     2.20     2.37     2.54     2.73     2.92     3.12     3.33     3.54     3.75     3.96     4.17     4.38     4.58     4.77     4.96     5.14     5.32     5.48     5.65     5.82     5.98     6.13     6.27     6.41     6.54     6.66     6.77     6.88     6.97     7.06     7.14     7.22     7.28     7.33     7.39     7.44     7.48     7.51     7.55     7.58     7.62     7.65     7.68     7.71     7.72     7.74     7.76     7.79     7.82
       v@850    m/s     1.09     1.30     1.45     1.59     1.73     1.88     2.03     2.19     2.36     2.54     2.72     2.92     3.13     3.34     3.56     3.78     4.00     4.22     4.44     4.64     4.84     5.02     5.21     5.39     5.55     5.71     5.86     6.01     6.15     6.29     6.42     6.54     6.64     6.74     6.84     6.93     7.02     7.10     7.18     7.24     7.31     7.36     7.41     7.44     7.46     7.49     7.52     7.54     7.56     7.58     7.62     7.64     7.66     7.68     7.69     7.70
       z@850    gpm      3.8      4.7      5.8      6.7      7.9      9.0     10.3     11.6     13.1     14.7     16.4     18.3     20.2     22.3     24.5     26.8     29.1     31.5     33.9     36.3     38.6     41.0     43.3     45.7     48.0     50.2     52.5     54.7     57.0     59.1     61.1     63.0     64.7     66.4     68.0     69.5     70.9     72.3     73.4     74.4     75.4     76.2     77.0     77.7     78.3     78.9     79.6     80.2     80.9     81.4     81.8     82.2     82.5     82.8     83.2     83.7
       z@500    gpm      4.4      5.7      7.1      8.4     10.0     11.7     13.5     15.4     17.5     19.7     22.1     24.7     27.4     30.3     33.3     36.4     39.6     42.9     46.2     49.5     52.9     56.3     59.8     63.3     66.8     70.3     73.7     77.1     80.3     83.4     86.1     88.7     91.1     93.3     95.5     97.7    100.0    102.1    104.2    106.0    107.6    109.1    110.4    111.5    112.4    113.1    113.7    114.3    114.8    115.3    115.8    116.4    116.9    117.5    118.3    119.0

Per-channel metrics overall (physical units, avg over 56 horizons):
    #        var      ACC  RMSE_norm    RMSE_phys     unit
    0        t2m   0.9868     0.1508       3.1856        K  (≈3.19 °C)
    1        10u   0.7141     0.7165       3.9868      m/s
    2        10v   0.5872     0.8557       4.0804      m/s
    3        msl   0.8136     0.5542       7.5008      hPa
    4         tp   0.3904     1.0363       0.0020        m
    5         sp   0.9967     0.0792       7.5501      hPa
    6       tcwv   0.9484     0.3224       5.3636    kg/m²
    7     z_surf   0.9998     0.0000       0.0000      gpm
    8        lsm   1.0000     0.0000       0.0000        -
    9      t@850   0.9712     0.2247       3.4833        K  (≈3.48 °C)
   10      u@850   0.7369     0.7039       5.8021      m/s
   11      v@850   0.5312     0.9211       5.7816      m/s
   12      z@850   0.9083     0.3742      57.0396      gpm
   13      q@850   0.9220     0.3960       0.0016    kg/kg
   14      t@500   0.9692     0.2522       3.2910        K  (≈3.29 °C)
   15      u@500   0.7576     0.6940       8.3464      m/s
   16      v@500   0.5331     0.9386       8.6417      m/s
   17      z@500   0.9696     0.2341      80.6782      gpm
   18      q@500   0.7817     0.6266       0.0007    kg/kg
   19      z@250   0.9814     0.1889     107.2883      gpm
   20      t@250   0.9122     0.3808       3.2983        K  (≈3.30 °C)
   21      u@250   0.7949     0.6435      11.6318      m/s
   22      v@250   0.5631     0.9270      12.4622      m/s
   23      q@250   0.8030     0.6072       0.0000    kg/kg
   24     z@1000   0.8227     0.5277      58.7968      gpm
   25     t@1000   0.9825     0.1837       3.1103        K  (≈3.11 °C)
   26     u@1000   0.7165     0.7158       4.4118      m/s
   27     v@1000   0.5830     0.8624       4.5834      m/s
   28     q@1000   0.9798     0.2035       0.0012    kg/kg
   29   sin_hour   0.2155     0.0000       0.0000        ?
   30   cos_hour   0.2155     0.0000       0.0000        ?
   31    sin_doy   0.0812     0.0000       0.0000        ?
   32    cos_doy   0.2285     0.0000       0.0000        ?

--- Region [50.0,60.0]N x [83.0,98.0]E (2501 nodes) ---
RMSE=0.472413 | base=0.663002 | skill=28.75%
ACC=0.5775 | base=0.3366

  Per-horizon (region):
    +06h: RMSE=0.073896 | base=0.251263 | skill=70.59% | ACC=0.9498 (base 0.8078)
    +12h: RMSE=0.086932 | base=0.377203 | skill=76.95% | ACC=0.9355 (base 0.6451)
    +18h: RMSE=0.096971 | base=0.460143 | skill=78.93% | ACC=0.9261 (base 0.5407)
    +24h: RMSE=0.105661 | base=0.517356 | skill=79.58% | ACC=0.9183 (base 0.4779)
    +30h: RMSE=0.115540 | base=0.560485 | skill=79.39% | ACC=0.9095 (base 0.4330)
    +36h: RMSE=0.125739 | base=0.594986 | skill=78.87% | ACC=0.9006 (base 0.3996)
    +42h: RMSE=0.136982 | base=0.623375 | skill=78.03% | ACC=0.8912 (base 0.3731)
    +48h: RMSE=0.150284 | base=0.646586 | skill=76.76% | ACC=0.8802 (base 0.3491)
    +54h: RMSE=0.166477 | base=0.668853 | skill=75.11% | ACC=0.8675 (base 0.3195)
    +60h: RMSE=0.183639 | base=0.683858 | skill=73.15% | ACC=0.8531 (base 0.2964)
    +66h: RMSE=0.202645 | base=0.695377 | skill=70.86% | ACC=0.8375 (base 0.2839)
    +72h: RMSE=0.221576 | base=0.702140 | skill=68.44% | ACC=0.8207 (base 0.2799)
    +78h: RMSE=0.239274 | base=0.707096 | skill=66.16% | ACC=0.8028 (base 0.2789)
    +84h: RMSE=0.254830 | base=0.709482 | skill=64.08% | ACC=0.7867 (base 0.2810)
    +90h: RMSE=0.270460 | base=0.710787 | skill=61.95% | ACC=0.7697 (base 0.2832)
    +96h: RMSE=0.286226 | base=0.710183 | skill=59.70% | ACC=0.7512 (base 0.2859)
    +102h: RMSE=0.305590 | base=0.706347 | skill=56.74% | ACC=0.7285 (base 0.2948)
    +108h: RMSE=0.326501 | base=0.699409 | skill=53.32% | ACC=0.7058 (base 0.3125)
    +114h: RMSE=0.348102 | base=0.694635 | skill=49.89% | ACC=0.6803 (base 0.3316)
    +120h: RMSE=0.367083 | base=0.690937 | skill=46.87% | ACC=0.6534 (base 0.3424)
    +126h: RMSE=0.383299 | base=0.692337 | skill=44.64% | ACC=0.6300 (base 0.3326)
    +132h: RMSE=0.398447 | base=0.692908 | skill=42.50% | ACC=0.6095 (base 0.3189)
    +138h: RMSE=0.414446 | base=0.690994 | skill=40.02% | ACC=0.5905 (base 0.3103)
    +144h: RMSE=0.431620 | base=0.687156 | skill=37.19% | ACC=0.5750 (base 0.3048)
    +150h: RMSE=0.450179 | base=0.682097 | skill=34.00% | ACC=0.5565 (base 0.2981)
    +156h: RMSE=0.468062 | base=0.671256 | skill=30.27% | ACC=0.5344 (base 0.3030)
    +162h: RMSE=0.482819 | base=0.657541 | skill=26.57% | ACC=0.5133 (base 0.3147)
    +168h: RMSE=0.495355 | base=0.644121 | skill=23.10% | ACC=0.4980 (base 0.3287)
    +174h: RMSE=0.506585 | base=0.638126 | skill=20.61% | ACC=0.4837 (base 0.3345)
    +180h: RMSE=0.518166 | base=0.638114 | skill=18.80% | ACC=0.4721 (base 0.3336)
    +186h: RMSE=0.526323 | base=0.644373 | skill=18.32% | ACC=0.4655 (base 0.3299)
    +192h: RMSE=0.528052 | base=0.649721 | skill=18.73% | ACC=0.4653 (base 0.3264)
    +198h: RMSE=0.527097 | base=0.652601 | skill=19.23% | ACC=0.4636 (base 0.3222)
    +204h: RMSE=0.531732 | base=0.649834 | skill=18.17% | ACC=0.4544 (base 0.3262)
    +210h: RMSE=0.539467 | base=0.644826 | skill=16.34% | ACC=0.4404 (base 0.3351)
    +216h: RMSE=0.545848 | base=0.641761 | skill=14.95% | ACC=0.4299 (base 0.3404)
    +222h: RMSE=0.547588 | base=0.644661 | skill=15.06% | ACC=0.4225 (base 0.3398)
    +228h: RMSE=0.552163 | base=0.651040 | skill=15.19% | ACC=0.4192 (base 0.3329)
    +234h: RMSE=0.563126 | base=0.661963 | skill=14.93% | ACC=0.4131 (base 0.3203)
    +240h: RMSE=0.579626 | base=0.671395 | skill=13.67% | ACC=0.4076 (base 0.3153)
    +246h: RMSE=0.595306 | base=0.681015 | skill=12.59% | ACC=0.4045 (base 0.3089)
    +252h: RMSE=0.606894 | base=0.690167 | skill=12.07% | ACC=0.3979 (base 0.3042)
    +258h: RMSE=0.618325 | base=0.698155 | skill=11.43% | ACC=0.3845 (base 0.3005)
    +264h: RMSE=0.628216 | base=0.703011 | skill=10.64% | ACC=0.3749 (base 0.2972)
    +270h: RMSE=0.635928 | base=0.706980 | skill=10.05% | ACC=0.3761 (base 0.2900)
    +276h: RMSE=0.644019 | base=0.707588 | skill=8.98% | ACC=0.3756 (base 0.2898)
    +282h: RMSE=0.650620 | base=0.706284 | skill=7.88% | ACC=0.3728 (base 0.2949)
    +288h: RMSE=0.651362 | base=0.703027 | skill=7.35% | ACC=0.3736 (base 0.3052)
    +294h: RMSE=0.647761 | base=0.702634 | skill=7.81% | ACC=0.3707 (base 0.3097)
    +300h: RMSE=0.644258 | base=0.704405 | skill=8.54% | ACC=0.3645 (base 0.3080)
    +306h: RMSE=0.641874 | base=0.707758 | skill=9.31% | ACC=0.3612 (base 0.2997)
    +312h: RMSE=0.640561 | base=0.708848 | skill=9.63% | ACC=0.3555 (base 0.2903)
    +318h: RMSE=0.638219 | base=0.708842 | skill=9.96% | ACC=0.3502 (base 0.2821)
    +324h: RMSE=0.636784 | base=0.705357 | skill=9.72% | ACC=0.3490 (base 0.2833)
    +330h: RMSE=0.639506 | base=0.698722 | skill=8.47% | ACC=0.3534 (base 0.2961)
    +336h: RMSE=0.641386 | base=0.692018 | skill=7.32% | ACC=0.3612 (base 0.3062)

  Per-horizon per-channel RMSE — REGION (2501 nodes):
           var   unit      +6h     +12h     +18h     +24h     +30h     +36h     +42h     +48h     +54h     +60h     +66h     +72h     +78h     +84h     +90h     +96h    +102h    +108h    +114h    +120h    +126h    +132h    +138h    +144h    +150h    +156h    +162h    +168h    +174h    +180h    +186h    +192h    +198h    +204h    +210h    +216h    +222h    +228h    +234h    +240h    +246h    +252h    +258h    +264h    +270h    +276h    +282h    +288h    +294h    +300h    +306h    +312h    +318h    +324h    +330h    +336h
           t2m      K    1.20°C    1.47°C    1.59°C    1.68°C    1.80°C    1.89°C    1.97°C    2.07°C    2.19°C    2.32°C    2.47°C    2.63°C    2.82°C    3.00°C    3.17°C    3.34°C    3.53°C    3.76°C    4.02°C    4.29°C    4.61°C    4.93°C    5.18°C    5.44°C    5.64°C    5.81°C    6.05°C    6.29°C    6.39°C    6.55°C    6.74°C    6.79°C    6.73°C    6.88°C    7.14°C    7.43°C    7.71°C    8.01°C    8.16°C    8.27°C    8.34°C    8.44°C    8.62°C    8.84°C    9.10°C    9.28°C    9.46°C    9.63°C    9.75°C    9.84°C    9.89°C    9.99°C   10.03°C   10.06°C   10.02°C    9.96°C
           10u    m/s     0.43     0.51     0.56     0.59     0.64     0.68     0.72     0.77     0.84     0.90     0.96     1.03     1.09     1.13     1.17     1.23     1.30     1.40     1.50     1.58     1.65     1.69     1.74     1.81     1.91     1.99     2.06     2.07     2.09     2.12     2.11     2.09     2.09     2.13     2.22     2.31     2.38     2.41     2.42     2.41     2.39     2.42     2.45     2.46     2.46     2.44     2.43     2.39     2.36     2.40     2.49     2.55     2.58     2.59     2.57     2.55
           10v    m/s     0.42     0.50     0.54     0.57     0.61     0.64     0.68     0.71     0.75     0.80     0.84     0.89     0.95     1.00     1.05     1.10     1.16     1.21     1.27     1.35     1.42     1.50     1.59     1.66     1.72     1.79     1.83     1.81     1.77     1.76     1.75     1.77     1.81     1.87     1.92     1.96     1.98     2.00     2.02     2.04     2.03     2.03     2.04     2.06     2.05     2.02     2.01     2.06     2.10     2.11     2.13     2.15     2.15     2.18     2.18     2.16
           msl    hPa     0.64     0.81     0.97     1.12     1.29     1.47     1.65     1.88     2.13     2.40     2.69     3.00     3.30     3.58     3.86     4.15     4.46     4.84     5.19     5.50     5.79     6.09     6.43     6.72     6.98     7.25     7.52     7.82     8.14     8.49     8.85     9.04     9.16     9.33     9.56     9.80     9.86     9.79     9.74     9.80    10.02    10.27    10.47    10.71    11.02    11.32    11.52    11.64    11.76    11.86    11.88    11.88    11.78    11.62    11.50    11.62
         t@850      K    0.67°C    0.84°C    0.95°C    1.02°C    1.10°C    1.16°C    1.22°C    1.28°C    1.37°C    1.48°C    1.61°C    1.76°C    1.91°C    2.04°C    2.18°C    2.31°C    2.47°C    2.67°C    2.86°C    3.06°C    3.23°C    3.45°C    3.68°C    3.87°C    4.08°C    4.26°C    4.40°C    4.53°C    4.62°C    4.71°C    4.68°C    4.52°C    4.43°C    4.48°C    4.65°C    4.89°C    5.16°C    5.37°C    5.51°C    5.59°C    5.67°C    5.81°C    6.00°C    6.23°C    6.45°C    6.60°C    6.68°C    6.70°C    6.69°C    6.65°C    6.62°C    6.62°C    6.61°C    6.61°C    6.60°C    6.55°C
         u@850    m/s     1.09     1.29     1.43     1.56     1.67     1.79     1.92     2.08     2.26     2.46     2.67     2.88     3.03     3.15     3.29     3.49     3.72     4.01     4.29     4.50     4.63     4.80     4.99     5.25     5.53     5.78     6.03     6.17     6.27     6.34     6.32     6.29     6.33     6.52     6.75     6.93     7.07     7.11     7.15     7.10     7.00     6.99     7.05     7.08     7.08     7.01     7.02     7.07     7.05     7.16     7.33     7.46     7.48     7.50     7.38     7.32
         v@850    m/s     0.98     1.14     1.26     1.35     1.45     1.55     1.68     1.80     1.94     2.09     2.27     2.44     2.61     2.75     2.90     3.06     3.23     3.38     3.53     3.67     3.83     3.92     4.03     4.20     4.38     4.60     4.70     4.71     4.73     4.75     4.72     4.69     4.68     4.78     4.92     4.96     4.94     5.01     5.25     5.47     5.51     5.51     5.67     5.79     5.81     5.78     5.78     5.85     5.85     5.84     5.99     6.05     5.98     6.02     6.13     6.05
         z@850    gpm      3.3      4.3      5.4      6.5      7.8      9.2     10.6     12.3     14.0     15.9     17.9     19.9     21.8     23.6     25.4     27.2     29.1     31.4     33.7     35.6     37.3     39.2     41.4     43.2     44.8     46.9     49.3     51.8     54.5     57.1     59.4     60.5     61.3     62.5     63.9     65.3     65.5     65.0     64.8     65.2     66.3     67.7     68.3     69.4     70.9     72.6     73.8     74.8     75.3     76.0     76.4     76.3     75.0     73.3     72.0     72.5
         z@500    gpm      4.3      5.7      7.1      8.5     10.4     12.4     14.5     17.0     19.9     23.0     26.2     29.5     32.2     34.5     36.9     39.4     42.2     45.8     49.9     53.7     57.2     61.3     66.0     70.5     74.4     78.5     83.4     87.9     92.2     95.4     96.8     96.5     96.4     97.1     98.9    102.4    106.1    109.2    111.9    113.0    113.2    114.3    116.2    118.6    121.0    123.6    125.6    127.1    127.7    127.7    127.9    127.5    126.0    124.4    122.7    120.3

  Per-channel region (physical units, avg over 56 horizons):
      #        var      ACC  RMSE_norm    RMSE_phys     unit
      0        t2m   0.6963     0.3135       6.6253        K  (≈6.63 °C)
      1        10u   0.5637     0.3447       1.9183      m/s
      2        10v   0.5484     0.3446       1.6432      m/s
      3        msl   0.6907     0.5975       8.0876      hPa
      4         tp   0.2294     0.0780       0.0002        m
      5         sp   0.9989     0.0751       7.1669      hPa
      6       tcwv   0.6484     0.1184       1.9695    kg/m²
      7     z_surf   1.0000     0.0000       0.0000      gpm
      8        lsm   1.0000     0.0000       0.0000        -
      9      t@850   0.6502     0.2919       4.5253        K  (≈4.53 °C)
     10      u@850   0.7053     0.6798       5.6037      m/s
     11      v@850   0.5212     0.7068       4.4364      m/s
     12      z@850   0.8637     0.3451      52.5969      gpm
     13      q@850   0.4977     0.1408       0.0006    kg/kg
     14      t@500   0.5673     0.3042       3.9689        K  (≈3.97 °C)
     15      u@500   0.4186     0.7749       9.3193      m/s
     16      v@500   0.4383     1.0063       9.2651      m/s
     17      z@500   0.8088     0.2530      87.1899      gpm
     18      q@500   0.3093     0.1623       0.0002    kg/kg
     19      z@250   0.7705     0.2135     121.2537      gpm
     20      t@250   0.3689     0.3887       3.3667        K  (≈3.37 °C)
     21      u@250   0.4221     0.7189      12.9947      m/s
     22      v@250   0.4131     1.0049      13.5093      m/s
     23      q@250   0.2120     0.0656       0.0000    kg/kg
     24     z@1000   0.7361     0.5263      58.6380      gpm
     25     t@1000   0.7804     0.3393       5.7444        K  (≈5.74 °C)
     26     u@1000   0.5611     0.3065       1.8890      m/s
     27     v@1000   0.5556     0.3185       1.6927      m/s
     28     q@1000   0.6157     0.1012       0.0006    kg/kg
     29   sin_hour   0.0155     0.0000       0.0000        ?
     30   cos_hour   0.0155     0.0000       0.0000        ?
     31    sin_doy   0.0021     0.0000       0.0000        ?
     32    cos_doy   0.0094     0.0000       0.0000        ?
============================================================
