[predict] data_dir=/data/datasets/wb2_512x256_33f_v3 (chunked=True, pred_steps=5)
[ChunkDataset] склеиваем data.npy (19ch) + data_extra.npy (14ch) → 33ch
[ChunkDataset] train: 14006 samples, grid=512×256, feat=33, obs=2, pred=5
[ChunkDataset] склеиваем data.npy (19ch) + data_extra.npy (14ch) → 33ch
[ChunkDataset] val: 1751 samples, grid=512×256, feat=33, obs=2, pred=5
[ChunkDataset] склеиваем data.npy (19ch) + data_extra.npy (14ch) → 33ch
[ChunkDataset] test_only: 1751 samples, grid=512×256, feat=33, obs=2, pred=5
[ChunkDataset] шаг по времени 4 сроков = 24 ч (вход и цель на одной сетке)
[graph] уровни меша [4, 6], признаки рёбер: legacy
[processor] InteractionNet: 12 шагов, агрегация 'mean'
Encoder summary: 
+---------------------------+----------------------------+----------------+----------+
| Layer                     | Input Shape                | Output Shape   | #Param   |
|---------------------------+----------------------------+----------------+----------|
| Model                     | [172034, 72], [2, 205302]  | [172034, 256]  | 348,162  |
| ├─(mlp)MLP                |                            | [172034, 256]  | 150,786  |
| │    └─(MLP)ModuleList    | --                         | --             | 150,786  |
| │    │    └─(0)Linear     | [172034, 72]               | [172034, 256]  | 18,688   |
| │    │    └─(1)PReLU      | [172034, 256]              | [172034, 256]  | 1        |
| │    │    └─(2)Linear     | [172034, 256]              | [172034, 256]  | 65,792   |
| │    │    └─(3)PReLU      | [172034, 256]              | [172034, 256]  | 1        |
| │    │    └─(4)Linear     | [172034, 256]              | [172034, 256]  | 65,792   |
| │    │    └─(5)LayerNorm  | [172034, 256]              | [172034, 256]  | 512      |
| ├─(graph_layer)GraphLayer |                            | [172034, 256]  | 197,376  |
| │    └─(activation)SiLU   | [172034, 256]              | [172034, 256]  | --       |
| │    └─(layers)ModuleList | --                         | --             | 197,376  |
| │    │    └─(0)GCNConv    | [172034, 256], [2, 205302] | [172034, 256]  | 65,792   |
| │    │    └─(1)SiLU       | [172034, 256]              | [172034, 256]  | --       |
| │    │    └─(2)GCNConv    | [172034, 256], [2, 205302] | [172034, 256]  | 65,792   |
| │    │    └─(3)SiLU       | --                         | --             | --       |
| │    │    └─(4)GCNConv    | [172034, 256], [2, 205302] | [172034, 256]  | 65,792   |
+---------------------------+----------------------------+----------------+----------+

Processor summary: 
  (summary skipped: Expected all tensors to be on the same device, but found at least two devices, cuda:0 and cpu! (when checking argument for argument mat1 in method wrapper_CUDA_addmm))

Decoder summary: 
+---------------------------+----------------------------+----------------+----------+
| Layer                     | Input Shape                | Output Shape   | #Param   |
|---------------------------+----------------------------+----------------+----------|
| Model                     | [172034, 256], [2, 393216] | [172034, 33]   | 152,483  |
| ├─(mlp)MLP                |                            | [172034, 128]  | 115,202  |
| │    └─(MLP)ModuleList    | --                         | --             | 115,202  |
| │    │    └─(0)Linear     | [172034, 256]              | [172034, 256]  | 65,792   |
| │    │    └─(1)PReLU      | [172034, 256]              | [172034, 256]  | 1        |
| │    │    └─(2)Linear     | [172034, 256]              | [172034, 128]  | 32,896   |
| │    │    └─(3)PReLU      | [172034, 128]              | [172034, 128]  | 1        |
| │    │    └─(4)Linear     | [172034, 128]              | [172034, 128]  | 16,512   |
| ├─(graph_layer)GraphLayer |                            | [172034, 33]   | 37,281   |
| │    └─(activation)SiLU   | [172034, 128]              | [172034, 128]  | --       |
| │    └─(layers)ModuleList | --                         | --             | 37,281   |
| │    │    └─(0)GCNConv    | [172034, 128], [2, 393216] | [172034, 128]  | 16,512   |
| │    │    └─(1)SiLU       | [172034, 128]              | [172034, 128]  | --       |
| │    │    └─(2)GCNConv    | [172034, 128], [2, 393216] | [172034, 128]  | 16,512   |
| │    │    └─(3)SiLU       | --                         | --             | --       |
| │    │    └─(4)GCNConv    | [172034, 128], [2, 393216] | [172034, 33]   | 4,257    |
+---------------------------+----------------------------+----------------+----------+

[config] pred_window_used=3, но декодировщик выдаёт 33 каналов при C=33 → модель одношаговая (1). Беру 1.
[predict] шаг модели 24 ч, горизонты будут кратны ему
[AR-rollout] Модель выдаёт 1 шаг(ов), но мы прогоним 5 шагов авторегрессионно.
[static] Каналы [7, 8] — статика, carry-forward при AR
[forcing] Каналы [29, 30, 31, 32] — форсинг (из ground truth при AR)
[predict] device=cuda | grid=512x256 | 200/1751 test samples
[metrics] Исключены из aggregate метрик: каналы [7, 8, 29, 30, 31, 32] (static+forcing)
[metrics] per-sample MSE будут сохранены в /workdir/paper_results/d5_v5_best_samples.npz
[Main] Инференс (200 samples, DA=none)...
  [50/200] RMSE=0.406997 ACC=0.9101
  [100/200] RMSE=0.410569 ACC=0.9109
  [150/200] RMSE=0.408816 ACC=0.9105
  [200/200] RMSE=0.410255 ACC=0.9096
[Save] per-sample metrics → /workdir/paper_results/d5_v5_best_samples.npz (N=200, AR=5, C=33)

============================================================
=== Inference summary (200 samples) ===
Grid: 512x256 (G=131072) | C=33 | AR=5 horizons
Overall: MSE=0.168309 | RMSE=0.410255 | MAE=0.226481
Baseline: RMSE=0.802935 | MAE=0.464517
Skill: 48.91%
ACC: 0.9096 | base: 0.6864 | Δ=+0.2232

Per-horizon:
  +24h: RMSE=0.256763 | base=0.674021 | skill=61.91% | ACC=0.9653 (base 0.7768)
  +48h: RMSE=0.325645 | base=0.792872 | skill=58.93% | ACC=0.9435 (base 0.6933)
  +72h: RMSE=0.397615 | base=0.827039 | skill=51.92% | ACC=0.9151 (base 0.6675)
  +96h: RMSE=0.470730 | base=0.847717 | skill=44.47% | ACC=0.8804 (base 0.6517)
  +120h: RMSE=0.538414 | base=0.859044 | skill=37.32% | ACC=0.8436 (base 0.6428)

Per-horizon per-channel RMSE (physical units):
         var   unit     +24h     +48h     +72h     +96h    +120h
         t2m      K    1.39°C    1.74°C    2.06°C    2.43°C    2.80°C
         10u    m/s     1.56     2.12     2.69     3.24     3.71
         10v    m/s     1.56     2.10     2.68     3.27     3.80
         msl    hPa     1.88     2.87     4.01     5.19     6.30
       t@850      K    1.45°C    1.79°C    2.17°C    2.58°C    3.01°C
       u@850    m/s     2.26     3.00     3.77     4.53     5.21
       v@850    m/s     2.22     2.93     3.70     4.49     5.21
       z@850    gpm     13.9     21.7     30.5     39.6     48.2
       z@500    gpm     17.8     28.3     40.2     52.6     65.0

Per-channel metrics overall (physical units, avg over 5 horizons):
    #        var      ACC  RMSE_norm    RMSE_phys     unit
    0        t2m   0.9941     0.1013       2.1403        K  (≈2.14 °C)
    1        10u   0.8779     0.4983       2.7728      m/s
    2        10v   0.8162     0.5867       2.7979      m/s
    3        msl   0.9591     0.3212       4.3480      hPa
    4         tp   0.5593     0.8385       0.0017        m
    5         sp   0.9989     0.0475       4.5281      hPa
    6       tcwv   0.9759     0.2177       3.6224    kg/m²
    7     z_surf   0.9999     0.0000       0.0000      gpm
    8        lsm   1.0001     0.0000       0.0000        -
    9      t@850   0.9882     0.1464       2.2699        K  (≈2.27 °C)
   10      u@850   0.8904     0.4729       3.8985      m/s
   11      v@850   0.7909     0.6151       3.8610      m/s
   12      z@850   0.9809     0.2173      33.1286      gpm
   13      q@850   0.9528     0.3040       0.0013    kg/kg
   14      t@500   0.9884     0.1552       2.0256        K  (≈2.03 °C)
   15      u@500   0.8993     0.4487       5.3962      m/s
   16      v@500   0.8051     0.5994       5.5192      m/s
   17      z@500   0.9926     0.1280      44.0950      gpm
   18      q@500   0.8788     0.4618       0.0005    kg/kg
   19      z@250   0.9949     0.1058      60.0846      gpm
   20      t@250   0.9600     0.2863       2.4795        K  (≈2.48 °C)
   21      u@250   0.9129     0.4097       7.4051      m/s
   22      v@250   0.8312     0.5688       7.6469      m/s
   23      q@250   0.8706     0.4604       0.0000    kg/kg
   24     z@1000   0.9622     0.3098      34.5198      gpm
   25     t@1000   0.9906     0.1289       2.1817        K  (≈2.18 °C)
   26     u@1000   0.8797     0.4905       3.0228      m/s
   27     v@1000   0.8181     0.5812       3.0892      m/s
   28     q@1000   0.9896     0.1434       0.0008    kg/kg
   29   sin_hour   0.2135     0.0000       0.0000        ?
   30   cos_hour   0.2135     0.0000       0.0000        ?
   31    sin_doy   0.1802     0.0000       0.0000        ?
   32    cos_doy   0.2112     0.0000       0.0000        ?
============================================================
