[predict] data_dir=/data/datasets/wb2_512x256_33f_v3 (chunked=True, pred_steps=7)
[ChunkDataset] склеиваем data.npy (19ch) + data_extra.npy (14ch) → 33ch
[ChunkDataset] train: 14000 samples, grid=512×256, feat=33, obs=2, pred=7
[ChunkDataset] склеиваем data.npy (19ch) + data_extra.npy (14ch) → 33ch
[ChunkDataset] val: 1750 samples, grid=512×256, feat=33, obs=2, pred=7
[ChunkDataset] склеиваем data.npy (19ch) + data_extra.npy (14ch) → 33ch
[ChunkDataset] test_only: 1750 samples, grid=512×256, feat=33, obs=2, pred=7
[ChunkDataset] шаг по времени 4 сроков = 24 ч (вход и цель на одной сетке)
[graph] уровни меша [4, 6], признаки рёбер: legacy
[processor] InteractionNet: 12 шагов, агрегация 'mean'
Encoder summary: 
+---------------------------+----------------------------+----------------+----------+
| Layer                     | Input Shape                | Output Shape   | #Param   |
|---------------------------+----------------------------+----------------+----------|
| Model                     | [172034, 72], [2, 205302]  | [172034, 256]  | 348,162  |
| ├─(mlp)MLP                |                            | [172034, 256]  | 150,786  |
| │    └─(MLP)ModuleList    | --                         | --             | 150,786  |
| │    │    └─(0)Linear     | [172034, 72]               | [172034, 256]  | 18,688   |
| │    │    └─(1)PReLU      | [172034, 256]              | [172034, 256]  | 1        |
| │    │    └─(2)Linear     | [172034, 256]              | [172034, 256]  | 65,792   |
| │    │    └─(3)PReLU      | [172034, 256]              | [172034, 256]  | 1        |
| │    │    └─(4)Linear     | [172034, 256]              | [172034, 256]  | 65,792   |
| │    │    └─(5)LayerNorm  | [172034, 256]              | [172034, 256]  | 512      |
| ├─(graph_layer)GraphLayer |                            | [172034, 256]  | 197,376  |
| │    └─(activation)SiLU   | [172034, 256]              | [172034, 256]  | --       |
| │    └─(layers)ModuleList | --                         | --             | 197,376  |
| │    │    └─(0)GCNConv    | [172034, 256], [2, 205302] | [172034, 256]  | 65,792   |
| │    │    └─(1)SiLU       | [172034, 256]              | [172034, 256]  | --       |
| │    │    └─(2)GCNConv    | [172034, 256], [2, 205302] | [172034, 256]  | 65,792   |
| │    │    └─(3)SiLU       | --                         | --             | --       |
| │    │    └─(4)GCNConv    | [172034, 256], [2, 205302] | [172034, 256]  | 65,792   |
+---------------------------+----------------------------+----------------+----------+

Processor summary: 
  (summary skipped: Expected all tensors to be on the same device, but found at least two devices, cuda:0 and cpu! (when checking argument for argument mat1 in method wrapper_CUDA_addmm))

Decoder summary: 
+---------------------------+----------------------------+----------------+----------+
| Layer                     | Input Shape                | Output Shape   | #Param   |
|---------------------------+----------------------------+----------------+----------|
| Model                     | [172034, 256], [2, 393216] | [172034, 33]   | 152,483  |
| ├─(mlp)MLP                |                            | [172034, 128]  | 115,202  |
| │    └─(MLP)ModuleList    | --                         | --             | 115,202  |
| │    │    └─(0)Linear     | [172034, 256]              | [172034, 256]  | 65,792   |
| │    │    └─(1)PReLU      | [172034, 256]              | [172034, 256]  | 1        |
| │    │    └─(2)Linear     | [172034, 256]              | [172034, 128]  | 32,896   |
| │    │    └─(3)PReLU      | [172034, 128]              | [172034, 128]  | 1        |
| │    │    └─(4)Linear     | [172034, 128]              | [172034, 128]  | 16,512   |
| ├─(graph_layer)GraphLayer |                            | [172034, 33]   | 37,281   |
| │    └─(activation)SiLU   | [172034, 128]              | [172034, 128]  | --       |
| │    └─(layers)ModuleList | --                         | --             | 37,281   |
| │    │    └─(0)GCNConv    | [172034, 128], [2, 393216] | [172034, 128]  | 16,512   |
| │    │    └─(1)SiLU       | [172034, 128]              | [172034, 128]  | --       |
| │    │    └─(2)GCNConv    | [172034, 128], [2, 393216] | [172034, 128]  | 16,512   |
| │    │    └─(3)SiLU       | --                         | --             | --       |
| │    │    └─(4)GCNConv    | [172034, 128], [2, 393216] | [172034, 33]   | 4,257    |
+---------------------------+----------------------------+----------------+----------+

[config] pred_window_used=3, но декодировщик выдаёт 33 каналов при C=33 → модель одношаговая (1). Беру 1.
[predict] шаг модели 24 ч, горизонты будут кратны ему
[AR-rollout] Модель выдаёт 1 шаг(ов), но мы прогоним 7 шагов авторегрессионно.
[static] Каналы [7, 8] — статика, carry-forward при AR
[forcing] Каналы [29, 30, 31, 32] — форсинг (из ground truth при AR)
[predict] device=cuda | grid=512x256 | 200/1750 test samples
[metrics] Исключены из aggregate метрик: каналы [7, 8, 29, 30, 31, 32] (static+forcing)
[metrics] per-sample MSE будут сохранены в /workdir/paper_results/d7_v5_samples.npz
[Main] Инференс (200 samples, DA=none)...
  [50/200] RMSE=0.475310 ACC=0.8768
  [100/200] RMSE=0.481263 ACC=0.8772
  [150/200] RMSE=0.478520 ACC=0.8772
  [200/200] RMSE=0.479923 ACC=0.8759
[Save] per-sample metrics → /workdir/paper_results/d7_v5_samples.npz (N=200, AR=7, C=33)

============================================================
=== Inference summary (200 samples) ===
Grid: 512x256 (G=131072) | C=33 | AR=7 horizons
Overall: MSE=0.230326 | RMSE=0.479923 | MAE=0.266644
Baseline: RMSE=0.824540 | MAE=0.482031
Skill: 41.80%
ACC: 0.8759 | base: 0.6696 | Δ=+0.2062

Per-horizon:
  +24h: RMSE=0.256788 | base=0.675706 | skill=62.00% | ACC=0.9653 (base 0.7758)
  +48h: RMSE=0.325596 | base=0.792801 | skill=58.93% | ACC=0.9436 (base 0.6934)
  +72h: RMSE=0.397386 | base=0.827839 | skill=52.00% | ACC=0.9150 (base 0.6665)
  +96h: RMSE=0.470416 | base=0.848620 | skill=44.57% | ACC=0.8803 (base 0.6504)
  +120h: RMSE=0.538391 | base=0.857860 | skill=37.24% | ACC=0.8433 (base 0.6434)
  +144h: RMSE=0.597178 | base=0.870374 | skill=31.39% | ACC=0.8075 (base 0.6330)
  +168h: RMSE=0.643922 | base=0.880345 | skill=26.86% | ACC=0.7762 (base 0.6250)

Per-horizon per-channel RMSE (physical units):
         var   unit     +24h     +48h     +72h     +96h    +120h    +144h    +168h
         t2m      K    1.39°C    1.73°C    2.06°C    2.43°C    2.79°C    3.16°C    3.49°C
         10u    m/s     1.56     2.12     2.69     3.24     3.71     4.11     4.41
         10v    m/s     1.56     2.10     2.68     3.27     3.80     4.25     4.57
         msl    hPa     1.89     2.90     4.01     5.19     6.30     7.34     8.17
       t@850      K    1.45°C    1.80°C    2.17°C    2.59°C    3.02°C    3.42°C    3.75°C
       u@850    m/s     2.26     3.00     3.77     4.52     5.21     5.79     6.24
       v@850    m/s     2.22     2.93     3.70     4.49     5.21     5.81     6.24
       z@850    gpm     14.0     21.9     30.5     39.5     48.2     56.4     63.2
       z@500    gpm     17.8     28.5     40.3     52.6     64.9     76.3     86.4

Per-channel metrics overall (physical units, avg over 7 horizons):
    #        var      ACC  RMSE_norm    RMSE_phys     unit
    0        t2m   0.9919     0.1200       2.5364        K  (≈2.54 °C)
    1        10u   0.8298     0.5871       3.2671      m/s
    2        10v   0.7333     0.7005       3.3404      m/s
    3        msl   0.9325     0.4099       5.5478      hPa
    4         tp   0.4935     0.8894       0.0018        m
    5         sp   0.9982     0.0602       5.7395      hPa
    6       tcwv   0.9670     0.2555       4.2512    kg/m²
    7     z_surf   0.9999     0.0000       0.0000      gpm
    8        lsm   1.0001     0.0000       0.0000        -
    9      t@850   0.9832     0.1751       2.7144        K  (≈2.71 °C)
   10      u@850   0.8465     0.5583       4.6024      m/s
   11      v@850   0.6985     0.7305       4.5850      m/s
   12      z@850   0.9683     0.2790      42.5231      gpm
   13      q@850   0.9426     0.3366       0.0014    kg/kg
   14      t@500   0.9829     0.1888       2.4632        K  (≈2.46 °C)
   15      u@500   0.8575     0.5320       6.3985      m/s
   16      v@500   0.7116     0.7212       6.6404      m/s
   17      z@500   0.9874     0.1664      57.3450      gpm
   18      q@500   0.8483     0.5152       0.0006    kg/kg
   19      z@250   0.9914     0.1364      77.4714      gpm
   20      t@250   0.9464     0.3294       2.8526        K  (≈2.85 °C)
   21      u@250   0.8726     0.4941       8.9309      m/s
   22      v@250   0.7409     0.6997       9.4072      m/s
   23      q@250   0.8478     0.5003       0.0000    kg/kg
   24     z@1000   0.9374     0.3967      44.1981      gpm
   25     t@1000   0.9870     0.1525       2.5816        K  (≈2.58 °C)
   26     u@1000   0.8314     0.5798       3.5736      m/s
   27     v@1000   0.7351     0.6967       3.7029      m/s
   28     q@1000   0.9858     0.1690       0.0010    kg/kg
   29   sin_hour   0.2135     0.0000       0.0000        ?
   30   cos_hour   0.2135     0.0000       0.0000        ?
   31    sin_doy   0.1812     0.0000       0.0000        ?
   32    cos_doy   0.2089     0.0000       0.0000        ?
============================================================
