[predict] data_dir=/data/datasets/wb2_512x256_33f_v3 (chunked=True, pred_steps=1)
[ChunkDataset] склеиваем data.npy (19ch) + data_extra.npy (14ch) → 33ch
[ChunkDataset] train: 14002 samples, grid=512×256, feat=33, obs=2, pred=1
[ChunkDataset] склеиваем data.npy (19ch) + data_extra.npy (14ch) → 33ch
[ChunkDataset] val: 1750 samples, grid=512×256, feat=33, obs=2, pred=1
[ChunkDataset] склеиваем data.npy (19ch) + data_extra.npy (14ch) → 33ch
[ChunkDataset] test_only: 1751 samples, grid=512×256, feat=33, obs=2, pred=1
[ChunkDataset] шаг по времени 28 сроков = 168 ч (вход и цель на одной сетке)
[graph] уровни меша [4, 6], признаки рёбер: legacy
[processor] InteractionNet: 12 шагов, агрегация 'mean'
Encoder summary: 
+---------------------------+----------------------------+----------------+----------+
| Layer                     | Input Shape                | Output Shape   | #Param   |
|---------------------------+----------------------------+----------------+----------|
| Model                     | [172034, 72], [2, 205302]  | [172034, 256]  | 348,162  |
| ├─(mlp)MLP                |                            | [172034, 256]  | 150,786  |
| │    └─(MLP)ModuleList    | --                         | --             | 150,786  |
| │    │    └─(0)Linear     | [172034, 72]               | [172034, 256]  | 18,688   |
| │    │    └─(1)PReLU      | [172034, 256]              | [172034, 256]  | 1        |
| │    │    └─(2)Linear     | [172034, 256]              | [172034, 256]  | 65,792   |
| │    │    └─(3)PReLU      | [172034, 256]              | [172034, 256]  | 1        |
| │    │    └─(4)Linear     | [172034, 256]              | [172034, 256]  | 65,792   |
| │    │    └─(5)LayerNorm  | [172034, 256]              | [172034, 256]  | 512      |
| ├─(graph_layer)GraphLayer |                            | [172034, 256]  | 197,376  |
| │    └─(activation)SiLU   | [172034, 256]              | [172034, 256]  | --       |
| │    └─(layers)ModuleList | --                         | --             | 197,376  |
| │    │    └─(0)GCNConv    | [172034, 256], [2, 205302] | [172034, 256]  | 65,792   |
| │    │    └─(1)SiLU       | [172034, 256]              | [172034, 256]  | --       |
| │    │    └─(2)GCNConv    | [172034, 256], [2, 205302] | [172034, 256]  | 65,792   |
| │    │    └─(3)SiLU       | --                         | --             | --       |
| │    │    └─(4)GCNConv    | [172034, 256], [2, 205302] | [172034, 256]  | 65,792   |
+---------------------------+----------------------------+----------------+----------+

Processor summary: 
  (summary skipped: Expected all tensors to be on the same device, but found at least two devices, cuda:0 and cpu! (when checking argument for argument mat1 in method wrapper_CUDA_addmm))

Decoder summary: 
+---------------------------+----------------------------+----------------+----------+
| Layer                     | Input Shape                | Output Shape   | #Param   |
|---------------------------+----------------------------+----------------+----------|
| Model                     | [172034, 256], [2, 393216] | [172034, 33]   | 152,483  |
| ├─(mlp)MLP                |                            | [172034, 128]  | 115,202  |
| │    └─(MLP)ModuleList    | --                         | --             | 115,202  |
| │    │    └─(0)Linear     | [172034, 256]              | [172034, 256]  | 65,792   |
| │    │    └─(1)PReLU      | [172034, 256]              | [172034, 256]  | 1        |
| │    │    └─(2)Linear     | [172034, 256]              | [172034, 128]  | 32,896   |
| │    │    └─(3)PReLU      | [172034, 128]              | [172034, 128]  | 1        |
| │    │    └─(4)Linear     | [172034, 128]              | [172034, 128]  | 16,512   |
| ├─(graph_layer)GraphLayer |                            | [172034, 33]   | 37,281   |
| │    └─(activation)SiLU   | [172034, 128]              | [172034, 128]  | --       |
| │    └─(layers)ModuleList | --                         | --             | 37,281   |
| │    │    └─(0)GCNConv    | [172034, 128], [2, 393216] | [172034, 128]  | 16,512   |
| │    │    └─(1)SiLU       | [172034, 128]              | [172034, 128]  | --       |
| │    │    └─(2)GCNConv    | [172034, 128], [2, 393216] | [172034, 128]  | 16,512   |
| │    │    └─(3)SiLU       | --                         | --             | --       |
| │    │    └─(4)GCNConv    | [172034, 128], [2, 393216] | [172034, 33]   | 4,257    |
+---------------------------+----------------------------+----------------+----------+

[predict] шаг модели 168 ч, горизонты будут кратны ему
[static] Каналы [7, 8] — статика, carry-forward при AR
[forcing] Каналы [29, 30, 31, 32] — форсинг (из ground truth при AR)
[predict] device=cuda | grid=512x256 | 200/1751 test samples
[metrics] Исключены из aggregate метрик: каналы [7, 8, 29, 30, 31, 32] (static+forcing)
[metrics] per-sample MSE будут сохранены в /workdir/paper_results/direct7d_samples.npz
[Main] Инференс (200 samples, DA=none)...
  [50/200] RMSE=0.638791 ACC=0.7359
  [100/200] RMSE=0.649460 ACC=0.7351
  [150/200] RMSE=0.647133 ACC=0.7330
  [200/200] RMSE=0.645113 ACC=0.7332
[Save] per-sample metrics → /workdir/paper_results/direct7d_samples.npz (N=200, AR=1, C=33)

============================================================
=== Inference summary (200 samples) ===
Grid: 512x256 (G=131072) | C=33 | AR=1 horizons
Overall: MSE=0.416171 | RMSE=0.645113 | MAE=0.400965
Baseline: RMSE=0.880273 | MAE=0.528666
Skill: 26.71%
ACC: 0.7332 | base: 0.6250 | Δ=+0.1082

Per-channel metrics overall (physical units, avg over 1 horizons):
    #        var      ACC  RMSE_norm    RMSE_phys     unit
    0        t2m   0.9839     0.1734       3.6635        K  (≈3.66 °C)
    1        10u   0.6684     0.7636       4.2488      m/s
    2        10v   0.4343     0.9114       4.3460      m/s
    3        msl   0.7874     0.7139       9.6635      hPa
    4         tp   0.3053     0.9624       0.0019        m
    5         sp   0.9955     0.0969       9.2444      hPa
    6       tcwv   0.9367     0.3470       5.7731    kg/m²
    7     z_surf   0.9487     0.3442     291.1829      gpm
    8        lsm   0.9646     0.3844       0.1754        -
    9      t@850   0.9608     0.2652       4.1112        K  (≈4.11 °C)
   10      u@850   0.6811     0.7549       6.2233      m/s
   11      v@850   0.2957     0.9616       6.0358      m/s
   12      z@850   0.9021     0.4896      74.6263      gpm
   13      q@850   0.9104     0.4108       0.0017    kg/kg
   14      t@500   0.9573     0.2944       3.8411        K  (≈3.84 °C)
   15      u@500   0.6661     0.7644       9.1936      m/s
   16      v@500   0.2218     0.9895       9.1103      m/s
   17      z@500   0.9590     0.2968     102.2861      gpm
   18      q@500   0.7481     0.6412       0.0007    kg/kg
   19      z@250   0.9726     0.2410     136.8822      gpm
   20      t@250   0.9206     0.4138       3.5844        K  (≈3.58 °C)
   21      u@250   0.6731     0.7407      13.3887      m/s
   22      v@250   0.2118     0.9977      13.4132      m/s
   23      q@250   0.7792     0.5866       0.0000    kg/kg
   24     z@1000   0.8029     0.6890      76.7592      gpm
   25     t@1000   0.9750     0.2195       3.7160        K  (≈3.72 °C)
   26     u@1000   0.6651     0.7592       4.6790      m/s
   27     v@1000   0.4135     0.9109       4.8411      m/s
   28     q@1000   0.9696     0.2405       0.0014    kg/kg
   29   sin_hour   0.0000     0.2749       0.1944        ?
   30   cos_hour   0.0000     0.5365       0.3794        ?
   31    sin_doy  -0.0000     0.5744       0.4061        ?
   32    cos_doy  -0.0000     0.2852       0.2017        ?
============================================================
