[11.08 10:32:31] === V5 (суточный шаг) START ===
[11.08 10:32:31] нет окружения или базового датасета — подготовка (1-2 ч)
[11.08 12:24:06] === V5 (суточный шаг) START ===
[11.08 12:24:06] нет окружения или базового датасета — подготовка (1-2 ч)
[11.08 12:38:00] подготовка rc=0
[11.08 12:38:00] собираю глобальный 33-канальный датасет (часы CPU)
[11.08 12:40:20] сборка rc=0 размер 60G
[11.08 12:40:20] коммит: e92ce06
[11.08 12:40:20] ВНИМАНИЕ: незакоммиченные изменения
[11.08 12:40:20] START обучения wb2_512x256_33f_ar_v5_24h (шаг 24 ч, с нуля, без pretrained)
[13.08 08:22:43] DONE обучение rc=0
[13.08 08:22:43] START оценки (3 шага = +24/+48/+72 ч)
[13.08 08:26:14] DONE оценка rc=0 | skill=51.95%
         t2m      K    1.39°C    1.73°C    2.06°C
         msl    hPa     1.87     2.87     3.99
[13.08 08:26:14] --- ГЛАВНОЕ СРАВНЕНИЕ ---
[13.08 08:26:14] v5, +24 ч ОДНИМ шагом — см. первую колонку таблицы по горизонтам выше
[13.08 08:26:14] v3, +24 ч ЧЕТЫРЬМЯ шагами: t2m 1.24 °C (200 сроков, 11.08.2026)
[13.08 08:26:14] если v5 заметно ниже 1.24 — накопление ошибки доминирует, идею разворачиваем
[13.08 08:26:14] === ALL DONE ===
[13.08 11:07:51] === V5 (суточный шаг) START ===
[13.08 11:07:51] нет окружения или базового датасета — подготовка (1-2 ч)
[13.08 11:23:38] подготовка rc=0
[13.08 11:23:38] собираю глобальный 33-канальный датасет (часы CPU)
[13.08 11:26:00] сборка rc=0 размер 60G
[13.08 11:26:00] коммит: 3fb6549
[13.08 11:26:00] ВНИМАНИЕ: незакоммиченные изменения
[13.08 11:26:02] найден чекпойнт эпохи 30 — продолжаю, а не начинаю заново
[13.08 11:26:02] START обучения wb2_512x256_33f_ar_v5_24h (шаг 24 ч) --resume
[13.08 11:26:15] DONE обучение rc=0
[13.08 11:26:15] START оценки (3 шага = +24/+48/+72 ч)
[13.08 11:29:34] DONE оценка rc=0 | skill=51.95%
         msl    hPa     1.87     2.87     3.99
         t2m      K    1.39°C    1.73°C    2.06°C
         msl    hPa     1.87     2.87     3.99
[13.08 11:29:34] --- ГЛАВНОЕ СРАВНЕНИЕ ---
[13.08 11:29:34] v5, +24 ч ОДНИМ шагом — см. первую колонку таблицы по горизонтам выше
[13.08 11:29:34] v3, +24 ч ЧЕТЫРЬМЯ шагами: t2m 1.24 °C (200 сроков, 11.08.2026)
[13.08 11:29:34] если v5 заметно ниже 1.24 — накопление ошибки доминирует, идею разворачиваем
[13.08 11:29:34] === ALL DONE ===
[13.08 11:43:08] === V5 (суточный шаг) START ===
[13.08 11:43:08] START опорного прогона: v3, 12 шагов (+6…+72 ч)
[13.08 11:55:26] DONE v3 ar12 rc=0 | skill=46.47%
  +24h: RMSE=0.239242 | base=0.675036 | skill=64.56% | ACC=0.9700 (base 0.7762)
  +48h: RMSE=0.339721 | base=0.793999 | skill=57.21% | ACC=0.9400 (base 0.6926)
  +72h: RMSE=0.442553 | base=0.826764 | skill=46.47% | ACC=0.8998 (base 0.6679)
[13.08 11:55:26] коммит: 77ef810
[13.08 11:55:26] ВНИМАНИЕ: незакоммиченные изменения
[13.08 11:55:28] найден чекпойнт эпохи 30 — продолжаю, а не начинаю заново
[13.08 11:55:28] START обучения wb2_512x256_33f_ar_v5_24h (шаг 24 ч) --resume
[13.08 11:55:39] DONE обучение rc=0
[13.08 11:55:39] START оценки (3 шага = +24/+48/+72 ч)
[13.08 11:59:14] DONE оценка rc=0 | skill=51.95%
         msl    hPa     1.87     2.87     3.99
         t2m      K    1.39°C    1.73°C    2.06°C
         msl    hPa     1.87     2.87     3.99
[13.08 11:59:14] --- ГЛАВНОЕ СРАВНЕНИЕ ---
[13.08 11:59:14] v5, +24 ч ОДНИМ шагом — см. первую колонку таблицы по горизонтам выше
[13.08 11:59:14] v3, +24 ч ЧЕТЫРЬМЯ шагами: t2m 1.24 °C (200 сроков, 11.08.2026)
[13.08 11:59:14] если v5 заметно ниже 1.24 — накопление ошибки доминирует, идею разворачиваем
[13.08 11:59:14] === ALL DONE ===
