Using device: cuda
[ChunkDataset] склеиваем data.npy (19ch) + data_extra.npy (14ch) → 33ch
[ChunkDataset] train: 14021 samples, grid=512×256, feat=33, obs=2, pred=4
[ChunkDataset] склеиваем data.npy (19ch) + data_extra.npy (14ch) → 33ch
[ChunkDataset] val: 1753 samples, grid=512×256, feat=33, obs=2, pred=4
[ChunkDataset] склеиваем data.npy (19ch) + data_extra.npy (14ch) → 33ch
[ChunkDataset] test_only: 1753 samples, grid=512×256, feat=33, obs=2, pred=4
[graph] уровни меша [4, 6], признаки рёбер: legacy
[processor] InteractionNet: 12 шагов, агрегация 'mean'
Encoder summary: 
+---------------------------+----------------------------+----------------+----------+
| Layer                     | Input Shape                | Output Shape   | #Param   |
|---------------------------+----------------------------+----------------+----------|
| Model                     | [172034, 72], [2, 203562]  | [172034, 256]  | 348,162  |
| ├─(mlp)MLP                |                            | [172034, 256]  | 150,786  |
| │    └─(MLP)ModuleList    | --                         | --             | 150,786  |
| │    │    └─(0)Linear     | [172034, 72]               | [172034, 256]  | 18,688   |
| │    │    └─(1)PReLU      | [172034, 256]              | [172034, 256]  | 1        |
| │    │    └─(2)Linear     | [172034, 256]              | [172034, 256]  | 65,792   |
| │    │    └─(3)PReLU      | [172034, 256]              | [172034, 256]  | 1        |
| │    │    └─(4)Linear     | [172034, 256]              | [172034, 256]  | 65,792   |
| │    │    └─(5)LayerNorm  | [172034, 256]              | [172034, 256]  | 512      |
| ├─(graph_layer)GraphLayer |                            | [172034, 256]  | 197,376  |
| │    └─(activation)SiLU   | [172034, 256]              | [172034, 256]  | --       |
| │    └─(layers)ModuleList | --                         | --             | 197,376  |
| │    │    └─(0)GCNConv    | [172034, 256], [2, 203562] | [172034, 256]  | 65,792   |
| │    │    └─(1)SiLU       | [172034, 256]              | [172034, 256]  | --       |
| │    │    └─(2)GCNConv    | [172034, 256], [2, 203562] | [172034, 256]  | 65,792   |
| │    │    └─(3)SiLU       | --                         | --             | --       |
| │    │    └─(4)GCNConv    | [172034, 256], [2, 203562] | [172034, 256]  | 65,792   |
+---------------------------+----------------------------+----------------+----------+

Processor summary: 
  (summary skipped: Expected all tensors to be on the same device, but found at least two devices, cuda:0 and cpu! (when checking argument for argument mat1 in method wrapper_CUDA_addmm))

Decoder summary: 
+---------------------------+----------------------------+----------------+----------+
| Layer                     | Input Shape                | Output Shape   | #Param   |
|---------------------------+----------------------------+----------------+----------|
| Model                     | [172034, 256], [2, 393216] | [172034, 33]   | 152,483  |
| ├─(mlp)MLP                |                            | [172034, 128]  | 115,202  |
| │    └─(MLP)ModuleList    | --                         | --             | 115,202  |
| │    │    └─(0)Linear     | [172034, 256]              | [172034, 256]  | 65,792   |
| │    │    └─(1)PReLU      | [172034, 256]              | [172034, 256]  | 1        |
| │    │    └─(2)Linear     | [172034, 256]              | [172034, 128]  | 32,896   |
| │    │    └─(3)PReLU      | [172034, 128]              | [172034, 128]  | 1        |
| │    │    └─(4)Linear     | [172034, 128]              | [172034, 128]  | 16,512   |
| ├─(graph_layer)GraphLayer |                            | [172034, 33]   | 37,281   |
| │    └─(activation)SiLU   | [172034, 128]              | [172034, 128]  | --       |
| │    └─(layers)ModuleList | --                         | --             | 37,281   |
| │    │    └─(0)GCNConv    | [172034, 128], [2, 393216] | [172034, 128]  | 16,512   |
| │    │    └─(1)SiLU       | [172034, 128]              | [172034, 128]  | --       |
| │    │    └─(2)GCNConv    | [172034, 128], [2, 393216] | [172034, 128]  | 16,512   |
| │    │    └─(3)SiLU       | --                         | --             | --       |
| │    │    └─(4)GCNConv    | [172034, 128], [2, 393216] | [172034, 33]   | 4,257    |
+---------------------------+----------------------------+----------------+----------+


>>> Загружаю pretrained веса: experiments/wb2_512x256_33f_ar_v3/best_model.pth
  Pretrained веса загружены.

[Train] Включен Weighted Loss.
[Train] static_channels=[7, 8], forcing_channels=[29, 30, 31, 32]
[Train] → маска каналов: 27/33 dynamic (no-loss: [7, 8, 29, 30, 31, 32])
[Train] channel_loss_weights applied to 8 channels: {0: 2.0, 1: 1.5, 2: 1.5, 3: 2.0, 4: 1.5, 5: 0.1, 17: 2.0, 19: 1.2}
[Train] input noise injection: sigma=0.05, apply_from_ar_step=1
[Init] val_loss=0.02277 val_acc=0.9911 raw_RMSE=0.1210

Epoch 0 (AR=4) with attention threshold 0.0
[Epoch 1] train_loss=0.03756  val_loss=0.02140  val_ACC=0.9916  raw_RMSE=0.1173
Val loss reduced by inf. Saving best model... 


Epoch 1 (AR=4) with attention threshold 0.0
[Epoch 2] train_loss=0.03681  val_loss=0.02127  val_ACC=0.9917  raw_RMSE=0.1169
Val loss reduced by 0.00013. Saving best model... 


Epoch 2 (AR=4) with attention threshold 0.0
[Epoch 3] train_loss=0.03630  val_loss=0.02118  val_ACC=0.9917  raw_RMSE=0.1167
Val loss reduced by 8e-05. Saving best model... 


Epoch 3 (AR=4) with attention threshold 0.0
[Epoch 4] train_loss=0.03579  val_loss=0.02109  val_ACC=0.9917  raw_RMSE=0.1164
Val loss reduced by 9e-05. Saving best model... 


Epoch 4 (AR=4) with attention threshold 0.0
[Epoch 5] train_loss=0.03530  val_loss=0.02100  val_ACC=0.9918  raw_RMSE=0.1162
Val loss reduced by 0.0001. Saving best model... 


Epoch 5 (AR=4) with attention threshold 0.0
[Epoch 6] train_loss=0.03486  val_loss=0.02094  val_ACC=0.9918  raw_RMSE=0.1160
Val loss reduced by 6e-05. Saving best model... 


Epoch 6 (AR=4) with attention threshold 0.005424
[Epoch 7] train_loss=0.03453  val_loss=0.02091  val_ACC=0.9918  raw_RMSE=0.1159
Val loss reduced by 3e-05. Saving best model... 


Epoch 7 (AR=4) with attention threshold 0.010848
[Epoch 8] train_loss=0.03434  val_loss=0.02090  val_ACC=0.9918  raw_RMSE=0.1159
Val loss reduced by 1e-05. Saving best model... 

