### PROVENANCE ###############################################
# tag: m1_dipl_noda_ar28 | started: 2026-07-26T14:20:13+03:00 | host: k8smr-macos-build--graphcast-v3-750057806-task-0
# git commit: d62475f | gpu: NVIDIA H100 80GB HBM3
# dataset: /data/datasets/multires_krsk_19f_merge
#   info: {"time_start":"2010-01-01","time_end":"2021-12-31","n_time":16072,"n_nodes":133279,"n_feat":19,"flat":true,"n_global_kept":130778,"n_regional":2501,"roi":[50.0,60.0,83.0,98.0],"variables":["t2m","10u","10v","msl","tp","sp","tcwv","z_surf","lsm","t@850","u@850"
# experiment: experiments/multires_nores_freeze6 (config md5 5b38c726faeac8db3e6238c3868f8062)
#   ckpt: c42ba49fa635c12c65fa3eb2e3813b7c  experiments/multires_nores_freeze6/best_model.pth
# COMMAND:
#   python -u scripts/predict.py experiments/multires_nores_freeze6 --data-dir /data/datasets/multires_krsk_19f_merge --split test_only --ar-steps 28 --max-samples 200 --per-channel --no-save --region 50 60 83 98 --save-sample-metrics /workdir/paper_results/m1_dipl_noda_ar28_samples.npz --no-residual
##############################################################

[predict] data_dir=/data/datasets/multires_krsk_19f_merge (chunked=True, pred_steps=28)
[ChunkDataset] train: 12834 samples, flat_nodes=133279, feat=19, obs=2, pred=28
[ChunkDataset] val: 1604 samples, flat_nodes=133279, feat=19, obs=2, pred=28
[ChunkDataset] test_only: 1605 samples, flat_nodes=133279, feat=19, obs=2, pred=28
Encoder summary: 
+---------------------------+----------------------------+----------------+----------+
| Layer                     | Input Shape                | Output Shape   | #Param   |
|---------------------------+----------------------------+----------------+----------|
| Model                     | [174241, 44], [2, 207099]  | [174241, 256]  | 340,994  |
| ├─(mlp)MLP                |                            | [174241, 256]  | 143,618  |
| │    └─(MLP)ModuleList    | --                         | --             | 143,618  |
| │    │    └─(0)Linear     | [174241, 44]               | [174241, 256]  | 11,520   |
| │    │    └─(1)PReLU      | [174241, 256]              | [174241, 256]  | 1        |
| │    │    └─(2)Linear     | [174241, 256]              | [174241, 256]  | 65,792   |
| │    │    └─(3)PReLU      | [174241, 256]              | [174241, 256]  | 1        |
| │    │    └─(4)Linear     | [174241, 256]              | [174241, 256]  | 65,792   |
| │    │    └─(5)LayerNorm  | [174241, 256]              | [174241, 256]  | 512      |
| ├─(graph_layer)GraphLayer |                            | [174241, 256]  | 197,376  |
| │    └─(activation)SiLU   | [174241, 256]              | [174241, 256]  | --       |
| │    └─(layers)ModuleList | --                         | --             | 197,376  |
| │    │    └─(0)GCNConv    | [174241, 256], [2, 207099] | [174241, 256]  | 65,792   |
| │    │    └─(1)SiLU       | [174241, 256]              | [174241, 256]  | --       |
| │    │    └─(2)GCNConv    | [174241, 256], [2, 207099] | [174241, 256]  | 65,792   |
| │    │    └─(3)SiLU       | --                         | --             | --       |
| │    │    └─(4)GCNConv    | [174241, 256], [2, 207099] | [174241, 256]  | 65,792   |
+---------------------------+----------------------------+----------------+----------+

Processor summary: 
  (summary skipped: Expected all tensors to be on the same device, but found at least two devices, cuda:0 and cpu! (when checking argument for argument mat1 in method wrapper_CUDA_addmm))

Decoder summary: 
+---------------------------+----------------------------+----------------+----------+
| Layer                     | Input Shape                | Output Shape   | #Param   |
|---------------------------+----------------------------+----------------+----------|
| Model                     | [174241, 256], [2, 399837] | [174241, 19]   | 150,677  |
| ├─(mlp)MLP                |                            | [174241, 128]  | 115,202  |
| │    └─(MLP)ModuleList    | --                         | --             | 115,202  |
| │    │    └─(0)Linear     | [174241, 256]              | [174241, 256]  | 65,792   |
| │    │    └─(1)PReLU      | [174241, 256]              | [174241, 256]  | 1        |
| │    │    └─(2)Linear     | [174241, 256]              | [174241, 128]  | 32,896   |
| │    │    └─(3)PReLU      | [174241, 128]              | [174241, 128]  | 1        |
| │    │    └─(4)Linear     | [174241, 128]              | [174241, 128]  | 16,512   |
| ├─(graph_layer)GraphLayer |                            | [174241, 19]   | 35,475   |
| │    └─(activation)SiLU   | [174241, 128]              | [174241, 128]  | --       |
| │    └─(layers)ModuleList | --                         | --             | 35,475   |
| │    │    └─(0)GCNConv    | [174241, 128], [2, 399837] | [174241, 128]  | 16,512   |
| │    │    └─(1)SiLU       | [174241, 128]              | [174241, 128]  | --       |
| │    │    └─(2)GCNConv    | [174241, 128], [2, 399837] | [174241, 128]  | 16,512   |
| │    │    └─(3)SiLU       | --                         | --             | --       |
| │    │    └─(4)GCNConv    | [174241, 128], [2, 399837] | [174241, 19]   | 2,451    |
+---------------------------+----------------------------+----------------+----------+

[AR-rollout] Модель выдаёт 1 шаг(ов), но мы прогоним 28 шагов авторегрессионно.
[predict] device=cuda | grid=0x0 | 200/1605 test samples
[Region] 2501 nodes (--region [50.0,60.0]N x [83.0,98.0]E)
[metrics] per-sample MSE будут сохранены в /workdir/paper_results/m1_dipl_noda_ar28_samples.npz
[Main] Инференс (200 samples, DA=none)...
  [50/200] RMSE=0.672157 ACC=0.8109
  [100/200] RMSE=0.653630 ACC=0.8173
  [150/200] RMSE=0.654328 ACC=0.8183
  [200/200] RMSE=0.653937 ACC=0.8195
[Save] per-sample metrics → /workdir/paper_results/m1_dipl_noda_ar28_samples.npz (N=200, AR=28, C=19)

============================================================
=== Inference summary (200 samples) ===
Grid: 0x0 (G=133279) | C=19 | AR=28 horizons
Overall: MSE=0.427634 | RMSE=0.653937 | MAE=0.303988
Baseline: RMSE=0.749148 | MAE=0.396584
Skill: 12.71%
ACC: 0.8195 | base: 0.7080 | Δ=+0.1115

Per-horizon:
  +06h: RMSE=0.121889 | base=0.357652 | skill=65.92% | ACC=0.9924 (base 0.9352)
  +12h: RMSE=0.159518 | base=0.496977 | skill=67.90% | ACC=0.9869 (base 0.8737)
  +18h: RMSE=0.202015 | base=0.578048 | skill=65.05% | ACC=0.9786 (base 0.8279)
  +24h: RMSE=0.229687 | base=0.629793 | skill=63.53% | ACC=0.9721 (base 0.7950)
  +30h: RMSE=0.255556 | base=0.674076 | skill=62.09% | ACC=0.9653 (base 0.7644)
  +36h: RMSE=0.279746 | base=0.704374 | skill=60.28% | ACC=0.9584 (base 0.7424)
  +42h: RMSE=0.305682 | base=0.725490 | skill=57.87% | ACC=0.9503 (base 0.7263)
  +48h: RMSE=0.330424 | base=0.738404 | skill=55.25% | ACC=0.9420 (base 0.7164)
  +54h: RMSE=0.357324 | base=0.753452 | skill=52.58% | ACC=0.9323 (base 0.7046)
  +60h: RMSE=0.382309 | base=0.762871 | skill=49.89% | ACC=0.9226 (base 0.6971)
  +66h: RMSE=0.409623 | base=0.768436 | skill=46.69% | ACC=0.9112 (base 0.6925)
  +72h: RMSE=0.434970 | base=0.769775 | skill=43.49% | ACC=0.9000 (base 0.6914)
  +78h: RMSE=0.464204 | base=0.775236 | skill=40.12% | ACC=0.8866 (base 0.6869)
  +84h: RMSE=0.490882 | base=0.777581 | skill=36.87% | ACC=0.8735 (base 0.6851)
  +90h: RMSE=0.522563 | base=0.778660 | skill=32.89% | ACC=0.8573 (base 0.6841)
  +96h: RMSE=0.554197 | base=0.778385 | skill=28.80% | ACC=0.8411 (base 0.6845)
  +102h: RMSE=0.589470 | base=0.785192 | skill=24.93% | ACC=0.8212 (base 0.6789)
  +108h: RMSE=0.632700 | base=0.791771 | skill=20.09% | ACC=0.8014 (base 0.6735)
  +114h: RMSE=0.673045 | base=0.797933 | skill=15.65% | ACC=0.7771 (base 0.6683)
  +120h: RMSE=0.725420 | base=0.801293 | skill=9.47% | ACC=0.7557 (base 0.6656)
  +126h: RMSE=0.778745 | base=0.808703 | skill=3.70% | ACC=0.7244 (base 0.6593)
  +132h: RMSE=0.834328 | base=0.812771 | skill=-2.65% | ACC=0.7023 (base 0.6559)
  +138h: RMSE=0.901903 | base=0.814721 | skill=-10.70% | ACC=0.6627 (base 0.6541)
  +144h: RMSE=0.949153 | base=0.813916 | skill=-16.62% | ACC=0.6413 (base 0.6549)
  +150h: RMSE=1.034198 | base=0.817467 | skill=-26.51% | ACC=0.5947 (base 0.6517)
  +156h: RMSE=1.074765 | base=0.818516 | skill=-31.31% | ACC=0.5741 (base 0.6509)
  +162h: RMSE=1.177088 | base=0.818095 | skill=-43.88% | ACC=0.5216 (base 0.6511)
  +168h: RMSE=1.213307 | base=0.815721 | skill=-48.74% | ACC=0.4990 (base 0.6532)

Per-horizon per-channel RMSE (physical units):
         var   unit      +6h     +12h     +18h     +24h     +30h     +36h     +42h     +48h     +54h     +60h     +66h     +72h     +78h     +84h     +90h     +96h    +102h    +108h    +114h    +120h    +126h    +132h    +138h    +144h    +150h    +156h    +162h    +168h
         t2m      K    0.79°C    0.97°C    1.11°C    1.21°C    1.36°C    1.46°C    1.58°C    1.68°C    1.81°C    1.93°C    2.07°C    2.23°C    2.39°C    2.69°C    2.83°C    3.40°C    3.47°C    4.46°C    4.48°C    5.91°C    6.20°C    7.87°C    8.67°C   10.38°C   11.74°C   13.03°C   14.81°C   15.81°C
         10u    m/s     0.70     0.86     1.01     1.15     1.33     1.50     1.70     1.89     2.11     2.31     2.53     2.73     2.95     3.15     3.36     3.56     3.75     3.97     4.11     4.34     4.47     4.69     4.80     4.98     5.06     5.18     5.22     5.31
         10v    m/s     0.71     0.87     1.02     1.17     1.34     1.52     1.71     1.91     2.12     2.32     2.53     2.74     2.95     3.16     3.36     3.57     3.76     3.99     4.16     4.40     4.56     4.80     4.95     5.14     5.24     5.36     5.41     5.53
         msl    hPa     0.61     0.82     1.12     1.36     1.69     1.99     2.34     2.68     3.06     3.43     3.84     4.25     4.69     5.12     5.58     6.01     6.49     6.94     7.45     7.85     8.29     8.63     8.95     9.28     9.48     9.93    10.23    11.02
       t@850      K    0.60°C    0.75°C    0.87°C    0.97°C    1.09°C    1.20°C    1.33°C    1.45°C    1.59°C    1.73°C    1.88°C    2.03°C    2.20°C    2.36°C    2.52°C    2.72°C    2.88°C    3.14°C    3.31°C    3.67°C    3.95°C    4.48°C    4.96°C    5.61°C    6.31°C    6.97°C    7.77°C    8.32°C
       u@850    m/s     1.03     1.27     1.49     1.71     1.96     2.21     2.50     2.78     3.08     3.37     3.69     3.99     4.30     4.59     4.89     5.18     5.45     5.78     5.99     6.36     6.54     6.92     7.11     7.42     7.63     7.87     8.06     8.32
       v@850    m/s     1.03     1.27     1.49     1.70     1.95     2.20     2.49     2.77     3.07     3.36     3.67     3.96     4.26     4.54     4.84     5.12     5.38     5.70     5.92     6.28     6.47     6.85     7.03     7.30     7.44     7.61     7.70     7.84
       z@850    gpm      4.4      5.8      8.2     10.0     12.7     15.0     17.9     20.4     23.5     26.2     29.5     32.5     35.9     39.0     42.7     45.8     49.4     52.8     56.2     59.0     61.9     64.4     67.1     70.5     74.5     80.3     87.5     95.6
       z@500    gpm      5.5      7.7     10.9     13.7     17.2     20.7     24.4     28.1     32.2     36.2     40.5     44.8     49.3     53.8     58.3     63.1     67.3     72.7     76.6     82.3     86.6     93.6    100.5    110.7    123.6    138.4    158.9    177.5

Per-channel metrics overall (physical units, avg over 28 horizons):
    #        var      ACC  RMSE_norm    RMSE_phys     unit
    0        t2m   0.9417     0.3110       6.5726        K  (≈6.57 °C)
    1        10u   0.7849     0.6295       3.5026      m/s
    2        10v   0.6809     0.7504       3.5785      m/s
    3        msl   0.8632     0.4682       6.3369      hPa
    4         tp   0.3940     1.1046       0.0022        m
    5         sp   0.8795     0.7152      68.2156      hPa
    6       tcwv   0.9064     0.4334       7.2115    kg/m²
    7     z_surf   0.8767     0.7731     654.0528      gpm
    8        lsm   0.8312     1.1147       0.5085        -
    9      t@850   0.9653     0.2433       3.7722        K  (≈3.77 °C)
   10      u@850   0.7988     0.6326       5.2148      m/s
   11      v@850   0.6389     0.8134       5.1054      m/s
   12      z@850   0.9300     0.3265      49.7725      gpm
   13      q@850   0.9022     0.4344       0.0018    kg/kg
   14      t@500   0.9692     0.2616       3.4134        K  (≈3.41 °C)
   15      u@500   0.8078     0.6667       8.0181      m/s
   16      v@500   0.6475     0.8543       7.8656      m/s
   17      z@500   0.9716     0.2284      78.7076      gpm
   18      q@500   0.7805     0.6154       0.0007    kg/kg

--- Region [50.0,60.0]N x [83.0,98.0]E (2501 nodes) ---
RMSE=0.573684 | base=0.584754 | skill=1.89%
ACC=0.6210 | base=0.4707

  Per-horizon (region):
    +06h: RMSE=0.091883 | base=0.230602 | skill=60.16% | ACC=0.9615 (base 0.8358)
    +12h: RMSE=0.113184 | base=0.342377 | skill=66.94% | ACC=0.9468 (base 0.6970)
    +18h: RMSE=0.127107 | base=0.414247 | skill=69.32% | ACC=0.9332 (base 0.6095)
    +24h: RMSE=0.138178 | base=0.460955 | skill=70.02% | ACC=0.9222 (base 0.5610)
    +30h: RMSE=0.149880 | base=0.497241 | skill=69.86% | ACC=0.9081 (base 0.5274)
    +36h: RMSE=0.161879 | base=0.525559 | skill=69.20% | ACC=0.8955 (base 0.5041)
    +42h: RMSE=0.175135 | base=0.548571 | skill=68.07% | ACC=0.8779 (base 0.4847)
    +48h: RMSE=0.191752 | base=0.567253 | skill=66.20% | ACC=0.8620 (base 0.4691)
    +54h: RMSE=0.210674 | base=0.587693 | skill=64.15% | ACC=0.8368 (base 0.4472)
    +60h: RMSE=0.231391 | base=0.603239 | skill=61.64% | ACC=0.8188 (base 0.4302)
    +66h: RMSE=0.254095 | base=0.614913 | skill=58.68% | ACC=0.7830 (base 0.4222)
    +72h: RMSE=0.281234 | base=0.622718 | skill=54.84% | ACC=0.7607 (base 0.4224)
    +78h: RMSE=0.301484 | base=0.628362 | skill=52.02% | ACC=0.7125 (base 0.4232)
    +84h: RMSE=0.333805 | base=0.631186 | skill=47.11% | ACC=0.6963 (base 0.4241)
    +90h: RMSE=0.355181 | base=0.635741 | skill=44.13% | ACC=0.6445 (base 0.4194)
    +96h: RMSE=0.402294 | base=0.640387 | skill=37.18% | ACC=0.6312 (base 0.4151)
    +102h: RMSE=0.427334 | base=0.642978 | skill=33.54% | ACC=0.5722 (base 0.4174)
    +108h: RMSE=0.494666 | base=0.641424 | skill=22.88% | ACC=0.5562 (base 0.4282)
    +114h: RMSE=0.520893 | base=0.641489 | skill=18.80% | ACC=0.4926 (base 0.4379)
    +120h: RMSE=0.587423 | base=0.641792 | skill=8.47% | ACC=0.4763 (base 0.4390)
    +126h: RMSE=0.648377 | base=0.644668 | skill=-0.58% | ACC=0.4120 (base 0.4261)
    +132h: RMSE=0.684893 | base=0.644122 | skill=-6.33% | ACC=0.3988 (base 0.4161)
    +138h: RMSE=0.819728 | base=0.640329 | skill=-28.02% | ACC=0.3260 (base 0.4130)
    +144h: RMSE=0.795158 | base=0.634629 | skill=-25.29% | ACC=0.3105 (base 0.4128)
    +150h: RMSE=1.051544 | base=0.629112 | skill=-67.15% | ACC=0.2292 (base 0.4099)
    +156h: RMSE=0.932988 | base=0.618992 | skill=-50.73% | ACC=0.2063 (base 0.4167)
    +162h: RMSE=1.348339 | base=0.606685 | skill=-122.25% | ACC=0.1215 (base 0.4283)
    +168h: RMSE=1.130946 | base=0.593643 | skill=-90.51% | ACC=0.0955 (base 0.4430)

  Per-horizon per-channel RMSE — REGION (2501 nodes):
           var   unit      +6h     +12h     +18h     +24h     +30h     +36h     +42h     +48h     +54h     +60h     +66h     +72h     +78h     +84h     +90h     +96h    +102h    +108h    +114h    +120h    +126h    +132h    +138h    +144h    +150h    +156h    +162h    +168h
           t2m      K    1.40°C    1.77°C    1.97°C    2.12°C    2.35°C    2.49°C    2.67°C    2.83°C    3.03°C    3.29°C    3.48°C    3.90°C    3.96°C    4.63°C    4.46°C    5.54°C    5.08°C    6.65°C    6.15°C    8.12°C    7.89°C   10.11°C   10.30°C   12.19°C   12.97°C   13.97°C   15.69°C   15.62°C
           10u    m/s     0.46     0.55     0.62     0.67     0.72     0.77     0.82     0.88     0.95     1.04     1.14     1.26     1.33     1.43     1.49     1.64     1.71     1.96     1.97     2.35     2.30     2.60     2.43     2.62     2.39     2.64     2.57     2.76
           10v    m/s     0.44     0.55     0.61     0.65     0.70     0.75     0.78     0.83     0.89     0.95     1.02     1.10     1.18     1.28     1.34     1.50     1.56     1.90     1.83     2.25     2.06     2.53     2.18     2.65     2.53     3.00     3.63     4.35
           msl    hPa     0.77     1.07     1.45     1.73     2.07     2.39     2.75     3.16     3.54     3.98     4.37     4.87     5.17     5.69     6.01     6.78     7.11     8.40     8.65    10.59    10.58    12.94    12.05    14.50    12.50    14.91    12.76    15.61
         t@850      K    0.78°C    0.99°C    1.17°C    1.26°C    1.38°C    1.47°C    1.57°C    1.68°C    1.81°C    1.99°C    2.14°C    2.35°C    2.44°C    2.67°C    2.69°C    3.11°C    3.13°C    3.81°C    3.80°C    4.82°C    4.84°C    6.28°C    6.28°C    7.93°C    7.59°C    9.22°C    8.43°C   10.04°C
         u@850    m/s     1.08     1.32     1.49     1.65     1.80     1.95     2.12     2.35     2.60     2.86     3.17     3.47     3.74     4.01     4.34     4.58     4.90     5.09     5.31     5.56     5.61     5.72     5.96     6.09     6.92     7.48     8.35     9.62
         v@850    m/s     0.98     1.17     1.33     1.44     1.55     1.66     1.81     1.98     2.18     2.38     2.64     2.87     3.20     3.46     3.74     3.88     4.21     4.33     4.33     4.32     4.40     4.53     4.62     4.87     5.38     5.63     6.83     7.29
         z@850    gpm      3.8      5.5      8.0      9.9     12.4     14.7     17.4     20.2     23.1     25.9     28.8     31.8     34.1     36.6     39.2     42.3     45.4     50.2     53.2     59.9     61.6     68.5     66.5     72.3     68.5     73.4     77.8     80.4
         z@500    gpm      5.5      7.2      9.8     11.7     14.6     17.3     20.8     24.6     28.9     33.2     38.0     41.8     45.2     48.5     51.3     54.2     57.5     60.7     65.8     69.1     76.1     77.3     85.5     86.0     97.6    107.4    125.1    146.1

  Per-channel region (physical units, avg over 28 horizons):
      #        var      ACC  RMSE_norm    RMSE_phys     unit
      0        t2m   0.6912     0.3602       7.6102        K  (≈7.61 °C)
      1        10u   0.5628     0.3138       1.7460      m/s
      2        10v   0.5464     0.3942       1.8800      m/s
      3        msl   0.7200     0.6205       8.3984      hPa
      4         tp   0.3539     0.4712       0.0009        m
      5         sp   0.8242     0.7790      74.2932      hPa
      6       tcwv   0.5941     0.2527       4.2051    kg/m²
      7     z_surf   0.8310     0.7915     669.5932      gpm
      8        lsm   0.3895     1.3795       0.6293        -
      9      t@850   0.6453     0.2992       4.6392        K  (≈4.64 °C)
     10      u@850   0.7167     0.5816       4.7945      m/s
     11      v@850   0.5829     0.6130       3.8479      m/s
     12      z@850   0.8235     0.3084      47.0157      gpm
     13      q@850   0.5742     0.1688       0.0007    kg/kg
     14      t@500   0.6368     0.3631       4.7378        K  (≈4.74 °C)
     15      u@500   0.5260     0.6290       7.5648      m/s
     16      v@500   0.5224     0.7341       6.7590      m/s
     17      z@500   0.8236     0.1881      64.8083      gpm
     18      q@500   0.4342     0.1829       0.0002    kg/kg
============================================================

### finished: 2026-07-26T14:39:42+03:00, exit=0 ###
