### PROVENANCE ###############################################
# tag: m1_oi10_ar28 | started: 2026-07-26T13:03:24+03:00 | host: k8smr-macos-build--graphcast-v3-750057806-task-0
# git commit: d62475f | gpu: NVIDIA H100 80GB HBM3
# dataset: /data/datasets/multires_krsk_19f_merge
#   info: {"time_start":"2010-01-01","time_end":"2021-12-31","n_time":16072,"n_nodes":133279,"n_feat":19,"flat":true,"n_global_kept":130778,"n_regional":2501,"roi":[50.0,60.0,83.0,98.0],"variables":["t2m","10u","10v","msl","tp","sp","tcwv","z_surf","lsm","t@850","u@850"
# experiment: experiments/multires_merge_freeze6_v2 (config md5 48fa48d6ff72346ef9ae4a9e7b2a5129)
#   ckpt: 6ad5ade3178d63776ce79a12069270ad  experiments/multires_merge_freeze6_v2/best_model.pth
# COMMAND:
#   python -u scripts/predict.py experiments/multires_merge_freeze6_v2 --data-dir /data/datasets/multires_krsk_19f_merge --split test_only --ar-steps 28 --max-samples 200 --per-channel --no-save --region 50 60 83 98 --save-sample-metrics /workdir/paper_results/m1_oi10_ar28_samples.npz --assim-method oi --obs-sparsity 0.1 --obs-roi-only --obs-seed 42 --oi-corr-len 100000 --oi-sigma-o 0.5
##############################################################

[predict] data_dir=/data/datasets/multires_krsk_19f_merge (chunked=True, pred_steps=28)
[ChunkDataset] train: 12834 samples, flat_nodes=133279, feat=19, obs=2, pred=28
[ChunkDataset] val: 1604 samples, flat_nodes=133279, feat=19, obs=2, pred=28
[ChunkDataset] test_only: 1605 samples, flat_nodes=133279, feat=19, obs=2, pred=28
Encoder summary: 
+---------------------------+----------------------------+----------------+----------+
| Layer                     | Input Shape                | Output Shape   | #Param   |
|---------------------------+----------------------------+----------------+----------|
| Model                     | [174241, 44], [2, 207099]  | [174241, 256]  | 340,994  |
| ├─(mlp)MLP                |                            | [174241, 256]  | 143,618  |
| │    └─(MLP)ModuleList    | --                         | --             | 143,618  |
| │    │    └─(0)Linear     | [174241, 44]               | [174241, 256]  | 11,520   |
| │    │    └─(1)PReLU      | [174241, 256]              | [174241, 256]  | 1        |
| │    │    └─(2)Linear     | [174241, 256]              | [174241, 256]  | 65,792   |
| │    │    └─(3)PReLU      | [174241, 256]              | [174241, 256]  | 1        |
| │    │    └─(4)Linear     | [174241, 256]              | [174241, 256]  | 65,792   |
| │    │    └─(5)LayerNorm  | [174241, 256]              | [174241, 256]  | 512      |
| ├─(graph_layer)GraphLayer |                            | [174241, 256]  | 197,376  |
| │    └─(activation)SiLU   | [174241, 256]              | [174241, 256]  | --       |
| │    └─(layers)ModuleList | --                         | --             | 197,376  |
| │    │    └─(0)GCNConv    | [174241, 256], [2, 207099] | [174241, 256]  | 65,792   |
| │    │    └─(1)SiLU       | [174241, 256]              | [174241, 256]  | --       |
| │    │    └─(2)GCNConv    | [174241, 256], [2, 207099] | [174241, 256]  | 65,792   |
| │    │    └─(3)SiLU       | --                         | --             | --       |
| │    │    └─(4)GCNConv    | [174241, 256], [2, 207099] | [174241, 256]  | 65,792   |
+---------------------------+----------------------------+----------------+----------+

Processor summary: 
  (summary skipped: Expected all tensors to be on the same device, but found at least two devices, cuda:0 and cpu! (when checking argument for argument mat1 in method wrapper_CUDA_addmm))

Decoder summary: 
+---------------------------+----------------------------+----------------+----------+
| Layer                     | Input Shape                | Output Shape   | #Param   |
|---------------------------+----------------------------+----------------+----------|
| Model                     | [174241, 256], [2, 399837] | [174241, 19]   | 150,677  |
| ├─(mlp)MLP                |                            | [174241, 128]  | 115,202  |
| │    └─(MLP)ModuleList    | --                         | --             | 115,202  |
| │    │    └─(0)Linear     | [174241, 256]              | [174241, 256]  | 65,792   |
| │    │    └─(1)PReLU      | [174241, 256]              | [174241, 256]  | 1        |
| │    │    └─(2)Linear     | [174241, 256]              | [174241, 128]  | 32,896   |
| │    │    └─(3)PReLU      | [174241, 128]              | [174241, 128]  | 1        |
| │    │    └─(4)Linear     | [174241, 128]              | [174241, 128]  | 16,512   |
| ├─(graph_layer)GraphLayer |                            | [174241, 19]   | 35,475   |
| │    └─(activation)SiLU   | [174241, 128]              | [174241, 128]  | --       |
| │    └─(layers)ModuleList | --                         | --             | 35,475   |
| │    │    └─(0)GCNConv    | [174241, 128], [2, 399837] | [174241, 128]  | 16,512   |
| │    │    └─(1)SiLU       | [174241, 128]              | [174241, 128]  | --       |
| │    │    └─(2)GCNConv    | [174241, 128], [2, 399837] | [174241, 128]  | 16,512   |
| │    │    └─(3)SiLU       | --                         | --             | --       |
| │    │    └─(4)GCNConv    | [174241, 128], [2, 399837] | [174241, 19]   | 2,451    |
+---------------------------+----------------------------+----------------+----------+

[AR-rollout] Модель выдаёт 1 шаг(ов), но мы прогоним 28 шагов авторегрессионно.
[predict] device=cuda | grid=0x0 | 200/1605 test samples
[Region] 2501 nodes (--region [50.0,60.0]N x [83.0,98.0]E)
[OI] ROI mode: B matrix 2501×2501 (25 MB)
[Inline-obs] 250 станций (10.0% от 2501 узлов, seed=42)
[metrics] per-sample MSE будут сохранены в /workdir/paper_results/m1_oi10_ar28_samples.npz
[assim] Residual-модель: ОИ применяется пошагово в AR-цикле
[Main] Инференс (200 samples, DA=oi)...
  [50/200] RMSE=0.491508 ACC=0.8737
  [100/200] RMSE=0.470368 ACC=0.8787
  [150/200] RMSE=0.473302 ACC=0.8783
  [200/200] RMSE=0.473808 ACC=0.8785
[Save] per-sample metrics → /workdir/paper_results/m1_oi10_ar28_samples.npz (N=200, AR=28, C=19)

============================================================
=== Inference summary (200 samples) ===
Grid: 0x0 (G=133279) | C=19 | AR=28 horizons
Overall: MSE=0.224494 | RMSE=0.473808 | MAE=0.223007
Baseline: RMSE=0.749148 | MAE=0.396584
Skill: 36.75%
ACC: 0.8785 | base: 0.7080 | Δ=+0.1704

Per-horizon:
  +06h: RMSE=0.123342 | base=0.357652 | skill=65.51% | ACC=0.9922 (base 0.9352)
  +12h: RMSE=0.160600 | base=0.496977 | skill=67.68% | ACC=0.9867 (base 0.8737)
  +18h: RMSE=0.200265 | base=0.578048 | skill=65.35% | ACC=0.9789 (base 0.8279)
  +24h: RMSE=0.227231 | base=0.629793 | skill=63.92% | ACC=0.9726 (base 0.7950)
  +30h: RMSE=0.252259 | base=0.674076 | skill=62.58% | ACC=0.9661 (base 0.7644)
  +36h: RMSE=0.275700 | base=0.704374 | skill=60.86% | ACC=0.9594 (base 0.7424)
  +42h: RMSE=0.299430 | base=0.725490 | skill=58.73% | ACC=0.9519 (base 0.7263)
  +48h: RMSE=0.321915 | base=0.738404 | skill=56.40% | ACC=0.9443 (base 0.7164)
  +54h: RMSE=0.345673 | base=0.753452 | skill=54.12% | ACC=0.9357 (base 0.7046)
  +60h: RMSE=0.368159 | base=0.762871 | skill=51.74% | ACC=0.9269 (base 0.6971)
  +66h: RMSE=0.391229 | base=0.768436 | skill=49.09% | ACC=0.9173 (base 0.6925)
  +72h: RMSE=0.413027 | base=0.769775 | skill=46.34% | ACC=0.9077 (base 0.6914)
  +78h: RMSE=0.435338 | base=0.775236 | skill=43.84% | ACC=0.8974 (base 0.6869)
  +84h: RMSE=0.456312 | base=0.777581 | skill=41.32% | ACC=0.8872 (base 0.6851)
  +90h: RMSE=0.477042 | base=0.778660 | skill=38.74% | ACC=0.8767 (base 0.6841)
  +96h: RMSE=0.496461 | base=0.778385 | skill=36.22% | ACC=0.8665 (base 0.6845)
  +102h: RMSE=0.515377 | base=0.785192 | skill=34.36% | ACC=0.8561 (base 0.6789)
  +108h: RMSE=0.533128 | base=0.791771 | skill=32.67% | ACC=0.8459 (base 0.6735)
  +114h: RMSE=0.550904 | base=0.797933 | skill=30.96% | ACC=0.8355 (base 0.6683)
  +120h: RMSE=0.567433 | base=0.801293 | skill=29.19% | ACC=0.8253 (base 0.6656)
  +126h: RMSE=0.583597 | base=0.808703 | skill=27.84% | ACC=0.8152 (base 0.6593)
  +132h: RMSE=0.598389 | base=0.812771 | skill=26.38% | ACC=0.8056 (base 0.6559)
  +138h: RMSE=0.613116 | base=0.814721 | skill=24.75% | ACC=0.7960 (base 0.6541)
  +144h: RMSE=0.626644 | base=0.813916 | skill=23.01% | ACC=0.7869 (base 0.6549)
  +150h: RMSE=0.639865 | base=0.817467 | skill=21.73% | ACC=0.7779 (base 0.6517)
  +156h: RMSE=0.651521 | base=0.818516 | skill=20.40% | ACC=0.7696 (base 0.6509)
  +162h: RMSE=0.663064 | base=0.818095 | skill=18.95% | ACC=0.7614 (base 0.6511)
  +168h: RMSE=0.673467 | base=0.815721 | skill=17.44% | ACC=0.7537 (base 0.6532)

Per-horizon per-channel RMSE (physical units):
         var   unit      +6h     +12h     +18h     +24h     +30h     +36h     +42h     +48h     +54h     +60h     +66h     +72h     +78h     +84h     +90h     +96h    +102h    +108h    +114h    +120h    +126h    +132h    +138h    +144h    +150h    +156h    +162h    +168h
         t2m      K    0.80°C    0.97°C    1.09°C    1.18°C    1.31°C    1.41°C    1.52°C    1.61°C    1.73°C    1.84°C    1.96°C    2.06°C    2.19°C    2.30°C    2.43°C    2.54°C    2.67°C    2.78°C    2.90°C    2.99°C    3.12°C    3.22°C    3.35°C    3.46°C    3.59°C    3.70°C    3.83°C    3.93°C
         10u    m/s     0.71     0.87     1.02     1.15     1.31     1.47     1.65     1.83     2.02     2.20     2.39     2.57     2.76     2.93     3.11     3.27     3.43     3.57     3.71     3.84     3.97     4.08     4.19     4.28     4.38     4.47     4.55     4.62
         10v    m/s     0.73     0.89     1.04     1.18     1.34     1.51     1.69     1.86     2.05     2.23     2.42     2.60     2.78     2.96     3.13     3.30     3.46     3.61     3.76     3.89     4.02     4.13     4.25     4.35     4.45     4.54     4.63     4.72
         msl    hPa     0.60     0.80     1.04     1.27     1.55     1.84     2.13     2.44     2.75     3.08     3.40     3.74     4.08     4.43     4.77     5.12     5.45     5.79     6.11     6.42     6.72     7.01     7.30     7.58     7.84     8.10     8.34     8.58
       t@850      K    0.62°C    0.77°C    0.87°C    0.97°C    1.08°C    1.19°C    1.31°C    1.42°C    1.55°C    1.68°C    1.82°C    1.95°C    2.10°C    2.23°C    2.38°C    2.51°C    2.66°C    2.79°C    2.94°C    3.07°C    3.22°C    3.35°C    3.49°C    3.62°C    3.75°C    3.87°C    3.99°C    4.09°C
       u@850    m/s     1.04     1.28     1.50     1.70     1.93     2.16     2.41     2.67     2.93     3.19     3.46     3.72     3.99     4.23     4.49     4.72     4.96     5.16     5.38     5.57     5.76     5.92     6.08     6.23     6.37     6.50     6.62     6.74
       v@850    m/s     1.05     1.29     1.50     1.70     1.94     2.17     2.43     2.68     2.94     3.19     3.46     3.71     3.97     4.21     4.46     4.69     4.91     5.12     5.34     5.52     5.72     5.88     6.05     6.20     6.35     6.48     6.61     6.71
       z@850    gpm      4.7      6.1      8.3     10.0     12.6     14.6     17.2     19.4     22.1     24.4     27.1     29.5     32.3     34.8     37.6     40.1     42.9     45.4     48.1     50.5     53.1     55.2     57.6     59.6     61.8     63.5     65.6     67.2
       z@500    gpm      5.5      7.6     10.5     13.0     16.2     19.3     22.6     25.8     29.2     32.6     36.1     39.7     43.3     47.0     50.7     54.4     58.2     62.0     65.8     69.5     73.2     76.6     80.1     83.2     86.3     89.2     92.0     94.7

Per-channel metrics overall (physical units, avg over 28 horizons):
    #        var      ACC  RMSE_norm    RMSE_phys     unit
    0        t2m   0.9923     0.1206       2.5482        K  (≈2.55 °C)
    1        10u   0.8261     0.5621       3.1278      m/s
    2        10v   0.7515     0.6652       3.1722      m/s
    3        msl   0.9084     0.3861       5.2261      hPa
    4         tp   0.4576     1.0141       0.0020        m
    5         sp   0.9984     0.0557       5.3116      hPa
    6       tcwv   0.9632     0.2715       4.5177    kg/m²
    7     z_surf   0.9999     0.0141      11.9551      gpm
    8        lsm   0.9999     0.0195       0.0089        -
    9      t@850   0.9843     0.1654       2.5636        K  (≈2.56 °C)
   10      u@850   0.8402     0.5508       4.5408      m/s
   11      v@850   0.7137     0.7201       4.5199      m/s
   12      z@850   0.9536     0.2700      41.1497      gpm
   13      q@850   0.9387     0.3500       0.0014    kg/kg
   14      t@500   0.9838     0.1851       2.4147        K  (≈2.41 °C)
   15      u@500   0.8521     0.5356       6.4411      m/s
   16      v@500   0.7250     0.7136       6.5701      m/s
   17      z@500   0.9851     0.1649      56.8089      gpm
   18      q@500   0.8169     0.5791       0.0007    kg/kg

--- Region [50.0,60.0]N x [83.0,98.0]E (2501 nodes) ---
RMSE=0.096737 | base=0.584754 | skill=83.46%
ACC=0.9342 | base=0.4707

  Per-horizon (region):
    +06h: RMSE=0.049465 | base=0.230602 | skill=78.55% | ACC=0.9799 (base 0.8358)
    +12h: RMSE=0.058739 | base=0.342377 | skill=82.84% | ACC=0.9726 (base 0.6970)
    +18h: RMSE=0.063955 | base=0.414247 | skill=84.56% | ACC=0.9681 (base 0.6095)
    +24h: RMSE=0.067622 | base=0.460955 | skill=85.33% | ACC=0.9654 (base 0.5610)
    +30h: RMSE=0.071215 | base=0.497241 | skill=85.68% | ACC=0.9621 (base 0.5274)
    +36h: RMSE=0.073862 | base=0.525559 | skill=85.95% | ACC=0.9597 (base 0.5041)
    +42h: RMSE=0.076356 | base=0.548571 | skill=86.08% | ACC=0.9571 (base 0.4847)
    +48h: RMSE=0.078167 | base=0.567253 | skill=86.22% | ACC=0.9551 (base 0.4691)
    +54h: RMSE=0.080756 | base=0.587693 | skill=86.26% | ACC=0.9521 (base 0.4472)
    +60h: RMSE=0.083068 | base=0.603239 | skill=86.23% | ACC=0.9500 (base 0.4302)
    +66h: RMSE=0.085358 | base=0.614913 | skill=86.12% | ACC=0.9474 (base 0.4222)
    +72h: RMSE=0.087619 | base=0.622718 | skill=85.93% | ACC=0.9448 (base 0.4224)
    +78h: RMSE=0.090217 | base=0.628362 | skill=85.64% | ACC=0.9417 (base 0.4232)
    +84h: RMSE=0.092309 | base=0.631186 | skill=85.38% | ACC=0.9395 (base 0.4241)
    +90h: RMSE=0.094728 | base=0.635741 | skill=85.10% | ACC=0.9362 (base 0.4194)
    +96h: RMSE=0.096585 | base=0.640387 | skill=84.92% | ACC=0.9335 (base 0.4151)
    +102h: RMSE=0.099936 | base=0.642978 | skill=84.46% | ACC=0.9296 (base 0.4174)
    +108h: RMSE=0.102219 | base=0.641424 | skill=84.06% | ACC=0.9265 (base 0.4282)
    +114h: RMSE=0.105430 | base=0.641489 | skill=83.56% | ACC=0.9222 (base 0.4379)
    +120h: RMSE=0.108138 | base=0.641792 | skill=83.15% | ACC=0.9183 (base 0.4390)
    +126h: RMSE=0.111437 | base=0.644668 | skill=82.71% | ACC=0.9134 (base 0.4261)
    +132h: RMSE=0.114226 | base=0.644122 | skill=82.27% | ACC=0.9099 (base 0.4161)
    +138h: RMSE=0.118074 | base=0.640329 | skill=81.56% | ACC=0.9054 (base 0.4130)
    +144h: RMSE=0.120865 | base=0.634629 | skill=80.96% | ACC=0.9016 (base 0.4128)
    +150h: RMSE=0.124621 | base=0.629112 | skill=80.19% | ACC=0.8967 (base 0.4099)
    +156h: RMSE=0.126016 | base=0.618992 | skill=79.64% | ACC=0.8933 (base 0.4167)
    +162h: RMSE=0.128093 | base=0.606685 | skill=78.89% | ACC=0.8893 (base 0.4283)
    +168h: RMSE=0.128742 | base=0.593643 | skill=78.31% | ACC=0.8873 (base 0.4430)

  Per-horizon per-channel RMSE — REGION (2501 nodes):
           var   unit      +6h     +12h     +18h     +24h     +30h     +36h     +42h     +48h     +54h     +60h     +66h     +72h     +78h     +84h     +90h     +96h    +102h    +108h    +114h    +120h    +126h    +132h    +138h    +144h    +150h    +156h    +162h    +168h
           t2m      K    0.84°C    1.02°C    1.08°C    1.12°C    1.21°C    1.26°C    1.29°C    1.31°C    1.35°C    1.39°C    1.41°C    1.44°C    1.48°C    1.51°C    1.54°C    1.57°C    1.60°C    1.64°C    1.68°C    1.72°C    1.77°C    1.83°C    1.89°C    1.95°C    2.02°C    2.09°C    2.16°C    2.23°C
           10u    m/s     0.34     0.42     0.46     0.49     0.53     0.55     0.57     0.59     0.60     0.62     0.63     0.64     0.65     0.66     0.67     0.68     0.69     0.69     0.70     0.71     0.72     0.72     0.73     0.72     0.73     0.73     0.73     0.73
           10v    m/s     0.34     0.44     0.49     0.52     0.56     0.59     0.61     0.62     0.64     0.65     0.67     0.67     0.69     0.70     0.71     0.71     0.72     0.73     0.74     0.74     0.75     0.75     0.76     0.76     0.77     0.76     0.77     0.76
           msl    hPa     0.50     0.63     0.74     0.82     0.89     0.96     1.01     1.08     1.13     1.21     1.27     1.34     1.40     1.47     1.52     1.60     1.66     1.75     1.82     1.93     2.01     2.12     2.20     2.30     2.36     2.42     2.44     2.48
         t@850      K    0.48°C    0.63°C    0.71°C    0.77°C    0.82°C    0.85°C    0.88°C    0.90°C    0.92°C    0.95°C    0.97°C    1.00°C    1.03°C    1.06°C    1.10°C    1.13°C    1.17°C    1.21°C    1.26°C    1.31°C    1.37°C    1.43°C    1.50°C    1.57°C    1.63°C    1.71°C    1.78°C    1.86°C
         u@850    m/s     0.70     0.86     0.96     1.03     1.09     1.13     1.16     1.19     1.22     1.24     1.27     1.28     1.32     1.33     1.35     1.36     1.38     1.39     1.41     1.44     1.47     1.49     1.52     1.54     1.56     1.54     1.54     1.52
         v@850    m/s     0.64     0.76     0.83     0.88     0.92     0.95     0.98     1.00     1.03     1.05     1.08     1.09     1.13     1.15     1.19     1.20     1.25     1.27     1.30     1.30     1.33     1.34     1.39     1.41     1.45     1.42     1.45     1.43
         z@850    gpm      1.8      2.8      3.6      4.4      5.0      5.7      6.2      6.9      7.5      8.3      8.9      9.7     10.3     11.0     11.6     12.4     13.1     13.9     14.7     15.7     16.6     17.8     18.8     19.9     20.7     21.6     22.2     22.8
         z@500    gpm      3.1      4.4      5.5      6.4      7.3      8.2      9.0     10.0     11.0     12.1     13.1     14.4     15.6     16.8     18.0     19.4     20.6     22.1     23.6     25.5     27.3     29.6     31.7     34.1     36.3     38.7     40.7     42.7

  Per-channel region (physical units, avg over 28 horizons):
      #        var      ACC  RMSE_norm    RMSE_phys     unit
      0        t2m   0.9557     0.0752       1.5889        K  (≈1.59 °C)
      1        10u   0.9007     0.1150       0.6401      m/s
      2        10v   0.8512     0.1412       0.6735      m/s
      3        msl   0.9402     0.1216       1.6464      hPa
      4         tp   0.7104     0.0461       0.0001        m
      5         sp   0.9997     0.0181       1.7223      hPa
      6       tcwv   0.9550     0.0272       0.4531    kg/m²
      7     z_surf   1.0000     0.0039       3.2817      gpm
      8        lsm   0.9993     0.0040       0.0018        -
      9      t@850   0.9257     0.0771       1.1953        K  (≈1.20 °C)
     10      u@850   0.9643     0.1593       1.3132      m/s
     11      v@850   0.9373     0.1869       1.1729      m/s
     12      z@850   0.9484     0.0883      13.4663      gpm
     13      q@850   0.9369     0.0368       0.0002    kg/kg
     14      t@500   0.9321     0.0600       0.7828        K  (≈0.78 °C)
     15      u@500   0.9656     0.1139       1.3693      m/s
     16      v@500   0.9591     0.1529       1.4080      m/s
     17      z@500   0.9324     0.0660      22.7356      gpm
     18      q@500   0.9365     0.0353       0.0000    kg/kg
============================================================

### finished: 2026-07-26T13:36:29+03:00, exit=0 ###
