[cfg] leads=[6, 12, 18, 24, 36, 48, 60, 72, 84, 96, 108, 120]  max_ar=20  init_hours=[0, 12]  years=[2016, 2020]
[cfg] device=cuda
[save] проверка записи пройдена, формат: parquet
[builder] loaded coords from /data/datasets/multires_krsk_33f_meta/coords.npz
[builder] слитый источник: 16072 сроков x 133279 узлов x 19 каналов, начало 2010-01-01
[builder] N=133279  global_kept=130778  regional=2501  base_T=16072
[cfg] sampling vars: ['t2m', '10u', '10v', 'msl', 'sp', 't@850', 'u@850', 'v@850', 't@500', 'q@850', 'z@500', 'u@1000', 'v@1000']  idx=[0, 1, 2, 3, 5, 9, 10, 11, 14, 13, 17, 26, 27]
[cfg] OBS=2  use_residual=True
[graph] уровни меша [4, 6], признаки рёбер: legacy
[processor] InteractionNet: 12 шагов, агрегация 'mean'
Encoder summary: 
+---------------------------+----------------------------+----------------+----------+
| Layer                     | Input Shape                | Output Shape   | #Param   |
|---------------------------+----------------------------+----------------+----------|
| Model                     | [174241, 72], [2, 207099]  | [174241, 256]  | 348,162  |
| ├─(mlp)MLP                |                            | [174241, 256]  | 150,786  |
| │    └─(MLP)ModuleList    | --                         | --             | 150,786  |
| │    │    └─(0)Linear     | [174241, 72]               | [174241, 256]  | 18,688   |
| │    │    └─(1)PReLU      | [174241, 256]              | [174241, 256]  | 1        |
| │    │    └─(2)Linear     | [174241, 256]              | [174241, 256]  | 65,792   |
| │    │    └─(3)PReLU      | [174241, 256]              | [174241, 256]  | 1        |
| │    │    └─(4)Linear     | [174241, 256]              | [174241, 256]  | 65,792   |
| │    │    └─(5)LayerNorm  | [174241, 256]              | [174241, 256]  | 512      |
| ├─(graph_layer)GraphLayer |                            | [174241, 256]  | 197,376  |
| │    └─(activation)SiLU   | [174241, 256]              | [174241, 256]  | --       |
| │    └─(layers)ModuleList | --                         | --             | 197,376  |
| │    │    └─(0)GCNConv    | [174241, 256], [2, 207099] | [174241, 256]  | 65,792   |
| │    │    └─(1)SiLU       | [174241, 256]              | [174241, 256]  | --       |
| │    │    └─(2)GCNConv    | [174241, 256], [2, 207099] | [174241, 256]  | 65,792   |
| │    │    └─(3)SiLU       | --                         | --             | --       |
| │    │    └─(4)GCNConv    | [174241, 256], [2, 207099] | [174241, 256]  | 65,792   |
+---------------------------+----------------------------+----------------+----------+

Processor summary: 
  (summary skipped: Expected all tensors to be on the same device, but found at least two devices, cuda:0 and cpu! (when checking argument for argument mat1 in method wrapper_CUDA_addmm))

Decoder summary: 
+---------------------------+----------------------------+----------------+----------+
| Layer                     | Input Shape                | Output Shape   | #Param   |
|---------------------------+----------------------------+----------------+----------|
| Model                     | [174241, 256], [2, 399837] | [174241, 33]   | 152,483  |
| ├─(mlp)MLP                |                            | [174241, 128]  | 115,202  |
| │    └─(MLP)ModuleList    | --                         | --             | 115,202  |
| │    │    └─(0)Linear     | [174241, 256]              | [174241, 256]  | 65,792   |
| │    │    └─(1)PReLU      | [174241, 256]              | [174241, 256]  | 1        |
| │    │    └─(2)Linear     | [174241, 256]              | [174241, 128]  | 32,896   |
| │    │    └─(3)PReLU      | [174241, 128]              | [174241, 128]  | 1        |
| │    │    └─(4)Linear     | [174241, 128]              | [174241, 128]  | 16,512   |
| ├─(graph_layer)GraphLayer |                            | [174241, 33]   | 37,281   |
| │    └─(activation)SiLU   | [174241, 128]              | [174241, 128]  | --       |
| │    └─(layers)ModuleList | --                         | --             | 37,281   |
| │    │    └─(0)GCNConv    | [174241, 128], [2, 399837] | [174241, 128]  | 16,512   |
| │    │    └─(1)SiLU       | [174241, 128]              | [174241, 128]  | --       |
| │    │    └─(2)GCNConv    | [174241, 128], [2, 399837] | [174241, 128]  | 16,512   |
| │    │    └─(3)SiLU       | --                         | --             | --       |
| │    │    └─(4)GCNConv    | [174241, 128], [2, 399837] | [174241, 33]   | 4,257    |
+---------------------------+----------------------------+----------------+----------+

[model] params=6,031,525
[stations] using top-71 (best obs/day = 23.40, worst = 5.40)
[stations] mean station→node distance = 10.4 km
[isd] loading observations for 71 stations…
[inits] total = 3654
[порядок узлов] связь с соседями: по всей сетке +0.999, во вставке +0.993
  [1/3654] init=2016-01-01 00:00Z  rows=852  rate=0.21/s  eta=296.5m
  [20/3654] init=2016-01-10 12:00Z  rows=17040  rate=0.23/s  eta=259.6m
  [40/3654] init=2016-01-20 12:00Z  rows=34080  rate=0.24/s  eta=255.9m
  [60/3654] init=2016-01-30 12:00Z  rows=51120  rate=0.23/s  eta=255.2m
  [80/3654] init=2016-02-09 12:00Z  rows=68160  rate=0.23/s  eta=255.8m
  [100/3654] init=2016-02-19 12:00Z  rows=85200  rate=0.23/s  eta=253.7m
  [120/3654] init=2016-02-29 12:00Z  rows=102240  rate=0.23/s  eta=251.8m
  [140/3654] init=2016-03-10 12:00Z  rows=119280  rate=0.23/s  eta=249.8m
  [160/3654] init=2016-03-20 12:00Z  rows=136320  rate=0.23/s  eta=248.3m
  [180/3654] init=2016-03-30 12:00Z  rows=153360  rate=0.24/s  eta=246.2m
  [200/3654] init=2016-04-09 12:00Z  rows=170400  rate=0.24/s  eta=244.6m
  [220/3654] init=2016-04-19 12:00Z  rows=187440  rate=0.23/s  eta=243.6m
  [240/3654] init=2016-04-29 12:00Z  rows=204480  rate=0.23/s  eta=242.5m
  [260/3654] init=2016-05-09 12:00Z  rows=221520  rate=0.23/s  eta=241.2m
  [280/3654] init=2016-05-19 12:00Z  rows=238560  rate=0.23/s  eta=239.9m
  [300/3654] init=2016-05-29 12:00Z  rows=255600  rate=0.23/s  eta=238.5m
  [320/3654] init=2016-06-08 12:00Z  rows=272640  rate=0.23/s  eta=237.2m
  [340/3654] init=2016-06-18 12:00Z  rows=289680  rate=0.23/s  eta=235.6m
  [360/3654] init=2016-06-28 12:00Z  rows=306720  rate=0.23/s  eta=234.1m
  [380/3654] init=2016-07-08 12:00Z  rows=323760  rate=0.23/s  eta=232.4m
  [400/3654] init=2016-07-18 12:00Z  rows=340800  rate=0.23/s  eta=230.8m
  [420/3654] init=2016-07-28 12:00Z  rows=357840  rate=0.24/s  eta=229.1m
  [440/3654] init=2016-08-07 12:00Z  rows=374880  rate=0.24/s  eta=227.5m
  [460/3654] init=2016-08-17 12:00Z  rows=391920  rate=0.24/s  eta=226.1m
  [480/3654] init=2016-08-27 12:00Z  rows=408960  rate=0.24/s  eta=224.8m
[part] сброшено строк: 426,000
  [500/3654] init=2016-09-06 12:00Z  rows=426000  rate=0.24/s  eta=223.6m
  [520/3654] init=2016-09-16 12:00Z  rows=443040  rate=0.24/s  eta=222.1m
  [540/3654] init=2016-09-26 12:00Z  rows=460080  rate=0.24/s  eta=220.8m
  [560/3654] init=2016-10-06 12:00Z  rows=477120  rate=0.24/s  eta=219.3m
  [580/3654] init=2016-10-16 12:00Z  rows=494160  rate=0.24/s  eta=217.8m
  [600/3654] init=2016-10-26 12:00Z  rows=511200  rate=0.24/s  eta=216.2m
  [620/3654] init=2016-11-05 12:00Z  rows=528240  rate=0.24/s  eta=214.7m
  [640/3654] init=2016-11-15 12:00Z  rows=545280  rate=0.24/s  eta=213.3m
  [660/3654] init=2016-11-25 12:00Z  rows=562320  rate=0.24/s  eta=211.9m
  [680/3654] init=2016-12-05 12:00Z  rows=579360  rate=0.24/s  eta=210.4m
  [700/3654] init=2016-12-15 12:00Z  rows=596400  rate=0.24/s  eta=209.1m
  [720/3654] init=2016-12-25 12:00Z  rows=613440  rate=0.24/s  eta=207.7m
  [740/3654] init=2017-01-04 12:00Z  rows=630480  rate=0.24/s  eta=206.3m
  [760/3654] init=2017-01-14 12:00Z  rows=647520  rate=0.24/s  eta=205.0m
  [780/3654] init=2017-01-24 12:00Z  rows=664560  rate=0.24/s  eta=203.5m
  [800/3654] init=2017-02-03 12:00Z  rows=681600  rate=0.24/s  eta=202.1m
  [820/3654] init=2017-02-13 12:00Z  rows=698640  rate=0.24/s  eta=200.7m
  [840/3654] init=2017-02-23 12:00Z  rows=715680  rate=0.24/s  eta=199.1m
  [860/3654] init=2017-03-05 12:00Z  rows=732720  rate=0.24/s  eta=197.6m
  [880/3654] init=2017-03-15 12:00Z  rows=749760  rate=0.24/s  eta=196.2m
  [900/3654] init=2017-03-25 12:00Z  rows=766800  rate=0.24/s  eta=194.8m
  [920/3654] init=2017-04-04 12:00Z  rows=783840  rate=0.24/s  eta=193.2m
  [940/3654] init=2017-04-14 12:00Z  rows=800880  rate=0.24/s  eta=191.8m
  [960/3654] init=2017-04-24 12:00Z  rows=817920  rate=0.24/s  eta=190.4m
  [980/3654] init=2017-05-04 12:00Z  rows=834960  rate=0.24/s  eta=188.9m
[part] сброшено строк: 852,000
  [1000/3654] init=2017-05-14 12:00Z  rows=852000  rate=0.24/s  eta=187.5m
  [1020/3654] init=2017-05-24 12:00Z  rows=869040  rate=0.24/s  eta=186.1m
  [1040/3654] init=2017-06-03 12:00Z  rows=886080  rate=0.24/s  eta=184.7m
  [1060/3654] init=2017-06-13 12:00Z  rows=903120  rate=0.24/s  eta=183.3m
  [1080/3654] init=2017-06-23 12:00Z  rows=920160  rate=0.24/s  eta=181.9m
  [1100/3654] init=2017-07-03 12:00Z  rows=937200  rate=0.24/s  eta=180.5m
  [1120/3654] init=2017-07-13 12:00Z  rows=954240  rate=0.24/s  eta=179.1m
  [1140/3654] init=2017-07-23 12:00Z  rows=971280  rate=0.24/s  eta=177.7m
  [1160/3654] init=2017-08-02 12:00Z  rows=988320  rate=0.24/s  eta=176.4m
  [1180/3654] init=2017-08-12 12:00Z  rows=1005360  rate=0.24/s  eta=174.9m
  [1200/3654] init=2017-08-22 12:00Z  rows=1022400  rate=0.24/s  eta=173.5m
  [1220/3654] init=2017-09-01 12:00Z  rows=1039440  rate=0.24/s  eta=172.1m
  [1240/3654] init=2017-09-11 12:00Z  rows=1056480  rate=0.24/s  eta=170.7m
  [1260/3654] init=2017-09-21 12:00Z  rows=1073520  rate=0.24/s  eta=169.3m
  [1280/3654] init=2017-10-01 12:00Z  rows=1090560  rate=0.24/s  eta=167.9m
  [1300/3654] init=2017-10-11 12:00Z  rows=1107600  rate=0.24/s  eta=166.5m
  [1320/3654] init=2017-10-21 12:00Z  rows=1124640  rate=0.24/s  eta=165.1m
  [1340/3654] init=2017-10-31 12:00Z  rows=1141680  rate=0.24/s  eta=163.7m
  [1360/3654] init=2017-11-10 12:00Z  rows=1158720  rate=0.24/s  eta=162.3m
  [1380/3654] init=2017-11-20 12:00Z  rows=1175760  rate=0.24/s  eta=160.9m
  [1400/3654] init=2017-11-30 12:00Z  rows=1192800  rate=0.24/s  eta=159.5m
  [1420/3654] init=2017-12-10 12:00Z  rows=1209840  rate=0.24/s  eta=158.0m
  [1440/3654] init=2017-12-20 12:00Z  rows=1226880  rate=0.24/s  eta=156.6m
  [1460/3654] init=2017-12-30 12:00Z  rows=1243920  rate=0.24/s  eta=155.2m
  [1480/3654] init=2018-01-09 12:00Z  rows=1260960  rate=0.24/s  eta=153.7m
[part] сброшено строк: 1,278,000
  [1500/3654] init=2018-01-19 12:00Z  rows=1278000  rate=0.24/s  eta=152.4m
  [1520/3654] init=2018-01-29 12:00Z  rows=1295040  rate=0.24/s  eta=150.9m
  [1540/3654] init=2018-02-08 12:00Z  rows=1312080  rate=0.24/s  eta=149.4m
  [1560/3654] init=2018-02-18 12:00Z  rows=1329120  rate=0.24/s  eta=148.0m
  [1580/3654] init=2018-02-28 12:00Z  rows=1346160  rate=0.24/s  eta=146.6m
  [1600/3654] init=2018-03-10 12:00Z  rows=1363200  rate=0.24/s  eta=145.2m
  [1620/3654] init=2018-03-20 12:00Z  rows=1380240  rate=0.24/s  eta=143.8m
  [1640/3654] init=2018-03-30 12:00Z  rows=1397280  rate=0.24/s  eta=142.3m
  [1660/3654] init=2018-04-09 12:00Z  rows=1414320  rate=0.24/s  eta=140.9m
  [1680/3654] init=2018-04-19 12:00Z  rows=1431360  rate=0.24/s  eta=139.5m
  [1700/3654] init=2018-04-29 12:00Z  rows=1448400  rate=0.24/s  eta=138.1m
  [1720/3654] init=2018-05-09 12:00Z  rows=1465440  rate=0.24/s  eta=136.6m
  [1740/3654] init=2018-05-19 12:00Z  rows=1482480  rate=0.24/s  eta=135.2m
  [1760/3654] init=2018-05-29 12:00Z  rows=1499520  rate=0.24/s  eta=133.8m
  [1780/3654] init=2018-06-08 12:00Z  rows=1516560  rate=0.24/s  eta=132.5m
  [1800/3654] init=2018-06-18 12:00Z  rows=1533600  rate=0.24/s  eta=131.1m
  [1820/3654] init=2018-06-28 12:00Z  rows=1550640  rate=0.24/s  eta=129.7m
  [1840/3654] init=2018-07-08 12:00Z  rows=1567680  rate=0.24/s  eta=128.3m
  [1860/3654] init=2018-07-18 12:00Z  rows=1584720  rate=0.24/s  eta=126.9m
  [1880/3654] init=2018-07-28 12:00Z  rows=1601760  rate=0.24/s  eta=125.5m
  [1900/3654] init=2018-08-07 12:00Z  rows=1618800  rate=0.24/s  eta=124.1m
  [1920/3654] init=2018-08-17 12:00Z  rows=1635840  rate=0.24/s  eta=122.6m
  [1940/3654] init=2018-08-27 12:00Z  rows=1652880  rate=0.24/s  eta=121.2m
  [1960/3654] init=2018-09-06 12:00Z  rows=1669920  rate=0.24/s  eta=119.8m
  [1980/3654] init=2018-09-16 12:00Z  rows=1686960  rate=0.24/s  eta=118.4m
[part] сброшено строк: 1,704,000
  [2000/3654] init=2018-09-26 12:00Z  rows=1704000  rate=0.24/s  eta=117.0m
  [2020/3654] init=2018-10-06 12:00Z  rows=1721040  rate=0.24/s  eta=115.6m
  [2040/3654] init=2018-10-16 12:00Z  rows=1738080  rate=0.24/s  eta=114.1m
  [2060/3654] init=2018-10-26 12:00Z  rows=1755120  rate=0.24/s  eta=112.7m
  [2080/3654] init=2018-11-05 12:00Z  rows=1772160  rate=0.24/s  eta=111.3m
  [2100/3654] init=2018-11-15 12:00Z  rows=1789200  rate=0.24/s  eta=109.9m
  [2120/3654] init=2018-11-25 12:00Z  rows=1806240  rate=0.24/s  eta=108.5m
  [2140/3654] init=2018-12-05 12:00Z  rows=1823280  rate=0.24/s  eta=107.1m
  [2160/3654] init=2018-12-15 12:00Z  rows=1840320  rate=0.24/s  eta=105.6m
  [2180/3654] init=2018-12-25 12:00Z  rows=1857360  rate=0.24/s  eta=104.2m
  [2200/3654] init=2019-01-04 12:00Z  rows=1874400  rate=0.24/s  eta=102.8m
  [2220/3654] init=2019-01-14 12:00Z  rows=1891440  rate=0.24/s  eta=101.4m
  [2240/3654] init=2019-01-24 12:00Z  rows=1908480  rate=0.24/s  eta=99.9m
  [2260/3654] init=2019-02-03 12:00Z  rows=1925520  rate=0.24/s  eta=98.5m
  [2280/3654] init=2019-02-13 12:00Z  rows=1942560  rate=0.24/s  eta=97.1m
  [2300/3654] init=2019-02-23 12:00Z  rows=1959600  rate=0.24/s  eta=95.7m
  [2320/3654] init=2019-03-05 12:00Z  rows=1976640  rate=0.24/s  eta=94.2m
  [2340/3654] init=2019-03-15 12:00Z  rows=1993680  rate=0.24/s  eta=92.8m
  [2360/3654] init=2019-03-25 12:00Z  rows=2010720  rate=0.24/s  eta=91.4m
  [2380/3654] init=2019-04-04 12:00Z  rows=2027760  rate=0.24/s  eta=90.0m
  [2400/3654] init=2019-04-14 12:00Z  rows=2044800  rate=0.24/s  eta=88.6m
  [2420/3654] init=2019-04-24 12:00Z  rows=2061840  rate=0.24/s  eta=87.1m
  [2440/3654] init=2019-05-04 12:00Z  rows=2078880  rate=0.24/s  eta=85.7m
  [2460/3654] init=2019-05-14 12:00Z  rows=2095920  rate=0.24/s  eta=84.3m
  [2480/3654] init=2019-05-24 12:00Z  rows=2112960  rate=0.24/s  eta=82.9m
[part] сброшено строк: 2,130,000
  [2500/3654] init=2019-06-03 12:00Z  rows=2130000  rate=0.24/s  eta=81.5m
  [2520/3654] init=2019-06-13 12:00Z  rows=2147040  rate=0.24/s  eta=80.1m
  [2540/3654] init=2019-06-23 12:00Z  rows=2164080  rate=0.24/s  eta=78.6m
  [2560/3654] init=2019-07-03 12:00Z  rows=2181120  rate=0.24/s  eta=77.2m
  [2580/3654] init=2019-07-13 12:00Z  rows=2198160  rate=0.24/s  eta=75.8m
  [2600/3654] init=2019-07-23 12:00Z  rows=2215200  rate=0.24/s  eta=74.4m
  [2620/3654] init=2019-08-02 12:00Z  rows=2232240  rate=0.24/s  eta=73.0m
  [2640/3654] init=2019-08-12 12:00Z  rows=2249280  rate=0.24/s  eta=71.6m
  [2660/3654] init=2019-08-22 12:00Z  rows=2266320  rate=0.24/s  eta=70.2m
  [2680/3654] init=2019-09-01 12:00Z  rows=2283360  rate=0.24/s  eta=68.7m
  [2700/3654] init=2019-09-11 12:00Z  rows=2300400  rate=0.24/s  eta=67.3m
  [2720/3654] init=2019-09-21 12:00Z  rows=2317440  rate=0.24/s  eta=65.9m
  [2740/3654] init=2019-10-01 12:00Z  rows=2334480  rate=0.24/s  eta=64.5m
  [2760/3654] init=2019-10-11 12:00Z  rows=2351520  rate=0.24/s  eta=63.1m
  [2780/3654] init=2019-10-21 12:00Z  rows=2368560  rate=0.24/s  eta=61.7m
  [2800/3654] init=2019-10-31 12:00Z  rows=2385600  rate=0.24/s  eta=60.2m
  [2820/3654] init=2019-11-10 12:00Z  rows=2402640  rate=0.24/s  eta=58.8m
  [2840/3654] init=2019-11-20 12:00Z  rows=2419680  rate=0.24/s  eta=57.4m
  [2860/3654] init=2019-11-30 12:00Z  rows=2436720  rate=0.24/s  eta=56.0m
  [2880/3654] init=2019-12-10 12:00Z  rows=2453760  rate=0.24/s  eta=54.6m
  [2900/3654] init=2019-12-20 12:00Z  rows=2470800  rate=0.24/s  eta=53.2m
  [2920/3654] init=2019-12-30 12:00Z  rows=2487840  rate=0.24/s  eta=51.8m
  [2940/3654] init=2020-01-09 12:00Z  rows=2504880  rate=0.24/s  eta=50.4m
  [2960/3654] init=2020-01-19 12:00Z  rows=2521920  rate=0.24/s  eta=49.0m
  [2980/3654] init=2020-01-29 12:00Z  rows=2538960  rate=0.24/s  eta=47.5m
[part] сброшено строк: 2,556,000
  [3000/3654] init=2020-02-08 12:00Z  rows=2556000  rate=0.24/s  eta=46.1m
  [3020/3654] init=2020-02-18 12:00Z  rows=2573040  rate=0.24/s  eta=44.7m
  [3040/3654] init=2020-02-28 12:00Z  rows=2590080  rate=0.24/s  eta=43.3m
  [3060/3654] init=2020-03-09 12:00Z  rows=2607120  rate=0.24/s  eta=41.9m
  [3080/3654] init=2020-03-19 12:00Z  rows=2624160  rate=0.24/s  eta=40.5m
  [3100/3654] init=2020-03-29 12:00Z  rows=2641200  rate=0.24/s  eta=39.1m
  [3120/3654] init=2020-04-08 12:00Z  rows=2658240  rate=0.24/s  eta=37.7m
  [3140/3654] init=2020-04-18 12:00Z  rows=2675280  rate=0.24/s  eta=36.3m
  [3160/3654] init=2020-04-28 12:00Z  rows=2692320  rate=0.24/s  eta=34.8m
  [3180/3654] init=2020-05-08 12:00Z  rows=2709360  rate=0.24/s  eta=33.4m
  [3200/3654] init=2020-05-18 12:00Z  rows=2726400  rate=0.24/s  eta=32.0m
  [3220/3654] init=2020-05-28 12:00Z  rows=2743440  rate=0.24/s  eta=30.6m
  [3240/3654] init=2020-06-07 12:00Z  rows=2760480  rate=0.24/s  eta=29.2m
  [3260/3654] init=2020-06-17 12:00Z  rows=2777520  rate=0.24/s  eta=27.8m
  [3280/3654] init=2020-06-27 12:00Z  rows=2794560  rate=0.24/s  eta=26.4m
  [3300/3654] init=2020-07-07 12:00Z  rows=2811600  rate=0.24/s  eta=25.0m
  [3320/3654] init=2020-07-17 12:00Z  rows=2828640  rate=0.24/s  eta=23.5m
  [3340/3654] init=2020-07-27 12:00Z  rows=2845680  rate=0.24/s  eta=22.1m
  [3360/3654] init=2020-08-06 12:00Z  rows=2862720  rate=0.24/s  eta=20.7m
  [3380/3654] init=2020-08-16 12:00Z  rows=2879760  rate=0.24/s  eta=19.3m
  [3400/3654] init=2020-08-26 12:00Z  rows=2896800  rate=0.24/s  eta=17.9m
  [3420/3654] init=2020-09-05 12:00Z  rows=2913840  rate=0.24/s  eta=16.5m
  [3440/3654] init=2020-09-15 12:00Z  rows=2930880  rate=0.24/s  eta=15.1m
  [3460/3654] init=2020-09-25 12:00Z  rows=2947920  rate=0.24/s  eta=13.7m
  [3480/3654] init=2020-10-05 12:00Z  rows=2964960  rate=0.24/s  eta=12.3m
[part] сброшено строк: 2,982,000
  [3500/3654] init=2020-10-15 12:00Z  rows=2982000  rate=0.24/s  eta=10.9m
  [3520/3654] init=2020-10-25 12:00Z  rows=2999040  rate=0.24/s  eta=9.4m
  [3540/3654] init=2020-11-04 12:00Z  rows=3016080  rate=0.24/s  eta=8.0m
  [3560/3654] init=2020-11-14 12:00Z  rows=3033120  rate=0.24/s  eta=6.6m
  [3580/3654] init=2020-11-24 12:00Z  rows=3050160  rate=0.24/s  eta=5.2m
  [3600/3654] init=2020-12-04 12:00Z  rows=3067200  rate=0.24/s  eta=3.8m
  [3620/3654] init=2020-12-14 12:00Z  rows=3084240  rate=0.24/s  eta=2.4m
  [3640/3654] init=2020-12-24 12:00Z  rows=3101280  rate=0.24/s  eta=1.0m
[inference] done. rows=3113208  skipped_inits=0
[join] rows after ISD join (with obs): 3083614
[done] wrote /data/postproc/corpus_krsk_2016_2020_nb12.parquet — 3083614 rows  (71 stations)
