[predict] data_dir=/data/datasets/multires_krsk_33f (chunked=True, pred_steps=4)
[ChunkDataset] склеиваем data.npy (19ch) + data_extra.npy (14ch) → 33ch
[ChunkDataset] train: 12853 samples, flat_nodes=133279, feat=33, obs=2, pred=4
[ChunkDataset] склеиваем data.npy (19ch) + data_extra.npy (14ch) → 33ch
[ChunkDataset] val: 1607 samples, flat_nodes=133279, feat=33, obs=2, pred=4
[ChunkDataset] склеиваем data.npy (19ch) + data_extra.npy (14ch) → 33ch
[ChunkDataset] test_only: 1607 samples, flat_nodes=133279, feat=33, obs=2, pred=4
[graph] уровни меша [4, 6], признаки рёбер: legacy
[processor] InteractionNet: 12 шагов, агрегация 'mean'
Encoder summary: 
+---------------------------+----------------------------+----------------+----------+
| Layer                     | Input Shape                | Output Shape   | #Param   |
|---------------------------+----------------------------+----------------+----------|
| Model                     | [174241, 72], [2, 207099]  | [174241, 256]  | 348,162  |
| ├─(mlp)MLP                |                            | [174241, 256]  | 150,786  |
| │    └─(MLP)ModuleList    | --                         | --             | 150,786  |
| │    │    └─(0)Linear     | [174241, 72]               | [174241, 256]  | 18,688   |
| │    │    └─(1)PReLU      | [174241, 256]              | [174241, 256]  | 1        |
| │    │    └─(2)Linear     | [174241, 256]              | [174241, 256]  | 65,792   |
| │    │    └─(3)PReLU      | [174241, 256]              | [174241, 256]  | 1        |
| │    │    └─(4)Linear     | [174241, 256]              | [174241, 256]  | 65,792   |
| │    │    └─(5)LayerNorm  | [174241, 256]              | [174241, 256]  | 512      |
| ├─(graph_layer)GraphLayer |                            | [174241, 256]  | 197,376  |
| │    └─(activation)SiLU   | [174241, 256]              | [174241, 256]  | --       |
| │    └─(layers)ModuleList | --                         | --             | 197,376  |
| │    │    └─(0)GCNConv    | [174241, 256], [2, 207099] | [174241, 256]  | 65,792   |
| │    │    └─(1)SiLU       | [174241, 256]              | [174241, 256]  | --       |
| │    │    └─(2)GCNConv    | [174241, 256], [2, 207099] | [174241, 256]  | 65,792   |
| │    │    └─(3)SiLU       | --                         | --             | --       |
| │    │    └─(4)GCNConv    | [174241, 256], [2, 207099] | [174241, 256]  | 65,792   |
+---------------------------+----------------------------+----------------+----------+

Processor summary: 
  (summary skipped: Expected all tensors to be on the same device, but found at least two devices, cuda:0 and cpu! (when checking argument for argument mat1 in method wrapper_CUDA_addmm))

Decoder summary: 
+---------------------------+----------------------------+----------------+----------+
| Layer                     | Input Shape                | Output Shape   | #Param   |
|---------------------------+----------------------------+----------------+----------|
| Model                     | [174241, 256], [2, 399837] | [174241, 33]   | 152,483  |
| ├─(mlp)MLP                |                            | [174241, 128]  | 115,202  |
| │    └─(MLP)ModuleList    | --                         | --             | 115,202  |
| │    │    └─(0)Linear     | [174241, 256]              | [174241, 256]  | 65,792   |
| │    │    └─(1)PReLU      | [174241, 256]              | [174241, 256]  | 1        |
| │    │    └─(2)Linear     | [174241, 256]              | [174241, 128]  | 32,896   |
| │    │    └─(3)PReLU      | [174241, 128]              | [174241, 128]  | 1        |
| │    │    └─(4)Linear     | [174241, 128]              | [174241, 128]  | 16,512   |
| ├─(graph_layer)GraphLayer |                            | [174241, 33]   | 37,281   |
| │    └─(activation)SiLU   | [174241, 128]              | [174241, 128]  | --       |
| │    └─(layers)ModuleList | --                         | --             | 37,281   |
| │    │    └─(0)GCNConv    | [174241, 128], [2, 399837] | [174241, 128]  | 16,512   |
| │    │    └─(1)SiLU       | [174241, 128]              | [174241, 128]  | --       |
| │    │    └─(2)GCNConv    | [174241, 128], [2, 399837] | [174241, 128]  | 16,512   |
| │    │    └─(3)SiLU       | --                         | --             | --       |
| │    │    └─(4)GCNConv    | [174241, 128], [2, 399837] | [174241, 33]   | 4,257    |
+---------------------------+----------------------------+----------------+----------+

[AR-rollout] Модель выдаёт 1 шаг(ов), но мы прогоним 4 шагов авторегрессионно.
[static] Каналы [7, 8] — статика, carry-forward при AR
[forcing] Каналы [29, 30, 31, 32] — форсинг (из ground truth при AR)
[predict] device=cuda | grid=0x0 | 2000/1607 test samples
[Region] 2501 nodes (--region [50.0,60.0]N x [83.0,98.0]E)
[metrics] Исключены из aggregate метрик: каналы [7, 8, 29, 30, 31, 32] (static+forcing)
[metrics] per-sample MSE будут сохранены в /workdir/paper_results/roiw100_krsk_roi_last_samples.npz
[Main] Инференс (2000 samples, DA=none)...
  [50/2000] RMSE=0.171585 ACC=0.9850
  [100/2000] RMSE=0.167052 ACC=0.9850
  [150/2000] RMSE=0.170137 ACC=0.9848
  [200/2000] RMSE=0.170739 ACC=0.9847
  [250/2000] RMSE=0.171222 ACC=0.9848
  [300/2000] RMSE=0.171645 ACC=0.9848
  [350/2000] RMSE=0.172265 ACC=0.9848
  [400/2000] RMSE=0.172324 ACC=0.9848
  [450/2000] RMSE=0.172562 ACC=0.9848
  [500/2000] RMSE=0.172204 ACC=0.9848
  [550/2000] RMSE=0.172139 ACC=0.9848
  [600/2000] RMSE=0.172323 ACC=0.9847
  [650/2000] RMSE=0.172333 ACC=0.9847
  [700/2000] RMSE=0.172719 ACC=0.9846
  [750/2000] RMSE=0.173220 ACC=0.9846
  [800/2000] RMSE=0.173066 ACC=0.9846
  [850/2000] RMSE=0.173249 ACC=0.9846
  [900/2000] RMSE=0.173353 ACC=0.9846
  [950/2000] RMSE=0.173426 ACC=0.9846
  [1000/2000] RMSE=0.173390 ACC=0.9846
  [1050/2000] RMSE=0.173632 ACC=0.9846
  [1100/2000] RMSE=0.173761 ACC=0.9846
  [1150/2000] RMSE=0.173809 ACC=0.9846
  [1200/2000] RMSE=0.173630 ACC=0.9847
  [1250/2000] RMSE=0.173334 ACC=0.9847
  [1300/2000] RMSE=0.173072 ACC=0.9847
  [1350/2000] RMSE=0.172747 ACC=0.9848
  [1400/2000] RMSE=0.172689 ACC=0.9848
  [1450/2000] RMSE=0.172483 ACC=0.9848
  [1500/2000] RMSE=0.172278 ACC=0.9848
  [1550/2000] RMSE=0.172013 ACC=0.9848
  [1600/2000] RMSE=0.171776 ACC=0.9849
[Save] per-sample metrics → /workdir/paper_results/roiw100_krsk_roi_last_samples.npz (N=1607, AR=4, C=33)

============================================================
=== Inference summary (1607 samples) ===
Grid: 0x0 (G=133279) | C=33 | AR=4 horizons
Overall: MSE=0.029497 | RMSE=0.171746 | MAE=0.083075
Baseline: RMSE=0.548209 | MAE=0.281325
Skill: 68.67%
ACC: 0.9849 | base: 0.8500 | Δ=+0.1349

Per-horizon:
  +06h: RMSE=0.126840 | base=0.363277 | skill=65.08% | ACC=0.9919 (base 0.9343)
  +12h: RMSE=0.158324 | base=0.514900 | skill=69.25% | ACC=0.9873 (base 0.8677)
  +18h: RMSE=0.186354 | base=0.605222 | skill=69.21% | ACC=0.9821 (base 0.8171)
  +24h: RMSE=0.205190 | base=0.662380 | skill=69.02% | ACC=0.9781 (base 0.7808)

Per-horizon per-channel RMSE (physical units):
         var   unit      +6h     +12h     +18h     +24h
         t2m      K    0.81°C    0.96°C    1.03°C    1.10°C
         10u    m/s     0.73     0.87     0.97     1.08
         10v    m/s     0.73     0.87     0.98     1.09
         msl    hPa     0.62     0.78     0.93     1.06
       t@850      K    0.66°C    0.80°C    0.89°C    0.96°C
       u@850    m/s     1.10     1.32     1.48     1.62
       v@850    m/s     1.10     1.31     1.47     1.61
       z@850    gpm      4.5      5.5      6.6      7.7
       z@500    gpm      5.7      6.8      8.3      9.7

Per-channel metrics overall (physical units, avg over 4 horizons):
    #        var      ACC  RMSE_norm    RMSE_phys     unit
    0        t2m   0.9989     0.0465       0.9821        K  (≈0.98 °C)
    1        10u   0.9859     0.1653       0.9199      m/s
    2        10v   0.9805     0.1947       0.9286      m/s
    3        msl   0.9979     0.0639       0.8652      hPa
    4         tp   0.8583     0.5172       0.0010        m
    5         sp   0.9999     0.0109       1.0420      hPa
    6       tcwv   0.9963     0.0853       1.4197    kg/m²
    7     z_surf   0.9998     0.0000       0.0000      gpm
    8        lsm   1.0000     0.0000       0.0000        -
    9      t@850   0.9985     0.0537       0.8333        K  (≈0.83 °C)
   10      u@850   0.9856     0.1690       1.3930      m/s
   11      v@850   0.9753     0.2209       1.3867      m/s
   12      z@850   0.9992     0.0405       6.1679      gpm
   13      q@850   0.9880     0.1542       0.0006    kg/kg
   14      t@500   0.9989     0.0473       0.6174        K  (≈0.62 °C)
   15      u@500   0.9881     0.1535       1.8466      m/s
   16      v@500   0.9793     0.2022       1.8616      m/s
   17      z@500   0.9998     0.0225       7.7564      gpm
   18      q@500   0.9726     0.2347       0.0003    kg/kg
   19      z@250   0.9998     0.0196      11.1106      gpm
   20      t@250   0.9962     0.0875       0.7574        K  (≈0.76 °C)
   21      u@250   0.9907     0.1357       2.4525      m/s
   22      v@250   0.9832     0.1819       2.4449      m/s
   23      q@250   0.9569     0.2957       0.0000    kg/kg
   24     z@1000   0.9982     0.0589       6.5666      gpm
   25     t@1000   0.9986     0.0520       0.8800        K  (≈0.88 °C)
   26     u@1000   0.9862     0.1640       1.0108      m/s
   27     v@1000   0.9808     0.1931       1.0260      m/s
   28     q@1000   0.9976     0.0692       0.0004    kg/kg
   29   sin_hour   0.2155     0.0000       0.0000        ?
   30   cos_hour   0.2155     0.0000       0.0000        ?
   31    sin_doy   0.1761     0.0000       0.0000        ?
   32    cos_doy   0.1927     0.0000       0.0000        ?

--- Region [50.0,60.0]N x [83.0,98.0]E (2501 nodes) ---
RMSE=0.106091 | base=0.421000 | skill=74.80%
ACC=0.9241 | base=0.5746

  Per-horizon (region):
    +06h: RMSE=0.088120 | base=0.268288 | skill=67.15% | ACC=0.9421 (base 0.7685)
    +12h: RMSE=0.101420 | base=0.392209 | skill=74.14% | ACC=0.9275 (base 0.5945)
    +18h: RMSE=0.111084 | base=0.466936 | skill=76.21% | ACC=0.9180 (base 0.4955)
    +24h: RMSE=0.120956 | base=0.514906 | skill=76.51% | ACC=0.9087 (base 0.4398)

  Per-horizon per-channel RMSE — REGION (2501 nodes):
           var   unit      +6h     +12h     +18h     +24h
           t2m      K    1.23°C    1.42°C    1.46°C    1.52°C
           10u    m/s     0.56     0.63     0.66     0.69
           10v    m/s     0.54     0.61     0.63     0.66
           msl    hPa     0.64     0.80     0.94     1.06
         t@850      K    0.70°C    0.83°C    0.91°C    0.98°C
         u@850    m/s     1.17     1.33     1.45     1.55
         v@850    m/s     1.07     1.21     1.31     1.41
         z@850    gpm      3.7      4.9      6.0      7.0
         z@500    gpm      4.9      6.3      7.8      9.2

  Per-channel region (physical units, avg over 4 horizons):
      #        var      ACC  RMSE_norm    RMSE_phys     unit
      0        t2m   0.9446     0.0668       1.4124        K  (≈1.41 °C)
      1        10u   0.9093     0.1139       0.6340      m/s
      2        10v   0.8912     0.1279       0.6099      m/s
      3        msl   0.9769     0.0645       0.8732      hPa
      4         tp   0.6031     0.0894       0.0002        m
      5         sp   0.9999     0.0098       0.9363      hPa
      6       tcwv   0.9573     0.0558       0.9276    kg/m²
      7     z_surf   1.0000     0.0000       0.0000      gpm
      8        lsm   1.0000     0.0000       0.0000        -
      9      t@850   0.9585     0.0555       0.8607        K  (≈0.86 °C)
     10      u@850   0.9456     0.1678       1.3834      m/s
     11      v@850   0.9177     0.1999       1.2549      m/s
     12      z@850   0.9867     0.0363       5.5281      gpm
     13      q@850   0.8821     0.0953       0.0004    kg/kg
     14      t@500   0.9630     0.0431       0.5621        K  (≈0.56 °C)
     15      u@500   0.9428     0.1477       1.7766      m/s
     16      v@500   0.9465     0.1882       1.7325      m/s
     17      z@500   0.9927     0.0209       7.2146      gpm
     18      q@500   0.8861     0.1393       0.0002    kg/kg
     19      z@250   0.9921     0.0180      10.1964      gpm
     20      t@250   0.9208     0.0871       0.7548        K  (≈0.75 °C)
     21      u@250   0.9537     0.1303       2.3544      m/s
     22      v@250   0.9557     0.1719       2.3116      m/s
     23      q@250   0.7845     0.0781       0.0000    kg/kg
     24     z@1000   0.9805     0.0582       6.4863      gpm
     25     t@1000   0.9536     0.0613       1.0377        K  (≈1.04 °C)
     26     u@1000   0.9040     0.0985       0.6070      m/s
     27     v@1000   0.8934     0.1074       0.5708      m/s
     28     q@1000   0.9075     0.0724       0.0004    kg/kg
     29   sin_hour   0.0155     0.0000       0.0000        ?
     30   cos_hour   0.0155     0.0000       0.0000        ?
     31    sin_doy   0.0066     0.0000       0.0000        ?
     32    cos_doy   0.0067     0.0000       0.0000        ?
============================================================
