### PROVENANCE ###############################################
# tag: a33_long_noda | started: 2026-08-07T00:16:47+00:00 | host: k8smr-macos-build--graphcast-v4-3510779436-task-0
# git commit: fe696dd | gpu: NVIDIA H100 80GB HBM3
# dataset: /data/datasets/multires_krsk_33f
# ckpt md5: d813295b852259016749d0ee43a1b8f3 (эпоха 29)
# COMMAND:
#   python -u scripts/predict.py experiments/multires_krsk_33f --data-dir /data/datasets/multires_krsk_33f --ckpt /data/paper_heavy/krsk33f_last_epoch.pth --per-channel --no-save --save-sample-metrics /workdir/paper_results/a33_long_noda_samples.npz --split test_only --ar-steps 56 --max-samples 200 --region 50 60 83 98
##############################################################

[predict] data_dir=/data/datasets/multires_krsk_33f (chunked=True, pred_steps=56)
[ChunkDataset] склеиваем data.npy (19ch) + data_extra.npy (14ch) → 33ch
[ChunkDataset] train: 12812 samples, flat_nodes=133279, feat=33, obs=2, pred=56
[ChunkDataset] склеиваем data.npy (19ch) + data_extra.npy (14ch) → 33ch
[ChunkDataset] val: 1601 samples, flat_nodes=133279, feat=33, obs=2, pred=56
[ChunkDataset] склеиваем data.npy (19ch) + data_extra.npy (14ch) → 33ch
[ChunkDataset] test_only: 1602 samples, flat_nodes=133279, feat=33, obs=2, pred=56
Encoder summary: 
+---------------------------+----------------------------+----------------+----------+
| Layer                     | Input Shape                | Output Shape   | #Param   |
|---------------------------+----------------------------+----------------+----------|
| Model                     | [174241, 72], [2, 207099]  | [174241, 256]  | 348,162  |
| ├─(mlp)MLP                |                            | [174241, 256]  | 150,786  |
| │    └─(MLP)ModuleList    | --                         | --             | 150,786  |
| │    │    └─(0)Linear     | [174241, 72]               | [174241, 256]  | 18,688   |
| │    │    └─(1)PReLU      | [174241, 256]              | [174241, 256]  | 1        |
| │    │    └─(2)Linear     | [174241, 256]              | [174241, 256]  | 65,792   |
| │    │    └─(3)PReLU      | [174241, 256]              | [174241, 256]  | 1        |
| │    │    └─(4)Linear     | [174241, 256]              | [174241, 256]  | 65,792   |
| │    │    └─(5)LayerNorm  | [174241, 256]              | [174241, 256]  | 512      |
| ├─(graph_layer)GraphLayer |                            | [174241, 256]  | 197,376  |
| │    └─(activation)SiLU   | [174241, 256]              | [174241, 256]  | --       |
| │    └─(layers)ModuleList | --                         | --             | 197,376  |
| │    │    └─(0)GCNConv    | [174241, 256], [2, 207099] | [174241, 256]  | 65,792   |
| │    │    └─(1)SiLU       | [174241, 256]              | [174241, 256]  | --       |
| │    │    └─(2)GCNConv    | [174241, 256], [2, 207099] | [174241, 256]  | 65,792   |
| │    │    └─(3)SiLU       | --                         | --             | --       |
| │    │    └─(4)GCNConv    | [174241, 256], [2, 207099] | [174241, 256]  | 65,792   |
+---------------------------+----------------------------+----------------+----------+

Processor summary: 
  (summary skipped: Expected all tensors to be on the same device, but found at least two devices, cuda:0 and cpu! (when checking argument for argument mat1 in method wrapper_CUDA_addmm))

Decoder summary: 
+---------------------------+----------------------------+----------------+----------+
| Layer                     | Input Shape                | Output Shape   | #Param   |
|---------------------------+----------------------------+----------------+----------|
| Model                     | [174241, 256], [2, 399837] | [174241, 33]   | 152,483  |
| ├─(mlp)MLP                |                            | [174241, 128]  | 115,202  |
| │    └─(MLP)ModuleList    | --                         | --             | 115,202  |
| │    │    └─(0)Linear     | [174241, 256]              | [174241, 256]  | 65,792   |
| │    │    └─(1)PReLU      | [174241, 256]              | [174241, 256]  | 1        |
| │    │    └─(2)Linear     | [174241, 256]              | [174241, 128]  | 32,896   |
| │    │    └─(3)PReLU      | [174241, 128]              | [174241, 128]  | 1        |
| │    │    └─(4)Linear     | [174241, 128]              | [174241, 128]  | 16,512   |
| ├─(graph_layer)GraphLayer |                            | [174241, 33]   | 37,281   |
| │    └─(activation)SiLU   | [174241, 128]              | [174241, 128]  | --       |
| │    └─(layers)ModuleList | --                         | --             | 37,281   |
| │    │    └─(0)GCNConv    | [174241, 128], [2, 399837] | [174241, 128]  | 16,512   |
| │    │    └─(1)SiLU       | [174241, 128]              | [174241, 128]  | --       |
| │    │    └─(2)GCNConv    | [174241, 128], [2, 399837] | [174241, 128]  | 16,512   |
| │    │    └─(3)SiLU       | --                         | --             | --       |
| │    │    └─(4)GCNConv    | [174241, 128], [2, 399837] | [174241, 33]   | 4,257    |
+---------------------------+----------------------------+----------------+----------+

[AR-rollout] Модель выдаёт 1 шаг(ов), но мы прогоним 56 шагов авторегрессионно.
[static] Каналы [7, 8] — статика, carry-forward при AR
[forcing] Каналы [29, 30, 31, 32] — форсинг (из ground truth при AR)
[predict] device=cuda | grid=0x0 | 200/1602 test samples
[Region] 2501 nodes (--region [50.0,60.0]N x [83.0,98.0]E)
[metrics] Исключены из aggregate метрик: каналы [7, 8, 29, 30, 31, 32] (static+forcing)
[metrics] per-sample MSE будут сохранены в /workdir/paper_results/a33_long_noda_samples.npz
[Main] Инференс (200 samples, DA=none)...
  [50/200] RMSE=0.645706 ACC=0.7836
  [100/200] RMSE=0.630782 ACC=0.7875
  [150/200] RMSE=0.625703 ACC=0.7902
  [200/200] RMSE=0.624374 ACC=0.7927
[Save] per-sample metrics → /workdir/paper_results/a33_long_noda_samples.npz (N=200, AR=56, C=33)

============================================================
=== Inference summary (200 samples) ===
Grid: 0x0 (G=133279) | C=33 | AR=56 horizons
Overall: MSE=0.389843 | RMSE=0.624374 | MAE=0.332771
Baseline: RMSE=0.831300 | MAE=0.488264
Skill: 24.89%
ACC: 0.7927 | base: 0.6345 | Δ=+0.1582

Per-horizon:
  +06h: RMSE=0.122576 | base=0.353267 | skill=65.30% | ACC=0.9921 (base 0.9355)
  +12h: RMSE=0.154428 | base=0.501430 | skill=69.20% | ACC=0.9875 (base 0.8690)
  +18h: RMSE=0.182673 | base=0.592491 | skill=69.17% | ACC=0.9823 (base 0.8160)
  +24h: RMSE=0.201503 | base=0.651720 | skill=69.08% | ACC=0.9783 (base 0.7767)
  +30h: RMSE=0.217373 | base=0.700992 | skill=68.99% | ACC=0.9745 (base 0.7411)
  +36h: RMSE=0.232832 | base=0.734049 | skill=68.28% | ACC=0.9707 (base 0.7157)
  +42h: RMSE=0.248681 | base=0.756769 | skill=67.14% | ACC=0.9665 (base 0.6975)
  +48h: RMSE=0.264670 | base=0.770750 | skill=65.66% | ACC=0.9619 (base 0.6861)
  +54h: RMSE=0.281363 | base=0.786815 | skill=64.24% | ACC=0.9569 (base 0.6726)
  +60h: RMSE=0.298787 | base=0.797070 | skill=62.51% | ACC=0.9514 (base 0.6639)
  +66h: RMSE=0.316869 | base=0.803549 | skill=60.57% | ACC=0.9452 (base 0.6581)
  +72h: RMSE=0.335539 | base=0.805774 | skill=58.36% | ACC=0.9386 (base 0.6561)
  +78h: RMSE=0.354825 | base=0.811859 | skill=56.29% | ACC=0.9313 (base 0.6506)
  +84h: RMSE=0.374606 | base=0.814022 | skill=53.98% | ACC=0.9234 (base 0.6487)
  +90h: RMSE=0.394669 | base=0.814287 | skill=51.53% | ACC=0.9151 (base 0.6483)
  +96h: RMSE=0.414833 | base=0.813067 | skill=48.98% | ACC=0.9062 (base 0.6494)
  +102h: RMSE=0.435114 | base=0.819458 | skill=46.90% | ACC=0.8969 (base 0.6438)
  +108h: RMSE=0.455260 | base=0.826220 | skill=44.90% | ACC=0.8873 (base 0.6380)
  +114h: RMSE=0.475359 | base=0.833532 | skill=42.97% | ACC=0.8772 (base 0.6315)
  +120h: RMSE=0.495195 | base=0.838668 | skill=40.95% | ACC=0.8669 (base 0.6271)
  +126h: RMSE=0.514962 | base=0.848178 | skill=39.29% | ACC=0.8562 (base 0.6185)
  +132h: RMSE=0.534566 | base=0.853947 | skill=37.40% | ACC=0.8453 (base 0.6134)
  +138h: RMSE=0.553794 | base=0.857172 | skill=35.39% | ACC=0.8341 (base 0.6104)
  +144h: RMSE=0.572205 | base=0.857010 | skill=33.23% | ACC=0.8231 (base 0.6107)
  +150h: RMSE=0.590004 | base=0.860816 | skill=31.46% | ACC=0.8121 (base 0.6071)
  +156h: RMSE=0.607423 | base=0.861687 | skill=29.51% | ACC=0.8011 (base 0.6064)
  +162h: RMSE=0.624541 | base=0.861030 | skill=27.47% | ACC=0.7902 (base 0.6070)
  +168h: RMSE=0.641000 | base=0.858442 | skill=25.33% | ACC=0.7794 (base 0.6095)
  +174h: RMSE=0.656593 | base=0.861150 | skill=23.75% | ACC=0.7689 (base 0.6070)
  +180h: RMSE=0.671204 | base=0.862006 | skill=22.13% | ACC=0.7589 (base 0.6064)
  +186h: RMSE=0.684862 | base=0.862110 | skill=20.56% | ACC=0.7493 (base 0.6063)
  +192h: RMSE=0.697284 | base=0.860414 | skill=18.96% | ACC=0.7405 (base 0.6081)
  +198h: RMSE=0.708645 | base=0.864198 | skill=18.00% | ACC=0.7322 (base 0.6047)
  +204h: RMSE=0.719484 | base=0.866006 | skill=16.92% | ACC=0.7243 (base 0.6032)
  +210h: RMSE=0.730029 | base=0.866899 | skill=15.79% | ACC=0.7165 (base 0.6025)
  +216h: RMSE=0.740319 | base=0.865905 | skill=14.50% | ACC=0.7088 (base 0.6036)
  +222h: RMSE=0.750295 | base=0.870217 | skill=13.78% | ACC=0.7013 (base 0.5996)
  +228h: RMSE=0.759888 | base=0.872731 | skill=12.93% | ACC=0.6940 (base 0.5975)
  +234h: RMSE=0.768753 | base=0.874726 | skill=12.11% | ACC=0.6873 (base 0.5958)
  +240h: RMSE=0.776350 | base=0.874987 | skill=11.27% | ACC=0.6813 (base 0.5957)
  +246h: RMSE=0.783378 | base=0.880083 | skill=10.99% | ACC=0.6758 (base 0.5910)
  +252h: RMSE=0.789834 | base=0.882676 | skill=10.52% | ACC=0.6707 (base 0.5888)
  +258h: RMSE=0.795824 | base=0.883826 | skill=9.96% | ACC=0.6659 (base 0.5877)
  +264h: RMSE=0.801682 | base=0.882353 | skill=9.14% | ACC=0.6610 (base 0.5892)
  +270h: RMSE=0.807178 | base=0.885103 | skill=8.80% | ACC=0.6564 (base 0.5865)
  +276h: RMSE=0.811689 | base=0.884968 | skill=8.28% | ACC=0.6527 (base 0.5866)
  +282h: RMSE=0.815785 | base=0.883161 | skill=7.63% | ACC=0.6494 (base 0.5882)
  +288h: RMSE=0.819152 | base=0.879355 | skill=6.85% | ACC=0.6467 (base 0.5917)
  +294h: RMSE=0.821889 | base=0.881746 | skill=6.79% | ACC=0.6445 (base 0.5893)
  +300h: RMSE=0.824092 | base=0.883536 | skill=6.73% | ACC=0.6425 (base 0.5876)
  +306h: RMSE=0.826157 | base=0.884933 | skill=6.64% | ACC=0.6405 (base 0.5862)
  +312h: RMSE=0.828242 | base=0.883943 | skill=6.30% | ACC=0.6385 (base 0.5871)
  +318h: RMSE=0.830514 | base=0.887324 | skill=6.40% | ACC=0.6364 (base 0.5838)
  +324h: RMSE=0.833007 | base=0.888451 | skill=6.24% | ACC=0.6342 (base 0.5828)
  +330h: RMSE=0.835435 | base=0.888550 | skill=5.98% | ACC=0.6323 (base 0.5827)
  +336h: RMSE=0.837682 | base=0.886160 | skill=5.47% | ACC=0.6305 (base 0.5851)

Per-horizon per-channel RMSE (physical units):
         var   unit      +6h     +12h     +18h     +24h     +30h     +36h     +42h     +48h     +54h     +60h     +66h     +72h     +78h     +84h     +90h     +96h    +102h    +108h    +114h    +120h    +126h    +132h    +138h    +144h    +150h    +156h    +162h    +168h    +174h    +180h    +186h    +192h    +198h    +204h    +210h    +216h    +222h    +228h    +234h    +240h    +246h    +252h    +258h    +264h    +270h    +276h    +282h    +288h    +294h    +300h    +306h    +312h    +318h    +324h    +330h    +336h
         t2m      K    0.78°C    0.94°C    1.02°C    1.09°C    1.19°C    1.26°C    1.33°C    1.39°C    1.47°C    1.55°C    1.62°C    1.70°C    1.79°C    1.88°C    1.98°C    2.07°C    2.18°C    2.28°C    2.38°C    2.48°C    2.58°C    2.69°C    2.79°C    2.89°C    2.99°C    3.09°C    3.18°C    3.28°C    3.37°C    3.47°C    3.55°C    3.63°C    3.71°C    3.79°C    3.86°C    3.93°C    4.00°C    4.07°C    4.13°C    4.20°C    4.26°C    4.31°C    4.36°C    4.40°C    4.43°C    4.47°C    4.50°C    4.52°C    4.54°C    4.56°C    4.57°C    4.59°C    4.61°C    4.62°C    4.64°C    4.66°C
         10u    m/s     0.70     0.84     0.95     1.04     1.15     1.26     1.38     1.50     1.63     1.77     1.91     2.06     2.22     2.37     2.53     2.69     2.85     3.00     3.16     3.31     3.45     3.59     3.72     3.84     3.96     4.08     4.19     4.29     4.40     4.50     4.59     4.68     4.75     4.82     4.89     4.95     5.01     5.08     5.13     5.17     5.21     5.25     5.28     5.31     5.34     5.37     5.39     5.40     5.41     5.42     5.43     5.44     5.45     5.47     5.48     5.50
         10v    m/s     0.71     0.85     0.96     1.06     1.17     1.28     1.39     1.52     1.65     1.78     1.93     2.08     2.23     2.39     2.55     2.71     2.87     3.03     3.18     3.33     3.48     3.63     3.77     3.90     4.03     4.14     4.26     4.37     4.47     4.57     4.66     4.73     4.80     4.87     4.93     5.00     5.07     5.13     5.20     5.25     5.29     5.33     5.36     5.40     5.43     5.45     5.47     5.48     5.50     5.50     5.51     5.52     5.52     5.53     5.54     5.55
         msl    hPa     0.57     0.71     0.86     1.00     1.16     1.32     1.50     1.69     1.90     2.13     2.38     2.65     2.94     3.24     3.55     3.88     4.21     4.55     4.90     5.24     5.57     5.90     6.23     6.56     6.88     7.20     7.52     7.84     8.15     8.46     8.74     9.00     9.24     9.46     9.67     9.87    10.06    10.24    10.39    10.51    10.62    10.72    10.82    10.93    11.05    11.18    11.30    11.40    11.49    11.56    11.62    11.67    11.72    11.77    11.83    11.89
       t@850      K    0.63°C    0.76°C    0.84°C    0.91°C    0.98°C    1.05°C    1.11°C    1.18°C    1.26°C    1.35°C    1.44°C    1.54°C    1.65°C    1.76°C    1.87°C    1.99°C    2.12°C    2.24°C    2.37°C    2.50°C    2.63°C    2.76°C    2.89°C    3.02°C    3.14°C    3.27°C    3.39°C    3.51°C    3.63°C    3.74°C    3.85°C    3.96°C    4.05°C    4.15°C    4.24°C    4.32°C    4.40°C    4.48°C    4.55°C    4.61°C    4.67°C    4.72°C    4.78°C    4.82°C    4.87°C    4.90°C    4.93°C    4.96°C    4.98°C    5.01°C    5.04°C    5.06°C    5.09°C    5.12°C    5.15°C    5.17°C
       u@850    m/s     1.06     1.27     1.43     1.58     1.73     1.88     2.04     2.22     2.40     2.60     2.80     3.01     3.23     3.45     3.68     3.91     4.14     4.36     4.58     4.80     5.01     5.21     5.40     5.58     5.76     5.94     6.11     6.28     6.45     6.60     6.75     6.87     6.99     7.09     7.19     7.29     7.39     7.49     7.57     7.63     7.69     7.75     7.79     7.86     7.91     7.96     7.99     8.01     8.03     8.05     8.07     8.08     8.09     8.11     8.14     8.17
       v@850    m/s     1.07     1.27     1.43     1.57     1.72     1.87     2.04     2.21     2.39     2.58     2.78     2.99     3.21     3.44     3.67     3.90     4.13     4.35     4.58     4.79     5.00     5.21     5.41     5.61     5.79     5.96     6.12     6.28     6.42     6.55     6.67     6.79     6.89     6.98     7.08     7.18     7.28     7.37     7.45     7.51     7.57     7.62     7.67     7.72     7.77     7.80     7.84     7.87     7.89     7.90     7.92     7.94     7.96     7.97     7.98     7.98
       z@850    gpm      4.2      5.1      6.2      7.3      8.5      9.8     11.2     12.6     14.3     16.0     17.9     19.9     22.1     24.4     26.8     29.2     31.7     34.3     36.9     39.5     42.0     44.6     47.2     49.7     52.2     54.8     57.3     59.9     62.3     64.7     66.8     68.8     70.7     72.4     74.1     75.6     77.1     78.5     79.7     80.7     81.6     82.4     83.3     84.3     85.3     86.3     87.3     88.1     88.9     89.4     89.8     90.2     90.6     91.0     91.4     91.9
       z@500    gpm      5.6      6.5      7.9      9.2     10.8     12.6     14.5     16.5     18.7     21.1     23.7     26.5     29.5     32.6     35.8     39.1     42.5     46.1     49.7     53.3     56.9     60.6     64.4     68.2     72.0     75.8     79.6     83.2     86.7     90.0     93.1     95.9     98.6    101.2    103.6    106.0    108.2    110.4    112.3    114.0    115.7    117.2    118.7    120.1    121.3    122.5    123.5    124.5    125.3    125.9    126.4    126.9    127.4    127.9    128.5    129.1

Per-channel metrics overall (physical units, avg over 56 horizons):
    #        var      ACC  RMSE_norm    RMSE_phys     unit
    0        t2m   0.9857     0.1582       3.3432        K  (≈3.34 °C)
    1        10u   0.7026     0.7412       4.1245      m/s
    2        10v   0.5818     0.8763       4.1786      m/s
    3        msl   0.7874     0.5990       8.1083      hPa
    4         tp   0.3811     1.0519       0.0021        m
    5         sp   0.9964     0.0849       8.1021      hPa
    6       tcwv   0.9430     0.3356       5.5844    kg/m²
    7     z_surf   0.9998     0.0000       0.0000      gpm
    8        lsm   1.0000     0.0000       0.0000        -
    9      t@850   0.9686     0.2326       3.6069        K  (≈3.61 °C)
   10      u@850   0.7214     0.7374       6.0784      m/s
   11      v@850   0.5242     0.9559       6.0002      m/s
   12      z@850   0.8926     0.4086      62.2906      gpm
   13      q@850   0.9175     0.4050       0.0017    kg/kg
   14      t@500   0.9667     0.2637       3.4400        K  (≈3.44 °C)
   15      u@500   0.7390     0.7281       8.7568      m/s
   16      v@500   0.5217     0.9760       8.9863      m/s
   17      z@500   0.9640     0.2535      87.3566      gpm
   18      q@500   0.7643     0.6475       0.0007    kg/kg
   19      z@250   0.9782     0.2063     117.1752      gpm
   20      t@250   0.9087     0.4169       3.6109        K  (≈3.61 °C)
   21      u@250   0.7767     0.6765      12.2276      m/s
   22      v@250   0.5506     0.9661      12.9884      m/s
   23      q@250   0.7922     0.6096       0.0000    kg/kg
   24     z@1000   0.7983     0.5692      63.4205      gpm
   25     t@1000   0.9810     0.1917       3.2447        K  (≈3.24 °C)
   26     u@1000   0.7047     0.7415       4.5696      m/s
   27     v@1000   0.5777     0.8858       4.7078      m/s
   28     q@1000   0.9775     0.2136       0.0013    kg/kg
   29   sin_hour   0.2155     0.0000       0.0000        ?
   30   cos_hour   0.2155     0.0000       0.0000        ?
   31    sin_doy   0.0812     0.0000       0.0000        ?
   32    cos_doy   0.2285     0.0000       0.0000        ?

--- Region [50.0,60.0]N x [83.0,98.0]E (2501 nodes) ---
RMSE=0.500246 | base=0.663002 | skill=24.55%
ACC=0.5579 | base=0.3366

  Per-horizon (region):
    +06h: RMSE=0.076734 | base=0.251263 | skill=69.46% | ACC=0.9503 (base 0.8078)
    +12h: RMSE=0.091249 | base=0.377203 | skill=75.81% | ACC=0.9329 (base 0.6451)
    +18h: RMSE=0.102648 | base=0.460143 | skill=77.69% | ACC=0.9209 (base 0.5407)
    +24h: RMSE=0.112203 | base=0.517356 | skill=78.31% | ACC=0.9114 (base 0.4779)
    +30h: RMSE=0.122939 | base=0.560485 | skill=78.07% | ACC=0.9012 (base 0.4330)
    +36h: RMSE=0.133393 | base=0.594986 | skill=77.58% | ACC=0.8913 (base 0.3996)
    +42h: RMSE=0.144623 | base=0.623375 | skill=76.80% | ACC=0.8811 (base 0.3731)
    +48h: RMSE=0.158137 | base=0.646586 | skill=75.54% | ACC=0.8690 (base 0.3491)
    +54h: RMSE=0.173705 | base=0.668853 | skill=74.03% | ACC=0.8554 (base 0.3195)
    +60h: RMSE=0.190108 | base=0.683858 | skill=72.20% | ACC=0.8416 (base 0.2964)
    +66h: RMSE=0.208282 | base=0.695377 | skill=70.05% | ACC=0.8262 (base 0.2839)
    +72h: RMSE=0.227115 | base=0.702140 | skill=67.65% | ACC=0.8099 (base 0.2799)
    +78h: RMSE=0.243963 | base=0.707096 | skill=65.50% | ACC=0.7924 (base 0.2789)
    +84h: RMSE=0.260554 | base=0.709482 | skill=63.28% | ACC=0.7758 (base 0.2810)
    +90h: RMSE=0.278861 | base=0.710787 | skill=60.77% | ACC=0.7568 (base 0.2832)
    +96h: RMSE=0.297003 | base=0.710183 | skill=58.18% | ACC=0.7366 (base 0.2859)
    +102h: RMSE=0.316345 | base=0.706347 | skill=55.21% | ACC=0.7147 (base 0.2948)
    +108h: RMSE=0.335934 | base=0.699409 | skill=51.97% | ACC=0.6949 (base 0.3125)
    +114h: RMSE=0.355268 | base=0.694635 | skill=48.86% | ACC=0.6732 (base 0.3316)
    +120h: RMSE=0.373461 | base=0.690937 | skill=45.95% | ACC=0.6503 (base 0.3424)
    +126h: RMSE=0.391828 | base=0.692337 | skill=43.41% | ACC=0.6243 (base 0.3326)
    +132h: RMSE=0.408996 | base=0.692908 | skill=40.97% | ACC=0.5999 (base 0.3189)
    +138h: RMSE=0.427013 | base=0.690994 | skill=38.20% | ACC=0.5789 (base 0.3103)
    +144h: RMSE=0.445090 | base=0.687156 | skill=35.23% | ACC=0.5591 (base 0.3048)
    +150h: RMSE=0.466094 | base=0.682097 | skill=31.67% | ACC=0.5335 (base 0.2981)
    +156h: RMSE=0.489915 | base=0.671256 | skill=27.02% | ACC=0.5075 (base 0.3030)
    +162h: RMSE=0.512416 | base=0.657541 | skill=22.07% | ACC=0.4862 (base 0.3147)
    +168h: RMSE=0.531583 | base=0.644121 | skill=17.47% | ACC=0.4720 (base 0.3287)
    +174h: RMSE=0.546196 | base=0.638126 | skill=14.41% | ACC=0.4609 (base 0.3345)
    +180h: RMSE=0.556610 | base=0.638114 | skill=12.77% | ACC=0.4522 (base 0.3336)
    +186h: RMSE=0.565784 | base=0.644373 | skill=12.20% | ACC=0.4426 (base 0.3299)
    +192h: RMSE=0.575237 | base=0.649721 | skill=11.46% | ACC=0.4336 (base 0.3264)
    +198h: RMSE=0.580206 | base=0.652601 | skill=11.09% | ACC=0.4289 (base 0.3222)
    +204h: RMSE=0.584275 | base=0.649834 | skill=10.09% | ACC=0.4212 (base 0.3262)
    +210h: RMSE=0.587469 | base=0.644826 | skill=8.89% | ACC=0.4099 (base 0.3351)
    +216h: RMSE=0.591924 | base=0.641761 | skill=7.77% | ACC=0.3987 (base 0.3404)
    +222h: RMSE=0.595239 | base=0.644661 | skill=7.67% | ACC=0.3879 (base 0.3398)
    +228h: RMSE=0.601693 | base=0.651040 | skill=7.58% | ACC=0.3755 (base 0.3329)
    +234h: RMSE=0.610593 | base=0.661963 | skill=7.76% | ACC=0.3693 (base 0.3203)
    +240h: RMSE=0.622411 | base=0.671395 | skill=7.30% | ACC=0.3700 (base 0.3153)
    +246h: RMSE=0.631519 | base=0.681015 | skill=7.27% | ACC=0.3710 (base 0.3089)
    +252h: RMSE=0.637854 | base=0.690167 | skill=7.58% | ACC=0.3688 (base 0.3042)
    +258h: RMSE=0.637175 | base=0.698155 | skill=8.73% | ACC=0.3633 (base 0.3005)
    +264h: RMSE=0.641513 | base=0.703011 | skill=8.75% | ACC=0.3584 (base 0.2972)
    +270h: RMSE=0.653450 | base=0.706980 | skill=7.57% | ACC=0.3465 (base 0.2900)
    +276h: RMSE=0.666338 | base=0.707588 | skill=5.83% | ACC=0.3388 (base 0.2898)
    +282h: RMSE=0.682187 | base=0.706284 | skill=3.41% | ACC=0.3313 (base 0.2949)
    +288h: RMSE=0.691088 | base=0.703027 | skill=1.70% | ACC=0.3328 (base 0.3052)
    +294h: RMSE=0.689629 | base=0.702634 | skill=1.85% | ACC=0.3378 (base 0.3097)
    +300h: RMSE=0.684893 | base=0.704405 | skill=2.77% | ACC=0.3374 (base 0.3080)
    +306h: RMSE=0.680187 | base=0.707758 | skill=3.90% | ACC=0.3440 (base 0.2997)
    +312h: RMSE=0.682131 | base=0.708848 | skill=3.77% | ACC=0.3453 (base 0.2903)
    +318h: RMSE=0.681375 | base=0.708842 | skill=3.87% | ACC=0.3411 (base 0.2821)
    +324h: RMSE=0.678996 | base=0.705357 | skill=3.74% | ACC=0.3418 (base 0.2833)
    +330h: RMSE=0.677743 | base=0.698722 | skill=3.00% | ACC=0.3427 (base 0.2961)
    +336h: RMSE=0.676004 | base=0.692018 | skill=2.31% | ACC=0.3433 (base 0.3062)

  Per-horizon per-channel RMSE — REGION (2501 nodes):
           var   unit      +6h     +12h     +18h     +24h     +30h     +36h     +42h     +48h     +54h     +60h     +66h     +72h     +78h     +84h     +90h     +96h    +102h    +108h    +114h    +120h    +126h    +132h    +138h    +144h    +150h    +156h    +162h    +168h    +174h    +180h    +186h    +192h    +198h    +204h    +210h    +216h    +222h    +228h    +234h    +240h    +246h    +252h    +258h    +264h    +270h    +276h    +282h    +288h    +294h    +300h    +306h    +312h    +318h    +324h    +330h    +336h
           t2m      K    1.38°C    1.71°C    1.87°C    1.99°C    2.14°C    2.25°C    2.34°C    2.43°C    2.55°C    2.67°C    2.78°C    2.92°C    3.08°C    3.24°C    3.43°C    3.63°C    3.85°C    4.10°C    4.34°C    4.53°C    4.73°C    4.94°C    5.15°C    5.39°C    5.64°C    5.88°C    6.08°C    6.28°C    6.40°C    6.50°C    6.61°C    6.71°C    6.82°C    6.99°C    7.16°C    7.33°C    7.53°C    7.88°C    8.04°C    8.23°C    8.49°C    8.78°C    8.94°C    9.10°C    9.30°C    9.50°C    9.61°C    9.61°C    9.51°C    9.50°C    9.46°C    9.52°C    9.60°C    9.67°C    9.60°C    9.68°C
           10u    m/s     0.47     0.56     0.62     0.66     0.70     0.75     0.79     0.84     0.91     0.97     1.03     1.09     1.15     1.20     1.24     1.29     1.37     1.46     1.55     1.61     1.63     1.66     1.72     1.79     1.89     2.00     2.08     2.12     2.14     2.16     2.19     2.21     2.22     2.26     2.27     2.31     2.39     2.48     2.54     2.58     2.60     2.63     2.63     2.65     2.62     2.62     2.63     2.59     2.56     2.57     2.54     2.53     2.57     2.63     2.64     2.60
           10v    m/s     0.45     0.54     0.59     0.62     0.66     0.70     0.73     0.76     0.81     0.85     0.90     0.94     0.99     1.05     1.11     1.17     1.22     1.27     1.33     1.40     1.47     1.54     1.62     1.66     1.72     1.81     1.87     1.88     1.90     1.86     1.84     1.87     1.91     1.97     2.05     2.09     2.13     2.15     2.16     2.14     2.10     2.06     2.09     2.15     2.17     2.15     2.12     2.06     2.03     2.01     2.00     2.02     2.04     2.06     2.11     2.15
           msl    hPa     0.72     0.89     1.08     1.22     1.41     1.58     1.76     1.99     2.24     2.54     2.85     3.18     3.48     3.73     4.02     4.34     4.73     5.14     5.48     5.72     5.99     6.27     6.52     6.75     7.01     7.32     7.70     8.07     8.44     8.87     9.31     9.67     9.92    10.00     9.98    10.04    10.11    10.28    10.49    10.73    11.00    11.20    11.15    11.17    11.50    12.06    12.49    12.79    12.79    12.59    12.41    12.59    12.88    13.10    13.19    13.31
         t@850      K    0.77°C    0.96°C    1.09°C    1.17°C    1.26°C    1.32°C    1.38°C    1.45°C    1.54°C    1.63°C    1.74°C    1.86°C    2.00°C    2.14°C    2.30°C    2.49°C    2.72°C    2.95°C    3.15°C    3.34°C    3.56°C    3.80°C    4.01°C    4.18°C    4.34°C    4.52°C    4.67°C    4.73°C    4.72°C    4.69°C    4.72°C    4.81°C    4.93°C    5.02°C    5.13°C    5.29°C    5.54°C    5.74°C    5.87°C    5.95°C    6.01°C    6.11°C    6.25°C    6.52°C    6.75°C    6.85°C    6.81°C    6.74°C    6.72°C    6.69°C    6.60°C    6.49°C    6.45°C    6.45°C    6.47°C    6.52°C
         u@850    m/s     1.12     1.35     1.51     1.64     1.76     1.89     2.04     2.21     2.39     2.58     2.77     2.95     3.09     3.21     3.39     3.62     3.90     4.20     4.42     4.55     4.66     4.87     5.13     5.31     5.61     6.03     6.37     6.56     6.73     6.89     6.96     6.98     7.05     7.11     7.13     7.28     7.48     7.68     7.75     7.81     7.90     7.92     7.83     7.77     7.75     7.77     7.70     7.57     7.53     7.58     7.64     7.70     7.66     7.64     7.58     7.59
         v@850    m/s     1.00     1.16     1.30     1.39     1.49     1.58     1.71     1.85     2.01     2.17     2.36     2.55     2.69     2.81     2.98     3.17     3.32     3.41     3.57     3.78     3.94     4.01     4.11     4.26     4.43     4.70     4.89     5.07     5.17     5.13     5.14     5.30     5.34     5.40     5.48     5.62     5.77     5.96     6.09     6.18     6.10     5.96     5.94     6.19     6.28     6.26     6.26     6.19     6.06     5.98     5.95     6.02     6.09     6.26     6.41     6.47
         z@850    gpm      3.8      4.9      6.2      7.2      8.5      9.9     11.2     12.9     14.7     16.7     18.8     21.0     23.0     24.6     26.6     28.9     31.3     33.9     36.3     38.2     40.1     41.9     43.5     44.7     46.1     48.0     50.8     53.9     57.0     60.4     63.8     66.7     68.8     69.6     69.7     70.2     70.9     72.1     74.0     75.8     77.4     78.3     77.9     76.9     77.4     79.1     80.7     82.6     83.1     82.2     81.4     83.2     85.5     87.2     88.5     90.2
         z@500    gpm      5.5      6.8      8.2      9.4     11.0     12.7     14.5     16.6     19.2     22.1     25.3     28.7     31.8     34.9     38.3     42.2     45.9     49.7     54.0     58.9     63.4     67.9     72.1     75.7     79.3     83.0     87.1     91.3     94.8     97.6    100.9    105.3    109.5    112.6    115.2    118.5    122.0    124.5    126.3    127.3    129.1    132.3    134.9    135.5    134.3    132.2    131.4    132.7    134.7    135.4    134.1    133.2    133.5    135.3    138.4    142.1

  Per-channel region (physical units, avg over 56 horizons):
      #        var      ACC  RMSE_norm    RMSE_phys     unit
      0        t2m   0.6760     0.3132       6.6178        K  (≈6.62 °C)
      1        10u   0.5466     0.3589       1.9973      m/s
      2        10v   0.5057     0.3532       1.6843      m/s
      3        msl   0.6846     0.6388       8.6470      hPa
      4         tp   0.2317     0.0786       0.0002        m
      5         sp   0.9988     0.0839       8.0059      hPa
      6       tcwv   0.6326     0.1207       2.0089    kg/m²
      7     z_surf   1.0000     0.0000       0.0000      gpm
      8        lsm   1.0000     0.0000       0.0000        -
      9      t@850   0.6143     0.3028       4.6938        K  (≈4.69 °C)
     10      u@850   0.6862     0.7248       5.9747      m/s
     11      v@850   0.4981     0.7546       4.7366      m/s
     12      z@850   0.8494     0.3828      58.3443      gpm
     13      q@850   0.4746     0.1420       0.0006    kg/kg
     14      t@500   0.5381     0.3118       4.0681        K  (≈4.07 °C)
     15      u@500   0.4054     0.8299       9.9809      m/s
     16      v@500   0.4154     1.0650       9.8056      m/s
     17      z@500   0.7872     0.2773      95.5711      gpm
     18      q@500   0.2846     0.1654       0.0002    kg/kg
     19      z@250   0.7529     0.2294     130.2912      gpm
     20      t@250   0.3552     0.4242       3.6743        K  (≈3.67 °C)
     21      u@250   0.4073     0.7599      13.7355      m/s
     22      v@250   0.3948     1.0605      14.2569      m/s
     23      q@250   0.1708     0.0753       0.0000    kg/kg
     24     z@1000   0.7258     0.5659      63.0460      gpm
     25     t@1000   0.7584     0.3325       5.6291        K  (≈5.63 °C)
     26     u@1000   0.5474     0.3232       1.9918      m/s
     27     v@1000   0.5316     0.3252       1.7285      m/s
     28     q@1000   0.5896     0.1011       0.0006    kg/kg
     29   sin_hour   0.0155     0.0000       0.0000        ?
     30   cos_hour   0.0155     0.0000       0.0000        ?
     31    sin_doy   0.0021     0.0000       0.0000        ?
     32    cos_doy   0.0094     0.0000       0.0000        ?
============================================================
