### PROVENANCE ###############################################
# tag: a33_long_oi10_first4 | started: 2026-08-07T03:12:46+00:00 | host: k8smr-macos-build--graphcast-v4-3510779436-task-0
# git commit: fe696dd | gpu: NVIDIA H100 80GB HBM3
# dataset: /data/datasets/multires_krsk_33f
# ckpt md5: d813295b852259016749d0ee43a1b8f3 (эпоха 29)
# COMMAND:
#   python -u scripts/predict.py experiments/multires_krsk_33f --data-dir /data/datasets/multires_krsk_33f --ckpt /data/paper_heavy/krsk33f_last_epoch.pth --per-channel --no-save --save-sample-metrics /workdir/paper_results/a33_long_oi10_first4_samples.npz --split test_only --ar-steps 56 --max-samples 200 --region 50 60 83 98 --assim-method oi --obs-sparsity 0.1 --obs-roi-only --obs-seed 42 --oi-corr-len 100000 --oi-sigma-o 0.5 --oi-first-k 4
##############################################################

[predict] data_dir=/data/datasets/multires_krsk_33f (chunked=True, pred_steps=56)
[ChunkDataset] склеиваем data.npy (19ch) + data_extra.npy (14ch) → 33ch
[ChunkDataset] train: 12812 samples, flat_nodes=133279, feat=33, obs=2, pred=56
[ChunkDataset] склеиваем data.npy (19ch) + data_extra.npy (14ch) → 33ch
[ChunkDataset] val: 1601 samples, flat_nodes=133279, feat=33, obs=2, pred=56
[ChunkDataset] склеиваем data.npy (19ch) + data_extra.npy (14ch) → 33ch
[ChunkDataset] test_only: 1602 samples, flat_nodes=133279, feat=33, obs=2, pred=56
Encoder summary: 
+---------------------------+----------------------------+----------------+----------+
| Layer                     | Input Shape                | Output Shape   | #Param   |
|---------------------------+----------------------------+----------------+----------|
| Model                     | [174241, 72], [2, 207099]  | [174241, 256]  | 348,162  |
| ├─(mlp)MLP                |                            | [174241, 256]  | 150,786  |
| │    └─(MLP)ModuleList    | --                         | --             | 150,786  |
| │    │    └─(0)Linear     | [174241, 72]               | [174241, 256]  | 18,688   |
| │    │    └─(1)PReLU      | [174241, 256]              | [174241, 256]  | 1        |
| │    │    └─(2)Linear     | [174241, 256]              | [174241, 256]  | 65,792   |
| │    │    └─(3)PReLU      | [174241, 256]              | [174241, 256]  | 1        |
| │    │    └─(4)Linear     | [174241, 256]              | [174241, 256]  | 65,792   |
| │    │    └─(5)LayerNorm  | [174241, 256]              | [174241, 256]  | 512      |
| ├─(graph_layer)GraphLayer |                            | [174241, 256]  | 197,376  |
| │    └─(activation)SiLU   | [174241, 256]              | [174241, 256]  | --       |
| │    └─(layers)ModuleList | --                         | --             | 197,376  |
| │    │    └─(0)GCNConv    | [174241, 256], [2, 207099] | [174241, 256]  | 65,792   |
| │    │    └─(1)SiLU       | [174241, 256]              | [174241, 256]  | --       |
| │    │    └─(2)GCNConv    | [174241, 256], [2, 207099] | [174241, 256]  | 65,792   |
| │    │    └─(3)SiLU       | --                         | --             | --       |
| │    │    └─(4)GCNConv    | [174241, 256], [2, 207099] | [174241, 256]  | 65,792   |
+---------------------------+----------------------------+----------------+----------+

Processor summary: 
  (summary skipped: Expected all tensors to be on the same device, but found at least two devices, cuda:0 and cpu! (when checking argument for argument mat1 in method wrapper_CUDA_addmm))

Decoder summary: 
+---------------------------+----------------------------+----------------+----------+
| Layer                     | Input Shape                | Output Shape   | #Param   |
|---------------------------+----------------------------+----------------+----------|
| Model                     | [174241, 256], [2, 399837] | [174241, 33]   | 152,483  |
| ├─(mlp)MLP                |                            | [174241, 128]  | 115,202  |
| │    └─(MLP)ModuleList    | --                         | --             | 115,202  |
| │    │    └─(0)Linear     | [174241, 256]              | [174241, 256]  | 65,792   |
| │    │    └─(1)PReLU      | [174241, 256]              | [174241, 256]  | 1        |
| │    │    └─(2)Linear     | [174241, 256]              | [174241, 128]  | 32,896   |
| │    │    └─(3)PReLU      | [174241, 128]              | [174241, 128]  | 1        |
| │    │    └─(4)Linear     | [174241, 128]              | [174241, 128]  | 16,512   |
| ├─(graph_layer)GraphLayer |                            | [174241, 33]   | 37,281   |
| │    └─(activation)SiLU   | [174241, 128]              | [174241, 128]  | --       |
| │    └─(layers)ModuleList | --                         | --             | 37,281   |
| │    │    └─(0)GCNConv    | [174241, 128], [2, 399837] | [174241, 128]  | 16,512   |
| │    │    └─(1)SiLU       | [174241, 128]              | [174241, 128]  | --       |
| │    │    └─(2)GCNConv    | [174241, 128], [2, 399837] | [174241, 128]  | 16,512   |
| │    │    └─(3)SiLU       | --                         | --             | --       |
| │    │    └─(4)GCNConv    | [174241, 128], [2, 399837] | [174241, 33]   | 4,257    |
+---------------------------+----------------------------+----------------+----------+

[AR-rollout] Модель выдаёт 1 шаг(ов), но мы прогоним 56 шагов авторегрессионно.
[static] Каналы [7, 8] — статика, carry-forward при AR
[forcing] Каналы [29, 30, 31, 32] — форсинг (из ground truth при AR)
[predict] device=cuda | grid=0x0 | 200/1602 test samples
[Region] 2501 nodes (--region [50.0,60.0]N x [83.0,98.0]E)
[OI] ROI mode: B matrix 2501×2501 (25 MB)
[Inline-obs] 250 станций (10.0% от 2501 узлов, seed=42)
[metrics] Исключены из aggregate метрик: каналы [7, 8, 29, 30, 31, 32] (static+forcing)
[metrics] per-sample MSE будут сохранены в /workdir/paper_results/a33_long_oi10_first4_samples.npz
[assim] Residual-модель: ОИ применяется пошагово в AR-цикле (первые 4 шагов)
[Main] Инференс (200 samples, DA=oi)...
  [50/200] RMSE=0.645379 ACC=0.7838
  [100/200] RMSE=0.630529 ACC=0.7876
  [150/200] RMSE=0.625165 ACC=0.7905
  [200/200] RMSE=0.624097 ACC=0.7928
[Save] per-sample metrics → /workdir/paper_results/a33_long_oi10_first4_samples.npz (N=200, AR=56, C=33)

============================================================
=== Inference summary (200 samples) ===
Grid: 0x0 (G=133279) | C=33 | AR=56 horizons
Overall: MSE=0.389497 | RMSE=0.624097 | MAE=0.332625
Baseline: RMSE=0.831300 | MAE=0.488264
Skill: 24.93%
ACC: 0.7928 | base: 0.6345 | Δ=+0.1583

Per-horizon:
  +06h: RMSE=0.122306 | base=0.353267 | skill=65.38% | ACC=0.9922 (base 0.9355)
  +12h: RMSE=0.154117 | base=0.501430 | skill=69.26% | ACC=0.9876 (base 0.8690)
  +18h: RMSE=0.182313 | base=0.592491 | skill=69.23% | ACC=0.9824 (base 0.8160)
  +24h: RMSE=0.201082 | base=0.651720 | skill=69.15% | ACC=0.9784 (base 0.7767)
  +30h: RMSE=0.217121 | base=0.700992 | skill=69.03% | ACC=0.9746 (base 0.7411)
  +36h: RMSE=0.232624 | base=0.734049 | skill=68.31% | ACC=0.9707 (base 0.7157)
  +42h: RMSE=0.248497 | base=0.756769 | skill=67.16% | ACC=0.9665 (base 0.6975)
  +48h: RMSE=0.264487 | base=0.770750 | skill=65.68% | ACC=0.9620 (base 0.6861)
  +54h: RMSE=0.281170 | base=0.786815 | skill=64.26% | ACC=0.9570 (base 0.6726)
  +60h: RMSE=0.298570 | base=0.797070 | skill=62.54% | ACC=0.9514 (base 0.6639)
  +66h: RMSE=0.316621 | base=0.803549 | skill=60.60% | ACC=0.9453 (base 0.6581)
  +72h: RMSE=0.335260 | base=0.805774 | skill=58.39% | ACC=0.9387 (base 0.6561)
  +78h: RMSE=0.354517 | base=0.811859 | skill=56.33% | ACC=0.9314 (base 0.6506)
  +84h: RMSE=0.374275 | base=0.814022 | skill=54.02% | ACC=0.9236 (base 0.6487)
  +90h: RMSE=0.394314 | base=0.814287 | skill=51.58% | ACC=0.9152 (base 0.6483)
  +96h: RMSE=0.414436 | base=0.813067 | skill=49.03% | ACC=0.9064 (base 0.6494)
  +102h: RMSE=0.434658 | base=0.819458 | skill=46.96% | ACC=0.8972 (base 0.6438)
  +108h: RMSE=0.454767 | base=0.826220 | skill=44.96% | ACC=0.8875 (base 0.6380)
  +114h: RMSE=0.474873 | base=0.833532 | skill=43.03% | ACC=0.8775 (base 0.6315)
  +120h: RMSE=0.494751 | base=0.838668 | skill=41.01% | ACC=0.8671 (base 0.6271)
  +126h: RMSE=0.514581 | base=0.848178 | skill=39.33% | ACC=0.8564 (base 0.6185)
  +132h: RMSE=0.534266 | base=0.853947 | skill=37.44% | ACC=0.8455 (base 0.6134)
  +138h: RMSE=0.553522 | base=0.857172 | skill=35.42% | ACC=0.8343 (base 0.6104)
  +144h: RMSE=0.571917 | base=0.857010 | skill=33.27% | ACC=0.8233 (base 0.6107)
  +150h: RMSE=0.589669 | base=0.860816 | skill=31.50% | ACC=0.8123 (base 0.6071)
  +156h: RMSE=0.607036 | base=0.861687 | skill=29.55% | ACC=0.8014 (base 0.6064)
  +162h: RMSE=0.624135 | base=0.861030 | skill=27.51% | ACC=0.7904 (base 0.6070)
  +168h: RMSE=0.640627 | base=0.858442 | skill=25.37% | ACC=0.7796 (base 0.6095)
  +174h: RMSE=0.656285 | base=0.861150 | skill=23.79% | ACC=0.7691 (base 0.6070)
  +180h: RMSE=0.671018 | base=0.862006 | skill=22.16% | ACC=0.7590 (base 0.6064)
  +186h: RMSE=0.684858 | base=0.862110 | skill=20.56% | ACC=0.7493 (base 0.6063)
  +192h: RMSE=0.697437 | base=0.860414 | skill=18.94% | ACC=0.7403 (base 0.6081)
  +198h: RMSE=0.708811 | base=0.864198 | skill=17.98% | ACC=0.7320 (base 0.6047)
  +204h: RMSE=0.719627 | base=0.866006 | skill=16.90% | ACC=0.7241 (base 0.6032)
  +210h: RMSE=0.730079 | base=0.866899 | skill=15.78% | ACC=0.7163 (base 0.6025)
  +216h: RMSE=0.740141 | base=0.865905 | skill=14.52% | ACC=0.7088 (base 0.6036)
  +222h: RMSE=0.749846 | base=0.870217 | skill=13.83% | ACC=0.7014 (base 0.5996)
  +228h: RMSE=0.759184 | base=0.872731 | skill=13.01% | ACC=0.6944 (base 0.5975)
  +234h: RMSE=0.767747 | base=0.874726 | skill=12.23% | ACC=0.6879 (base 0.5958)
  +240h: RMSE=0.775103 | base=0.874987 | skill=11.42% | ACC=0.6822 (base 0.5957)
  +246h: RMSE=0.781929 | base=0.880083 | skill=11.15% | ACC=0.6768 (base 0.5910)
  +252h: RMSE=0.788173 | base=0.882676 | skill=10.71% | ACC=0.6719 (base 0.5888)
  +258h: RMSE=0.794088 | base=0.883826 | skill=10.15% | ACC=0.6670 (base 0.5877)
  +264h: RMSE=0.799980 | base=0.882353 | skill=9.34% | ACC=0.6621 (base 0.5892)
  +270h: RMSE=0.805656 | base=0.885103 | skill=8.98% | ACC=0.6573 (base 0.5865)
  +276h: RMSE=0.810624 | base=0.884968 | skill=8.40% | ACC=0.6532 (base 0.5866)
  +282h: RMSE=0.815258 | base=0.883161 | skill=7.69% | ACC=0.6495 (base 0.5882)
  +288h: RMSE=0.819281 | base=0.879355 | skill=6.83% | ACC=0.6463 (base 0.5917)
  +294h: RMSE=0.822689 | base=0.881746 | skill=6.70% | ACC=0.6436 (base 0.5893)
  +300h: RMSE=0.825488 | base=0.883536 | skill=6.57% | ACC=0.6411 (base 0.5876)
  +306h: RMSE=0.827686 | base=0.884933 | skill=6.47% | ACC=0.6390 (base 0.5862)
  +312h: RMSE=0.829431 | base=0.883943 | skill=6.17% | ACC=0.6373 (base 0.5871)
  +318h: RMSE=0.831161 | base=0.887324 | skill=6.33% | ACC=0.6357 (base 0.5838)
  +324h: RMSE=0.833042 | base=0.888451 | skill=6.24% | ACC=0.6341 (base 0.5828)
  +330h: RMSE=0.835147 | base=0.888550 | skill=6.01% | ACC=0.6325 (base 0.5827)
  +336h: RMSE=0.837632 | base=0.886160 | skill=5.48% | ACC=0.6306 (base 0.5851)

Per-horizon per-channel RMSE (physical units):
         var   unit      +6h     +12h     +18h     +24h     +30h     +36h     +42h     +48h     +54h     +60h     +66h     +72h     +78h     +84h     +90h     +96h    +102h    +108h    +114h    +120h    +126h    +132h    +138h    +144h    +150h    +156h    +162h    +168h    +174h    +180h    +186h    +192h    +198h    +204h    +210h    +216h    +222h    +228h    +234h    +240h    +246h    +252h    +258h    +264h    +270h    +276h    +282h    +288h    +294h    +300h    +306h    +312h    +318h    +324h    +330h    +336h
         t2m      K    0.77°C    0.92°C    1.00°C    1.07°C    1.17°C    1.25°C    1.32°C    1.39°C    1.47°C    1.54°C    1.62°C    1.70°C    1.79°C    1.88°C    1.97°C    2.07°C    2.17°C    2.27°C    2.38°C    2.48°C    2.58°C    2.68°C    2.79°C    2.89°C    2.99°C    3.09°C    3.18°C    3.27°C    3.37°C    3.46°C    3.55°C    3.63°C    3.71°C    3.79°C    3.86°C    3.94°C    4.00°C    4.07°C    4.13°C    4.20°C    4.26°C    4.31°C    4.36°C    4.40°C    4.43°C    4.47°C    4.50°C    4.53°C    4.54°C    4.56°C    4.58°C    4.60°C    4.62°C    4.64°C    4.65°C    4.67°C
         10u    m/s     0.70     0.84     0.95     1.04     1.15     1.26     1.38     1.50     1.63     1.77     1.91     2.06     2.21     2.37     2.53     2.69     2.84     3.00     3.15     3.30     3.44     3.58     3.72     3.84     3.96     4.07     4.18     4.29     4.40     4.50     4.59     4.68     4.76     4.83     4.89     4.96     5.02     5.07     5.13     5.17     5.20     5.24     5.27     5.31     5.34     5.37     5.40     5.41     5.42     5.43     5.44     5.45     5.45     5.46     5.47     5.49
         10v    m/s     0.71     0.85     0.96     1.06     1.17     1.28     1.39     1.52     1.64     1.78     1.92     2.07     2.23     2.39     2.55     2.71     2.87     3.02     3.18     3.33     3.48     3.63     3.77     3.90     4.03     4.14     4.25     4.37     4.47     4.57     4.66     4.74     4.80     4.87     4.93     5.00     5.07     5.13     5.19     5.24     5.28     5.31     5.35     5.38     5.41     5.44     5.46     5.48     5.50     5.51     5.52     5.53     5.54     5.54     5.54     5.55
         msl    hPa     0.57     0.71     0.86     0.99     1.15     1.31     1.49     1.68     1.90     2.13     2.37     2.64     2.93     3.23     3.55     3.87     4.20     4.54     4.89     5.23     5.56     5.89     6.22     6.55     6.87     7.19     7.50     7.82     8.14     8.44     8.73     9.00     9.24     9.46     9.67     9.86    10.05    10.22    10.37    10.49    10.59    10.68    10.78    10.90    11.03    11.17    11.31    11.44    11.56    11.65    11.71    11.75    11.78    11.81    11.85    11.90
       t@850      K    0.62°C    0.75°C    0.83°C    0.90°C    0.97°C    1.04°C    1.11°C    1.18°C    1.26°C    1.35°C    1.44°C    1.54°C    1.64°C    1.75°C    1.87°C    1.99°C    2.11°C    2.24°C    2.37°C    2.49°C    2.62°C    2.75°C    2.88°C    3.01°C    3.14°C    3.27°C    3.39°C    3.51°C    3.63°C    3.74°C    3.85°C    3.95°C    4.05°C    4.15°C    4.24°C    4.32°C    4.40°C    4.48°C    4.54°C    4.61°C    4.67°C    4.72°C    4.77°C    4.82°C    4.86°C    4.90°C    4.93°C    4.95°C    4.98°C    5.01°C    5.04°C    5.07°C    5.10°C    5.12°C    5.15°C    5.18°C
       u@850    m/s     1.06     1.26     1.42     1.57     1.72     1.88     2.04     2.22     2.40     2.59     2.80     3.01     3.22     3.45     3.67     3.90     4.13     4.35     4.57     4.79     5.00     5.21     5.40     5.58     5.75     5.94     6.11     6.28     6.44     6.60     6.75     6.88     7.00     7.10     7.20     7.29     7.39     7.48     7.56     7.62     7.68     7.73     7.78     7.84     7.90     7.95     7.98     8.01     8.04     8.06     8.08     8.08     8.10     8.11     8.13     8.16
       v@850    m/s     1.06     1.27     1.42     1.57     1.72     1.87     2.03     2.20     2.38     2.57     2.77     2.99     3.21     3.43     3.66     3.90     4.12     4.35     4.57     4.79     5.00     5.21     5.41     5.61     5.79     5.95     6.12     6.27     6.42     6.55     6.68     6.79     6.89     6.98     7.08     7.18     7.28     7.37     7.44     7.49     7.54     7.59     7.64     7.69     7.74     7.78     7.82     7.86     7.89     7.91     7.93     7.95     7.97     7.98     7.99     8.00
       z@850    gpm      4.2      5.1      6.2      7.2      8.4      9.7     11.1     12.6     14.2     16.0     17.9     19.9     22.0     24.3     26.7     29.2     31.7     34.2     36.8     39.4     42.0     44.6     47.1     49.7     52.2     54.7     57.2     59.7     62.2     64.6     66.8     68.9     70.7     72.4     74.1     75.6     77.0     78.4     79.6     80.5     81.4     82.2     83.1     84.0     85.1     86.2     87.4     88.4     89.3     90.0     90.4     90.7     91.0     91.2     91.6     92.0
       z@500    gpm      5.6      6.5      7.8      9.1     10.8     12.5     14.4     16.5     18.7     21.1     23.7     26.4     29.4     32.5     35.7     39.0     42.4     46.0     49.6     53.2     56.8     60.6     64.4     68.2     72.0     75.8     79.5     83.1     86.6     89.9     93.0     95.9     98.7    101.2    103.7    106.0    108.2    110.3    112.1    113.8    115.4    116.8    118.2    119.6    121.0    122.2    123.4    124.5    125.4    126.2    126.8    127.2    127.6    128.1    128.7    129.3

Per-channel metrics overall (physical units, avg over 56 horizons):
    #        var      ACC  RMSE_norm    RMSE_phys     unit
    0        t2m   0.9857     0.1583       3.3443        K  (≈3.34 °C)
    1        10u   0.7026     0.7411       4.1234      m/s
    2        10v   0.5818     0.8759       4.1770      m/s
    3        msl   0.7872     0.5994       8.1127      hPa
    4         tp   0.3813     1.0518       0.0021        m
    5         sp   0.9964     0.0850       8.1057      hPa
    6       tcwv   0.9430     0.3355       5.5826    kg/m²
    7     z_surf   0.9998     0.0000       0.0000      gpm
    8        lsm   1.0000     0.0000       0.0000        -
    9      t@850   0.9686     0.2326       3.6054        K  (≈3.61 °C)
   10      u@850   0.7215     0.7370       6.0753      m/s
   11      v@850   0.5246     0.9553       5.9965      m/s
   12      z@850   0.8927     0.4088      62.3130      gpm
   13      q@850   0.9175     0.4050       0.0017    kg/kg
   14      t@500   0.9667     0.2638       3.4423        K  (≈3.44 °C)
   15      u@500   0.7395     0.7274       8.7478      m/s
   16      v@500   0.5225     0.9748       8.9753      m/s
   17      z@500   0.9640     0.2534      87.3252      gpm
   18      q@500   0.7644     0.6474       0.0007    kg/kg
   19      z@250   0.9782     0.2065     117.2521      gpm
   20      t@250   0.9087     0.4171       3.6127        K  (≈3.61 °C)
   21      u@250   0.7772     0.6757      12.2138      m/s
   22      v@250   0.5509     0.9652      12.9754      m/s
   23      q@250   0.7923     0.6095       0.0000    kg/kg
   24     z@1000   0.7981     0.5696      63.4587      gpm
   25     t@1000   0.9810     0.1917       3.2455        K  (≈3.25 °C)
   26     u@1000   0.7046     0.7413       4.5688      m/s
   27     v@1000   0.5778     0.8853       4.7054      m/s
   28     q@1000   0.9776     0.2136       0.0013    kg/kg
   29   sin_hour   0.2155     0.0000       0.0000        ?
   30   cos_hour   0.2155     0.0000       0.0000        ?
   31    sin_doy   0.0812     0.0000       0.0000        ?
   32    cos_doy   0.2285     0.0000       0.0000        ?

--- Region [50.0,60.0]N x [83.0,98.0]E (2501 nodes) ---
RMSE=0.500629 | base=0.663002 | skill=24.49%
ACC=0.5623 | base=0.3366

  Per-horizon (region):
    +06h: RMSE=0.048673 | base=0.251263 | skill=80.63% | ACC=0.9799 (base 0.8078)
    +12h: RMSE=0.057445 | base=0.377203 | skill=84.77% | ACC=0.9742 (base 0.6451)
    +18h: RMSE=0.061981 | base=0.460143 | skill=86.53% | ACC=0.9712 (base 0.5407)
    +24h: RMSE=0.065068 | base=0.517356 | skill=87.42% | ACC=0.9691 (base 0.4779)
    +30h: RMSE=0.102542 | base=0.560485 | skill=81.70% | ACC=0.9247 (base 0.4330)
    +36h: RMSE=0.120051 | base=0.594986 | skill=79.82% | ACC=0.9047 (base 0.3996)
    +42h: RMSE=0.135603 | base=0.623375 | skill=78.25% | ACC=0.8897 (base 0.3731)
    +48h: RMSE=0.151477 | base=0.646586 | skill=76.57% | ACC=0.8754 (base 0.3491)
    +54h: RMSE=0.168406 | base=0.668853 | skill=74.82% | ACC=0.8604 (base 0.3195)
    +60h: RMSE=0.185355 | base=0.683858 | skill=72.90% | ACC=0.8461 (base 0.2964)
    +66h: RMSE=0.203792 | base=0.695377 | skill=70.69% | ACC=0.8303 (base 0.2839)
    +72h: RMSE=0.222907 | base=0.702140 | skill=68.25% | ACC=0.8137 (base 0.2799)
    +78h: RMSE=0.239835 | base=0.707096 | skill=66.08% | ACC=0.7963 (base 0.2789)
    +84h: RMSE=0.256449 | base=0.709482 | skill=63.85% | ACC=0.7797 (base 0.2810)
    +90h: RMSE=0.274955 | base=0.710787 | skill=61.32% | ACC=0.7609 (base 0.2832)
    +96h: RMSE=0.293421 | base=0.710183 | skill=58.68% | ACC=0.7406 (base 0.2859)
    +102h: RMSE=0.313415 | base=0.706347 | skill=55.63% | ACC=0.7182 (base 0.2948)
    +108h: RMSE=0.333744 | base=0.699409 | skill=52.28% | ACC=0.6979 (base 0.3125)
    +114h: RMSE=0.353732 | base=0.694635 | skill=49.08% | ACC=0.6756 (base 0.3316)
    +120h: RMSE=0.372608 | base=0.690937 | skill=46.07% | ACC=0.6518 (base 0.3424)
    +126h: RMSE=0.391668 | base=0.692337 | skill=43.43% | ACC=0.6244 (base 0.3326)
    +132h: RMSE=0.409248 | base=0.692908 | skill=40.94% | ACC=0.5988 (base 0.3189)
    +138h: RMSE=0.426956 | base=0.690994 | skill=38.21% | ACC=0.5781 (base 0.3103)
    +144h: RMSE=0.443781 | base=0.687156 | skill=35.42% | ACC=0.5599 (base 0.3048)
    +150h: RMSE=0.463343 | base=0.682097 | skill=32.07% | ACC=0.5358 (base 0.2981)
    +156h: RMSE=0.485765 | base=0.671256 | skill=27.63% | ACC=0.5109 (base 0.3030)
    +162h: RMSE=0.507861 | base=0.657541 | skill=22.76% | ACC=0.4900 (base 0.3147)
    +168h: RMSE=0.527928 | base=0.644121 | skill=18.04% | ACC=0.4751 (base 0.3287)
    +174h: RMSE=0.544642 | base=0.638126 | skill=14.65% | ACC=0.4630 (base 0.3345)
    +180h: RMSE=0.556838 | base=0.638114 | skill=12.74% | ACC=0.4536 (base 0.3336)
    +186h: RMSE=0.567252 | base=0.644373 | skill=11.97% | ACC=0.4426 (base 0.3299)
    +192h: RMSE=0.577777 | base=0.649721 | skill=11.07% | ACC=0.4330 (base 0.3264)
    +198h: RMSE=0.583624 | base=0.652601 | skill=10.57% | ACC=0.4280 (base 0.3222)
    +204h: RMSE=0.588187 | base=0.649834 | skill=9.49% | ACC=0.4203 (base 0.3262)
    +210h: RMSE=0.590643 | base=0.644826 | skill=8.40% | ACC=0.4090 (base 0.3351)
    +216h: RMSE=0.593943 | base=0.641761 | skill=7.45% | ACC=0.3985 (base 0.3404)
    +222h: RMSE=0.597400 | base=0.644661 | skill=7.33% | ACC=0.3881 (base 0.3398)
    +228h: RMSE=0.604233 | base=0.651040 | skill=7.19% | ACC=0.3745 (base 0.3329)
    +234h: RMSE=0.613012 | base=0.661963 | skill=7.39% | ACC=0.3659 (base 0.3203)
    +240h: RMSE=0.624179 | base=0.671395 | skill=7.03% | ACC=0.3650 (base 0.3153)
    +246h: RMSE=0.633047 | base=0.681015 | skill=7.04% | ACC=0.3655 (base 0.3089)
    +252h: RMSE=0.637031 | base=0.690167 | skill=7.70% | ACC=0.3642 (base 0.3042)
    +258h: RMSE=0.636533 | base=0.698155 | skill=8.83% | ACC=0.3589 (base 0.3005)
    +264h: RMSE=0.640899 | base=0.703011 | skill=8.84% | ACC=0.3557 (base 0.2972)
    +270h: RMSE=0.651958 | base=0.706980 | skill=7.78% | ACC=0.3475 (base 0.2900)
    +276h: RMSE=0.665218 | base=0.707588 | skill=5.99% | ACC=0.3379 (base 0.2898)
    +282h: RMSE=0.678515 | base=0.706284 | skill=3.93% | ACC=0.3347 (base 0.2949)
    +288h: RMSE=0.690230 | base=0.703027 | skill=1.82% | ACC=0.3340 (base 0.3052)
    +294h: RMSE=0.694828 | base=0.702634 | skill=1.11% | ACC=0.3396 (base 0.3097)
    +300h: RMSE=0.694483 | base=0.704405 | skill=1.41% | ACC=0.3413 (base 0.3080)
    +306h: RMSE=0.693840 | base=0.707758 | skill=1.97% | ACC=0.3413 (base 0.2997)
    +312h: RMSE=0.691292 | base=0.708848 | skill=2.48% | ACC=0.3362 (base 0.2903)
    +318h: RMSE=0.686242 | base=0.708842 | skill=3.19% | ACC=0.3323 (base 0.2821)
    +324h: RMSE=0.681730 | base=0.705357 | skill=3.35% | ACC=0.3349 (base 0.2833)
    +330h: RMSE=0.681413 | base=0.698722 | skill=2.48% | ACC=0.3432 (base 0.2961)
    +336h: RMSE=0.682790 | base=0.692018 | skill=1.33% | ACC=0.3476 (base 0.3062)

  Per-horizon per-channel RMSE — REGION (2501 nodes):
           var   unit      +6h     +12h     +18h     +24h     +30h     +36h     +42h     +48h     +54h     +60h     +66h     +72h     +78h     +84h     +90h     +96h    +102h    +108h    +114h    +120h    +126h    +132h    +138h    +144h    +150h    +156h    +162h    +168h    +174h    +180h    +186h    +192h    +198h    +204h    +210h    +216h    +222h    +228h    +234h    +240h    +246h    +252h    +258h    +264h    +270h    +276h    +282h    +288h    +294h    +300h    +306h    +312h    +318h    +324h    +330h    +336h
           t2m      K    0.82°C    0.98°C    1.03°C    1.07°C    1.61°C    1.89°C    2.07°C    2.23°C    2.41°C    2.55°C    2.69°C    2.84°C    3.02°C    3.19°C    3.37°C    3.57°C    3.79°C    4.04°C    4.28°C    4.47°C    4.67°C    4.89°C    5.12°C    5.38°C    5.63°C    5.87°C    6.08°C    6.27°C    6.40°C    6.49°C    6.57°C    6.67°C    6.77°C    6.96°C    7.13°C    7.30°C    7.50°C    7.83°C    8.02°C    8.21°C    8.48°C    8.74°C    8.93°C    9.10°C    9.29°C    9.48°C    9.64°C    9.60°C    9.51°C    9.52°C    9.49°C    9.49°C    9.55°C    9.65°C    9.68°C    9.75°C
           10u    m/s     0.34     0.41     0.45     0.47     0.61     0.69     0.75     0.81     0.88     0.95     1.01     1.07     1.13     1.17     1.21     1.27     1.35     1.45     1.54     1.60     1.63     1.66     1.73     1.79     1.90     2.00     2.09     2.13     2.14     2.17     2.19     2.22     2.22     2.26     2.28     2.31     2.39     2.48     2.54     2.59     2.64     2.65     2.62     2.60     2.56     2.57     2.58     2.56     2.55     2.57     2.57     2.57     2.63     2.67     2.67     2.64
           10v    m/s     0.35     0.42     0.46     0.49     0.60     0.66     0.70     0.74     0.79     0.84     0.89     0.93     0.98     1.04     1.09     1.16     1.21     1.26     1.32     1.39     1.46     1.54     1.61     1.65     1.71     1.80     1.86     1.88     1.90     1.86     1.83     1.86     1.91     1.96     2.03     2.09     2.13     2.17     2.18     2.15     2.11     2.07     2.10     2.15     2.18     2.16     2.10     2.06     2.07     2.06     2.05     2.04     2.06     2.10     2.15     2.20
           msl    hPa     0.48     0.60     0.69     0.77     1.09     1.34     1.58     1.82     2.10     2.39     2.70     3.03     3.34     3.60     3.91     4.25     4.65     5.08     5.43     5.70     5.98     6.27     6.50     6.72     6.97     7.27     7.61     7.96     8.32     8.78     9.25     9.62     9.90     9.99     9.97    10.02    10.11    10.29    10.52    10.75    10.94    10.98    10.89    10.96    11.31    11.86    12.38    12.86    13.13    13.09    12.95    12.86    12.89    13.04    13.16    13.32
         t@850      K    0.47°C    0.61°C    0.69°C    0.74°C    1.02°C    1.16°C    1.28°C    1.37°C    1.48°C    1.58°C    1.70°C    1.83°C    1.96°C    2.09°C    2.24°C    2.42°C    2.64°C    2.87°C    3.06°C    3.25°C    3.48°C    3.74°C    3.97°C    4.16°C    4.34°C    4.53°C    4.69°C    4.76°C    4.74°C    4.71°C    4.73°C    4.81°C    4.94°C    5.04°C    5.15°C    5.30°C    5.53°C    5.72°C    5.84°C    5.93°C    6.03°C    6.15°C    6.30°C    6.56°C    6.79°C    6.91°C    6.89°C    6.81°C    6.73°C    6.64°C    6.52°C    6.42°C    6.39°C    6.39°C    6.44°C    6.47°C
         u@850    m/s     0.72     0.88     0.97     1.04     1.48     1.69     1.91     2.12     2.32     2.51     2.71     2.90     3.05     3.17     3.35     3.59     3.87     4.17     4.39     4.53     4.65     4.87     5.11     5.28     5.58     6.00     6.35     6.56     6.76     6.92     6.97     6.99     7.06     7.13     7.12     7.23     7.45     7.69     7.80     7.87     7.89     7.86     7.77     7.72     7.70     7.65     7.61     7.63     7.76     7.88     7.94     7.99     7.99     7.91     7.77     7.79
         v@850    m/s     0.64     0.75     0.82     0.87     1.32     1.45     1.62     1.79     1.96     2.12     2.32     2.50     2.64     2.77     2.95     3.16     3.32     3.42     3.57     3.78     3.94     4.02     4.12     4.26     4.43     4.68     4.89     5.07     5.18     5.14     5.16     5.33     5.34     5.37     5.49     5.67     5.83     6.02     6.10     6.17     6.11     5.98     5.95     6.12     6.24     6.29     6.22     6.23     6.21     6.11     6.02     6.03     6.16     6.40     6.62     6.60
         z@850    gpm      1.8      2.6      3.2      3.6      6.3      8.3     10.1     12.0     13.9     16.0     18.0     20.1     22.0     23.7     25.9     28.3     30.9     33.6     36.1     38.2     40.3     42.2     43.6     44.7     46.0     47.9     50.6     53.4     56.6     60.1     63.7     66.7     69.0     69.8     69.8     70.3     71.0     72.2     74.1     75.9     77.1     76.8     75.9     75.2     75.8     77.3     79.0     81.8     84.0     84.6     84.9     85.2     86.1     87.4     88.6     89.8
         z@500    gpm      3.0      4.0      4.7      5.3      8.2     10.4     12.8     15.3     18.3     21.3     24.5     27.8     30.7     33.6     36.8     40.7     44.4     48.3     52.9     58.1     63.2     68.1     72.3     75.8     79.3     83.3     87.8     92.0     95.5     98.3    101.6    105.9    110.0    113.0    115.5    118.7    122.3    124.8    126.5    127.8    130.0    132.5    134.4    134.5    133.5    131.6    129.5    129.0    129.8    130.9    132.0    132.5    133.4    135.0    137.5    139.7

  Per-channel region (physical units, avg over 56 horizons):
      #        var      ACC  RMSE_norm    RMSE_phys     unit
      0        t2m   0.6815     0.3116       6.5840        K  (≈6.58 °C)
      1        10u   0.5500     0.3581       1.9925      m/s
      2        10v   0.5093     0.3535       1.6858      m/s
      3        msl   0.6865     0.6379       8.6348      hPa
      4         tp   0.2438     0.0783       0.0002        m
      5         sp   0.9988     0.0831       7.9229      hPa
      6       tcwv   0.6355     0.1203       2.0014    kg/m²
      7     z_surf   1.0000     0.0000       0.0000      gpm
      8        lsm   1.0000     0.0000       0.0000        -
      9      t@850   0.6168     0.3018       4.6783        K  (≈4.68 °C)
     10      u@850   0.6907     0.7279       6.0002      m/s
     11      v@850   0.5026     0.7567       4.7498      m/s
     12      z@850   0.8486     0.3820      58.2279      gpm
     13      q@850   0.4822     0.1414       0.0006    kg/kg
     14      t@500   0.5419     0.3122       4.0729        K  (≈4.07 °C)
     15      u@500   0.4093     0.8289       9.9692      m/s
     16      v@500   0.4177     1.0675       9.8292      m/s
     17      z@500   0.7884     0.2757      94.9999      gpm
     18      q@500   0.2925     0.1649       0.0002    kg/kg
     19      z@250   0.7540     0.2281     129.5259      gpm
     20      t@250   0.3625     0.4244       3.6760        K  (≈3.68 °C)
     21      u@250   0.4101     0.7587      13.7135      m/s
     22      v@250   0.3948     1.0655      14.3248      m/s
     23      q@250   0.1953     0.0744       0.0000    kg/kg
     24     z@1000   0.7266     0.5652      62.9757      gpm
     25     t@1000   0.7613     0.3301       5.5886        K  (≈5.59 °C)
     26     u@1000   0.5498     0.3226       1.9881      m/s
     27     v@1000   0.5344     0.3226       1.7148      m/s
     28     q@1000   0.5977     0.1005       0.0006    kg/kg
     29   sin_hour   0.0155     0.0000       0.0000        ?
     30   cos_hour   0.0155     0.0000       0.0000        ?
     31    sin_doy   0.0021     0.0000       0.0000        ?
     32    cos_doy   0.0094     0.0000       0.0000        ?
============================================================
