### PROVENANCE ###############################################
# tag: m33_best_inner | started: 2026-07-27T15:12:08+03:00 | host: k8smr-macos-build--graphcast-v4-4171633564-task-0
# git commit: fc29897 | gpu: NVIDIA H100 80GB HBM3
# dataset: /data/datasets/multires_krsk_33f
#   info: {"time_start":"2010-01-01","time_end":"2021-12-31","n_time":16072,"n_nodes":133279,"n_feat":33,"flat":true,"n_global_kept":130778,"n_regional":2501,"roi":[50.0,60.0,83.0,98.0],"variables":["t2m","10u","10v","msl","tp","sp","tcwv","z_surf","lsm","t@850","u@850"
# experiment: experiments/multires_krsk_33f (config md5 4a638a82e12feaae9cce5f166d3314b4)
#   ckpt: 1f4b64aad93f20a6f54c845ab55657b5  experiments/multires_krsk_33f/best_model.pth
# COMMAND:
#   python -u scripts/predict.py experiments/multires_krsk_33f --data-dir /data/datasets/multires_krsk_33f --split test_only --ar-steps 4 --max-samples 2000 --per-channel --no-save --region 55.5 56.5 92 94 --save-sample-metrics /workdir/paper_results/m33_best_inner_samples.npz 
##############################################################

[predict] data_dir=/data/datasets/multires_krsk_33f (chunked=True, pred_steps=4)
[ChunkDataset] склеиваем data.npy (19ch) + data_extra.npy (14ch) → 33ch
[ChunkDataset] train: 12853 samples, flat_nodes=133279, feat=33, obs=2, pred=4
[ChunkDataset] склеиваем data.npy (19ch) + data_extra.npy (14ch) → 33ch
[ChunkDataset] val: 1607 samples, flat_nodes=133279, feat=33, obs=2, pred=4
[ChunkDataset] склеиваем data.npy (19ch) + data_extra.npy (14ch) → 33ch
[ChunkDataset] test_only: 1607 samples, flat_nodes=133279, feat=33, obs=2, pred=4
Encoder summary: 
+---------------------------+----------------------------+----------------+----------+
| Layer                     | Input Shape                | Output Shape   | #Param   |
|---------------------------+----------------------------+----------------+----------|
| Model                     | [174241, 72], [2, 207099]  | [174241, 256]  | 348,162  |
| ├─(mlp)MLP                |                            | [174241, 256]  | 150,786  |
| │    └─(MLP)ModuleList    | --                         | --             | 150,786  |
| │    │    └─(0)Linear     | [174241, 72]               | [174241, 256]  | 18,688   |
| │    │    └─(1)PReLU      | [174241, 256]              | [174241, 256]  | 1        |
| │    │    └─(2)Linear     | [174241, 256]              | [174241, 256]  | 65,792   |
| │    │    └─(3)PReLU      | [174241, 256]              | [174241, 256]  | 1        |
| │    │    └─(4)Linear     | [174241, 256]              | [174241, 256]  | 65,792   |
| │    │    └─(5)LayerNorm  | [174241, 256]              | [174241, 256]  | 512      |
| ├─(graph_layer)GraphLayer |                            | [174241, 256]  | 197,376  |
| │    └─(activation)SiLU   | [174241, 256]              | [174241, 256]  | --       |
| │    └─(layers)ModuleList | --                         | --             | 197,376  |
| │    │    └─(0)GCNConv    | [174241, 256], [2, 207099] | [174241, 256]  | 65,792   |
| │    │    └─(1)SiLU       | [174241, 256]              | [174241, 256]  | --       |
| │    │    └─(2)GCNConv    | [174241, 256], [2, 207099] | [174241, 256]  | 65,792   |
| │    │    └─(3)SiLU       | --                         | --             | --       |
| │    │    └─(4)GCNConv    | [174241, 256], [2, 207099] | [174241, 256]  | 65,792   |
+---------------------------+----------------------------+----------------+----------+

Processor summary: 
  (summary skipped: Expected all tensors to be on the same device, but found at least two devices, cuda:0 and cpu! (when checking argument for argument mat1 in method wrapper_CUDA_addmm))

Decoder summary: 
+---------------------------+----------------------------+----------------+----------+
| Layer                     | Input Shape                | Output Shape   | #Param   |
|---------------------------+----------------------------+----------------+----------|
| Model                     | [174241, 256], [2, 399837] | [174241, 33]   | 152,483  |
| ├─(mlp)MLP                |                            | [174241, 128]  | 115,202  |
| │    └─(MLP)ModuleList    | --                         | --             | 115,202  |
| │    │    └─(0)Linear     | [174241, 256]              | [174241, 256]  | 65,792   |
| │    │    └─(1)PReLU      | [174241, 256]              | [174241, 256]  | 1        |
| │    │    └─(2)Linear     | [174241, 256]              | [174241, 128]  | 32,896   |
| │    │    └─(3)PReLU      | [174241, 128]              | [174241, 128]  | 1        |
| │    │    └─(4)Linear     | [174241, 128]              | [174241, 128]  | 16,512   |
| ├─(graph_layer)GraphLayer |                            | [174241, 33]   | 37,281   |
| │    └─(activation)SiLU   | [174241, 128]              | [174241, 128]  | --       |
| │    └─(layers)ModuleList | --                         | --             | 37,281   |
| │    │    └─(0)GCNConv    | [174241, 128], [2, 399837] | [174241, 128]  | 16,512   |
| │    │    └─(1)SiLU       | [174241, 128]              | [174241, 128]  | --       |
| │    │    └─(2)GCNConv    | [174241, 128], [2, 399837] | [174241, 128]  | 16,512   |
| │    │    └─(3)SiLU       | --                         | --             | --       |
| │    │    └─(4)GCNConv    | [174241, 128], [2, 399837] | [174241, 33]   | 4,257    |
+---------------------------+----------------------------+----------------+----------+

[AR-rollout] Модель выдаёт 1 шаг(ов), но мы прогоним 4 шагов авторегрессионно.
[static] Каналы [7, 8] — статика, carry-forward при AR
[forcing] Каналы [29, 30, 31, 32] — форсинг (из ground truth при AR)
[predict] device=cuda | grid=0x0 | 2000/1607 test samples
[Region] 45 nodes (--region [55.5,56.5]N x [92.0,94.0]E)
[metrics] Исключены из aggregate метрик: каналы [7, 8, 29, 30, 31, 32] (static+forcing)
[metrics] per-sample MSE будут сохранены в /workdir/paper_results/m33_best_inner_samples.npz
[Main] Инференс (2000 samples, DA=none)...
  [50/2000] RMSE=0.174115 ACC=0.9845
  [100/2000] RMSE=0.169704 ACC=0.9845
  [150/2000] RMSE=0.172859 ACC=0.9843
  [200/2000] RMSE=0.173395 ACC=0.9843
  [250/2000] RMSE=0.173892 ACC=0.9844
  [300/2000] RMSE=0.174275 ACC=0.9843
  [350/2000] RMSE=0.174881 ACC=0.9844
  [400/2000] RMSE=0.174977 ACC=0.9843
  [450/2000] RMSE=0.175208 ACC=0.9843
  [500/2000] RMSE=0.174827 ACC=0.9843
  [550/2000] RMSE=0.174765 ACC=0.9843
  [600/2000] RMSE=0.174901 ACC=0.9842
  [650/2000] RMSE=0.174928 ACC=0.9842
  [700/2000] RMSE=0.175322 ACC=0.9842
  [750/2000] RMSE=0.175823 ACC=0.9842
  [800/2000] RMSE=0.175657 ACC=0.9841
  [850/2000] RMSE=0.175837 ACC=0.9842
  [900/2000] RMSE=0.175948 ACC=0.9841
  [950/2000] RMSE=0.176011 ACC=0.9842
  [1000/2000] RMSE=0.175963 ACC=0.9842
  [1050/2000] RMSE=0.176192 ACC=0.9842
  [1100/2000] RMSE=0.176309 ACC=0.9842
  [1150/2000] RMSE=0.176344 ACC=0.9842
  [1200/2000] RMSE=0.176168 ACC=0.9842
  [1250/2000] RMSE=0.175858 ACC=0.9843
  [1300/2000] RMSE=0.175598 ACC=0.9843
  [1350/2000] RMSE=0.175258 ACC=0.9843
  [1400/2000] RMSE=0.175188 ACC=0.9843
  [1450/2000] RMSE=0.174961 ACC=0.9844
  [1500/2000] RMSE=0.174752 ACC=0.9844
  [1550/2000] RMSE=0.174482 ACC=0.9844
  [1600/2000] RMSE=0.174230 ACC=0.9844
[Save] per-sample metrics → /workdir/paper_results/m33_best_inner_samples.npz (N=1607, AR=4, C=33)

============================================================
=== Inference summary (1607 samples) ===
Grid: 0x0 (G=133279) | C=33 | AR=4 horizons
Overall: MSE=0.030344 | RMSE=0.174196 | MAE=0.083441
Baseline: RMSE=0.548209 | MAE=0.281325
Skill: 68.22%
ACC: 0.9844 | base: 0.8500 | Δ=+0.1344

Per-horizon:
  +06h: RMSE=0.124136 | base=0.363277 | skill=65.83% | ACC=0.9922 (base 0.9343)
  +12h: RMSE=0.156736 | base=0.514900 | skill=69.56% | ACC=0.9876 (base 0.8677)
  +18h: RMSE=0.190425 | base=0.605222 | skill=68.54% | ACC=0.9813 (base 0.8171)
  +24h: RMSE=0.212461 | base=0.662380 | skill=67.92% | ACC=0.9765 (base 0.7808)

Per-horizon per-channel RMSE (physical units):
         var   unit      +6h     +12h     +18h     +24h
         t2m      K    0.78°C    0.93°C    1.05°C    1.13°C
         10u    m/s     0.71     0.85     0.98     1.09
         10v    m/s     0.71     0.86     1.00     1.11
         msl    hPa     0.60     0.77     0.95     1.10
       t@850      K    0.64°C    0.78°C    0.89°C    0.97°C
       u@850    m/s     1.08     1.30     1.49     1.64
       v@850    m/s     1.08     1.30     1.49     1.64
       z@850    gpm      4.3      5.3      6.9      8.0
       z@500    gpm      5.6      6.7      8.9     10.6

Per-channel metrics overall (physical units, avg over 4 horizons):
    #        var      ACC  RMSE_norm    RMSE_phys     unit
    0        t2m   0.9989     0.0463       0.9793        K  (≈0.98 °C)
    1        10u   0.9860     0.1652       0.9193      m/s
    2        10v   0.9804     0.1954       0.9319      m/s
    3        msl   0.9979     0.0646       0.8748      hPa
    4         tp   0.8504     0.5313       0.0010        m
    5         sp   0.9999     0.0109       1.0419      hPa
    6       tcwv   0.9962     0.0873       1.4526    kg/m²
    7     z_surf   0.9998     0.0000       0.0000      gpm
    8        lsm   1.0000     0.0000       0.0000        -
    9      t@850   0.9985     0.0535       0.8290        K  (≈0.83 °C)
   10      u@850   0.9856     0.1689       1.3927      m/s
   11      v@850   0.9752     0.2216       1.3909      m/s
   12      z@850   0.9992     0.0412       6.2813      gpm
   13      q@850   0.9877     0.1557       0.0006    kg/kg
   14      t@500   0.9989     0.0487       0.6360        K  (≈0.64 °C)
   15      u@500   0.9880     0.1541       1.8538      m/s
   16      v@500   0.9791     0.2029       1.8686      m/s
   17      z@500   0.9997     0.0238       8.1890      gpm
   18      q@500   0.9718     0.2382       0.0003    kg/kg
   19      z@250   0.9998     0.0201      11.4416      gpm
   20      t@250   0.9961     0.0889       0.7696        K  (≈0.77 °C)
   21      u@250   0.9906     0.1363       2.4638      m/s
   22      v@250   0.9830     0.1829       2.4591      m/s
   23      q@250   0.9553     0.3012       0.0000    kg/kg
   24     z@1000   0.9982     0.0599       6.6722      gpm
   25     t@1000   0.9986     0.0512       0.8664        K  (≈0.87 °C)
   26     u@1000   0.9862     0.1638       1.0095      m/s
   27     v@1000   0.9807     0.1936       1.0288      m/s
   28     q@1000   0.9976     0.0696       0.0004    kg/kg
   29   sin_hour   0.2155     0.0000       0.0000        ?
   30   cos_hour   0.2155     0.0000       0.0000        ?
   31    sin_doy   0.1761     0.0000       0.0000        ?
   32    cos_doy   0.1927     0.0000       0.0000        ?

--- Region [55.5,56.5]N x [92.0,94.0]E (45 nodes) ---
RMSE=0.111724 | base=0.433576 | skill=74.23%
ACC=0.6163 | base=0.3937

  Per-horizon (region):
    +06h: RMSE=0.091506 | base=0.274631 | skill=66.68% | ACC=0.6816 (base 0.5363)
    +12h: RMSE=0.105470 | base=0.403502 | skill=73.86% | ACC=0.6222 (base 0.3928)
    +18h: RMSE=0.117445 | base=0.481172 | skill=75.59% | ACC=0.5915 (base 0.3342)
    +24h: RMSE=0.128989 | base=0.531217 | skill=75.72% | ACC=0.5700 (base 0.3116)

  Per-horizon per-channel RMSE — REGION (45 nodes):
           var   unit      +6h     +12h     +18h     +24h
           t2m      K    1.19°C    1.41°C    1.53°C    1.61°C
           10u    m/s     0.57     0.65     0.70     0.74
           10v    m/s     0.51     0.57     0.62     0.65
           msl    hPa     0.56     0.75     0.92     1.09
         t@850      K    0.62°C    0.75°C    0.84°C    0.92°C
         u@850    m/s     1.28     1.46     1.63     1.77
         v@850    m/s     1.21     1.34     1.46     1.58
         z@850    gpm      3.8      5.0      6.7      7.9
         z@500    gpm      5.2      6.9      8.8     10.7

  Per-channel region (physical units, avg over 4 horizons):
      #        var      ACC  RMSE_norm    RMSE_phys     unit
      0        t2m   0.6723     0.0684       1.4448        K  (≈1.44 °C)
      1        10u   0.5897     0.1199       0.6671      m/s
      2        10v   0.4920     0.1238       0.5906      m/s
      3        msl   0.7248     0.0630       0.8521      hPa
      4         tp   0.1663     0.1015       0.0002        m
      5         sp   0.9994     0.0097       0.9211      hPa
      6       tcwv   0.7080     0.0605       1.0066    kg/m²
      7     z_surf   1.0000     0.0000       0.0000      gpm
      8        lsm   1.0000     0.0000       0.0000        -
      9      t@850   0.6298     0.0511       0.7920        K  (≈0.79 °C)
     10      u@850   0.5929     0.1877       1.5470      m/s
     11      v@850   0.5722     0.2236       1.4038      m/s
     12      z@850   0.8550     0.0399       6.0764      gpm
     13      q@850   0.4373     0.0945       0.0004    kg/kg
     14      t@500   0.6527     0.0473       0.6169        K  (≈0.62 °C)
     15      u@500   0.6031     0.1566       1.8840      m/s
     16      v@500   0.6460     0.2016       1.8565      m/s
     17      z@500   0.8650     0.0237       8.1651      gpm
     18      q@500   0.4629     0.1437       0.0002    kg/kg
     19      z@250   0.8433     0.0207      11.7551      gpm
     20      t@250   0.5666     0.0958       0.8295        K  (≈0.83 °C)
     21      u@250   0.6651     0.1359       2.4559      m/s
     22      v@250   0.6963     0.1807       2.4288      m/s
     23      q@250   0.3000     0.0809       0.0000    kg/kg
     24     z@1000   0.8091     0.0571       6.3606      gpm
     25     t@1000   0.6032     0.0632       1.0702        K  (≈1.07 °C)
     26     u@1000   0.5812     0.0941       0.5797      m/s
     27     v@1000   0.4821     0.0940       0.4998      m/s
     28     q@1000   0.4244     0.0735       0.0004    kg/kg
     29   sin_hour   0.0000     0.0000       0.0000        ?
     30   cos_hour   0.0000     0.0000       0.0000        ?
     31    sin_doy   0.0000     0.0000       0.0000        ?
     32    cos_doy   0.0000     0.0000       0.0000        ?
============================================================

### finished: 2026-07-27T15:46:56+03:00, exit=0 ###
