### PROVENANCE ###############################################
# tag: m33_last_ar28 | started: 2026-07-27T17:39:12+03:00 | host: k8smr-macos-build--graphcast-v4-4171633564-task-0
# git commit: fc29897 | gpu: NVIDIA H100 80GB HBM3
# dataset: /data/datasets/multires_krsk_33f
#   info: {"time_start":"2010-01-01","time_end":"2021-12-31","n_time":16072,"n_nodes":133279,"n_feat":33,"flat":true,"n_global_kept":130778,"n_regional":2501,"roi":[50.0,60.0,83.0,98.0],"variables":["t2m","10u","10v","msl","tp","sp","tcwv","z_surf","lsm","t@850","u@850"
# experiment: experiments/multires_krsk_33f (config md5 4a638a82e12feaae9cce5f166d3314b4)
#   ckpt(--ckpt): d813295b852259016749d0ee43a1b8f3  /workdir/paper_results/krsk33f_last_epoch.pth
# COMMAND:
#   python -u scripts/predict.py experiments/multires_krsk_33f --data-dir /data/datasets/multires_krsk_33f --split test_only --ar-steps 4 --max-samples 2000 --per-channel --no-save --region 50 60 83 98 --save-sample-metrics /workdir/paper_results/m33_last_ar28_samples.npz --ar-steps 28 --max-samples 200 --ckpt /workdir/paper_results/krsk33f_last_epoch.pth
##############################################################

[predict] data_dir=/data/datasets/multires_krsk_33f (chunked=True, pred_steps=28)
[ChunkDataset] склеиваем data.npy (19ch) + data_extra.npy (14ch) → 33ch
[ChunkDataset] train: 12834 samples, flat_nodes=133279, feat=33, obs=2, pred=28
[ChunkDataset] склеиваем data.npy (19ch) + data_extra.npy (14ch) → 33ch
[ChunkDataset] val: 1604 samples, flat_nodes=133279, feat=33, obs=2, pred=28
[ChunkDataset] склеиваем data.npy (19ch) + data_extra.npy (14ch) → 33ch
[ChunkDataset] test_only: 1605 samples, flat_nodes=133279, feat=33, obs=2, pred=28
Encoder summary: 
+---------------------------+----------------------------+----------------+----------+
| Layer                     | Input Shape                | Output Shape   | #Param   |
|---------------------------+----------------------------+----------------+----------|
| Model                     | [174241, 72], [2, 207099]  | [174241, 256]  | 348,162  |
| ├─(mlp)MLP                |                            | [174241, 256]  | 150,786  |
| │    └─(MLP)ModuleList    | --                         | --             | 150,786  |
| │    │    └─(0)Linear     | [174241, 72]               | [174241, 256]  | 18,688   |
| │    │    └─(1)PReLU      | [174241, 256]              | [174241, 256]  | 1        |
| │    │    └─(2)Linear     | [174241, 256]              | [174241, 256]  | 65,792   |
| │    │    └─(3)PReLU      | [174241, 256]              | [174241, 256]  | 1        |
| │    │    └─(4)Linear     | [174241, 256]              | [174241, 256]  | 65,792   |
| │    │    └─(5)LayerNorm  | [174241, 256]              | [174241, 256]  | 512      |
| ├─(graph_layer)GraphLayer |                            | [174241, 256]  | 197,376  |
| │    └─(activation)SiLU   | [174241, 256]              | [174241, 256]  | --       |
| │    └─(layers)ModuleList | --                         | --             | 197,376  |
| │    │    └─(0)GCNConv    | [174241, 256], [2, 207099] | [174241, 256]  | 65,792   |
| │    │    └─(1)SiLU       | [174241, 256]              | [174241, 256]  | --       |
| │    │    └─(2)GCNConv    | [174241, 256], [2, 207099] | [174241, 256]  | 65,792   |
| │    │    └─(3)SiLU       | --                         | --             | --       |
| │    │    └─(4)GCNConv    | [174241, 256], [2, 207099] | [174241, 256]  | 65,792   |
+---------------------------+----------------------------+----------------+----------+

Processor summary: 
  (summary skipped: Expected all tensors to be on the same device, but found at least two devices, cuda:0 and cpu! (when checking argument for argument mat1 in method wrapper_CUDA_addmm))

Decoder summary: 
+---------------------------+----------------------------+----------------+----------+
| Layer                     | Input Shape                | Output Shape   | #Param   |
|---------------------------+----------------------------+----------------+----------|
| Model                     | [174241, 256], [2, 399837] | [174241, 33]   | 152,483  |
| ├─(mlp)MLP                |                            | [174241, 128]  | 115,202  |
| │    └─(MLP)ModuleList    | --                         | --             | 115,202  |
| │    │    └─(0)Linear     | [174241, 256]              | [174241, 256]  | 65,792   |
| │    │    └─(1)PReLU      | [174241, 256]              | [174241, 256]  | 1        |
| │    │    └─(2)Linear     | [174241, 256]              | [174241, 128]  | 32,896   |
| │    │    └─(3)PReLU      | [174241, 128]              | [174241, 128]  | 1        |
| │    │    └─(4)Linear     | [174241, 128]              | [174241, 128]  | 16,512   |
| ├─(graph_layer)GraphLayer |                            | [174241, 33]   | 37,281   |
| │    └─(activation)SiLU   | [174241, 128]              | [174241, 128]  | --       |
| │    └─(layers)ModuleList | --                         | --             | 37,281   |
| │    │    └─(0)GCNConv    | [174241, 128], [2, 399837] | [174241, 128]  | 16,512   |
| │    │    └─(1)SiLU       | [174241, 128]              | [174241, 128]  | --       |
| │    │    └─(2)GCNConv    | [174241, 128], [2, 399837] | [174241, 128]  | 16,512   |
| │    │    └─(3)SiLU       | --                         | --             | --       |
| │    │    └─(4)GCNConv    | [174241, 128], [2, 399837] | [174241, 33]   | 4,257    |
+---------------------------+----------------------------+----------------+----------+

[AR-rollout] Модель выдаёт 1 шаг(ов), но мы прогоним 28 шагов авторегрессионно.
[static] Каналы [7, 8] — статика, carry-forward при AR
[forcing] Каналы [29, 30, 31, 32] — форсинг (из ground truth при AR)
[predict] device=cuda | grid=0x0 | 200/1605 test samples
[Region] 2501 nodes (--region [50.0,60.0]N x [83.0,98.0]E)
[metrics] Исключены из aggregate метрик: каналы [7, 8, 29, 30, 31, 32] (static+forcing)
[metrics] per-sample MSE будут сохранены в /workdir/paper_results/m33_last_ar28_samples.npz
[Main] Инференс (200 samples, DA=none)...
  [50/200] RMSE=0.436622 ACC=0.9010
  [100/200] RMSE=0.416906 ACC=0.9055
  [150/200] RMSE=0.419092 ACC=0.9051
  [200/200] RMSE=0.417305 ACC=0.9065
[Save] per-sample metrics → /workdir/paper_results/m33_last_ar28_samples.npz (N=200, AR=28, C=33)

============================================================
=== Inference summary (200 samples) ===
Grid: 0x0 (G=133279) | C=33 | AR=28 horizons
Overall: MSE=0.174144 | RMSE=0.417305 | MAE=0.207861
Baseline: RMSE=0.781908 | MAE=0.448429
Skill: 46.63%
ACC: 0.9065 | base: 0.6781 | Δ=+0.2284

Per-horizon:
  +06h: RMSE=0.122720 | base=0.353863 | skill=65.32% | ACC=0.9922 (base 0.9354)
  +12h: RMSE=0.154771 | base=0.501912 | skill=69.16% | ACC=0.9875 (base 0.8690)
  +18h: RMSE=0.183210 | base=0.592252 | skill=69.07% | ACC=0.9823 (base 0.8165)
  +24h: RMSE=0.202143 | base=0.650665 | skill=68.93% | ACC=0.9782 (base 0.7780)
  +30h: RMSE=0.218167 | base=0.699770 | skill=68.82% | ACC=0.9745 (base 0.7426)
  +36h: RMSE=0.233746 | base=0.733378 | skill=68.13% | ACC=0.9706 (base 0.7171)
  +42h: RMSE=0.249578 | base=0.756867 | skill=67.02% | ACC=0.9664 (base 0.6984)
  +48h: RMSE=0.265581 | base=0.771313 | skill=65.57% | ACC=0.9619 (base 0.6868)
  +54h: RMSE=0.282268 | base=0.787239 | skill=64.14% | ACC=0.9570 (base 0.6735)
  +60h: RMSE=0.299653 | base=0.797027 | skill=62.40% | ACC=0.9515 (base 0.6653)
  +66h: RMSE=0.317703 | base=0.802858 | skill=60.43% | ACC=0.9454 (base 0.6602)
  +72h: RMSE=0.336306 | base=0.804209 | skill=58.18% | ACC=0.9388 (base 0.6590)
  +78h: RMSE=0.355545 | base=0.809606 | skill=56.08% | ACC=0.9316 (base 0.6543)
  +84h: RMSE=0.375322 | base=0.811877 | skill=53.77% | ACC=0.9239 (base 0.6524)
  +90h: RMSE=0.395351 | base=0.813182 | skill=51.38% | ACC=0.9156 (base 0.6513)
  +96h: RMSE=0.415384 | base=0.813262 | skill=48.92% | ACC=0.9069 (base 0.6514)
  +102h: RMSE=0.435517 | base=0.820603 | skill=46.93% | ACC=0.8978 (base 0.6451)
  +108h: RMSE=0.455461 | base=0.827811 | skill=44.98% | ACC=0.8883 (base 0.6390)
  +114h: RMSE=0.475306 | base=0.834799 | skill=43.06% | ACC=0.8784 (base 0.6328)
  +120h: RMSE=0.494763 | base=0.838854 | skill=41.02% | ACC=0.8683 (base 0.6294)
  +126h: RMSE=0.513963 | base=0.846865 | skill=39.31% | ACC=0.8580 (base 0.6222)
  +132h: RMSE=0.533080 | base=0.851277 | skill=37.38% | ACC=0.8474 (base 0.6183)
  +138h: RMSE=0.551803 | base=0.853498 | skill=35.35% | ACC=0.8367 (base 0.6162)
  +144h: RMSE=0.569696 | base=0.852768 | skill=33.19% | ACC=0.8260 (base 0.6169)
  +150h: RMSE=0.587128 | base=0.856306 | skill=31.43% | ACC=0.8154 (base 0.6136)
  +156h: RMSE=0.604336 | base=0.857191 | skill=29.50% | ACC=0.8046 (base 0.6128)
  +162h: RMSE=0.621334 | base=0.856708 | skill=27.47% | ACC=0.7938 (base 0.6131)
  +168h: RMSE=0.637727 | base=0.854245 | skill=25.35% | ACC=0.7831 (base 0.6154)

Per-horizon per-channel RMSE (physical units):
         var   unit      +6h     +12h     +18h     +24h     +30h     +36h     +42h     +48h     +54h     +60h     +66h     +72h     +78h     +84h     +90h     +96h    +102h    +108h    +114h    +120h    +126h    +132h    +138h    +144h    +150h    +156h    +162h    +168h
         t2m      K    0.78°C    0.94°C    1.02°C    1.09°C    1.18°C    1.26°C    1.32°C    1.39°C    1.46°C    1.54°C    1.61°C    1.69°C    1.78°C    1.87°C    1.96°C    2.06°C    2.16°C    2.27°C    2.37°C    2.47°C    2.56°C    2.66°C    2.76°C    2.86°C    2.96°C    3.06°C    3.15°C    3.26°C
         10u    m/s     0.70     0.84     0.94     1.04     1.14     1.25     1.37     1.50     1.63     1.76     1.91     2.05     2.21     2.37     2.53     2.68     2.84     2.99     3.14     3.29     3.43     3.56     3.69     3.81     3.92     4.03     4.14     4.24
         10v    m/s     0.70     0.84     0.95     1.06     1.16     1.28     1.39     1.52     1.65     1.78     1.93     2.07     2.23     2.39     2.55     2.71     2.86     3.02     3.17     3.32     3.46     3.60     3.74     3.87     3.99     4.10     4.21     4.32
         msl    hPa     0.57     0.72     0.87     1.00     1.16     1.32     1.50     1.69     1.91     2.14     2.39     2.66     2.95     3.25     3.56     3.88     4.22     4.55     4.89     5.22     5.54     5.87     6.19     6.52     6.83     7.15     7.47     7.79
       t@850      K    0.63°C    0.76°C    0.84°C    0.91°C    0.98°C    1.05°C    1.11°C    1.19°C    1.27°C    1.35°C    1.45°C    1.55°C    1.65°C    1.76°C    1.87°C    1.99°C    2.11°C    2.23°C    2.36°C    2.48°C    2.60°C    2.73°C    2.85°C    2.98°C    3.10°C    3.22°C    3.34°C    3.46°C
       u@850    m/s     1.06     1.27     1.43     1.57     1.72     1.88     2.04     2.22     2.40     2.59     2.80     3.01     3.23     3.45     3.68     3.91     4.14     4.37     4.59     4.80     5.01     5.20     5.39     5.57     5.74     5.91     6.08     6.25
       v@850    m/s     1.06     1.27     1.43     1.57     1.72     1.87     2.04     2.21     2.39     2.59     2.79     3.00     3.22     3.45     3.68     3.91     4.13     4.36     4.57     4.79     4.99     5.19     5.39     5.58     5.76     5.93     6.10     6.26
       z@850    gpm      4.2      5.1      6.2      7.3      8.5      9.8     11.2     12.7     14.3     16.0     18.0     20.0     22.2     24.5     26.9     29.3     31.8     34.4     36.9     39.4     41.9     44.4     47.0     49.5     52.0     54.6     57.1     59.6
       z@500    gpm      5.6      6.6      7.9      9.2     10.9     12.6     14.5     16.5     18.7     21.1     23.7     26.5     29.5     32.6     35.8     39.1     42.5     45.9     49.4     53.0     56.5     60.1     63.8     67.5     71.2     75.0     78.7     82.3

Per-channel metrics overall (physical units, avg over 28 horizons):
    #        var      ACC  RMSE_norm    RMSE_phys     unit
    0        t2m   0.9943     0.0999       2.1108        K  (≈2.11 °C)
    1        10u   0.8704     0.4860       2.7040      m/s
    2        10v   0.8188     0.5746       2.7402      m/s
    3        msl   0.9373     0.3211       4.3458      hPa
    4         tp   0.5522     0.8996       0.0018        m
    5         sp   0.9989     0.0459       4.3753      hPa
    6       tcwv   0.9749     0.2236       3.7200    kg/m²
    7     z_surf   0.9998     0.0000       0.0000      gpm
    8        lsm   1.0000     0.0000       0.0000        -
    9      t@850   0.9893     0.1356       2.1027        K  (≈2.10 °C)
   10      u@850   0.8795     0.4808       3.9633      m/s
   11      v@850   0.7912     0.6312       3.9621      m/s
   12      z@850   0.9696     0.2164      32.9811      gpm
   13      q@850   0.9542     0.3024       0.0013    kg/kg
   14      t@500   0.9885     0.1544       2.0140        K  (≈2.01 °C)
   15      u@500   0.8931     0.4624       5.5606      m/s
   16      v@500   0.8063     0.6177       5.6873      m/s
   17      z@500   0.9905     0.1298      44.7414      gpm
   18      q@500   0.8725     0.4811       0.0005    kg/kg
   19      z@250   0.9946     0.1031      58.5760      gpm
   20      t@250   0.9558     0.2779       2.4071        K  (≈2.41 °C)
   21      u@250   0.9175     0.4082       7.3778      m/s
   22      v@250   0.8383     0.5712       7.6787      m/s
   23      q@250   0.8709     0.4845       0.0000    kg/kg
   24     z@1000   0.9410     0.3052      34.0056      gpm
   25     t@1000   0.9928     0.1180       1.9971        K  (≈2.00 °C)
   26     u@1000   0.8724     0.4838       2.9819      m/s
   27     v@1000   0.8197     0.5768       3.0655      m/s
   28     q@1000   0.9912     0.1342       0.0008    kg/kg
   29   sin_hour   0.2155     0.0000       0.0000        ?
   30   cos_hour   0.2155     0.0000       0.0000        ?
   31    sin_doy   0.0712     0.0000       0.0000        ?
   32    cos_doy   0.2316     0.0000       0.0000        ?

--- Region [50.0,60.0]N x [83.0,98.0]E (2501 nodes) ---
RMSE=0.292433 | base=0.624407 | skill=53.17%
ACC=0.7467 | base=0.3833

  Per-horizon (region):
    +06h: RMSE=0.075379 | base=0.245144 | skill=69.25% | ACC=0.9491 (base 0.8053)
    +12h: RMSE=0.089594 | base=0.366291 | skill=75.54% | ACC=0.9304 (base 0.6447)
    +18h: RMSE=0.100678 | base=0.445359 | skill=77.39% | ACC=0.9168 (base 0.5438)
    +24h: RMSE=0.109419 | base=0.497852 | skill=78.02% | ACC=0.9063 (base 0.4881)
    +30h: RMSE=0.119304 | base=0.535886 | skill=77.74% | ACC=0.8949 (base 0.4494)
    +36h: RMSE=0.128417 | base=0.565275 | skill=77.28% | ACC=0.8843 (base 0.4224)
    +42h: RMSE=0.138031 | base=0.588862 | skill=76.56% | ACC=0.8734 (base 0.4020)
    +48h: RMSE=0.149512 | base=0.608984 | skill=75.45% | ACC=0.8615 (base 0.3843)
    +54h: RMSE=0.163054 | base=0.630192 | skill=74.13% | ACC=0.8482 (base 0.3586)
    +60h: RMSE=0.177330 | base=0.645087 | skill=72.51% | ACC=0.8349 (base 0.3394)
    +66h: RMSE=0.193386 | base=0.656858 | skill=70.56% | ACC=0.8205 (base 0.3292)
    +72h: RMSE=0.209589 | base=0.663823 | skill=68.43% | ACC=0.8052 (base 0.3277)
    +78h: RMSE=0.222938 | base=0.668705 | skill=66.66% | ACC=0.7895 (base 0.3278)
    +84h: RMSE=0.236409 | base=0.671086 | skill=64.77% | ACC=0.7757 (base 0.3297)
    +90h: RMSE=0.252469 | base=0.673875 | skill=62.53% | ACC=0.7595 (base 0.3284)
    +96h: RMSE=0.269877 | base=0.677493 | skill=60.17% | ACC=0.7408 (base 0.3231)
    +102h: RMSE=0.288844 | base=0.679183 | skill=57.47% | ACC=0.7199 (base 0.3236)
    +108h: RMSE=0.309224 | base=0.678321 | skill=54.41% | ACC=0.7001 (base 0.3331)
    +114h: RMSE=0.329912 | base=0.679816 | skill=51.47% | ACC=0.6797 (base 0.3435)
    +120h: RMSE=0.347094 | base=0.681498 | skill=49.07% | ACC=0.6610 (base 0.3473)
    +126h: RMSE=0.362903 | base=0.686217 | skill=47.12% | ACC=0.6397 (base 0.3344)
    +132h: RMSE=0.379511 | base=0.687512 | skill=44.80% | ACC=0.6192 (base 0.3215)
    +138h: RMSE=0.398378 | base=0.684749 | skill=41.82% | ACC=0.6015 (base 0.3175)
    +144h: RMSE=0.416428 | base=0.680306 | skill=38.79% | ACC=0.5848 (base 0.3170)
    +150h: RMSE=0.436195 | base=0.675923 | skill=35.47% | ACC=0.5614 (base 0.3104)
    +156h: RMSE=0.459475 | base=0.666415 | skill=31.05% | ACC=0.5368 (base 0.3128)
    +162h: RMSE=0.483405 | base=0.652567 | skill=25.92% | ACC=0.5150 (base 0.3244)
    +168h: RMSE=0.503720 | base=0.637064 | skill=20.93% | ACC=0.4987 (base 0.3426)

  Per-horizon per-channel RMSE — REGION (2501 nodes):
           var   unit      +6h     +12h     +18h     +24h     +30h     +36h     +42h     +48h     +54h     +60h     +66h     +72h     +78h     +84h     +90h     +96h    +102h    +108h    +114h    +120h    +126h    +132h    +138h    +144h    +150h    +156h    +162h    +168h
           t2m      K    1.38°C    1.72°C    1.87°C    1.97°C    2.13°C    2.24°C    2.31°C    2.39°C    2.50°C    2.60°C    2.70°C    2.80°C    2.92°C    3.03°C    3.16°C    3.33°C    3.55°C    3.78°C    4.03°C    4.22°C    4.39°C    4.55°C    4.76°C    4.98°C    5.22°C    5.47°C    5.74°C    5.97°C
           10u    m/s     0.45     0.54     0.59     0.63     0.67     0.70     0.74     0.78     0.83     0.88     0.93     0.98     1.02     1.06     1.10     1.16     1.24     1.33     1.41     1.46     1.47     1.50     1.58     1.65     1.76     1.87     1.96     2.02
           10v    m/s     0.43     0.52     0.57     0.59     0.64     0.67     0.69     0.72     0.76     0.80     0.84     0.88     0.92     0.96     1.02     1.08     1.14     1.19     1.25     1.31     1.37     1.43     1.51     1.57     1.66     1.76     1.82     1.83
           msl    hPa     0.70     0.87     1.06     1.18     1.33     1.47     1.62     1.80     1.98     2.19     2.43     2.69     2.94     3.18     3.46     3.77     4.14     4.49     4.77     4.94     5.17     5.53     5.94     6.30     6.62     6.98     7.46     7.94
         t@850      K    0.78°C    0.97°C    1.12°C    1.20°C    1.29°C    1.34°C    1.41°C    1.46°C    1.54°C    1.61°C    1.70°C    1.81°C    1.92°C    2.00°C    2.10°C    2.21°C    2.35°C    2.50°C    2.61°C    2.73°C    2.89°C    3.08°C    3.25°C    3.37°C    3.47°C    3.60°C    3.76°C    3.87°C
         u@850    m/s     1.10     1.32     1.48     1.60     1.71     1.81     1.94     2.09     2.26     2.42     2.58     2.74     2.84     2.96     3.13     3.40     3.70     4.02     4.22     4.32     4.41     4.61     4.86     5.04     5.37     5.82     6.19     6.39
         v@850    m/s     0.99     1.15     1.28     1.36     1.44     1.52     1.63     1.76     1.91     2.04     2.21     2.38     2.50     2.61     2.78     2.96     3.11     3.21     3.38     3.57     3.72     3.80     3.91     4.06     4.23     4.53     4.78     4.98
         z@850    gpm      3.7      5.0      6.2      7.1      8.1      9.1     10.2     11.6     13.0     14.6     16.3     18.1     19.7     21.2     23.1     25.1     27.5     29.8     31.8     33.1     34.5     36.6     38.9     40.8     42.8     45.2     48.5     52.0
         z@500    gpm      5.4      6.5      7.8      8.9     10.3     11.7     13.1     14.8     16.9     19.3     22.0     24.8     27.2     29.2     31.5     34.4     37.4     40.6     44.2     47.7     50.7     54.2     58.0     61.6     65.0     68.5     72.3     76.5

  Per-channel region (physical units, avg over 28 horizons):
      #        var      ACC  RMSE_norm    RMSE_phys     unit
      0        t2m   0.8584     0.1729       3.6544        K  (≈3.65 °C)
      1        10u   0.7451     0.2225       1.2381      m/s
      2        10v   0.7088     0.2404       1.1465      m/s
      3        msl   0.8791     0.3148       4.2612      hPa
      4         tp   0.3815     0.0609       0.0001        m
      5         sp   0.9996     0.0410       3.9125      hPa
      6       tcwv   0.8083     0.0764       1.2707    kg/m²
      7     z_surf   1.0000     0.0000       0.0000      gpm
      8        lsm   1.0000     0.0000       0.0000        -
      9      t@850   0.8066     0.1541       2.3890        K  (≈2.39 °C)
     10      u@850   0.8323     0.4487       3.6991      m/s
     11      v@850   0.7408     0.4801       3.0134      m/s
     12      z@850   0.9499     0.1834      27.9559      gpm
     13      q@850   0.6997     0.0937       0.0004    kg/kg
     14      t@500   0.7656     0.1693       2.2086        K  (≈2.21 °C)
     15      u@500   0.6784     0.4750       5.7124      m/s
     16      v@500   0.6818     0.6249       5.7534      m/s
     17      z@500   0.9206     0.1180      40.6693      gpm
     18      q@500   0.5083     0.1221       0.0001    kg/kg
     19      z@250   0.8804     0.1087      61.7190      gpm
     20      t@250   0.5867     0.2918       2.5276        K  (≈2.53 °C)
     21      u@250   0.6901     0.4388       7.9314      m/s
     22      v@250   0.6930     0.6336       8.5177      m/s
     23      q@250   0.2832     0.0632       0.0000    kg/kg
     24     z@1000   0.8995     0.2802      31.2233      gpm
     25     t@1000   0.8815     0.1750       2.9631        K  (≈2.96 °C)
     26     u@1000   0.7426     0.1943       1.1976      m/s
     27     v@1000   0.7370     0.2111       1.1218      m/s
     28     q@1000   0.8032     0.0585       0.0003    kg/kg
     29   sin_hour   0.0155     0.0000       0.0000        ?
     30   cos_hour   0.0155     0.0000       0.0000        ?
     31    sin_doy   0.0017     0.0000       0.0000        ?
     32    cos_doy   0.0098     0.0000       0.0000        ?
============================================================

### finished: 2026-07-27T18:15:06+03:00, exit=0 ###
