[14:36:09] === 33f ASSIM START (commit 2ab6d7e) ===
[14:36:09] диск /data: 3.1T свободно
[14:36:09] датасета /data/datasets/multires_krsk_33f нет — собираю (часы CPU, ~60 ГБ)
[14:36:09] сборка датасета rc=1, размер: 4.0K
[16:29:57] === 33f ASSIM START (commit fe696dd) ===
[16:29:57] диск /data: 3.1T свободно
[16:29:57] датасета /data/datasets/multires_krsk_33f нет — собираю (часы CPU, ~60 ГБ)
[16:29:57] в global_extra нет coords.npz — восстанавливаю из merge
[16:50:16] сборка датасета rc=0, размер: 56G
[prep] epoch=28 ar=4 -> /data/paper_heavy/krsk33f_last_epoch.pth
[16:50:17] SMOKE: 5 сроков без усвоения (ожидаем t2m 1-2 °C)
    +18h: RMSE=0.098837 | base=0.390786 | skill=74.71% | ACC=0.9080 (base 0.6068)
    +24h: RMSE=0.105512 | base=0.456318 | skill=76.88% | ACC=0.8921 (base 0.5456)
           t2m      K    1.77°C    1.98°C    2.00°C    1.91°C
[16:50:33] START a33_val_oi_L50000_s0.3
[16:57:31] DONE  a33_val_oi_L50000_s0.3 rc=0 | skill=88.25% |  t2m K 0.87°C 1.01°C 1.06°C 1.09°C
[16:57:31] START a33_val_oi_L50000_s0.5
[17:04:42] DONE  a33_val_oi_L50000_s0.5 rc=0 | skill=87.95% |  t2m K 0.90°C 1.05°C 1.09°C 1.12°C
[17:04:42] START a33_val_oi_L50000_s1.0
[17:11:49] DONE  a33_val_oi_L50000_s1.0 rc=0 | skill=86.38% |  t2m K 1.03°C 1.19°C 1.23°C 1.26°C
[17:11:49] START a33_val_oi_L100000_s0.3
[17:19:00] DONE  a33_val_oi_L100000_s0.3 rc=0 | skill=87.90% |  t2m K 0.86°C 1.01°C 1.05°C 1.09°C
[17:19:00] START a33_val_oi_L100000_s0.5
[17:26:03] DONE  a33_val_oi_L100000_s0.5 rc=0 | skill=88.30% |  t2m K 0.85°C 1.00°C 1.03°C 1.06°C
[17:26:03] START a33_val_oi_L100000_s1.0
[17:33:17] DONE  a33_val_oi_L100000_s1.0 rc=0 | skill=87.87% |  t2m K 0.91°C 1.06°C 1.09°C 1.11°C
[17:33:17] START a33_val_oi_L150000_s0.3
[17:40:32] DONE  a33_val_oi_L150000_s0.3 rc=0 | skill=87.68% |  t2m K 0.90°C 1.06°C 1.09°C 1.12°C
[17:40:32] START a33_val_oi_L150000_s0.5
[17:47:34] DONE  a33_val_oi_L150000_s0.5 rc=0 | skill=87.85% |  t2m K 0.90°C 1.05°C 1.08°C 1.11°C
[17:47:34] START a33_val_oi_L150000_s1.0
[17:54:26] DONE  a33_val_oi_L150000_s1.0 rc=0 | skill=87.54% |  t2m K 0.93°C 1.09°C 1.12°C 1.15°C
[17:54:26] START a33_val_oi_L200000_s0.3
[18:01:26] DONE  a33_val_oi_L200000_s0.3 rc=0 | skill=87.31% |  t2m K 0.94°C 1.10°C 1.13°C 1.16°C
[18:01:26] START a33_val_oi_L200000_s0.5
[18:08:26] DONE  a33_val_oi_L200000_s0.5 rc=0 | skill=87.38% |  t2m K 0.94°C 1.10°C 1.13°C 1.16°C
[18:08:26] START a33_val_oi_L200000_s1.0
[18:15:24] DONE  a33_val_oi_L200000_s1.0 rc=0 | skill=87.09% |  t2m K 0.97°C 1.13°C 1.17°C 1.20°C
[18:15:24] === свип на val закончен, лучшую пару (L, sigma) выбрать по логам выше ===
[18:15:24] START a33_test_baseline
[18:46:38] DONE  a33_test_baseline rc=0 | skill=75.31% |  t2m K 1.32°C 1.53°C 1.59°C 1.66°C
[18:46:38] START a33_test_baseline_inner
[19:17:20] DONE  a33_test_baseline_inner rc=0 | skill=76.28% |  t2m K 1.21°C 1.41°C 1.47°C 1.53°C
[19:17:20] START a33_test_nudge_a0.5
[19:48:53] DONE  a33_test_nudge_a0.5 rc=0 | skill=76.54% |  t2m K 1.27°C 1.47°C 1.52°C 1.59°C
[19:48:53] START a33_test_nudge_a0.7
[20:20:42] DONE  a33_test_nudge_a0.7 rc=0 | skill=76.80% |  t2m K 1.26°C 1.46°C 1.51°C 1.57°C
[20:20:42] START a33_test_nudge_a0.9
[20:53:44] DONE  a33_test_nudge_a0.9 rc=0 | skill=76.96% |  t2m K 1.25°C 1.45°C 1.50°C 1.57°C
[20:53:44] START a33_test_oi10_seed42
[21:49:37] DONE  a33_test_oi10_seed42 rc=0 | skill=86.31% |  t2m K 0.80°C 0.91°C 0.90°C 0.91°C
[21:49:37] START a33_test_oi10_seed43
[22:45:36] DONE  a33_test_oi10_seed43 rc=0 | skill=86.46% |  t2m K 0.81°C 0.92°C 0.91°C 0.92°C
[22:45:36] START a33_test_oi10_seed44
[23:41:18] DONE  a33_test_oi10_seed44 rc=0 | skill=86.66% |  t2m K 0.80°C 0.90°C 0.89°C 0.90°C
[23:41:18] START a33_test_oi1
[00:16:47] DONE  a33_test_oi1 rc=0 | skill=79.96% |  t2m K 1.13°C 1.32°C 1.33°C 1.37°C
[00:16:47] START a33_long_noda
[01:23:07] DONE  a33_long_noda rc=0 | skill=2.31% |  t2m K 1.38°C 1.71°C 1.87°C 1.99°C 2.14°C 2.25°C 2.34°C 2.43°C
[01:23:07] START a33_long_oi10
[03:12:46] DONE  a33_long_oi10 rc=0 | skill=76.58% |  t2m K 0.82°C 0.98°C 1.03°C 1.07°C 1.14°C 1.18°C 1.19°C 1.21°C
[03:12:46] START a33_long_oi10_first4
[04:23:00] DONE  a33_long_oi10_first4 rc=0 | skill=1.33% |  t2m K 0.82°C 0.98°C 1.03°C 1.07°C 1.61°C 1.89°C 2.07°C 2.23°C
[04:23:00] START a33_long_oi1
[05:37:54] DONE  a33_long_oi1 rc=0 | skill=66.22% |  t2m K 1.18°C 1.46°C 1.57°C 1.66°C 1.77°C 1.83°C 1.87°C 1.91°C
[05:37:54] === ALL DONE ===
[17:04:42] DONE  a33_val_oi_L50000_s0.5 rc=0 | skill=87.95% |  t2m K 0.90°C 1.05°C 1.09°C 1.12°C
[17:11:49] DONE  a33_val_oi_L50000_s1.0 rc=0 | skill=86.38% |  t2m K 1.03°C 1.19°C 1.23°C 1.26°C
[17:19:00] DONE  a33_val_oi_L100000_s0.3 rc=0 | skill=87.90% |  t2m K 0.86°C 1.01°C 1.05°C 1.09°C
[17:26:03] DONE  a33_val_oi_L100000_s0.5 rc=0 | skill=88.30% |  t2m K 0.85°C 1.00°C 1.03°C 1.06°C
[17:33:17] DONE  a33_val_oi_L100000_s1.0 rc=0 | skill=87.87% |  t2m K 0.91°C 1.06°C 1.09°C 1.11°C
[17:40:32] DONE  a33_val_oi_L150000_s0.3 rc=0 | skill=87.68% |  t2m K 0.90°C 1.06°C 1.09°C 1.12°C
[17:47:34] DONE  a33_val_oi_L150000_s0.5 rc=0 | skill=87.85% |  t2m K 0.90°C 1.05°C 1.08°C 1.11°C
[17:54:26] DONE  a33_val_oi_L150000_s1.0 rc=0 | skill=87.54% |  t2m K 0.93°C 1.09°C 1.12°C 1.15°C
[18:01:26] DONE  a33_val_oi_L200000_s0.3 rc=0 | skill=87.31% |  t2m K 0.94°C 1.10°C 1.13°C 1.16°C
[18:08:26] DONE  a33_val_oi_L200000_s0.5 rc=0 | skill=87.38% |  t2m K 0.94°C 1.10°C 1.13°C 1.16°C
[18:15:24] DONE  a33_val_oi_L200000_s1.0 rc=0 | skill=87.09% |  t2m K 0.97°C 1.13°C 1.17°C 1.20°C
[18:46:38] DONE  a33_test_baseline rc=0 | skill=75.31% |  t2m K 1.32°C 1.53°C 1.59°C 1.66°C
[19:17:20] DONE  a33_test_baseline_inner rc=0 | skill=76.28% |  t2m K 1.21°C 1.41°C 1.47°C 1.53°C
[19:48:53] DONE  a33_test_nudge_a0.5 rc=0 | skill=76.54% |  t2m K 1.27°C 1.47°C 1.52°C 1.59°C
[20:20:42] DONE  a33_test_nudge_a0.7 rc=0 | skill=76.80% |  t2m K 1.26°C 1.46°C 1.51°C 1.57°C
[20:53:44] DONE  a33_test_nudge_a0.9 rc=0 | skill=76.96% |  t2m K 1.25°C 1.45°C 1.50°C 1.57°C
[21:49:37] DONE  a33_test_oi10_seed42 rc=0 | skill=86.31% |  t2m K 0.80°C 0.91°C 0.90°C 0.91°C
[22:45:36] DONE  a33_test_oi10_seed43 rc=0 | skill=86.46% |  t2m K 0.81°C 0.92°C 0.91°C 0.92°C
[23:41:18] DONE  a33_test_oi10_seed44 rc=0 | skill=86.66% |  t2m K 0.80°C 0.90°C 0.89°C 0.90°C
[00:16:47] DONE  a33_test_oi1 rc=0 | skill=79.96% |  t2m K 1.13°C 1.32°C 1.33°C 1.37°C
[01:23:07] DONE  a33_long_noda rc=0 | skill=2.31% |  t2m K 1.38°C 1.71°C 1.87°C 1.99°C 2.14°C 2.25°C 2.34°C 2.43°C
[03:12:46] DONE  a33_long_oi10 rc=0 | skill=76.58% |  t2m K 0.82°C 0.98°C 1.03°C 1.07°C 1.14°C 1.18°C 1.19°C 1.21°C
[04:23:00] DONE  a33_long_oi10_first4 rc=0 | skill=1.33% |  t2m K 0.82°C 0.98°C 1.03°C 1.07°C 1.61°C 1.89°C 2.07°C 2.23°C
[05:37:54] DONE  a33_long_oi1 rc=0 | skill=66.22% |  t2m K 1.18°C 1.46°C 1.57°C 1.66°C 1.77°C 1.83°C 1.87°C 1.91°C
[05:37:54] === ALL DONE ===
