[21.09 12:02:12] === ACC против климатологии WB2 (d95f221) ===
[21.09 12:02:13] START g_chw_roi
[21.09 13:34:36] DONE  g_chw_roi rc=0 | ACC=0.2146 |  t2m K 1.19°C 1.38°C 1.41°C 1.47°C
[21.09 13:34:36] START g_chw_inner
[21.09 15:05:39] DONE  g_chw_inner rc=0 | ACC=0.2162 |  t2m K 1.06°C 1.23°C 1.26°C 1.31°C
[21.09 15:05:39] === ВСЁ ===
[21.09 13:34:36] DONE  g_chw_roi rc=0 | ACC=0.2146 |  t2m K 1.19°C 1.38°C 1.41°C 1.47°C
[21.09 15:05:39] DONE  g_chw_inner rc=0 | ACC=0.2162 |  t2m K 1.06°C 1.23°C 1.26°C 1.31°C
[21.09 15:43:06] === ACC против климатологии WB2 (970690d) ===
[21.09 15:43:06] SKIP g_chw_roi
[21.09 15:43:06] SKIP g_chw_inner
[21.09 15:43:06] === ВСЁ ===
[21.09 15:05:39] DONE  g_chw_inner rc=0 | ACC=0.2162 |  t2m K 1.06°C 1.23°C 1.26°C 1.31°C
[21.09 13:34:36] DONE  g_chw_roi rc=0 | ACC=0.2146 |  t2m K 1.19°C 1.38°C 1.41°C 1.47°C
[21.09 15:05:39] DONE  g_chw_inner rc=0 | ACC=0.2162 |  t2m K 1.06°C 1.23°C 1.26°C 1.31°C
[21.09 16:09:10] === ACC против климатологии WB2 (97838cd) ===
[21.09 16:09:10] g_chw_roi: файл есть, но слагаемых ACC в нём нет — считаю заново
[21.09 16:09:10] START g_chw_roi
[21.09 17:41:18] DONE  g_chw_roi rc=0 | ACC=0.9121 |  t2m K 1.19°C 1.38°C 1.41°C 1.47°C
[21.09 17:41:18] g_chw_inner: файл есть, но слагаемых ACC в нём нет — считаю заново
[21.09 17:41:18] START g_chw_inner
[21.09 19:13:50] DONE  g_chw_inner rc=0 | ACC=0.6668 |  t2m K 1.06°C 1.23°C 1.26°C 1.31°C
[21.09 19:13:50] === ВСЁ ===
[21.09 15:05:39] DONE  g_chw_inner rc=0 | ACC=0.2162 |  t2m K 1.06°C 1.23°C 1.26°C 1.31°C
[21.09 17:41:18] DONE  g_chw_roi rc=0 | ACC=0.9121 |  t2m K 1.19°C 1.38°C 1.41°C 1.47°C
[21.09 19:13:50] DONE  g_chw_inner rc=0 | ACC=0.6668 |  t2m K 1.06°C 1.23°C 1.26°C 1.31°C
