[24.08 11:53:06] === РАЗВЁРТКА НА 12 ШАГОВ С ОТЦЕПЛЕНИЕМ, 4 эпох ===
[prep] конфиг experiments/multires_krsk_33f_ar12/config.json: вес области 30, развёртка 12 шагов, отцепление True, валидация на 12 горизонтах, эпох 4, темп 7.5e-05 cosine
[prep] схема принята: развёртка 12, отцепление True
[prep] стартуем с эпохи 8
[24.08 11:53:07] коммит: 37b4924
[24.08 11:53:07] START обучения multires_krsk_33f_ar12 (эпоха примерно 8 ч) 
[25.08 20:59:17] === РАЗВЁРТКА НА 12 ШАГОВ С ОТЦЕПЛЕНИЕМ, 4 эпох ===
[25.08 20:59:17] подготовка окружения и датасета
[25.08 21:15:07] подготовка rc=0
[25.08 21:15:07] собираю региональный датасет (часы CPU)
[25.08 21:40:22] сборка rc=0
[prep] конфиг experiments/multires_krsk_33f_ar12/config.json: вес области 30, развёртка 12 шагов, отцепление True, валидация на 12 горизонтах, эпох 4, темп 7.5e-05 cosine
[prep] схема принята: развёртка 12, отцепление True
[prep] стартуем с эпохи 8
[25.08 21:40:24] нашёлся чекпойнт — продолжаю
[25.08 21:40:24] коммит: 3bb4fe9
[25.08 21:40:24] START обучения multires_krsk_33f_ar12 (эпоха примерно 8 ч) --resume --reset-patience
[26.08 05:46:09] DONE обучение rc=0
[Train] развёртка с отцеплением: градиент пошаговый, память не растёт с длиной развёртки (проброс между шагами при этом теряется)
[prep] последняя эпоха 4
[26.08 05:46:10] START оценки на 20 шагов по 500 сроков (как krsk5d)
[26.08 06:47:20] DONE оценка rc=0 | агрегат за 5 суток skill=64.38%
        +120h: RMSE=0.376818 | base=0.726187 | skill=48.11% | ACC=0.6470 (base 0.3253)
           t2m      K    1.32°C    1.59°C    1.66°C    1.73°C    1.84°C    1.92°C    1.98°C    2.06°C    2.17°C    2.27°C    2.40°C    2.55°C    2.70°C    2.84°C    2.98°C    3.13°C    3.30°C    3.49°C    3.71°C    3.92°C
[26.08 06:47:20] контроль roiw30 (та же оценка): агрегат 64.49 %, +24 ч 80.22 %, +72 ч 68.21 %, +120 ч 46.25 %
[26.08 06:47:20] === ALL DONE ===
