[13.08 12:16:36] === 5 СУТОК: шаг 6 ч против 24 ч ===
[prep] v5 последняя эпоха 30
[13.08 12:16:37] START d5_v3 (20 шагов)
[13.08 12:38:43] DONE d5_v3 rc=0
  +24h: RMSE=0.239005 | base=0.674254 | skill=64.55% | ACC=0.9700 (base 0.7767)
  +48h: RMSE=0.339624 | base=0.792783 | skill=57.16% | ACC=0.9399 (base 0.6933)
  +72h: RMSE=0.443189 | base=0.827179 | skill=46.42% | ACC=0.8993 (base 0.6673)
  +96h: RMSE=0.543495 | base=0.847818 | skill=35.89% | ACC=0.8505 (base 0.6516)
  +120h: RMSE=0.635987 | base=0.858832 | skill=25.95% | ACC=0.7972 (base 0.6430)
[13.08 12:38:43] START d5_v5_best (5 шагов)
[13.08 12:43:54] DONE d5_v5_best rc=0
  +24h: RMSE=0.256763 | base=0.674021 | skill=61.91% | ACC=0.9653 (base 0.7768)
  +48h: RMSE=0.325645 | base=0.792872 | skill=58.93% | ACC=0.9435 (base 0.6933)
  +72h: RMSE=0.397615 | base=0.827039 | skill=51.92% | ACC=0.9151 (base 0.6675)
  +96h: RMSE=0.470730 | base=0.847717 | skill=44.47% | ACC=0.8804 (base 0.6517)
  +120h: RMSE=0.538414 | base=0.859044 | skill=37.32% | ACC=0.8436 (base 0.6428)
[13.08 12:43:54] START d5_v5_last (5 шагов)
[13.08 12:49:20] DONE d5_v5_last rc=0
  +24h: RMSE=0.264310 | base=0.674021 | skill=60.79% | ACC=0.9632 (base 0.7768)
  +48h: RMSE=0.331167 | base=0.792872 | skill=58.23% | ACC=0.9418 (base 0.6933)
  +72h: RMSE=0.398472 | base=0.827039 | skill=51.82% | ACC=0.9147 (base 0.6675)
  +96h: RMSE=0.464961 | base=0.847717 | skill=45.15% | ACC=0.8824 (base 0.6517)
  +120h: RMSE=0.528401 | base=0.859044 | skill=38.49% | ACC=0.8467 (base 0.6428)
[13.08 12:49:20] --- ИТОГ: приземная температура по горизонтам ---
[13.08 12:49:20] d5_v3:  t2m K 0.85°C 1.05°C 1.12°C 1.25°C 1.35°C 1.49°C 1.56°C 1.69°C 1.79°C 1.91°C 2.00°C 2.11°C 2.21°C 2.33°C 2.42°C 2.53°C 2.63°C 2.75°C 2.86°C 2.97°C
[13.08 12:49:20] d5_v5_best:  t2m K 1.39°C 1.74°C 2.06°C 2.43°C 2.80°C
[13.08 12:49:20] d5_v5_last:  t2m K 1.45°C 1.79°C 2.07°C 2.38°C 2.69°C
[13.08 12:49:20] у v3 шаг 6 ч (20 шагов до +120 ч), у v5 шаг 24 ч (5 шагов)
[13.08 12:49:20] опорные числа на +72 ч: v3 2.11 °C, v5 2.06 °C
[13.08 12:49:20] === ALL DONE ===
