[19.08 11:45:57] === СБРОС ТЕМПА НА РЕГИОНАЛЬНОЙ, РЕЦЕПТ ГЛОБАЛЬНОЙ ===
[19.08 11:45:57] подготовка окружения и датасета
[19.08 11:58:54] подготовка rc=0
[19.08 11:58:54] собираю региональный датасет (часы CPU)
[19.08 12:21:36] сборка rc=0 размер 56G
[prep] стартуем с эпохи 29
[19.08 12:21:38] коммит: b8b43ce
[19.08 12:21:38] START обучения multires_krsk_33f_drop8 (8 эпох, AR=4, темп 7.5e-5 с косинусом до нуля) 
[20.08 10:09:00] DONE обучение rc=0
[prep] последняя эпоха 8
[20.08 10:09:01] START оценки по области (last) --ckpt /data/paper_heavy/krsk_drop8_last.pth
[20.08 10:43:55] DONE оценка last rc=0 | агрегат по области skill=73.81%
           t2m      K    1.31°C    1.52°C    1.56°C    1.62°C
           msl    hPa     0.68     0.84     0.98     1.09
[20.08 10:43:55] START оценки по области (best) --ckpt experiments/multires_krsk_33f_drop8/best_model.pth
[20.08 11:19:13] DONE оценка best rc=0 | агрегат по области skill=73.79%
           t2m      K    1.31°C    1.51°C    1.56°C    1.62°C
           msl    hPa     0.68     0.84     0.98     1.10
[20.08 11:19:13] сравнивать с основной моделью: t2m 1.32/1.53/1.59/1.66 °C, агрегат 73.41 %
[20.08 11:19:13] === ALL DONE ===
