[predict] data_dir=/data/datasets/multires_krsk_19f_merge (chunked=True, pred_steps=4)
[ChunkDataset] train: 12853 samples, flat_nodes=133279, feat=19, obs=2, pred=4
[ChunkDataset] val: 1607 samples, flat_nodes=133279, feat=19, obs=2, pred=4
[ChunkDataset] test_only: 1607 samples, flat_nodes=133279, feat=19, obs=2, pred=4
[graph] уровни меша [4, 6], признаки рёбер: legacy
[processor] InteractionNet: 12 шагов, агрегация 'mean'
Encoder summary: 
+---------------------------+----------------------------+----------------+----------+
| Layer                     | Input Shape                | Output Shape   | #Param   |
|---------------------------+----------------------------+----------------+----------|
| Model                     | [174241, 44], [2, 207099]  | [174241, 256]  | 340,994  |
| ├─(mlp)MLP                |                            | [174241, 256]  | 143,618  |
| │    └─(MLP)ModuleList    | --                         | --             | 143,618  |
| │    │    └─(0)Linear     | [174241, 44]               | [174241, 256]  | 11,520   |
| │    │    └─(1)PReLU      | [174241, 256]              | [174241, 256]  | 1        |
| │    │    └─(2)Linear     | [174241, 256]              | [174241, 256]  | 65,792   |
| │    │    └─(3)PReLU      | [174241, 256]              | [174241, 256]  | 1        |
| │    │    └─(4)Linear     | [174241, 256]              | [174241, 256]  | 65,792   |
| │    │    └─(5)LayerNorm  | [174241, 256]              | [174241, 256]  | 512      |
| ├─(graph_layer)GraphLayer |                            | [174241, 256]  | 197,376  |
| │    └─(activation)SiLU   | [174241, 256]              | [174241, 256]  | --       |
| │    └─(layers)ModuleList | --                         | --             | 197,376  |
| │    │    └─(0)GCNConv    | [174241, 256], [2, 207099] | [174241, 256]  | 65,792   |
| │    │    └─(1)SiLU       | [174241, 256]              | [174241, 256]  | --       |
| │    │    └─(2)GCNConv    | [174241, 256], [2, 207099] | [174241, 256]  | 65,792   |
| │    │    └─(3)SiLU       | --                         | --             | --       |
| │    │    └─(4)GCNConv    | [174241, 256], [2, 207099] | [174241, 256]  | 65,792   |
+---------------------------+----------------------------+----------------+----------+

Processor summary: 
  (сводка не построена: RuntimeError: Expected all tensors to be on the same device, but found at least two devices, cuda:0 and cpu! (when checking argument for argument mat1 in method wrapper_CUDA_addmm))

Decoder summary: 
+---------------------------+----------------------------+----------------+----------+
| Layer                     | Input Shape                | Output Shape   | #Param   |
|---------------------------+----------------------------+----------------+----------|
| Model                     | [174241, 256], [2, 399837] | [174241, 19]   | 150,677  |
| ├─(mlp)MLP                |                            | [174241, 128]  | 115,202  |
| │    └─(MLP)ModuleList    | --                         | --             | 115,202  |
| │    │    └─(0)Linear     | [174241, 256]              | [174241, 256]  | 65,792   |
| │    │    └─(1)PReLU      | [174241, 256]              | [174241, 256]  | 1        |
| │    │    └─(2)Linear     | [174241, 256]              | [174241, 128]  | 32,896   |
| │    │    └─(3)PReLU      | [174241, 128]              | [174241, 128]  | 1        |
| │    │    └─(4)Linear     | [174241, 128]              | [174241, 128]  | 16,512   |
| ├─(graph_layer)GraphLayer |                            | [174241, 19]   | 35,475   |
| │    └─(activation)SiLU   | [174241, 128]              | [174241, 128]  | --       |
| │    └─(layers)ModuleList | --                         | --             | 35,475   |
| │    │    └─(0)GCNConv    | [174241, 128], [2, 399837] | [174241, 128]  | 16,512   |
| │    │    └─(1)SiLU       | [174241, 128]              | [174241, 128]  | --       |
| │    │    └─(2)GCNConv    | [174241, 128], [2, 399837] | [174241, 128]  | 16,512   |
| │    │    └─(3)SiLU       | --                         | --             | --       |
| │    │    └─(4)GCNConv    | [174241, 128], [2, 399837] | [174241, 19]   | 2,451    |
+---------------------------+----------------------------+----------------+----------+

[AR-rollout] Модель выдаёт 1 шаг(ов), но мы прогоним 4 шагов авторегрессионно.
[predict] device=cuda | grid=0x0 | 2000/1607 test samples
[Region] 2501 nodes (--region [50.0,60.0]N x [83.0,98.0]E)
[metrics] per-sample MSE будут сохранены в /workdir/paper_results/f_nofreeze_ep16_samples.npz
[Main] Инференс (2000 samples, DA=none)...
  [50/2000] RMSE=0.186708 ACC=0.9823
  [100/2000] RMSE=0.181554 ACC=0.9823
  [150/2000] RMSE=0.185331 ACC=0.9821
  [200/2000] RMSE=0.185578 ACC=0.9820
  [250/2000] RMSE=0.185734 ACC=0.9821
  [300/2000] RMSE=0.186060 ACC=0.9821
  [350/2000] RMSE=0.186657 ACC=0.9821
  [400/2000] RMSE=0.186747 ACC=0.9821
  [450/2000] RMSE=0.187124 ACC=0.9820
  [500/2000] RMSE=0.186793 ACC=0.9820
  [550/2000] RMSE=0.186652 ACC=0.9820
  [600/2000] RMSE=0.186757 ACC=0.9819
  [650/2000] RMSE=0.186808 ACC=0.9819
  [700/2000] RMSE=0.187143 ACC=0.9818
  [750/2000] RMSE=0.187773 ACC=0.9818
  [800/2000] RMSE=0.187644 ACC=0.9817
  [850/2000] RMSE=0.187777 ACC=0.9818
  [900/2000] RMSE=0.187796 ACC=0.9817
  [950/2000] RMSE=0.187817 ACC=0.9817
  [1000/2000] RMSE=0.187744 ACC=0.9817
  [1050/2000] RMSE=0.187851 ACC=0.9817
  [1100/2000] RMSE=0.187957 ACC=0.9817
  [1150/2000] RMSE=0.188006 ACC=0.9817
  [1200/2000] RMSE=0.187832 ACC=0.9818
  [1250/2000] RMSE=0.187491 ACC=0.9818
  [1300/2000] RMSE=0.187246 ACC=0.9818
  [1350/2000] RMSE=0.186870 ACC=0.9819
  [1400/2000] RMSE=0.186855 ACC=0.9819
  [1450/2000] RMSE=0.186624 ACC=0.9819
  [1500/2000] RMSE=0.186437 ACC=0.9819
  [1550/2000] RMSE=0.186178 ACC=0.9820
  [1600/2000] RMSE=0.185919 ACC=0.9820
[Save] per-sample metrics → /workdir/paper_results/f_nofreeze_ep16_samples.npz (N=1607, AR=4, C=19)

============================================================
=== Inference summary (1607 samples) ===
Grid: 0x0 (G=133279) | C=19 | AR=4 horizons
Overall: MSE=0.034552 | RMSE=0.185881 | MAE=0.080859
Baseline: RMSE=0.535283 | MAE=0.250761
Skill: 65.27%
ACC: 0.9820 | base: 0.8574 | Δ=+0.1246

Per-horizon:
  +06h: RMSE=0.124469 | base=0.365052 | skill=65.90% | ACC=0.9922 (base 0.9339)
  +12h: RMSE=0.162379 | base=0.507499 | skill=68.00% | ACC=0.9866 (base 0.8719)
  +18h: RMSE=0.204790 | base=0.588722 | skill=65.21% | ACC=0.9781 (base 0.8274)
  +24h: RMSE=0.233257 | base=0.639297 | skill=63.51% | ACC=0.9712 (base 0.7964)

Per-horizon per-channel RMSE (physical units):
         var   unit      +6h     +12h     +18h     +24h
         t2m      K    0.82°C    1.00°C    1.14°C    1.23°C
         10u    m/s     0.72     0.89     1.05     1.21
         10v    m/s     0.73     0.90     1.06     1.21
         msl    hPa     0.65     0.92     1.26     1.59
       t@850      K    0.62°C    0.79°C    0.93°C    1.04°C
       u@850    m/s     1.06     1.31     1.56     1.79
       v@850    m/s     1.06     1.31     1.55     1.78
       z@850    gpm      4.6      6.5      9.3     11.8
       z@500    gpm      5.8      8.5     12.1     15.4

Per-channel metrics overall (physical units, avg over 4 horizons):
    #        var      ACC  RMSE_norm    RMSE_phys     unit
    0        t2m   0.9987     0.0501       1.0577        K  (≈1.06 °C)
    1        10u   0.9839     0.1772       0.9858      m/s
    2        10v   0.9779     0.2075       0.9895      m/s
    3        msl   0.9963     0.0858       1.1615      hPa
    4         tp   0.8366     0.5512       0.0011        m
    5         sp   0.9999     0.0151       1.4433      hPa
    6       tcwv   0.9959     0.0899       1.4964    kg/m²
    7     z_surf   1.0000     0.0103       8.7396      gpm
    8        lsm   0.9999     0.0107       0.0049        -
    9      t@850   0.9984     0.0554       0.8596        K  (≈0.86 °C)
   10      u@850   0.9843     0.1764       1.4540      m/s
   11      v@850   0.9731     0.2303       1.4458      m/s
   12      z@850   0.9985     0.0558       8.5060      gpm
   13      q@850   0.9878     0.1553       0.0006    kg/kg
   14      t@500   0.9985     0.0554       0.7227        K  (≈0.72 °C)
   15      u@500   0.9854     0.1705       2.0511      m/s
   16      v@500   0.9742     0.2255       2.0764      m/s
   17      z@500   0.9996     0.0321      11.0618      gpm
   18      q@500   0.9696     0.2475       0.0003    kg/kg

--- Region [50.0,60.0]N x [83.0,98.0]E (2501 nodes) ---
RMSE=0.161271 | base=0.397742 | skill=59.45%
ACC=0.9214 | base=0.6294

  Per-horizon (region):
    +06h: RMSE=0.135178 | base=0.260234 | skill=48.06% | ACC=0.9439 (base 0.7944)
    +12h: RMSE=0.155524 | base=0.373973 | skill=58.41% | ACC=0.9281 (base 0.6465)
    +18h: RMSE=0.168619 | base=0.440324 | skill=61.71% | ACC=0.9137 (base 0.5618)
    +24h: RMSE=0.182046 | base=0.480968 | skill=62.15% | ACC=0.8998 (base 0.5150)

  Per-horizon per-channel RMSE — REGION (2501 nodes):
           var   unit      +6h     +12h     +18h     +24h
           t2m      K    1.35°C    1.62°C    1.72°C    1.82°C
           10u    m/s     0.59     0.68     0.74     0.79
           10v    m/s     0.58     0.67     0.72     0.77
           msl    hPa     0.71     0.97     1.26     1.58
         t@850      K    0.73°C    0.91°C    1.05°C    1.16°C
         u@850    m/s     1.21     1.43     1.60     1.77
         v@850    m/s     1.11     1.29     1.45     1.61
         z@850    gpm      4.2      6.3      8.8     11.2
         z@500    gpm      5.7      8.6     12.0     15.1

  Per-channel region (physical units, avg over 4 horizons):
      #        var      ACC  RMSE_norm    RMSE_phys     unit
      0        t2m   0.9334     0.0773       1.6334        K  (≈1.63 °C)
      1        10u   0.8914     0.1268       0.7053      m/s
      2        10v   0.8643     0.1445       0.6889      m/s
      3        msl   0.9693     0.0868       1.1743      hPa
      4         tp   0.5830     0.4850       0.0010        m
      5         sp   0.9999     0.0171       1.6317      hPa
      6       tcwv   0.9494     0.0621       1.0337    kg/m²
      7     z_surf   0.9999     0.0135      11.3945      gpm
      8        lsm   0.9940     0.0126       0.0058        -
      9      t@850   0.9512     0.0630       0.9764        K  (≈0.98 °C)
     10      u@850   0.9390     0.1841       1.5175      m/s
     11      v@850   0.9057     0.2199       1.3805      m/s
     12      z@850   0.9821     0.0529       8.0585      gpm
     13      q@850   0.8697     0.1003       0.0004    kg/kg
     14      t@500   0.9516     0.0553       0.7217        K  (≈0.72 °C)
     15      u@500   0.9295     0.1710       2.0568      m/s
     16      v@500   0.9330     0.2200       2.0252      m/s
     17      z@500   0.9892     0.0318      10.9464      gpm
     18      q@500   0.8709     0.1523       0.0002    kg/kg
============================================================
