[predict] data_dir=/data/datasets/multires_krsk_19f_merge (chunked=True, pred_steps=4)
[ChunkDataset] train: 12853 samples, flat_nodes=133279, feat=19, obs=2, pred=4
[ChunkDataset] val: 1607 samples, flat_nodes=133279, feat=19, obs=2, pred=4
[ChunkDataset] test_only: 1607 samples, flat_nodes=133279, feat=19, obs=2, pred=4
[graph] уровни меша [4, 6], признаки рёбер: legacy
[processor] InteractionNet: 12 шагов, агрегация 'mean'
Encoder summary: 
+---------------------------+----------------------------+----------------+----------+
| Layer                     | Input Shape                | Output Shape   | #Param   |
|---------------------------+----------------------------+----------------+----------|
| Model                     | [174241, 44], [2, 207099]  | [174241, 256]  | 340,994  |
| ├─(mlp)MLP                |                            | [174241, 256]  | 143,618  |
| │    └─(MLP)ModuleList    | --                         | --             | 143,618  |
| │    │    └─(0)Linear     | [174241, 44]               | [174241, 256]  | 11,520   |
| │    │    └─(1)PReLU      | [174241, 256]              | [174241, 256]  | 1        |
| │    │    └─(2)Linear     | [174241, 256]              | [174241, 256]  | 65,792   |
| │    │    └─(3)PReLU      | [174241, 256]              | [174241, 256]  | 1        |
| │    │    └─(4)Linear     | [174241, 256]              | [174241, 256]  | 65,792   |
| │    │    └─(5)LayerNorm  | [174241, 256]              | [174241, 256]  | 512      |
| ├─(graph_layer)GraphLayer |                            | [174241, 256]  | 197,376  |
| │    └─(activation)SiLU   | [174241, 256]              | [174241, 256]  | --       |
| │    └─(layers)ModuleList | --                         | --             | 197,376  |
| │    │    └─(0)GCNConv    | [174241, 256], [2, 207099] | [174241, 256]  | 65,792   |
| │    │    └─(1)SiLU       | [174241, 256]              | [174241, 256]  | --       |
| │    │    └─(2)GCNConv    | [174241, 256], [2, 207099] | [174241, 256]  | 65,792   |
| │    │    └─(3)SiLU       | --                         | --             | --       |
| │    │    └─(4)GCNConv    | [174241, 256], [2, 207099] | [174241, 256]  | 65,792   |
+---------------------------+----------------------------+----------------+----------+

Processor summary: 
  (сводка не построена: RuntimeError: Expected all tensors to be on the same device, but found at least two devices, cuda:0 and cpu! (when checking argument for argument mat1 in method wrapper_CUDA_addmm))

Decoder summary: 
+---------------------------+----------------------------+----------------+----------+
| Layer                     | Input Shape                | Output Shape   | #Param   |
|---------------------------+----------------------------+----------------+----------|
| Model                     | [174241, 256], [2, 399837] | [174241, 19]   | 150,677  |
| ├─(mlp)MLP                |                            | [174241, 128]  | 115,202  |
| │    └─(MLP)ModuleList    | --                         | --             | 115,202  |
| │    │    └─(0)Linear     | [174241, 256]              | [174241, 256]  | 65,792   |
| │    │    └─(1)PReLU      | [174241, 256]              | [174241, 256]  | 1        |
| │    │    └─(2)Linear     | [174241, 256]              | [174241, 128]  | 32,896   |
| │    │    └─(3)PReLU      | [174241, 128]              | [174241, 128]  | 1        |
| │    │    └─(4)Linear     | [174241, 128]              | [174241, 128]  | 16,512   |
| ├─(graph_layer)GraphLayer |                            | [174241, 19]   | 35,475   |
| │    └─(activation)SiLU   | [174241, 128]              | [174241, 128]  | --       |
| │    └─(layers)ModuleList | --                         | --             | 35,475   |
| │    │    └─(0)GCNConv    | [174241, 128], [2, 399837] | [174241, 128]  | 16,512   |
| │    │    └─(1)SiLU       | [174241, 128]              | [174241, 128]  | --       |
| │    │    └─(2)GCNConv    | [174241, 128], [2, 399837] | [174241, 128]  | 16,512   |
| │    │    └─(3)SiLU       | --                         | --             | --       |
| │    │    └─(4)GCNConv    | [174241, 128], [2, 399837] | [174241, 19]   | 2,451    |
+---------------------------+----------------------------+----------------+----------+

[AR-rollout] Модель выдаёт 1 шаг(ов), но мы прогоним 4 шагов авторегрессионно.
[predict] device=cuda | grid=0x0 | 2000/1607 test samples
[Region] 2501 nodes (--region [50.0,60.0]N x [83.0,98.0]E)
[metrics] per-sample MSE будут сохранены в /workdir/paper_results/f_nofreeze_best_samples.npz
[Main] Инференс (2000 samples, DA=none)...
  [50/2000] RMSE=0.194313 ACC=0.9810
  [100/2000] RMSE=0.189080 ACC=0.9810
  [150/2000] RMSE=0.192862 ACC=0.9808
  [200/2000] RMSE=0.193224 ACC=0.9807
  [250/2000] RMSE=0.193614 ACC=0.9808
  [300/2000] RMSE=0.193993 ACC=0.9807
  [350/2000] RMSE=0.194708 ACC=0.9807
  [400/2000] RMSE=0.194727 ACC=0.9807
  [450/2000] RMSE=0.194983 ACC=0.9806
  [500/2000] RMSE=0.194568 ACC=0.9806
  [550/2000] RMSE=0.194363 ACC=0.9806
  [600/2000] RMSE=0.194257 ACC=0.9806
  [650/2000] RMSE=0.194194 ACC=0.9806
  [700/2000] RMSE=0.194470 ACC=0.9805
  [750/2000] RMSE=0.195022 ACC=0.9805
  [800/2000] RMSE=0.194884 ACC=0.9804
  [850/2000] RMSE=0.194982 ACC=0.9805
  [900/2000] RMSE=0.194944 ACC=0.9804
  [950/2000] RMSE=0.194888 ACC=0.9804
  [1000/2000] RMSE=0.194754 ACC=0.9805
  [1050/2000] RMSE=0.194822 ACC=0.9805
  [1100/2000] RMSE=0.194902 ACC=0.9804
  [1150/2000] RMSE=0.194967 ACC=0.9804
  [1200/2000] RMSE=0.194793 ACC=0.9805
  [1250/2000] RMSE=0.194448 ACC=0.9805
  [1300/2000] RMSE=0.194199 ACC=0.9806
  [1350/2000] RMSE=0.193836 ACC=0.9806
  [1400/2000] RMSE=0.193838 ACC=0.9806
  [1450/2000] RMSE=0.193615 ACC=0.9806
  [1500/2000] RMSE=0.193415 ACC=0.9807
  [1550/2000] RMSE=0.193147 ACC=0.9807
  [1600/2000] RMSE=0.192907 ACC=0.9807
[Save] per-sample metrics → /workdir/paper_results/f_nofreeze_best_samples.npz (N=1607, AR=4, C=19)

============================================================
=== Inference summary (1607 samples) ===
Grid: 0x0 (G=133279) | C=19 | AR=4 horizons
Overall: MSE=0.037200 | RMSE=0.192872 | MAE=0.083611
Baseline: RMSE=0.535283 | MAE=0.250761
Skill: 63.97%
ACC: 0.9807 | base: 0.8574 | Δ=+0.1234

Per-horizon:
  +06h: RMSE=0.123540 | base=0.365052 | skill=66.16% | ACC=0.9923 (base 0.9339)
  +12h: RMSE=0.169860 | base=0.507499 | skill=66.53% | ACC=0.9853 (base 0.8719)
  +18h: RMSE=0.212174 | base=0.588722 | skill=63.96% | ACC=0.9766 (base 0.8274)
  +24h: RMSE=0.244266 | base=0.639297 | skill=61.79% | ACC=0.9687 (base 0.7964)

Per-horizon per-channel RMSE (physical units):
         var   unit      +6h     +12h     +18h     +24h
         t2m      K    0.80°C    1.01°C    1.15°C    1.28°C
         10u    m/s     0.71     0.90     1.08     1.26
         10v    m/s     0.72     0.92     1.10     1.27
         msl    hPa     0.64     0.96     1.34     1.74
       t@850      K    0.62°C    0.81°C    0.95°C    1.09°C
       u@850    m/s     1.05     1.34     1.60     1.87
       v@850    m/s     1.05     1.34     1.60     1.86
       z@850    gpm      4.5      7.2     10.5     13.8
       z@500    gpm      5.6      9.1     13.2     17.5

Per-channel metrics overall (physical units, avg over 4 horizons):
    #        var      ACC  RMSE_norm    RMSE_phys     unit
    0        t2m   0.9987     0.0508       1.0733        K  (≈1.07 °C)
    1        10u   0.9832     0.1811       1.0075      m/s
    2        10v   0.9765     0.2149       1.0246      m/s
    3        msl   0.9961     0.0914       1.2371      hPa
    4         tp   0.8251     0.5706       0.0011        m
    5         sp   0.9999     0.0138       1.3202      hPa
    6       tcwv   0.9957     0.0932       1.5513    kg/m²
    7     z_surf   1.0000     0.0077       6.5160      gpm
    8        lsm   1.0000     0.0102       0.0047        -
    9      t@850   0.9983     0.0570       0.8844        K  (≈0.88 °C)
   10      u@850   0.9835     0.1818       1.4990      m/s
   11      v@850   0.9716     0.2381       1.4944      m/s
   12      z@850   0.9981     0.0634       9.6607      gpm
   13      q@850   0.9867     0.1628       0.0007    kg/kg
   14      t@500   0.9984     0.0582       0.7588        K  (≈0.76 °C)
   15      u@500   0.9839     0.1787       2.1493      m/s
   16      v@500   0.9719     0.2355       2.1679      m/s
   17      z@500   0.9994     0.0354      12.2082      gpm
   18      q@500   0.9671     0.2583       0.0003    kg/kg

--- Region [50.0,60.0]N x [83.0,98.0]E (2501 nodes) ---
RMSE=0.159706 | base=0.397742 | skill=59.85%
ACC=0.9178 | base=0.6294

  Per-horizon (region):
    +06h: RMSE=0.132437 | base=0.260234 | skill=49.11% | ACC=0.9441 (base 0.7944)
    +12h: RMSE=0.152343 | base=0.373973 | skill=59.26% | ACC=0.9255 (base 0.6465)
    +18h: RMSE=0.166612 | base=0.440324 | skill=62.16% | ACC=0.9092 (base 0.5618)
    +24h: RMSE=0.183075 | base=0.480968 | skill=61.94% | ACC=0.8924 (base 0.5150)

  Per-horizon per-channel RMSE — REGION (2501 nodes):
           var   unit      +6h     +12h     +18h     +24h
           t2m      K    1.36°C    1.65°C    1.81°C    1.96°C
           10u    m/s     0.59     0.70     0.77     0.83
           10v    m/s     0.58     0.68     0.73     0.79
           msl    hPa     0.78     1.29     1.92     2.58
         t@850      K    0.74°C    0.95°C    1.09°C    1.22°C
         u@850    m/s     1.20     1.44     1.64     1.84
         v@850    m/s     1.10     1.31     1.47     1.64
         z@850    gpm      5.3     10.0     15.4     21.0
         z@500    gpm      6.3     11.2     16.6     22.3

  Per-channel region (physical units, avg over 4 horizons):
      #        var      ACC  RMSE_norm    RMSE_phys     unit
      0        t2m   0.9318     0.0809       1.7101        K  (≈1.71 °C)
      1        10u   0.8875     0.1307       0.7271      m/s
      2        10v   0.8602     0.1466       0.6989      m/s
      3        msl   0.9682     0.1313       1.7773      hPa
      4         tp   0.5667     0.4408       0.0009        m
      5         sp   0.9999     0.0171       1.6332      hPa
      6       tcwv   0.9476     0.0632       1.0519    kg/m²
      7     z_surf   0.9999     0.0099       8.3739      gpm
      8        lsm   0.9949     0.0115       0.0052        -
      9      t@850   0.9495     0.0656       1.0173        K  (≈1.02 °C)
     10      u@850   0.9361     0.1880       1.5499      m/s
     11      v@850   0.9025     0.2221       1.3941      m/s
     12      z@850   0.9816     0.0932      14.2007      gpm
     13      q@850   0.8617     0.1090       0.0005    kg/kg
     14      t@500   0.9505     0.0555       0.7236        K  (≈0.72 °C)
     15      u@500   0.9218     0.1781       2.1420      m/s
     16      v@500   0.9269     0.2288       2.1064      m/s
     17      z@500   0.9884     0.0444      15.2932      gpm
     18      q@500   0.8625     0.1575       0.0002    kg/kg
============================================================
