[29.09 10:44:32] === ПЕРЕСЧЁТ СТАТЬИ: mesh_ref (8be7243) ===
[29.09 10:44:32] чекпойнт: /data/paper_heavy/multires_krsk_33f_chw_mesh_ref_last.pth
[29.09 10:44:32] START p_mesh_ref_inner
[29.09 12:43:42] DONE  p_mesh_ref_inner rc=0 |  t2m K 0.99°C 1.15°C 1.18°C 1.24°C
[29.09 12:43:42] START p_mesh_ref_s100
[29.09 12:51:05] DONE  p_mesh_ref_s100 rc=0 |  t2m K 1.15°C 1.37°C 1.46°C 1.52°C
[29.09 12:51:05] START диагностика стыка
[29.09 12:51:17] DONE  диагностика стыка rc=0
| вставка 0.25° | 0–25 | 278 | 1.21 | 1.44 | 1.52 | 1.58 |
| вставка 0.25° | 25–50 | 240 | 1.18 | 1.40 | 1.48 | 1.54 |
| вставка 0.25° | 50–100 | 414 | 1.19 | 1.41 | 1.49 | 1.56 |
| вставка 0.25° | 100–200 | 698 | 1.17 | 1.38 | 1.45 | 1.51 |
| вставка 0.25° | 200–1000 | 871 | 1.10 | 1.32 | 1.42 | 1.48 |
| глобальная 0.7° | -100–0 | 143 | 1.12 | 1.39 | 1.53 | 1.63 |
| глобальная 0.7° | -300–-100 | 308 | 1.23 | 1.50 | 1.64 | 1.72 |
| глобальная 0.7° | -1000–-300 | 1708 | 1.22 | 1.52 | 1.67 | 1.77 |
[29.09 12:51:18] полные поля удалены (место в /data)
[29.09 12:51:18] === ВСЁ ===
[29.09 12:43:42] DONE  p_mesh_ref_inner rc=0 |  t2m K 0.99°C 1.15°C 1.18°C 1.24°C
[29.09 12:51:05] DONE  p_mesh_ref_s100 rc=0 |  t2m K 1.15°C 1.37°C 1.46°C 1.52°C
[29.09 12:51:17] DONE  диагностика стыка rc=0
