[27.09 19:09:20] === ПЕРЕСЧЁТ СТАТЬИ: dec_encres (a79ae5c) ===
[27.09 19:09:20] нет окружения или датасета — восстанавливаю (~40 мин), лог /workdir/paper_logs/restore33f.log
[27.09 19:43:03] восстановление rc=0
[prep] multires_krsk_33f_chw_dec_encres: эпоха 7 -> /data/paper_heavy/multires_krsk_33f_chw_dec_encres_last.pth
[27.09 19:43:04] чекпойнт: /data/paper_heavy/multires_krsk_33f_chw_dec_encres_last.pth
[27.09 19:43:04] START p_dec_encres_inner
[27.09 21:12:26] DONE  p_dec_encres_inner rc=0 |  t2m K 1.01°C 1.17°C 1.21°C 1.26°C
[27.09 21:12:26] START p_dec_encres_s100
[27.09 21:17:59] DONE  p_dec_encres_s100 rc=0 |  t2m K 1.20°C 1.43°C 1.52°C 1.58°C
[27.09 21:17:59] START диагностика стыка
[27.09 21:18:08] DONE  диагностика стыка rc=0
| вставка 0.25° | 0–25 | 278 | 1.25 | 1.49 | 1.58 | 1.63 |
| вставка 0.25° | 25–50 | 240 | 1.22 | 1.45 | 1.53 | 1.59 |
| вставка 0.25° | 50–100 | 414 | 1.24 | 1.47 | 1.55 | 1.62 |
| вставка 0.25° | 100–200 | 698 | 1.21 | 1.44 | 1.52 | 1.58 |
| вставка 0.25° | 200–1000 | 871 | 1.14 | 1.38 | 1.48 | 1.55 |
| глобальная 0.7° | -100–0 | 143 | 1.13 | 1.40 | 1.54 | 1.64 |
| глобальная 0.7° | -300–-100 | 308 | 1.24 | 1.52 | 1.67 | 1.76 |
| глобальная 0.7° | -1000–-300 | 1708 | 1.22 | 1.52 | 1.68 | 1.79 |
[27.09 21:18:09] полные поля удалены (место в /data)
[27.09 21:18:09] === ВСЁ ===
[27.09 21:12:26] DONE  p_dec_encres_inner rc=0 |  t2m K 1.01°C 1.17°C 1.21°C 1.26°C
[27.09 21:17:59] DONE  p_dec_encres_s100 rc=0 |  t2m K 1.20°C 1.43°C 1.52°C 1.58°C
[27.09 21:18:08] DONE  диагностика стыка rc=0
