[27.09 07:49:43] === ПЕРЕСЧЁТ СТАТЬИ: dec_long_encres (e1ffa59) ===
[27.09 07:49:43] жду .improve_dec_long_encres.lock
[27.09 18:48:29] жду .improve_dec_long.lock
[27.09 18:48:29] жду .improve_long.lock
[27.09 18:48:29] все батчи на машине закончились — начинаю
[27.09 18:49:29] чекпойнт: /data/paper_heavy/multires_krsk_33f_chw_dec_long_encres_last.pth
[27.09 18:49:29] START p_dec_long_encres_inner
[27.09 20:46:52] DONE  p_dec_long_encres_inner rc=0 |  t2m K 1.00°C 1.16°C 1.19°C 1.25°C
[27.09 20:46:52] START p_dec_long_encres_s100
[27.09 20:54:12] DONE  p_dec_long_encres_s100 rc=0 |  t2m K 1.19°C 1.42°C 1.51°C 1.57°C
[27.09 20:54:12] START диагностика стыка
[27.09 20:54:23] DONE  диагностика стыка rc=0
| вставка 0.25° | 0–25 | 278 | 1.24 | 1.48 | 1.56 | 1.62 |
| вставка 0.25° | 25–50 | 240 | 1.21 | 1.44 | 1.52 | 1.58 |
| вставка 0.25° | 50–100 | 414 | 1.23 | 1.46 | 1.54 | 1.61 |
| вставка 0.25° | 100–200 | 698 | 1.20 | 1.43 | 1.50 | 1.56 |
| вставка 0.25° | 200–1000 | 871 | 1.13 | 1.37 | 1.47 | 1.53 |
| глобальная 0.7° | -100–0 | 143 | 1.13 | 1.41 | 1.54 | 1.64 |
| глобальная 0.7° | -300–-100 | 308 | 1.23 | 1.51 | 1.66 | 1.75 |
| глобальная 0.7° | -1000–-300 | 1708 | 1.22 | 1.51 | 1.66 | 1.76 |
[27.09 20:54:25] полные поля удалены (место в /data)
[27.09 20:54:25] === ВСЁ ===
[27.09 20:46:52] DONE  p_dec_long_encres_inner rc=0 |  t2m K 1.00°C 1.16°C 1.19°C 1.25°C
[27.09 20:54:12] DONE  p_dec_long_encres_s100 rc=0 |  t2m K 1.19°C 1.42°C 1.51°C 1.57°C
[27.09 20:54:23] DONE  диагностика стыка rc=0
