[predict] data_dir=/data/datasets/multires_krsk_33f (chunked=True, pred_steps=4)
[ChunkDataset] склеиваем data.npy (19ch) + data_extra.npy (14ch) → 33ch
[ChunkDataset] train: 12853 samples, flat_nodes=133279, feat=33, obs=2, pred=4
[ChunkDataset] склеиваем data.npy (19ch) + data_extra.npy (14ch) → 33ch
[ChunkDataset] val: 1607 samples, flat_nodes=133279, feat=33, obs=2, pred=4
[ChunkDataset] склеиваем data.npy (19ch) + data_extra.npy (14ch) → 33ch
[ChunkDataset] test_only: 1607 samples, flat_nodes=133279, feat=33, obs=2, pred=4
[graph] уровни меша [4, 6], признаки рёбер: legacy
[processor] InteractionNet: 12 шагов, агрегация 'mean'
Encoder summary: 
+---------------------------+----------------------------+----------------+----------+
| Layer                     | Input Shape                | Output Shape   | #Param   |
|---------------------------+----------------------------+----------------+----------|
| Model                     | [174241, 72], [2, 207099]  | [174241, 256]  | 348,162  |
| ├─(mlp)MLP                |                            | [174241, 256]  | 150,786  |
| │    └─(MLP)ModuleList    | --                         | --             | 150,786  |
| │    │    └─(0)Linear     | [174241, 72]               | [174241, 256]  | 18,688   |
| │    │    └─(1)PReLU      | [174241, 256]              | [174241, 256]  | 1        |
| │    │    └─(2)Linear     | [174241, 256]              | [174241, 256]  | 65,792   |
| │    │    └─(3)PReLU      | [174241, 256]              | [174241, 256]  | 1        |
| │    │    └─(4)Linear     | [174241, 256]              | [174241, 256]  | 65,792   |
| │    │    └─(5)LayerNorm  | [174241, 256]              | [174241, 256]  | 512      |
| ├─(graph_layer)GraphLayer |                            | [174241, 256]  | 197,376  |
| │    └─(activation)SiLU   | [174241, 256]              | [174241, 256]  | --       |
| │    └─(layers)ModuleList | --                         | --             | 197,376  |
| │    │    └─(0)GCNConv    | [174241, 256], [2, 207099] | [174241, 256]  | 65,792   |
| │    │    └─(1)SiLU       | [174241, 256]              | [174241, 256]  | --       |
| │    │    └─(2)GCNConv    | [174241, 256], [2, 207099] | [174241, 256]  | 65,792   |
| │    │    └─(3)SiLU       | --                         | --             | --       |
| │    │    └─(4)GCNConv    | [174241, 256], [2, 207099] | [174241, 256]  | 65,792   |
+---------------------------+----------------------------+----------------+----------+

Processor summary: 
  (сводка не построена: RuntimeError: Expected all tensors to be on the same device, but found at least two devices, cuda:0 and cpu! (when checking argument for argument mat1 in method wrapper_CUDA_addmm))

Decoder summary: 
+---------------------------+----------------------------+----------------+----------+
| Layer                     | Input Shape                | Output Shape   | #Param   |
|---------------------------+----------------------------+----------------+----------|
| Model                     | [174241, 256], [2, 399837] | [174241, 33]   | 152,483  |
| ├─(mlp)MLP                |                            | [174241, 128]  | 115,202  |
| │    └─(MLP)ModuleList    | --                         | --             | 115,202  |
| │    │    └─(0)Linear     | [174241, 256]              | [174241, 256]  | 65,792   |
| │    │    └─(1)PReLU      | [174241, 256]              | [174241, 256]  | 1        |
| │    │    └─(2)Linear     | [174241, 256]              | [174241, 128]  | 32,896   |
| │    │    └─(3)PReLU      | [174241, 128]              | [174241, 128]  | 1        |
| │    │    └─(4)Linear     | [174241, 128]              | [174241, 128]  | 16,512   |
| ├─(graph_layer)GraphLayer |                            | [174241, 33]   | 37,281   |
| │    └─(activation)SiLU   | [174241, 128]              | [174241, 128]  | --       |
| │    └─(layers)ModuleList | --                         | --             | 37,281   |
| │    │    └─(0)GCNConv    | [174241, 128], [2, 399837] | [174241, 128]  | 16,512   |
| │    │    └─(1)SiLU       | [174241, 128]              | [174241, 128]  | --       |
| │    │    └─(2)GCNConv    | [174241, 128], [2, 399837] | [174241, 128]  | 16,512   |
| │    │    └─(3)SiLU       | --                         | --             | --       |
| │    │    └─(4)GCNConv    | [174241, 128], [2, 399837] | [174241, 33]   | 4,257    |
+---------------------------+----------------------------+----------------+----------+

[AR-rollout] Модель выдаёт 1 шаг(ов), но мы прогоним 4 шагов авторегрессионно.
[static] Каналы [7, 8] — статика, carry-forward при AR
[forcing] Каналы [29, 30, 31, 32] — форсинг (из ground truth при AR)
[predict] device=cuda | grid=0x0 | 2000/1607 test samples
[Region] 2501 nodes (--region [50.0,60.0]N x [83.0,98.0]E)
[lat-weight] веса cos(широта): по сетке 0.010..1.573, по области 0.873..1.122
[clim] таблица: 6 каналов из 33 — ['t2m', '10u', '10v', 'msl', 't@850', 'z@500']
[clim] приведена к нормированным единицам набора
[clim] /workdir/graphcast-lite/docs/paper/runs/clim_wb2_nodes.npz: ACC считается против климатологии, а не против среднего по области
[clim] узлов прогона 2501 из 2501 в таблице
[metrics] Исключены из aggregate метрик: каналы [7, 8, 29, 30, 31, 32] (static+forcing)
[metrics] per-sample MSE будут сохранены в /workdir/paper_results/g_chw_roi_samples.npz
[Main] Инференс (2000 samples, DA=none)...
  [50/2000] RMSE=0.191576 ACC=0.9852
  [100/2000] RMSE=0.186227 ACC=0.9852
  [150/2000] RMSE=0.190117 ACC=0.9850
  [200/2000] RMSE=0.190834 ACC=0.9849
  [250/2000] RMSE=0.191443 ACC=0.9850
  [300/2000] RMSE=0.191657 ACC=0.9850
  [350/2000] RMSE=0.192292 ACC=0.9850
  [400/2000] RMSE=0.192494 ACC=0.9850
  [450/2000] RMSE=0.192540 ACC=0.9850
  [500/2000] RMSE=0.191883 ACC=0.9850
  [550/2000] RMSE=0.191639 ACC=0.9850
  [600/2000] RMSE=0.191497 ACC=0.9849
  [650/2000] RMSE=0.191474 ACC=0.9849
  [700/2000] RMSE=0.191878 ACC=0.9848
  [750/2000] RMSE=0.192460 ACC=0.9848
  [800/2000] RMSE=0.192170 ACC=0.9848
  [850/2000] RMSE=0.192217 ACC=0.9848
  [900/2000] RMSE=0.192031 ACC=0.9848
  [950/2000] RMSE=0.191889 ACC=0.9848
  [1000/2000] RMSE=0.191676 ACC=0.9848
  [1050/2000] RMSE=0.191822 ACC=0.9848
  [1100/2000] RMSE=0.191841 ACC=0.9848
  [1150/2000] RMSE=0.191781 ACC=0.9848
  [1200/2000] RMSE=0.191504 ACC=0.9848
  [1250/2000] RMSE=0.191082 ACC=0.9849
  [1300/2000] RMSE=0.190790 ACC=0.9849
  [1350/2000] RMSE=0.190411 ACC=0.9849
  [1400/2000] RMSE=0.190300 ACC=0.9849
  [1450/2000] RMSE=0.190003 ACC=0.9849
  [1500/2000] RMSE=0.189791 ACC=0.9850
  [1550/2000] RMSE=0.189502 ACC=0.9850
  [1600/2000] RMSE=0.189246 ACC=0.9850
[Save] per-sample metrics → /workdir/paper_results/g_chw_roi_samples.npz (N=1607, AR=4, C=33)

============================================================
=== Inference summary (1607 samples) ===
Grid: 0x0 (G=133279) | C=33 | AR=4 horizons
Overall: MSE=0.035801 | RMSE=0.189212 | MAE=0.086540
Baseline: RMSE=0.561800 | MAE=0.280797
Skill: 66.32%
ACC: 0.9850 | base: 0.8500 | Δ=+0.1350

Per-horizon:
  +06h: RMSE=0.138823 | base=0.383497 | skill=63.80% | ACC=0.9919 (base 0.9343)
  +12h: RMSE=0.174449 | base=0.532431 | skill=67.24% | ACC=0.9874 (base 0.8677)
  +18h: RMSE=0.206058 | base=0.617916 | skill=66.65% | ACC=0.9823 (base 0.8171)
  +24h: RMSE=0.225921 | base=0.670899 | skill=66.33% | ACC=0.9784 (base 0.7808)

Per-horizon per-channel RMSE (physical units):
         var   unit      +6h     +12h     +18h     +24h
         t2m      K    0.69°C    0.79°C    0.83°C    0.87°C
         10u    m/s     0.71     0.84     0.93     1.02
         10v    m/s     0.73     0.86     0.96     1.05
         msl    hPa     0.53     0.64     0.75     0.85
       t@850      K    0.59°C    0.71°C    0.78°C    0.84°C
       u@850    m/s     1.09     1.29     1.44     1.57
       v@850    m/s     1.09     1.29     1.44     1.57
       z@850    gpm      3.8      4.6      5.5      6.2
       z@500    gpm      4.4      5.4      6.6      7.6

Per-channel metrics overall (physical units, avg over 4 horizons):
    #        var      ACC  RMSE_norm    RMSE_phys     unit
    0        t2m   0.9990     0.0378       0.7986        K  (≈0.80 °C)
    1        10u   0.9861     0.1584       0.8816      m/s
    2        10v   0.9806     0.1902       0.9072      m/s
    3        msl   0.9981     0.0521       0.7058      hPa
    4         tp   0.8580     0.6213       0.0012        m
    5         sp   1.0000     0.0072       0.6904      hPa
    6       tcwv   0.9966     0.0956       1.5909    kg/m²
    7     z_surf   1.0000     0.0000       0.0000      gpm
    8        lsm   1.0000     0.0000       0.0000        -
    9      t@850   0.9987     0.0474       0.7351        K  (≈0.74 °C)
   10      u@850   0.9858     0.1649       1.3591      m/s
   11      v@850   0.9753     0.2165       1.3589      m/s
   12      z@850   0.9993     0.0335       5.1051      gpm
   13      q@850   0.9884     0.1770       0.0007    kg/kg
   14      t@500   0.9990     0.0439       0.5726        K  (≈0.57 °C)
   15      u@500   0.9882     0.1485       1.7864      m/s
   16      v@500   0.9793     0.1970       1.8140      m/s
   17      z@500   0.9998     0.0178       6.1414      gpm
   18      q@500   0.9729     0.2765       0.0003    kg/kg
   19      z@250   0.9999     0.0151       8.5491      gpm
   20      t@250   0.9966     0.0794       0.6881        K  (≈0.69 °C)
   21      u@250   0.9910     0.1362       2.4612      m/s
   22      v@250   0.9834     0.1850       2.4866      m/s
   23      q@250   0.9571     0.3575       0.0000    kg/kg
   24     z@1000   0.9984     0.0498       5.5463      gpm
   25     t@1000   0.9988     0.0415       0.7025        K  (≈0.70 °C)
   26     u@1000   0.9864     0.1581       0.9742      m/s
   27     v@1000   0.9809     0.1892       1.0058      m/s
   28     q@1000   0.9978     0.0745       0.0004    kg/kg
   29   sin_hour   0.0000     0.0000       0.0000        ?
   30   cos_hour   0.0000     0.0000       0.0000        ?
   31    sin_doy   0.0000     0.0000       0.0000        ?
   32    cos_doy   0.0000     0.0000       0.0000        ?

--- Region [50.0,60.0]N x [83.0,98.0]E (2501 nodes) ---
RMSE=0.107212 | base=0.418096 | skill=74.36%
ACC=0.9260 | base=0.5777

  Per-horizon (region):
    +06h: RMSE=0.089911 | base=0.266794 | skill=66.30% | ACC=0.9424 (base 0.7712)
    +12h: RMSE=0.102937 | base=0.389710 | skill=73.59% | ACC=0.9290 (base 0.5986)
    +18h: RMSE=0.112142 | base=0.463617 | skill=75.81% | ACC=0.9203 (base 0.4996)
    +24h: RMSE=0.121333 | base=0.511098 | skill=76.26% | ACC=0.9121 (base 0.4426)

  Per-horizon per-channel RMSE — REGION (2501 nodes):
           var   unit      +6h     +12h     +18h     +24h
           t2m      K    1.19°C    1.38°C    1.41°C    1.47°C
           10u    m/s     0.57     0.64     0.67     0.70
           10v    m/s     0.56     0.63     0.66     0.68
           msl    hPa     0.63     0.79     0.92     1.04
         t@850      K    0.67°C    0.80°C    0.88°C    0.94°C
         u@850    m/s     1.19     1.36     1.47     1.57
         v@850    m/s     1.10     1.24     1.33     1.42
         z@850    gpm      3.5      4.7      5.8      6.8
         z@500    gpm      4.3      5.8      7.3      8.7

  Per-channel region (physical units, avg over 4 horizons):
      #        var      ACC  RMSE_norm    RMSE_phys     unit
      0        t2m   0.9734     0.0648       1.3682        K  (≈1.37 °C)
      1        10u   0.9457     0.1165       0.6483      m/s
      2        10v   0.9269     0.1332       0.6353      m/s
      3        msl   0.9950     0.0635       0.8590      hPa
      4         tp   0.5121     0.1030       0.0002        m
      5         sp   1.0000     0.0079       0.7489      hPa
      6       tcwv   0.9602     0.0540       0.8977    kg/m²
      7     z_surf   1.0000     0.0000       0.0000      gpm
      8        lsm   1.0000     0.0000       0.0000        -
      9      t@850   0.9884     0.0535       0.8288        K  (≈0.83 °C)
     10      u@850   0.9439     0.1702       1.4030      m/s
     11      v@850   0.9136     0.2034       1.2765      m/s
     12      z@850   0.9880     0.0351       5.3554      gpm
     13      q@850   0.8847     0.0945       0.0004    kg/kg
     14      t@500   0.9662     0.0407       0.5307        K  (≈0.53 °C)
     15      u@500   0.9424     0.1477       1.7761      m/s
     16      v@500   0.9454     0.1891       1.7412      m/s
     17      z@500   0.9978     0.0195       6.7266      gpm
     18      q@500   0.8835     0.1398       0.0002    kg/kg
     19      z@250   0.9937     0.0163       9.2386      gpm
     20      t@250   0.9238     0.0845       0.7320        K  (≈0.73 °C)
     21      u@250   0.9538     0.1299       2.3479      m/s
     22      v@250   0.9549     0.1725       2.3197      m/s
     23      q@250   0.7665     0.0798       0.0000    kg/kg
     24     z@1000   0.9814     0.0573       6.3892      gpm
     25     t@1000   0.9583     0.0584       0.9880        K  (≈0.99 °C)
     26     u@1000   0.9000     0.1007       0.6209      m/s
     27     v@1000   0.8848     0.1122       0.5963      m/s
     28     q@1000   0.9164     0.0698       0.0004    kg/kg
     29   sin_hour   0.0000     0.0000       0.0000        ?
     30   cos_hour   0.0000     0.0000       0.0000        ?
     31    sin_doy   0.0000     0.0000       0.0000        ?
     32    cos_doy   0.0000     0.0000       0.0000        ?
============================================================
