[28.09 08:23:55] === МЕШ: ref (6ab7683) ===
[28.09 08:23:55] нет окружения или датасета — восстанавливаю (~40 мин), лог /workdir/paper_logs/restore33f.log
[28.09 09:03:40] восстановление rc=0
[prep] эпоха 7 -> /data/paper_heavy/multires_krsk_33f_chw_dec_long_encres_start.pth
[prep] experiments/multires_krsk_33f_chw_mesh_ref/config.json: сгущение [50.0, 60.0, 83.0, 98.0], эпох 8
[28.09 09:03:42] START обучение multires_krsk_33f_chw_mesh_ref 
[29.09 08:25:27] DONE  обучение rc=0
#   по горизонтам: +6ч 0.00179  +12ч 0.00271  +18ч 0.00357  +24ч 0.00440
    4   4     0.00283     0.00304    0.9925     0.00304         0  20:46:34
#   по горизонтам: +6ч 0.00174  +12ч 0.00264  +18ч 0.00348  +24ч 0.00431
    5   4     0.00269     0.00291    0.9926     0.00291         0  23:41:18
#   по горизонтам: +6ч 0.00169  +12ч 0.00254  +18ч 0.00333  +24ч 0.00409
    6   4     0.00260     0.00285    0.9927     0.00285         0  02:35:56
#   по горизонтам: +6ч 0.00166  +12ч 0.00249  +18ч 0.00326  +24ч 0.00398
    7   4     0.00253     0.00281    0.9927     0.00281         0  05:30:41
#   по горизонтам: +6ч 0.00164  +12ч 0.00247  +18ч 0.00322  +24ч 0.00392
    8   4     0.00251     0.00280    0.9927     0.00281         1  08:25:21
#   по горизонтам: +6ч 0.00164  +12ч 0.00246  +18ч 0.00321  +24ч 0.00391
=== Training finished: 2026-09-29T08:25:22.064144 ===
[29.09 08:25:29] START t_mesh_ref_roi
[29.09 10:26:22] DONE  t_mesh_ref_roi rc=0 |  t2m K 1.09°C 1.25°C 1.30°C 1.37°C
[29.09 10:26:22] === ВСЁ ===
[29.09 08:25:27] DONE  обучение rc=0
[29.09 10:26:22] DONE  t_mesh_ref_roi rc=0 |  t2m K 1.09°C 1.25°C 1.30°C 1.37°C
[29.09 13:20:09] === МЕШ: ref (8ffa7f5) ===
[prep] experiments/multires_krsk_33f_chw_mesh_ref/config.json: сгущение [50.0, 60.0, 83.0, 98.0] ×1, эпох 8
[29.09 13:20:09] обучение уже закончено — пропускаю
[29.09 13:20:09] SKIP t_mesh_ref_roi (уже посчитан)
[29.09 13:20:09] START v_mesh_ref_roi
[29.09 15:19:14] DONE  v_mesh_ref_roi rc=0 |  t2m K 1.13°C 1.27°C 1.32°C 1.37°C
[29.09 15:19:14] === ВСЁ ===
[29.09 10:26:22] DONE  t_mesh_ref_roi rc=0 |  t2m K 1.09°C 1.25°C 1.30°C 1.37°C
[29.09 08:25:27] DONE  обучение rc=0
[29.09 10:26:22] DONE  t_mesh_ref_roi rc=0 |  t2m K 1.09°C 1.25°C 1.30°C 1.37°C
[29.09 15:19:14] DONE  v_mesh_ref_roi rc=0 |  t2m K 1.13°C 1.27°C 1.32°C 1.37°C
