[28.09 08:24:54] === МЕШ: ctl (6ab7683) ===
[28.09 08:24:54] нет окружения или датасета — восстанавливаю (~40 мин), лог /workdir/paper_logs/restore33f.log
[28.09 08:58:58] восстановление rc=0
[28.09 08:58:58] нет стартового состояния: ни experiments/multires_krsk_33f_chw_dec_long_encres, ни checkpoints/dec_long_encres.pth.
[28.09 08:58:58] на машине с моделью: bash scripts/_vm_batch_mesh.sh share, затем push; здесь pull — стоп
[28.09 09:09:59] === МЕШ: ctl (542f033) ===
[28.09 09:09:59] стартовое состояние из репозитория: checkpoints/dec_long_encres.pth
[prep] experiments/multires_krsk_33f_chw_mesh_ctl/config.json: сгущение None, эпох 8
[28.09 09:09:59] START обучение multires_krsk_33f_chw_mesh_ctl 
[29.09 08:04:42] DONE  обучение rc=0
#   по горизонтам: +6ч 0.00179  +12ч 0.00269  +18ч 0.00355  +24ч 0.00438
    4   4     0.00277     0.00301    0.9926     0.00301         0  20:39:15
#   по горизонтам: +6ч 0.00173  +12ч 0.00261  +18ч 0.00344  +24ч 0.00424
    5   4     0.00266     0.00291    0.9927     0.00291         0  23:30:29
#   по горизонтам: +6ч 0.00170  +12ч 0.00254  +18ч 0.00333  +24ч 0.00407
    6   4     0.00258     0.00285    0.9928     0.00285         0  02:21:43
#   по горизонтам: +6ч 0.00167  +12ч 0.00250  +18ч 0.00326  +24ч 0.00397
    7   4     0.00252     0.00282    0.9928     0.00282         0  05:12:59
#   по горизонтам: +6ч 0.00166  +12ч 0.00248  +18ч 0.00323  +24ч 0.00393
    8   4     0.00250     0.00281    0.9928     0.00282         1  08:04:30
#   по горизонтам: +6ч 0.00166  +12ч 0.00247  +18ч 0.00322  +24ч 0.00391
=== Training finished: 2026-09-29T08:04:31.029619 ===
[29.09 08:04:43] START t_mesh_ctl_roi
[29.09 09:45:33] DONE  t_mesh_ctl_roi rc=0 |  t2m K 1.12°C 1.28°C 1.33°C 1.38°C
[29.09 09:45:33] === ВСЁ ===
[29.09 08:04:42] DONE  обучение rc=0
[29.09 09:45:33] DONE  t_mesh_ctl_roi rc=0 |  t2m K 1.12°C 1.28°C 1.33°C 1.38°C
[29.09 11:58:55] === МЕШ: ctl (ed28956) ===
[prep] experiments/multires_krsk_33f_chw_mesh_ctl/config.json: сгущение None ×0, эпох 8
[29.09 11:58:55] обучение уже закончено — пропускаю
[29.09 11:58:55] SKIP t_mesh_ctl_roi (уже посчитан)
[29.09 11:58:55] START v_mesh_ctl_roi
[29.09 13:35:48] DONE  v_mesh_ctl_roi rc=0 |  t2m K 1.15°C 1.30°C 1.34°C 1.39°C
[29.09 13:35:48] === ВСЁ ===
[29.09 09:45:33] DONE  t_mesh_ctl_roi rc=0 |  t2m K 1.12°C 1.28°C 1.33°C 1.38°C
[29.09 08:04:42] DONE  обучение rc=0
[29.09 09:45:33] DONE  t_mesh_ctl_roi rc=0 |  t2m K 1.12°C 1.28°C 1.33°C 1.38°C
[29.09 13:35:48] DONE  v_mesh_ctl_roi rc=0 |  t2m K 1.15°C 1.30°C 1.34°C 1.39°C
