[26.09 09:27:36] === УЛУЧШЕНИЕ: dec_long_encres (ff18d52) ===
[26.09 09:27:36] жду окончания батча dec_long (блокировка /workdir/paper_results/.improve_dec_long.lock)
[26.09 18:20:59] батч dec_long закончился — начинаю
[prep] multires_krsk_33f_chw_dec_long: эпоха 7 -> /data/paper_heavy/multires_krsk_33f_chw_dec_long_start.pth
[prep] experiments/multires_krsk_33f_chw_dec_long_encres/config.json: эпох 8, кодировщик conv_gcn + поправка, декодировщик interaction_net_decoder, заморозка процессора 1, темп 7.5e-05 cosine
[26.09 18:22:01] START обучение multires_krsk_33f_chw_dec_long_encres 
[27.09 16:51:09] DONE  обучение rc=0
#   по горизонтам: +6ч 0.00184  +12ч 0.00276  +18ч 0.00363  +24ч 0.00447
    4   4     0.00285     0.00306    0.9924     0.00300         3  05:27:09
#   по горизонтам: +6ч 0.00177  +12ч 0.00266  +18ч 0.00350  +24ч 0.00430
    5   4     0.00273     0.00296    0.9925     0.00296         0  08:18:07
#   по горизонтам: +6ч 0.00173  +12ч 0.00259  +18ч 0.00338  +24ч 0.00413
    6   4     0.00264     0.00289    0.9926     0.00289         0  11:09:07
#   по горизонтам: +6ч 0.00170  +12ч 0.00254  +18ч 0.00330  +24ч 0.00402
    7   4     0.00258     0.00286    0.9927     0.00286         0  14:00:09
#   по горизонтам: +6ч 0.00169  +12ч 0.00251  +18ч 0.00326  +24ч 0.00396
    8   4     0.00255     0.00285    0.9927     0.00286         1  16:51:04
#   по горизонтам: +6ч 0.00168  +12ч 0.00251  +18ч 0.00325  +24ч 0.00395
=== Training finished: 2026-09-27T16:51:04.630145 ===
[prep] multires_krsk_33f_chw_dec_long_encres: эпоха 7 -> /data/paper_heavy/multires_krsk_33f_chw_dec_long_encres_last.pth
[27.09 16:51:10] START t_dec_long_encres_roi
[27.09 18:48:29] DONE  t_dec_long_encres_roi rc=0 |  t2m K 1.13°C 1.29°C 1.33°C 1.39°C
[27.09 18:48:29] === ВСЁ ===
[27.09 16:51:09] DONE  обучение rc=0
[27.09 18:48:29] DONE  t_dec_long_encres_roi rc=0 |  t2m K 1.13°C 1.29°C 1.33°C 1.39°C
