[29.09 15:57:22] === МЕШ: ref_s43 (b34ba63) ===
[prep] experiments/multires_krsk_33f_chw_mesh_ref_s43/config.json: сгущение [50.0, 60.0, 83.0, 98.0] ×1, эпох 8
[29.09 15:57:22] START обучение multires_krsk_33f_chw_mesh_ref_s43 
[30.09 15:15:44] DONE  обучение rc=0
#   по горизонтам: +6ч 0.00178  +12ч 0.00270  +18ч 0.00358  +24ч 0.00445
    4   4     0.00282     0.00300    0.9925     0.00300         0  03:38:25
#   по горизонтам: +6ч 0.00173  +12ч 0.00261  +18ч 0.00344  +24ч 0.00424
    5   4     0.00269     0.00295    0.9926     0.00295         0  06:32:42
#   по горизонтам: +6ч 0.00170  +12ч 0.00257  +18ч 0.00338  +24ч 0.00415
    6   4     0.00259     0.00285    0.9927     0.00285         0  09:27:00
#   по горизонтам: +6ч 0.00166  +12ч 0.00250  +18ч 0.00327  +24ч 0.00400
    7   4     0.00253     0.00281    0.9927     0.00281         0  12:21:21
#   по горизонтам: +6ч 0.00164  +12ч 0.00247  +18ч 0.00322  +24ч 0.00393
    8   4     0.00250     0.00280    0.9927     0.00280         0  15:15:37
#   по горизонтам: +6ч 0.00164  +12ч 0.00246  +18ч 0.00321  +24ч 0.00391
=== Training finished: 2026-09-30T15:15:37.916381 ===
[30.09 15:15:46] START t_mesh_ref_s43_roi
[30.09 17:05:53] DONE  t_mesh_ref_s43_roi rc=0 |  t2m K 1.09°C 1.25°C 1.30°C 1.36°C
[30.09 17:05:53] START v_mesh_ref_s43_roi
[30.09 18:57:58] DONE  v_mesh_ref_s43_roi rc=0 |  t2m K 1.12°C 1.27°C 1.31°C 1.37°C
[30.09 18:57:58] === ВСЁ ===
[30.09 15:15:44] DONE  обучение rc=0
[30.09 17:05:53] DONE  t_mesh_ref_s43_roi rc=0 |  t2m K 1.09°C 1.25°C 1.30°C 1.36°C
[30.09 18:57:58] DONE  v_mesh_ref_s43_roi rc=0 |  t2m K 1.12°C 1.27°C 1.31°C 1.37°C
