[25.09 18:59:37] === УЛУЧШЕНИЕ: dec_long (1356f53) ===
[prep] multires_krsk_33f_chw_long: эпоха 15 -> /data/paper_heavy/krsk33f_long_base.pth
[prep] experiments/multires_krsk_33f_chw_dec_long/config.json: эпох 8, декодировщик interaction_net_decoder, заморозка процессора 1, темп 7.5e-05 cosine
[25.09 18:59:39] START обучение multires_krsk_33f_chw_dec_long 
[26.09 16:26:35] DONE  обучение rc=0
#   по горизонтам: +6ч 0.00196  +12ч 0.00292  +18ч 0.00384  +24ч 0.00475
    4   4     0.00303     0.00317    0.9919     0.00317         0  05:33:54
#   по горизонтам: +6ч 0.00187  +12ч 0.00277  +18ч 0.00361  +24ч 0.00443
    5   4     0.00288     0.00309    0.9921     0.00309         0  08:17:08
#   по горизонтам: +6ч 0.00183  +12ч 0.00271  +18ч 0.00352  +24ч 0.00430
    6   4     0.00276     0.00298    0.9922     0.00298         0  11:00:20
#   по горизонтам: +6ч 0.00178  +12ч 0.00263  +18ч 0.00340  +24ч 0.00413
    7   4     0.00269     0.00295    0.9923     0.00295         0  13:43:25
#   по горизонтам: +6ч 0.00176  +12ч 0.00260  +18ч 0.00336  +24ч 0.00408
    8   4     0.00266     0.00294    0.9923     0.00294         0  16:26:30
#   по горизонтам: +6ч 0.00176  +12ч 0.00260  +18ч 0.00335  +24ч 0.00406
=== Training finished: 2026-09-26T16:26:30.330721 ===
[prep] multires_krsk_33f_chw_dec_long: эпоха 7 -> /data/paper_heavy/multires_krsk_33f_chw_dec_long_last.pth
[26.09 16:26:37] START t_dec_long_roi
[26.09 18:20:59] DONE  t_dec_long_roi rc=0 |  t2m K 1.14°C 1.31°C 1.35°C 1.41°C
[26.09 18:20:59] === ВСЁ ===
[26.09 16:26:35] DONE  обучение rc=0
[26.09 18:20:59] DONE  t_dec_long_roi rc=0 |  t2m K 1.14°C 1.31°C 1.35°C 1.41°C
