[24.09 15:52:40] === УЛУЧШЕНИЕ: dec (295d162) ===
[24.09 15:52:40] жду окончания батча ema (блокировка /workdir/paper_results/.improve_ema.lock)
[24.09 23:00:26] батч ema закончился — начинаю
[prep] experiments/multires_krsk_33f_chw_dec/config.json: эпох 8, декодировщик interaction_net_decoder, заморозка процессора 1, темп 7.5e-05 cosine
[24.09 23:01:26] START обучение multires_krsk_33f_chw_dec 
[25.09 20:26:28] DONE  обучение rc=0
#   по горизонтам: +6ч 0.00198  +12ч 0.00297  +18ч 0.00390  +24ч 0.00481
    4   4     0.00312     0.00321    0.9919     0.00321         0  09:34:37
#   по горизонтам: +6ч 0.00189  +12ч 0.00280  +18ч 0.00365  +24ч 0.00449
    5   4     0.00295     0.00313    0.9921     0.00313         0  12:17:35
#   по горизонтам: +6ч 0.00185  +12ч 0.00274  +18ч 0.00357  +24ч 0.00436
    6   4     0.00282     0.00301    0.9923     0.00301         0  15:00:32
#   по горизонтам: +6ч 0.00179  +12ч 0.00265  +18ч 0.00343  +24ч 0.00416
    7   4     0.00275     0.00298    0.9923     0.00298         0  17:43:26
#   по горизонтам: +6ч 0.00177  +12ч 0.00262  +18ч 0.00339  +24ч 0.00411
    8   4     0.00271     0.00296    0.9923     0.00296         0  20:26:22
#   по горизонтам: +6ч 0.00177  +12ч 0.00262  +18ч 0.00338  +24ч 0.00409
=== Training finished: 2026-09-25T20:26:22.506210 ===
[prep] multires_krsk_33f_chw_dec: эпоха 7 -> /data/paper_heavy/multires_krsk_33f_chw_dec_last.pth
[25.09 20:26:30] START t_dec_roi
[25.09 22:33:20] DONE  t_dec_roi rc=0 |  t2m K 1.15°C 1.33°C 1.37°C 1.42°C
[25.09 22:33:20] === ВСЁ ===
[25.09 20:26:28] DONE  обучение rc=0
[25.09 22:33:20] DONE  t_dec_roi rc=0 |  t2m K 1.15°C 1.33°C 1.37°C 1.42°C
