[23.09 20:10:15] === УЛУЧШЕНИЕ: long (c425c27) ===
[23.09 20:10:15] нет окружения или датасета — восстанавливаю (~40 мин), лог /workdir/paper_logs/restore33f.log
[23.09 20:48:39] восстановление rc=0
[prep] multires_krsk_33f_chw: эпоха 7 -> /data/paper_heavy/krsk33f_chw_last.pth
[prep] experiments/multires_krsk_33f_chw_long/config.json: эпох 16, EMA 0, обрезка 0, темп 7.5e-05 cosine
[23.09 20:48:41] START обучение multires_krsk_33f_chw_long 
[25.09 16:34:30] DONE  обучение rc=0
#   по горизонтам: +6ч 0.00193  +12ч 0.00285  +18ч 0.00365  +24ч 0.00439
   12   4     0.00293     0.00319    0.9919     0.00319         0  05:38:34
#   по горизонтам: +6ч 0.00192  +12ч 0.00284  +18ч 0.00362  +24ч 0.00436
   13   4     0.00290     0.00315    0.9919     0.00315         0  08:22:31
#   по горизонтам: +6ч 0.00191  +12ч 0.00281  +18ч 0.00358  +24ч 0.00430
   14   4     0.00288     0.00314    0.9919     0.00314         0  11:06:31
#   по горизонтам: +6ч 0.00191  +12ч 0.00281  +18ч 0.00357  +24ч 0.00427
   15   4     0.00287     0.00313    0.9919     0.00314         1  13:50:32
#   по горизонтам: +6ч 0.00191  +12ч 0.00280  +18ч 0.00356  +24ч 0.00426
   16   4     0.00286     0.00313    0.9919     0.00314         2  16:34:25
#   по горизонтам: +6ч 0.00191  +12ч 0.00280  +18ч 0.00356  +24ч 0.00426
=== Training finished: 2026-09-25T16:34:25.665909 ===
[prep] multires_krsk_33f_chw_long: эпоха 15 -> /data/paper_heavy/multires_krsk_33f_chw_long_last.pth
[25.09 16:34:32] START t_long_roi
[25.09 18:32:07] DONE  t_long_roi rc=0 |  t2m K 1.17°C 1.35°C 1.39°C 1.45°C
[25.09 18:32:07] === ВСЁ ===
[25.09 16:34:30] DONE  обучение rc=0
[25.09 18:32:07] DONE  t_long_roi rc=0 |  t2m K 1.17°C 1.35°C 1.39°C 1.45°C
