[29.09 11:58:55] === МЕШ: ref2 (ed28956) ===
[29.09 11:58:55] жду другой вариант на этой машине
[29.09 13:35:48] дождался
[prep] experiments/multires_krsk_33f_chw_mesh_ref2/config.json: сгущение [50.0, 60.0, 83.0, 98.0] ×2, эпох 8
[29.09 13:35:48] START обучение multires_krsk_33f_chw_mesh_ref2 
[29.09 13:39:56] DONE  обучение rc=1
=== Training started: 2026-09-29T13:36:02.506452 ===
# commit: ed289566cc49c07cc487d5dc466c8effda17609b  (есть незакоммиченные изменения!)
# config md5: f9030e9e5ab18c786571096cf3a89189
# dataset: /data/datasets/multires_krsk_33f
#   n_time=16072 n_feat=33 nodes=133279
epochs=8  max_ar=4  epochs_per_stage=8
epoch  ar  train_loss    val_loss   val_ACC     best_vl  patience  timestamp
------------------------------------------------------------------------------------------
 init  --          --     0.01368    0.9905          --        --  13:39:12
# валидация на 4 горизонтах, отбор по среднему
# lr: косинус, разогрев 1000 шагов, 12853 шагов/эпоху, всего 102824, до 0 от базового
Traceback (most recent call last):
  File "<stdin>", line 2, in <module>
  File "/data/venvs/graphcast/lib/python3.10/site-packages/torch/serialization.py", line 998, in load
    with _open_file_like(f, 'rb') as opened_file:
  File "/data/venvs/graphcast/lib/python3.10/site-packages/torch/serialization.py", line 445, in _open_file_like
    return _open_file(name_or_buffer, mode)
  File "/data/venvs/graphcast/lib/python3.10/site-packages/torch/serialization.py", line 426, in __init__
    super().__init__(open(name, mode))
FileNotFoundError: [Errno 2] No such file or directory: 'experiments/multires_krsk_33f_chw_mesh_ref2/checkpoint.pth'
[29.09 13:39:57] нет чекпойнта — оценки не будет
[29.09 13:56:52] === МЕШ: ref2 (0f5bc62) ===
[prep] experiments/multires_krsk_33f_chw_mesh_ref2/config.json: сгущение [50.0, 60.0, 83.0, 98.0] ×2, эпох 8
[29.09 13:56:52] START обучение multires_krsk_33f_chw_mesh_ref2 
[30.09 20:51:34] DONE  обучение rc=0
#   по горизонтам: +6ч 0.00182  +12ч 0.00275  +18ч 0.00363  +24ч 0.00448
    4   4     0.00292     0.00307    0.9924     0.00307         0  05:25:20
#   по горизонтам: +6ч 0.00178  +12ч 0.00268  +18ч 0.00351  +24ч 0.00431
    5   4     0.00277     0.00301    0.9925     0.00301         0  09:16:46
#   по горизонтам: +6ч 0.00173  +12ч 0.00263  +18ч 0.00345  +24ч 0.00424
    6   4     0.00266     0.00289    0.9926     0.00289         0  13:08:11
#   по горизонтам: +6ч 0.00169  +12ч 0.00254  +18ч 0.00331  +24ч 0.00403
    7   4     0.00259     0.00285    0.9927     0.00285         0  16:59:49
#   по горизонтам: +6ч 0.00168  +12ч 0.00251  +18ч 0.00326  +24ч 0.00397
    8   4     0.00256     0.00285    0.9927     0.00285         1  20:51:31
#   по горизонтам: +6ч 0.00167  +12ч 0.00250  +18ч 0.00325  +24ч 0.00396
=== Training finished: 2026-09-30T20:51:31.480867 ===
[30.09 20:51:36] START t_mesh_ref2_roi
[30.09 22:26:00] DONE  t_mesh_ref2_roi rc=0 |  t2m K 1.10°C 1.26°C 1.31°C 1.38°C
[30.09 22:26:00] START v_mesh_ref2_roi
[01.10 00:03:25] DONE  v_mesh_ref2_roi rc=0 |  t2m K 1.13°C 1.29°C 1.33°C 1.38°C
[01.10 00:03:25] === ВСЁ ===
[29.09 13:39:56] DONE  обучение rc=1
[30.09 20:51:34] DONE  обучение rc=0
[30.09 22:26:00] DONE  t_mesh_ref2_roi rc=0 |  t2m K 1.10°C 1.26°C 1.31°C 1.38°C
[01.10 00:03:25] DONE  v_mesh_ref2_roi rc=0 |  t2m K 1.13°C 1.29°C 1.33°C 1.38°C
