[26.09 09:27:07] === УЛУЧШЕНИЕ: dec_encres (ff18d52) ===
[prep] multires_krsk_33f_chw_dec: эпоха 7 -> /data/paper_heavy/multires_krsk_33f_chw_dec_start.pth
[prep] experiments/multires_krsk_33f_chw_dec_encres/config.json: эпох 8, кодировщик conv_gcn + поправка, декодировщик interaction_net_decoder, заморозка процессора 1, темп 7.5e-05 cosine
[26.09 09:27:09] START обучение multires_krsk_33f_chw_dec_encres 
[27.09 07:59:41] DONE  обучение rc=0
#   по горизонтам: +6ч 0.00187  +12ч 0.00281  +18ч 0.00371  +24ч 0.00457
    4   4     0.00292     0.00309    0.9924     0.00303         3  20:34:02
#   по горизонтам: +6ч 0.00179  +12ч 0.00269  +18ч 0.00353  +24ч 0.00434
    5   4     0.00279     0.00298    0.9926     0.00298         0  23:25:24
#   по горизонтам: +6ч 0.00175  +12ч 0.00261  +18ч 0.00341  +24ч 0.00417
    6   4     0.00269     0.00291    0.9926     0.00291         0  02:16:45
#   по горизонтам: +6ч 0.00171  +12ч 0.00256  +18ч 0.00333  +24ч 0.00405
    7   4     0.00262     0.00288    0.9927     0.00288         0  05:08:08
#   по горизонтам: +6ч 0.00170  +12ч 0.00253  +18ч 0.00329  +24ч 0.00399
    8   4     0.00260     0.00287    0.9927     0.00288         1  07:59:35
#   по горизонтам: +6ч 0.00170  +12ч 0.00253  +18ч 0.00327  +24ч 0.00397
=== Training finished: 2026-09-27T07:59:35.729839 ===
[prep] multires_krsk_33f_chw_dec_encres: эпоха 7 -> /data/paper_heavy/multires_krsk_33f_chw_dec_encres_last.pth
[27.09 07:59:42] START t_dec_encres_roi
[27.09 10:00:16] DONE  t_dec_encres_roi rc=0 |  t2m K 1.13°C 1.30°C 1.34°C 1.40°C
[27.09 10:00:16] === ВСЁ ===
[27.09 07:59:41] DONE  обучение rc=0
[27.09 10:00:16] DONE  t_dec_encres_roi rc=0 |  t2m K 1.13°C 1.30°C 1.34°C 1.40°C
