[22.08 15:15:30] === ПРОГНОЗ ПО ОБЛАСТИ НА 5 СУТОК, 20 шагов, 500 сроков ===
[22.08 15:15:30] подготовка окружения и датасета
[22.08 15:29:36] подготовка rc=0
[22.08 15:29:36] собираю региональный датасет (часы CPU)
[22.08 15:54:12] сборка rc=0 размер 56G
[prep] /data/paper_heavy/krsk5d_main.pth эпоха 29
[22.08 15:54:14] START main (multires_krsk_33f)
[22.08 17:00:39] DONE main rc=0 | агрегат по области за 5 суток skill=63.61%
    t2m:            t2m      K    1.40°C    1.70°C    1.79°C    1.87°C    2.02°C    2.12°C    2.19°C    2.26°C    2.37°C    2.46°C    2.56°C    2.68°C    2.80°C    2.92°C    3.06°C    3.19°C    3.37°C    3.55°C    3.78°C    3.93°C
[prep] /data/paper_heavy/krsk5d_w1.pth эпоха 8
[22.08 17:00:40] START w1 (multires_krsk_33f_drop8)
[22.08 18:10:15] DONE w1 rc=0 | агрегат по области за 5 суток skill=64.82%
    t2m:            t2m      K    1.39°C    1.68°C    1.76°C    1.83°C    1.96°C    2.05°C    2.11°C    2.17°C    2.27°C    2.37°C    2.47°C    2.58°C    2.70°C    2.81°C    2.93°C    3.06°C    3.23°C    3.40°C    3.61°C    3.79°C
[prep] /data/paper_heavy/krsk5d_w10.pth эпоха 8
[22.08 18:10:17] START w10 (multires_krsk_33f_roiw10)
[22.08 19:16:35] DONE w10 rc=0 | агрегат по области за 5 суток skill=64.71%
    t2m:            t2m      K    1.34°C    1.61°C    1.68°C    1.74°C    1.87°C    1.96°C    2.01°C    2.08°C    2.18°C    2.28°C    2.40°C    2.53°C    2.65°C    2.77°C    2.90°C    3.04°C    3.20°C    3.37°C    3.58°C    3.76°C
[prep] /data/paper_heavy/krsk5d_w30.pth эпоха 8
[22.08 19:16:36] START w30 (multires_krsk_33f_roiw30)
[22.08 20:23:17] DONE w30 rc=0 | агрегат по области за 5 суток skill=64.49%
    t2m:            t2m      K    1.32°C    1.58°C    1.64°C    1.71°C    1.84°C    1.92°C    1.98°C    2.05°C    2.16°C    2.27°C    2.39°C    2.53°C    2.67°C    2.79°C    2.93°C    3.06°C    3.23°C    3.40°C    3.61°C    3.79°C
[22.08 20:23:17] === ALL DONE ===
