[15.08 08:12:15] === 7 И 14 СУТОК: шаг 6 ч против 24 ч ===
[15.08 08:12:15] нет окружения или базового датасета — подготовка (1-2 ч)
[15.08 08:43:18] подготовка rc=0
[15.08 08:43:18] собираю глобальный 33-канальный датасет
[15.08 08:49:30] сборка rc=0 размер 60G
[prep] v5_ext последняя эпоха 45
[15.08 08:49:34] --- 7 СУТОК ---
[15.08 08:49:34] START d7_v3 (28 шагов)
[15.08 09:31:00] DONE d7_v3 rc=0
  +168h: RMSE=0.779486 | base=0.880273 | skill=11.45% | ACC=0.6988 (base 0.6250)
[15.08 09:31:00] START d7_v5 (7 шагов)
[15.08 09:40:38] DONE d7_v5 rc=0
  +168h: RMSE=0.643922 | base=0.880345 | skill=26.86% | ACC=0.7762 (base 0.6250)
[15.08 09:40:38] START d7_v5ext (7 шагов)
[15.08 09:50:32] DONE d7_v5ext rc=0
  +168h: RMSE=0.605447 | base=0.880345 | skill=31.23% | ACC=0.8020 (base 0.6250)
[15.08 09:50:32] --- 14 СУТОК ---
[15.08 09:50:32] START d14_v3 (56 шагов)
[15.08 11:21:33] DONE d14_v3 rc=0
  +168h: RMSE=0.783596 | base=0.877258 | skill=10.68% | ACC=0.6961 (base 0.6266)
  +336h: RMSE=0.894204 | base=0.897442 | skill=0.36% | ACC=0.6014 (base 0.6112)
[15.08 11:21:33] START d14_v5 (14 шагов)
[15.08 11:40:28] DONE d14_v5 rc=0
  +168h: RMSE=0.647634 | base=0.877258 | skill=26.18% | ACC=0.7732 (base 0.6266)
  +336h: RMSE=0.803212 | base=0.897442 | skill=10.50% | ACC=0.6575 (base 0.6112)
[15.08 11:40:28] START d14_v5ext (14 шагов)
[15.08 11:58:47] DONE d14_v5ext rc=0
  +168h: RMSE=0.610072 | base=0.877258 | skill=30.46% | ACC=0.7988 (base 0.6266)
  +336h: RMSE=0.792224 | base=0.897442 | skill=11.72% | ACC=0.6646 (base 0.6112)
[15.08 11:58:47] --- ИТОГ: приземная температура ---
[15.08 11:58:47] d7_v3:  t2m K 0.85°C 1.05°C 1.12°C 1.24°C 1.35°C 1.48°C 1.56°C 1.69°C 1.78°C 1.91°C 1.99°C 2.11°C 2.21°C 2.32°C 2.42°C 2.53°C 2.63°C 2.75°C
[15.08 11:58:47] d7_v5:  t2m K 1.39°C 1.73°C 2.06°C 2.43°C 2.79°C 3.16°C 3.49°C
[15.08 11:58:47] d7_v5ext:  t2m K 1.32°C 1.61°C 1.87°C 2.15°C 2.45°C 2.75°C 3.03°C
[15.08 11:58:47] d14_v3:  t2m K 0.85°C 1.05°C 1.11°C 1.24°C 1.35°C 1.48°C 1.56°C 1.68°C 1.78°C 1.90°C 1.99°C 2.11°C 2.21°C 2.32°C 2.42°C 2.53°C 2.63°C 2.74°C
[15.08 11:58:47] d14_v5:  t2m K 1.38°C 1.72°C 2.04°C 2.40°C 2.76°C 3.13°C 3.45°C 3.75°C 4.02°C 4.26°C 4.49°C 4.71°C 4.89°C 5.06°C
[15.08 11:58:47] d14_v5ext:  t2m K 1.32°C 1.61°C 1.87°C 2.15°C 2.44°C 2.73°C 3.01°C 3.27°C 3.50°C 3.68°C 3.85°C 4.02°C 4.17°C 4.31°C
[15.08 11:58:47] опорные числа на +120 ч: v3 2.97 °C (26.0 %), v5 2.69 °C (38.5 %)
[15.08 11:58:47] === ALL DONE ===
[17.08 10:14:55] === 7 И 14 СУТОК: шаг 6 ч против 24 ч ===
[prep] v5_ext последняя эпоха 45
[17.08 10:14:57] --- 7 СУТОК ---
[17.08 10:14:57] d7_v3 уже посчитан, пропускаю
[17.08 10:14:57] START d7_v3lr (28 шагов)
[17.08 10:54:31] DONE d7_v3lr rc=0
  +168h: RMSE=0.724760 | base=0.880273 | skill=17.67% | ACC=0.7419 (base 0.6250)
[17.08 10:54:31] d7_v5 уже посчитан, пропускаю
[17.08 10:54:31] d7_v5ext уже посчитан, пропускаю
[17.08 10:54:31] --- 14 СУТОК ---
[17.08 10:54:31] d14_v3 уже посчитан, пропускаю
[17.08 10:54:31] START d14_v3lr (56 шагов)
[17.08 12:21:54] DONE d14_v3lr rc=0
  +168h: RMSE=0.724672 | base=0.877258 | skill=17.39% | ACC=0.7415 (base 0.6266)
  +336h: RMSE=0.878192 | base=0.897442 | skill=2.15% | ACC=0.6267 (base 0.6112)
[17.08 12:21:54] d14_v5 уже посчитан, пропускаю
[17.08 12:21:54] d14_v5ext уже посчитан, пропускаю
[17.08 12:21:54] --- ИТОГ: приземная температура ---
[17.08 12:21:54] d7_v3:  t2m K 0.85°C 1.05°C 1.12°C 1.24°C 1.35°C 1.48°C 1.56°C 1.69°C 1.78°C 1.91°C 1.99°C 2.11°C 2.21°C 2.32°C 2.42°C 2.53°C 2.63°C 2.75°C
[17.08 12:21:54] d7_v3lr:  t2m K 0.83°C 1.06°C 1.09°C 1.25°C 1.30°C 1.43°C 1.46°C 1.56°C 1.61°C 1.70°C 1.75°C 1.84°C 1.90°C 1.99°C 2.06°C 2.15°C 2.23°C 2.33°C
[17.08 12:21:54] d7_v5:  t2m K 1.39°C 1.73°C 2.06°C 2.43°C 2.79°C 3.16°C 3.49°C
[17.08 12:21:54] d7_v5ext:  t2m K 1.32°C 1.61°C 1.87°C 2.15°C 2.45°C 2.75°C 3.03°C
[17.08 12:21:54] d14_v3:  t2m K 0.85°C 1.05°C 1.11°C 1.24°C 1.35°C 1.48°C 1.56°C 1.68°C 1.78°C 1.90°C 1.99°C 2.11°C 2.21°C 2.32°C 2.42°C 2.53°C 2.63°C 2.74°C
[17.08 12:21:54] d14_v3lr:  t2m K 0.83°C 1.05°C 1.08°C 1.24°C 1.29°C 1.42°C 1.45°C 1.55°C 1.60°C 1.69°C 1.74°C 1.83°C 1.89°C 1.98°C 2.05°C 2.14°C 2.22°C 2.32°C
[17.08 12:21:54] d14_v5:  t2m K 1.38°C 1.72°C 2.04°C 2.40°C 2.76°C 3.13°C 3.45°C 3.75°C 4.02°C 4.26°C 4.49°C 4.71°C 4.89°C 5.06°C
[17.08 12:21:54] d14_v5ext:  t2m K 1.32°C 1.61°C 1.87°C 2.15°C 2.44°C 2.73°C 3.01°C 3.27°C 3.50°C 3.68°C 3.85°C 4.02°C 4.17°C 4.31°C
[17.08 12:21:54] опорные числа на +120 ч: v3 2.97 °C (26.0 %), v5 2.69 °C (38.5 %)
[17.08 12:21:54] === ALL DONE ===
