[predict] data_dir=/data/datasets/multires_krsk_33f (chunked=True, pred_steps=4)
[ChunkDataset] склеиваем data.npy (19ch) + data_extra.npy (14ch) → 33ch
[ChunkDataset] train: 12853 samples, flat_nodes=133279, feat=33, obs=2, pred=4
[ChunkDataset] склеиваем data.npy (19ch) + data_extra.npy (14ch) → 33ch
[ChunkDataset] val: 1607 samples, flat_nodes=133279, feat=33, obs=2, pred=4
[ChunkDataset] склеиваем data.npy (19ch) + data_extra.npy (14ch) → 33ch
[ChunkDataset] test_only: 1607 samples, flat_nodes=133279, feat=33, obs=2, pred=4
[graph] уровни меша [4, 6], признаки рёбер: legacy
[encoder] GCN + поправка сообщениями с признаками рёбер (с нуля)
[processor] InteractionNet: 12 шагов, агрегация 'mean'
[decoder] InteractionNet с признаками рёбер, скрытый размер 128
Encoder summary: 
+------------------------------------+-----------------------------------------+----------------+----------+
| Layer                              | Input Shape                             | Output Shape   | #Param   |
|------------------------------------+-----------------------------------------+----------------+----------|
| Model                              | [174241, 72], [2, 207099]               | [174241, 256]  | 875,010  |
| ├─(mlp)MLP                         |                                         | [174241, 256]  | 150,786  |
| │    └─(MLP)ModuleList             | --                                      | --             | 150,786  |
| │    │    └─(0)Linear              | [174241, 72]                            | [174241, 256]  | 18,688   |
| │    │    └─(1)PReLU               | [174241, 256]                           | [174241, 256]  | 1        |
| │    │    └─(2)Linear              | [174241, 256]                           | [174241, 256]  | 65,792   |
| │    │    └─(3)PReLU               | [174241, 256]                           | [174241, 256]  | 1        |
| │    │    └─(4)Linear              | [174241, 256]                           | [174241, 256]  | 65,792   |
| │    │    └─(5)LayerNorm           | [174241, 256]                           | [174241, 256]  | 512      |
| ├─(graph_layer)GraphLayer          |                                         | [174241, 256]  | 724,224  |
| │    └─(activation)SiLU            | [174241, 256]                           | [174241, 256]  | --       |
| │    └─(layers)ModuleList          | --                                      | --             | 197,376  |
| │    │    └─(0)GCNConv             | [174241, 256], [2, 207099]              | [174241, 256]  | 65,792   |
| │    │    └─(1)SiLU                | [174241, 256]                           | [174241, 256]  | --       |
| │    │    └─(2)GCNConv             | [174241, 256], [2, 207099]              | [174241, 256]  | 65,792   |
| │    │    └─(3)SiLU                | --                                      | --             | --       |
| │    │    └─(4)GCNConv             | [174241, 256], [2, 207099]              | [174241, 256]  | 65,792   |
| │    └─(refine)EdgeRefineLayer     | [174241, 256], [2, 207099], [207099, 4] | [174241, 256]  | 526,848  |
| │    │    └─(edge_embed)Sequential | [207099, 4]                             | [207099, 256]  | 67,072   |
| │    │    └─(message)Sequential    | [207099, 768]                           | [207099, 256]  | 262,656  |
| │    │    └─(update)Sequential     | [174241, 512]                           | [174241, 256]  | 197,120  |
+------------------------------------+-----------------------------------------+----------------+----------+

Processor summary: 
  (сводка не построена: RuntimeError: Expected all tensors to be on the same device, but found at least two devices, cuda:0 and cpu! (when checking argument for argument mat1 in method wrapper_CUDA_addmm))

Decoder summary: 
+-------------------------------------------+----------------------------+----------------+----------+
| Layer                                     | Input Shape                | Output Shape   | #Param   |
|-------------------------------------------+----------------------------+----------------+----------|
| Model                                     | [174241, 256], [2, 399837] | [174241, 33]   | 268,579  |
| ├─(mlp)MLP                                |                            | [174241, 128]  | 115,202  |
| │    └─(MLP)ModuleList                    | --                         | --             | 115,202  |
| │    │    └─(0)Linear                     | [174241, 256]              | [174241, 256]  | 65,792   |
| │    │    └─(1)PReLU                      | [174241, 256]              | [174241, 256]  | 1        |
| │    │    └─(2)Linear                     | [174241, 256]              | [174241, 128]  | 32,896   |
| │    │    └─(3)PReLU                      | [174241, 128]              | [174241, 128]  | 1        |
| │    │    └─(4)Linear                     | [174241, 128]              | [174241, 128]  | 16,512   |
| ├─(graph_layer)GraphLayer                 |                            | [174241, 33]   | 153,377  |
| │    └─(layers)InteractionNetDecoderLayer |                            | [174241, 33]   | 153,377  |
| │    │    └─(edge_embed)Sequential        | [399837, 4]                | [399837, 128]  | 17,152   |
| │    │    └─(message)Sequential           | [399837, 384]              | [399837, 128]  | 65,792   |
| │    │    └─(node_update)Sequential       | [174241, 256]              | [174241, 128]  | 49,408   |
| │    │    └─(norm)LayerNorm               | [174241, 128]              | [174241, 128]  | 256      |
| │    │    └─(out)Sequential               | [174241, 128]              | [174241, 33]   | 20,769   |
+-------------------------------------------+----------------------------+----------------+----------+

[AR-rollout] Модель выдаёт 1 шаг(ов), но мы прогоним 4 шагов авторегрессионно.
[static] Каналы [7, 8] — статика, carry-forward при AR
[forcing] Каналы [29, 30, 31, 32] — форсинг (из ground truth при AR)
[predict] device=cuda | grid=0x0 | 100/1607 test samples
[Region] 2501 nodes (--region [50.0,60.0]N x [83.0,98.0]E)
[metrics] Исключены из aggregate метрик: каналы [7, 8, 29, 30, 31, 32] (static+forcing)
[metrics] per-sample MSE будут сохранены в /workdir/paper_results/p_dec_long_encres_s100_samples.npz
[Main] Инференс (100 samples, DA=none)...
  [50/100] RMSE=0.164483 ACC=0.9862
  [100/100] RMSE=0.160143 ACC=0.9862

[Save] predictions → /data/paper_heavy/p_dec_long_encres_s100.pt (pred=torch.Size([100, 133279, 132]), gt=torch.Size([100, 133279, 132]))
[Save] per-sample metrics → /workdir/paper_results/p_dec_long_encres_s100_samples.npz (N=100, AR=4, C=33)

============================================================
=== Inference summary (100 samples) ===
Grid: 0x0 (G=133279) | C=33 | AR=4 horizons
Overall: MSE=0.025646 | RMSE=0.160143 | MAE=0.075063
Baseline: RMSE=0.535330 | MAE=0.270819
Skill: 70.09%
ACC: 0.9862 | base: 0.8494 | Δ=+0.1368

Per-horizon:
  +06h: RMSE=0.117489 | base=0.350434 | skill=66.47% | ACC=0.9927 (base 0.9361)
  +12h: RMSE=0.146487 | base=0.498519 | skill=70.62% | ACC=0.9886 (base 0.8699)
  +18h: RMSE=0.174092 | base=0.590928 | skill=70.54% | ACC=0.9837 (base 0.8162)
  +24h: RMSE=0.192388 | base=0.652528 | skill=70.52% | ACC=0.9799 (base 0.7755)

Per-horizon per-channel RMSE (physical units):
         var   unit      +6h     +12h     +18h     +24h
         t2m      K    0.71°C    0.84°C    0.91°C    0.98°C
         10u    m/s     0.66     0.79     0.89     0.99
         10v    m/s     0.68     0.81     0.91     1.01
         msl    hPa     0.52     0.62     0.74     0.84
       t@850      K    0.55°C    0.67°C    0.75°C    0.82°C
       u@850    m/s     0.99     1.18     1.34     1.47
       v@850    m/s     1.00     1.20     1.35     1.49
       z@850    gpm      3.5      4.2      5.1      6.0
       z@500    gpm      4.1      5.1      6.3      7.5

Per-channel metrics overall (physical units, avg over 4 horizons):
    #        var      ACC  RMSE_norm    RMSE_phys     unit
    0        t2m   0.9990     0.0410       0.8656        K  (≈0.87 °C)
    1        10u   0.9872     0.1515       0.8428      m/s
    2        10v   0.9818     0.1807       0.8619      m/s
    3        msl   0.9983     0.0511       0.6912      hPa
    4         tp   0.8648     0.5065       0.0010        m
    5         sp   1.0000     0.0066       0.6273      hPa
    6       tcwv   0.9972     0.0735       1.2228    kg/m²
    7     z_surf   1.0000     0.0000       0.0000      gpm
    8        lsm   1.0000     0.0000       0.0000        -
    9      t@850   0.9987     0.0453       0.7030        K  (≈0.70 °C)
   10      u@850   0.9877     0.1526       1.2576      m/s
   11      v@850   0.9783     0.2030       1.2741      m/s
   12      z@850   0.9993     0.0316       4.8168      gpm
   13      q@850   0.9902     0.1388       0.0006    kg/kg
   14      t@500   0.9992     0.0401       0.5239        K  (≈0.52 °C)
   15      u@500   0.9905     0.1383       1.6635      m/s
   16      v@500   0.9832     0.1841       1.6951      m/s
   17      z@500   0.9998     0.0171       5.9038      gpm
   18      q@500   0.9749     0.2109       0.0002    kg/kg
   19      z@250   0.9999     0.0143       8.1318      gpm
   20      t@250   0.9957     0.0781       0.6762        K  (≈0.68 °C)
   21      u@250   0.9927     0.1207       2.1824      m/s
   22      v@250   0.9867     0.1649       2.2168      m/s
   23      q@250   0.9578     0.2713       0.0000    kg/kg
   24     z@1000   0.9985     0.0469       5.2209      gpm
   25     t@1000   0.9990     0.0433       0.7333        K  (≈0.73 °C)
   26     u@1000   0.9873     0.1514       0.9332      m/s
   27     v@1000   0.9820     0.1808       0.9611      m/s
   28     q@1000   0.9985     0.0544       0.0003    kg/kg
   29   sin_hour   0.0000     0.0000       0.0000        ?
   30   cos_hour   0.0000     0.0000       0.0000        ?
   31    sin_doy   0.0000     0.0000       0.0000        ?
   32    cos_doy   0.0000     0.0000       0.0000        ?

--- Region [50.0,60.0]N x [83.0,98.0]E (2501 nodes) ---
RMSE=0.082829 | base=0.417845 | skill=80.18%
ACC=0.9354 | base=0.6027

  Per-horizon (region):
    +06h: RMSE=0.065978 | base=0.264401 | skill=75.05% | ACC=0.9503 (base 0.7876)
    +12h: RMSE=0.078123 | base=0.388892 | skill=79.91% | ACC=0.9389 (base 0.6189)
    +18h: RMSE=0.087835 | base=0.463793 | skill=81.06% | ACC=0.9297 (base 0.5251)
    +24h: RMSE=0.096287 | base=0.511985 | skill=81.19% | ACC=0.9226 (base 0.4794)

  Per-horizon per-channel RMSE — REGION (2501 nodes):
           var   unit      +6h     +12h     +18h     +24h
           t2m      K    1.19°C    1.42°C    1.51°C    1.57°C
           10u    m/s     0.43     0.50     0.54     0.56
           10v    m/s     0.42     0.49     0.54     0.56
           msl    hPa     0.60     0.73     0.87     1.02
         t@850      K    0.60°C    0.74°C    0.83°C    0.88°C
         u@850    m/s     0.93     1.10     1.23     1.35
         v@850    m/s     0.89     1.04     1.17     1.26
         z@850    gpm      3.1      3.9      5.0      6.1
         z@500    gpm      3.9      4.9      6.2      7.5

  Per-channel region (physical units, avg over 4 horizons):
      #        var      ACC  RMSE_norm    RMSE_phys     unit
      0        t2m   0.9587     0.0676       1.4274        K  (≈1.43 °C)
      1        10u   0.9405     0.0913       0.5081      m/s
      2        10v   0.9173     0.1062       0.5064      m/s
      3        msl   0.9878     0.0605       0.8195      hPa
      4         tp   0.5738     0.0477       0.0001        m
      5         sp   1.0000     0.0067       0.6345      hPa
      6       tcwv   0.9742     0.0231       0.3843    kg/m²
      7     z_surf   1.0000     0.0000       0.0000      gpm
      8        lsm   1.0000     0.0000       0.0000        -
      9      t@850   0.9661     0.0497       0.7706        K  (≈0.77 °C)
     10      u@850   0.9720     0.1408       1.1609      m/s
     11      v@850   0.9565     0.1750       1.0983      m/s
     12      z@850   0.9978     0.0308       4.6931      gpm
     13      q@850   0.9305     0.0432       0.0002    kg/kg
     14      t@500   0.9755     0.0358       0.4669        K  (≈0.47 °C)
     15      u@500   0.9584     0.1211       1.4567      m/s
     16      v@500   0.9698     0.1601       1.4738      m/s
     17      z@500   0.9979     0.0168       5.7830      gpm
     18      q@500   0.8982     0.0528       0.0001    kg/kg
     19      z@250   0.9974     0.0136       7.7099      gpm
     20      t@250   0.9362     0.0630       0.5460        K  (≈0.55 °C)
     21      u@250   0.9654     0.0947       1.7115      m/s
     22      v@250   0.9766     0.1289       1.7326      m/s
     23      q@250   0.6133     0.0359       0.0000    kg/kg
     24     z@1000   0.9934     0.0497       5.5372      gpm
     25     t@1000   0.9788     0.0558       0.9454        K  (≈0.95 °C)
     26     u@1000   0.9392     0.0881       0.5428      m/s
     27     v@1000   0.9340     0.0963       0.5119      m/s
     28     q@1000   0.9460     0.0228       0.0001    kg/kg
     29   sin_hour   0.0000     0.0000       0.0000        ?
     30   cos_hour   0.0000     0.0000       0.0000        ?
     31    sin_doy   0.0000     0.0000       0.0000        ?
     32    cos_doy   0.0000     0.0000       0.0000        ?
============================================================
