[predict] data_dir=/data/datasets/multires_krsk_33f (chunked=True, pred_steps=4)
[ChunkDataset] склеиваем data.npy (19ch) + data_extra.npy (14ch) → 33ch
[ChunkDataset] train: 12853 samples, flat_nodes=133279, feat=33, obs=2, pred=4
[ChunkDataset] склеиваем data.npy (19ch) + data_extra.npy (14ch) → 33ch
[ChunkDataset] val: 1607 samples, flat_nodes=133279, feat=33, obs=2, pred=4
[ChunkDataset] склеиваем data.npy (19ch) + data_extra.npy (14ch) → 33ch
[ChunkDataset] test_only: 1607 samples, flat_nodes=133279, feat=33, obs=2, pred=4
[graph] уровни меша [4, 6], признаки рёбер: legacy
[encoder] GCN + поправка сообщениями с признаками рёбер (с нуля)
[processor] InteractionNet: 12 шагов, агрегация 'mean'
[decoder] InteractionNet с признаками рёбер, скрытый размер 128
Encoder summary: 
+------------------------------------+-----------------------------------------+----------------+----------+
| Layer                              | Input Shape                             | Output Shape   | #Param   |
|------------------------------------+-----------------------------------------+----------------+----------|
| Model                              | [174241, 72], [2, 207099]               | [174241, 256]  | 875,010  |
| ├─(mlp)MLP                         |                                         | [174241, 256]  | 150,786  |
| │    └─(MLP)ModuleList             | --                                      | --             | 150,786  |
| │    │    └─(0)Linear              | [174241, 72]                            | [174241, 256]  | 18,688   |
| │    │    └─(1)PReLU               | [174241, 256]                           | [174241, 256]  | 1        |
| │    │    └─(2)Linear              | [174241, 256]                           | [174241, 256]  | 65,792   |
| │    │    └─(3)PReLU               | [174241, 256]                           | [174241, 256]  | 1        |
| │    │    └─(4)Linear              | [174241, 256]                           | [174241, 256]  | 65,792   |
| │    │    └─(5)LayerNorm           | [174241, 256]                           | [174241, 256]  | 512      |
| ├─(graph_layer)GraphLayer          |                                         | [174241, 256]  | 724,224  |
| │    └─(activation)SiLU            | [174241, 256]                           | [174241, 256]  | --       |
| │    └─(layers)ModuleList          | --                                      | --             | 197,376  |
| │    │    └─(0)GCNConv             | [174241, 256], [2, 207099]              | [174241, 256]  | 65,792   |
| │    │    └─(1)SiLU                | [174241, 256]                           | [174241, 256]  | --       |
| │    │    └─(2)GCNConv             | [174241, 256], [2, 207099]              | [174241, 256]  | 65,792   |
| │    │    └─(3)SiLU                | --                                      | --             | --       |
| │    │    └─(4)GCNConv             | [174241, 256], [2, 207099]              | [174241, 256]  | 65,792   |
| │    └─(refine)EdgeRefineLayer     | [174241, 256], [2, 207099], [207099, 4] | [174241, 256]  | 526,848  |
| │    │    └─(edge_embed)Sequential | [207099, 4]                             | [207099, 256]  | 67,072   |
| │    │    └─(message)Sequential    | [207099, 768]                           | [207099, 256]  | 262,656  |
| │    │    └─(update)Sequential     | [174241, 512]                           | [174241, 256]  | 197,120  |
+------------------------------------+-----------------------------------------+----------------+----------+

Processor summary: 
  (сводка не построена: RuntimeError: Expected all tensors to be on the same device, but found at least two devices, cuda:0 and cpu! (when checking argument for argument mat1 in method wrapper_CUDA_addmm))

Decoder summary: 
+-------------------------------------------+----------------------------+----------------+----------+
| Layer                                     | Input Shape                | Output Shape   | #Param   |
|-------------------------------------------+----------------------------+----------------+----------|
| Model                                     | [174241, 256], [2, 399837] | [174241, 33]   | 268,579  |
| ├─(mlp)MLP                                |                            | [174241, 128]  | 115,202  |
| │    └─(MLP)ModuleList                    | --                         | --             | 115,202  |
| │    │    └─(0)Linear                     | [174241, 256]              | [174241, 256]  | 65,792   |
| │    │    └─(1)PReLU                      | [174241, 256]              | [174241, 256]  | 1        |
| │    │    └─(2)Linear                     | [174241, 256]              | [174241, 128]  | 32,896   |
| │    │    └─(3)PReLU                      | [174241, 128]              | [174241, 128]  | 1        |
| │    │    └─(4)Linear                     | [174241, 128]              | [174241, 128]  | 16,512   |
| ├─(graph_layer)GraphLayer                 |                            | [174241, 33]   | 153,377  |
| │    └─(layers)InteractionNetDecoderLayer |                            | [174241, 33]   | 153,377  |
| │    │    └─(edge_embed)Sequential        | [399837, 4]                | [399837, 128]  | 17,152   |
| │    │    └─(message)Sequential           | [399837, 384]              | [399837, 128]  | 65,792   |
| │    │    └─(node_update)Sequential       | [174241, 256]              | [174241, 128]  | 49,408   |
| │    │    └─(norm)LayerNorm               | [174241, 128]              | [174241, 128]  | 256      |
| │    │    └─(out)Sequential               | [174241, 128]              | [174241, 33]   | 20,769   |
+-------------------------------------------+----------------------------+----------------+----------+

[AR-rollout] Модель выдаёт 1 шаг(ов), но мы прогоним 4 шагов авторегрессионно.
[static] Каналы [7, 8] — статика, carry-forward при AR
[forcing] Каналы [29, 30, 31, 32] — форсинг (из ground truth при AR)
[predict] device=cuda | grid=0x0 | 100/1607 test samples
[Region] 2501 nodes (--region [50.0,60.0]N x [83.0,98.0]E)
[metrics] Исключены из aggregate метрик: каналы [7, 8, 29, 30, 31, 32] (static+forcing)
[metrics] per-sample MSE будут сохранены в /workdir/paper_results/p_dec_encres_s100_samples.npz
[Main] Инференс (100 samples, DA=none)...
  [50/100] RMSE=0.164674 ACC=0.9862
  [100/100] RMSE=0.160361 ACC=0.9862

[Save] predictions → /data/paper_heavy/p_dec_encres_s100.pt (pred=torch.Size([100, 133279, 132]), gt=torch.Size([100, 133279, 132]))
[Save] per-sample metrics → /workdir/paper_results/p_dec_encres_s100_samples.npz (N=100, AR=4, C=33)

============================================================
=== Inference summary (100 samples) ===
Grid: 0x0 (G=133279) | C=33 | AR=4 horizons
Overall: MSE=0.025716 | RMSE=0.160361 | MAE=0.075341
Baseline: RMSE=0.535330 | MAE=0.270819
Skill: 70.04%
ACC: 0.9862 | base: 0.8494 | Δ=+0.1368

Per-horizon:
  +06h: RMSE=0.117430 | base=0.350434 | skill=66.49% | ACC=0.9927 (base 0.9361)
  +12h: RMSE=0.146613 | base=0.498519 | skill=70.59% | ACC=0.9886 (base 0.8699)
  +18h: RMSE=0.174384 | base=0.590928 | skill=70.49% | ACC=0.9837 (base 0.8162)
  +24h: RMSE=0.192791 | base=0.652528 | skill=70.45% | ACC=0.9798 (base 0.7755)

Per-horizon per-channel RMSE (physical units):
         var   unit      +6h     +12h     +18h     +24h
         t2m      K    0.71°C    0.85°C    0.92°C    0.98°C
         10u    m/s     0.66     0.79     0.90     0.99
         10v    m/s     0.68     0.81     0.92     1.01
         msl    hPa     0.52     0.62     0.75     0.85
       t@850      K    0.55°C    0.67°C    0.76°C    0.82°C
       u@850    m/s     0.99     1.18     1.34     1.48
       v@850    m/s     1.00     1.20     1.35     1.49
       z@850    gpm      3.6      4.3      5.2      6.1
       z@500    gpm      4.2      5.1      6.4      7.6

Per-channel metrics overall (physical units, avg over 4 horizons):
    #        var      ACC  RMSE_norm    RMSE_phys     unit
    0        t2m   0.9990     0.0413       0.8724        K  (≈0.87 °C)
    1        10u   0.9871     0.1517       0.8443      m/s
    2        10v   0.9817     0.1810       0.8633      m/s
    3        msl   0.9982     0.0515       0.6974      hPa
    4         tp   0.8650     0.5063       0.0010        m
    5         sp   1.0000     0.0066       0.6341      hPa
    6       tcwv   0.9972     0.0738       1.2285    kg/m²
    7     z_surf   1.0000     0.0000       0.0000      gpm
    8        lsm   1.0000     0.0000       0.0000        -
    9      t@850   0.9987     0.0456       0.7074        K  (≈0.71 °C)
   10      u@850   0.9877     0.1530       1.2610      m/s
   11      v@850   0.9783     0.2034       1.2765      m/s
   12      z@850   0.9993     0.0320       4.8745      gpm
   13      q@850   0.9901     0.1394       0.0006    kg/kg
   14      t@500   0.9991     0.0405       0.5286        K  (≈0.53 °C)
   15      u@500   0.9905     0.1387       1.6679      m/s
   16      v@500   0.9831     0.1843       1.6974      m/s
   17      z@500   0.9998     0.0173       5.9633      gpm
   18      q@500   0.9748     0.2114       0.0002    kg/kg
   19      z@250   0.9999     0.0145       8.2140      gpm
   20      t@250   0.9957     0.0786       0.6811        K  (≈0.68 °C)
   21      u@250   0.9926     0.1213       2.1919      m/s
   22      v@250   0.9866     0.1653       2.2226      m/s
   23      q@250   0.9576     0.2717       0.0000    kg/kg
   24     z@1000   0.9984     0.0472       5.2615      gpm
   25     t@1000   0.9990     0.0438       0.7416        K  (≈0.74 °C)
   26     u@1000   0.9873     0.1516       0.9341      m/s
   27     v@1000   0.9820     0.1811       0.9624      m/s
   28     q@1000   0.9985     0.0548       0.0003    kg/kg
   29   sin_hour   0.0000     0.0000       0.0000        ?
   30   cos_hour   0.0000     0.0000       0.0000        ?
   31    sin_doy   0.0000     0.0000       0.0000        ?
   32    cos_doy   0.0000     0.0000       0.0000        ?

--- Region [50.0,60.0]N x [83.0,98.0]E (2501 nodes) ---
RMSE=0.083262 | base=0.417845 | skill=80.07%
ACC=0.9342 | base=0.6027

  Per-horizon (region):
    +06h: RMSE=0.066385 | base=0.264401 | skill=74.89% | ACC=0.9492 (base 0.7876)
    +12h: RMSE=0.078598 | base=0.388892 | skill=79.79% | ACC=0.9376 (base 0.6189)
    +18h: RMSE=0.088272 | base=0.463793 | skill=80.97% | ACC=0.9286 (base 0.5251)
    +24h: RMSE=0.096713 | base=0.511985 | skill=81.11% | ACC=0.9215 (base 0.4794)

  Per-horizon per-channel RMSE — REGION (2501 nodes):
           var   unit      +6h     +12h     +18h     +24h
           t2m      K    1.20°C    1.43°C    1.52°C    1.58°C
           10u    m/s     0.43     0.50     0.54     0.57
           10v    m/s     0.43     0.50     0.54     0.57
           msl    hPa     0.61     0.75     0.89     1.03
         t@850      K    0.61°C    0.75°C    0.83°C    0.89°C
         u@850    m/s     0.93     1.10     1.23     1.35
         v@850    m/s     0.89     1.04     1.17     1.26
         z@850    gpm      3.2      4.0      5.1      6.1
         z@500    gpm      3.9      4.9      6.1      7.4

  Per-channel region (physical units, avg over 4 horizons):
      #        var      ACC  RMSE_norm    RMSE_phys     unit
      0        t2m   0.9582     0.0682       1.4404        K  (≈1.44 °C)
      1        10u   0.9393     0.0921       0.5125      m/s
      2        10v   0.9157     0.1073       0.5115      m/s
      3        msl   0.9877     0.0617       0.8347      hPa
      4         tp   0.5707     0.0496       0.0001        m
      5         sp   1.0000     0.0068       0.6482      hPa
      6       tcwv   0.9737     0.0232       0.3853    kg/m²
      7     z_surf   1.0000     0.0000       0.0000      gpm
      8        lsm   1.0000     0.0000       0.0000        -
      9      t@850   0.9654     0.0501       0.7760        K  (≈0.78 °C)
     10      u@850   0.9719     0.1412       1.1641      m/s
     11      v@850   0.9561     0.1752       1.0998      m/s
     12      z@850   0.9978     0.0310       4.7295      gpm
     13      q@850   0.9281     0.0436       0.0002    kg/kg
     14      t@500   0.9748     0.0361       0.4704        K  (≈0.47 °C)
     15      u@500   0.9582     0.1211       1.4560      m/s
     16      v@500   0.9698     0.1600       1.4728      m/s
     17      z@500   0.9980     0.0166       5.7161      gpm
     18      q@500   0.8975     0.0528       0.0001    kg/kg
     19      z@250   0.9974     0.0137       7.7653      gpm
     20      t@250   0.9353     0.0636       0.5505        K  (≈0.55 °C)
     21      u@250   0.9652     0.0955       1.7259      m/s
     22      v@250   0.9763     0.1299       1.7469      m/s
     23      q@250   0.5984     0.0370       0.0000    kg/kg
     24     z@1000   0.9933     0.0501       5.5838      gpm
     25     t@1000   0.9784     0.0563       0.9529        K  (≈0.95 °C)
     26     u@1000   0.9383     0.0888       0.5470      m/s
     27     v@1000   0.9335     0.0969       0.5151      m/s
     28     q@1000   0.9451     0.0231       0.0001    kg/kg
     29   sin_hour   0.0000     0.0000       0.0000        ?
     30   cos_hour   0.0000     0.0000       0.0000        ?
     31    sin_doy   0.0000     0.0000       0.0000        ?
     32    cos_doy   0.0000     0.0000       0.0000        ?
============================================================
