Узлов: 133279 (региональных 2501, глобальных 130778)
Канал t2m: индекс 0, разброс 21.1303
Читаю /data/paper_heavy/p_dec_encres_s100.pt …
Сроков: 100, горизонтов: 4, узлов: 133279
# Диагностика стыка: RMSE по расстоянию до границы вставки

Переменная t2m, физические единицы. Сроков: 100. Положительное расстояние — внутри вставки (0.25°), отрицательное — снаружи, на глобальной сетке (0.7°).

| Зона | Расстояние до границы, км | Узлов | +6 ч | +12 ч | +18 ч | +24 ч |
|---|---|---:|---:|---:|---:|---:|
| вставка 0.25° | 0–25 | 278 | 1.25 | 1.49 | 1.58 | 1.63 |
| вставка 0.25° | 25–50 | 240 | 1.22 | 1.45 | 1.53 | 1.59 |
| вставка 0.25° | 50–100 | 414 | 1.24 | 1.47 | 1.55 | 1.62 |
| вставка 0.25° | 100–200 | 698 | 1.21 | 1.44 | 1.52 | 1.58 |
| вставка 0.25° | 200–1000 | 871 | 1.14 | 1.38 | 1.48 | 1.55 |
| глобальная 0.7° | -100–0 | 143 | 1.13 | 1.40 | 1.54 | 1.64 |
| глобальная 0.7° | -300–-100 | 308 | 1.24 | 1.52 | 1.67 | 1.76 |
| глобальная 0.7° | -1000–-300 | 1708 | 1.22 | 1.52 | 1.68 | 1.79 |

**Полоса у границы против середины области, срок +24 ч: 1.63 против 1.55 — разница +5.2 %.**

Ошибка у границы выше. Формулировку в статье следует смягчить до «контролируемый переходный слой» и привести этот профиль.

→ /workdir/paper_results/p_dec_encres_seam/seam_profile.md
→ /workdir/paper_results/p_dec_encres_seam/seam_map_data.npz (для карты и профиля)
