[predict] data_dir=/data/datasets/multires_krsk_33f (chunked=True, pred_steps=4)
[ChunkDataset] склеиваем data.npy (19ch) + data_extra.npy (14ch) → 33ch
[ChunkDataset] train: 12853 samples, flat_nodes=133279, feat=33, obs=2, pred=4
[ChunkDataset] склеиваем data.npy (19ch) + data_extra.npy (14ch) → 33ch
[ChunkDataset] val: 1607 samples, flat_nodes=133279, feat=33, obs=2, pred=4
[ChunkDataset] склеиваем data.npy (19ch) + data_extra.npy (14ch) → 33ch
[ChunkDataset] test_only: 1607 samples, flat_nodes=133279, feat=33, obs=2, pred=4
[graph] сгущение меша над [50.0, 60.0, 83.0, 98.0]: вершин 40962 → 41454
[graph] уровни меша [4, 6], признаки рёбер: legacy
[encoder] GCN + поправка сообщениями с признаками рёбер (с нуля)
[processor] InteractionNet: 12 шагов, агрегация 'mean'
[decoder] InteractionNet с признаками рёбер, скрытый размер 128
Encoder summary: 
+------------------------------------+-----------------------------------------+----------------+----------+
| Layer                              | Input Shape                             | Output Shape   | #Param   |
|------------------------------------+-----------------------------------------+----------------+----------|
| Model                              | [174733, 72], [2, 220450]               | [174733, 256]  | 875,010  |
| ├─(mlp)MLP                         |                                         | [174733, 256]  | 150,786  |
| │    └─(MLP)ModuleList             | --                                      | --             | 150,786  |
| │    │    └─(0)Linear              | [174733, 72]                            | [174733, 256]  | 18,688   |
| │    │    └─(1)PReLU               | [174733, 256]                           | [174733, 256]  | 1        |
| │    │    └─(2)Linear              | [174733, 256]                           | [174733, 256]  | 65,792   |
| │    │    └─(3)PReLU               | [174733, 256]                           | [174733, 256]  | 1        |
| │    │    └─(4)Linear              | [174733, 256]                           | [174733, 256]  | 65,792   |
| │    │    └─(5)LayerNorm           | [174733, 256]                           | [174733, 256]  | 512      |
| ├─(graph_layer)GraphLayer          |                                         | [174733, 256]  | 724,224  |
| │    └─(activation)SiLU            | [174733, 256]                           | [174733, 256]  | --       |
| │    └─(layers)ModuleList          | --                                      | --             | 197,376  |
| │    │    └─(0)GCNConv             | [174733, 256], [2, 220450]              | [174733, 256]  | 65,792   |
| │    │    └─(1)SiLU                | [174733, 256]                           | [174733, 256]  | --       |
| │    │    └─(2)GCNConv             | [174733, 256], [2, 220450]              | [174733, 256]  | 65,792   |
| │    │    └─(3)SiLU                | --                                      | --             | --       |
| │    │    └─(4)GCNConv             | [174733, 256], [2, 220450]              | [174733, 256]  | 65,792   |
| │    └─(refine)EdgeRefineLayer     | [174733, 256], [2, 220450], [220450, 4] | [174733, 256]  | 526,848  |
| │    │    └─(edge_embed)Sequential | [220450, 4]                             | [220450, 256]  | 67,072   |
| │    │    └─(message)Sequential    | [220450, 768]                           | [220450, 256]  | 262,656  |
| │    │    └─(update)Sequential     | [174733, 512]                           | [174733, 256]  | 197,120  |
+------------------------------------+-----------------------------------------+----------------+----------+

Processor summary: 
  (сводка не построена: RuntimeError: Expected all tensors to be on the same device, but found at least two devices, cuda:0 and cpu! (when checking argument for argument mat1 in method wrapper_CUDA_addmm))

Decoder summary: 
+-------------------------------------------+----------------------------+----------------+----------+
| Layer                                     | Input Shape                | Output Shape   | #Param   |
|-------------------------------------------+----------------------------+----------------+----------|
| Model                                     | [174733, 256], [2, 399837] | [174733, 33]   | 268,579  |
| ├─(mlp)MLP                                |                            | [174733, 128]  | 115,202  |
| │    └─(MLP)ModuleList                    | --                         | --             | 115,202  |
| │    │    └─(0)Linear                     | [174733, 256]              | [174733, 256]  | 65,792   |
| │    │    └─(1)PReLU                      | [174733, 256]              | [174733, 256]  | 1        |
| │    │    └─(2)Linear                     | [174733, 256]              | [174733, 128]  | 32,896   |
| │    │    └─(3)PReLU                      | [174733, 128]              | [174733, 128]  | 1        |
| │    │    └─(4)Linear                     | [174733, 128]              | [174733, 128]  | 16,512   |
| ├─(graph_layer)GraphLayer                 |                            | [174733, 33]   | 153,377  |
| │    └─(layers)InteractionNetDecoderLayer |                            | [174733, 33]   | 153,377  |
| │    │    └─(edge_embed)Sequential        | [399837, 4]                | [399837, 128]  | 17,152   |
| │    │    └─(message)Sequential           | [399837, 384]              | [399837, 128]  | 65,792   |
| │    │    └─(node_update)Sequential       | [174733, 256]              | [174733, 128]  | 49,408   |
| │    │    └─(norm)LayerNorm               | [174733, 128]              | [174733, 128]  | 256      |
| │    │    └─(out)Sequential               | [174733, 128]              | [174733, 33]   | 20,769   |
+-------------------------------------------+----------------------------+----------------+----------+

[AR-rollout] Модель выдаёт 1 шаг(ов), но мы прогоним 4 шагов авторегрессионно.
[static] Каналы [7, 8] — статика, carry-forward при AR
[forcing] Каналы [29, 30, 31, 32] — форсинг (из ground truth при AR)
[predict] device=cuda | grid=0x0 | 2000/1607 test samples
[Region] 45 nodes (--region [55.5,56.5]N x [92.0,94.0]E)
[lat-weight] веса cos(широта): по сетке 0.010..1.573, по области 0.987..1.013
[clim] таблица: 6 каналов из 33 — ['t2m', '10u', '10v', 'msl', 't@850', 'z@500']
[clim] приведена к нормированным единицам набора
[clim] /workdir/graphcast-lite/docs/paper/runs/clim_wb2_nodes.npz: ACC считается против климатологии, а не против среднего по области
[clim] узлов прогона 45 из 2501 в таблице
[metrics] Исключены из aggregate метрик: каналы [7, 8, 29, 30, 31, 32] (static+forcing)
[metrics] per-sample MSE будут сохранены в /workdir/paper_results/p_mesh_ref_inner_samples.npz
[Main] Инференс (2000 samples, DA=none)...
  [50/2000] RMSE=0.185480 ACC=0.9863
  [100/2000] RMSE=0.180226 ACC=0.9863
  [150/2000] RMSE=0.184010 ACC=0.9861
  [200/2000] RMSE=0.184814 ACC=0.9861
  [250/2000] RMSE=0.185488 ACC=0.9861
  [300/2000] RMSE=0.185750 ACC=0.9861
  [350/2000] RMSE=0.186382 ACC=0.9861
  [400/2000] RMSE=0.186573 ACC=0.9861
  [450/2000] RMSE=0.186589 ACC=0.9861
  [500/2000] RMSE=0.185919 ACC=0.9861
  [550/2000] RMSE=0.185678 ACC=0.9861
  [600/2000] RMSE=0.185524 ACC=0.9860
  [650/2000] RMSE=0.185486 ACC=0.9860
  [700/2000] RMSE=0.185890 ACC=0.9860
  [750/2000] RMSE=0.186453 ACC=0.9860
  [800/2000] RMSE=0.186160 ACC=0.9860
  [850/2000] RMSE=0.186200 ACC=0.9860
  [900/2000] RMSE=0.186007 ACC=0.9860
  [950/2000] RMSE=0.185869 ACC=0.9860
  [1000/2000] RMSE=0.185636 ACC=0.9860
  [1050/2000] RMSE=0.185758 ACC=0.9860
  [1100/2000] RMSE=0.185762 ACC=0.9860
  [1150/2000] RMSE=0.185692 ACC=0.9860
  [1200/2000] RMSE=0.185395 ACC=0.9860
  [1250/2000] RMSE=0.184965 ACC=0.9861
  [1300/2000] RMSE=0.184661 ACC=0.9861
  [1350/2000] RMSE=0.184278 ACC=0.9861
  [1400/2000] RMSE=0.184161 ACC=0.9861
  [1450/2000] RMSE=0.183871 ACC=0.9861
  [1500/2000] RMSE=0.183662 ACC=0.9862
  [1550/2000] RMSE=0.183378 ACC=0.9862
  [1600/2000] RMSE=0.183132 ACC=0.9862
[Save] per-sample metrics → /workdir/paper_results/p_mesh_ref_inner_samples.npz (N=1607, AR=4, C=33)

============================================================
=== Inference summary (1607 samples) ===
Grid: 0x0 (G=133279) | C=33 | AR=4 horizons
Overall: MSE=0.033525 | RMSE=0.183098 | MAE=0.082879
Baseline: RMSE=0.561800 | MAE=0.280797
Skill: 67.41%
ACC: 0.9862 | base: 0.8500 | Δ=+0.1362

Per-horizon:
  +06h: RMSE=0.132971 | base=0.383497 | skill=65.33% | ACC=0.9927 (base 0.9343)
  +12h: RMSE=0.167234 | base=0.532431 | skill=68.59% | ACC=0.9886 (base 0.8677)
  +18h: RMSE=0.199871 | base=0.617916 | skill=67.65% | ACC=0.9837 (base 0.8171)
  +24h: RMSE=0.220232 | base=0.670899 | skill=67.17% | ACC=0.9799 (base 0.7808)

Per-horizon per-channel RMSE (physical units):
         var   unit      +6h     +12h     +18h     +24h
         t2m      K    0.66°C    0.75°C    0.78°C    0.82°C
         10u    m/s     0.66     0.79     0.88     0.97
         10v    m/s     0.68     0.81     0.91     1.00
         msl    hPa     0.51     0.59     0.69     0.78
       t@850      K    0.55°C    0.66°C    0.73°C    0.79°C
       u@850    m/s     1.01     1.21     1.35     1.49
       v@850    m/s     1.02     1.22     1.36     1.50
       z@850    gpm      3.6      4.2      5.0      5.7
       z@500    gpm      4.1      5.0      6.0      7.0

Per-channel metrics overall (physical units, avg over 4 horizons):
    #        var      ACC  RMSE_norm    RMSE_phys     unit
    0        t2m   0.9991     0.0358       0.7566        K  (≈0.76 °C)
    1        10u   0.9878     0.1494       0.8315      m/s
    2        10v   0.9826     0.1808       0.8620      m/s
    3        msl   0.9984     0.0481       0.6505      hPa
    4         tp   0.8637     0.6101       0.0012        m
    5         sp   1.0000     0.0064       0.6109      hPa
    6       tcwv   0.9970     0.0892       1.4848    kg/m²
    7     z_surf   1.0000     0.0000       0.0000      gpm
    8        lsm   1.0000     0.0000       0.0000        -
    9      t@850   0.9988     0.0445       0.6904        K  (≈0.69 °C)
   10      u@850   0.9877     0.1549       1.2768      m/s
   11      v@850   0.9782     0.2051       1.2872      m/s
   12      z@850   0.9994     0.0308       4.7009      gpm
   13      q@850   0.9898     0.1666       0.0007    kg/kg
   14      t@500   0.9991     0.0416       0.5432        K  (≈0.54 °C)
   15      u@500   0.9898     0.1412       1.6982      m/s
   16      v@500   0.9819     0.1887       1.7373      m/s
   17      z@500   0.9998     0.0163       5.6150      gpm
   18      q@500   0.9750     0.2661       0.0003    kg/kg
   19      z@250   0.9999     0.0139       7.8781      gpm
   20      t@250   0.9969     0.0758       0.6562        K  (≈0.66 °C)
   21      u@250   0.9920     0.1301       2.3512      m/s
   22      v@250   0.9851     0.1786       2.4004      m/s
   23      q@250   0.9585     0.3515       0.0000    kg/kg
   24     z@1000   0.9987     0.0454       5.0609      gpm
   25     t@1000   0.9990     0.0383       0.6479        K  (≈0.65 °C)
   26     u@1000   0.9880     0.1492       0.9195      m/s
   27     v@1000   0.9828     0.1800       0.9569      m/s
   28     q@1000   0.9982     0.0688       0.0004    kg/kg
   29   sin_hour   0.0000     0.0000       0.0000        ?
   30   cos_hour   0.0000     0.0000       0.0000        ?
   31    sin_doy   0.0000     0.0000       0.0000        ?
   32    cos_doy   0.0000     0.0000       0.0000        ?

--- Region [55.5,56.5]N x [92.0,94.0]E (45 nodes) ---
RMSE=0.098438 | base=0.433550 | skill=77.29%
ACC=0.7619 | base=0.4382

  Per-horizon (region):
    +06h: RMSE=0.078948 | base=0.274621 | skill=71.25% | ACC=0.7991 (base 0.5868)
    +12h: RMSE=0.092991 | base=0.403485 | skill=76.95% | ACC=0.7666 (base 0.4440)
    +18h: RMSE=0.103244 | base=0.481140 | skill=78.54% | ACC=0.7492 (base 0.3773)
    +24h: RMSE=0.114982 | base=0.531178 | skill=78.35% | ACC=0.7329 (base 0.3455)

  Per-horizon per-channel RMSE — REGION (45 nodes):
           var   unit      +6h     +12h     +18h     +24h
           t2m      K    0.99°C    1.15°C    1.18°C    1.24°C
           10u    m/s     0.50     0.57     0.61     0.66
           10v    m/s     0.47     0.53     0.57     0.60
           msl    hPa     0.51     0.65     0.79     0.93
         t@850      K    0.48°C    0.59°C    0.69°C    0.77°C
         u@850    m/s     1.06     1.22     1.36     1.51
         v@850    m/s     1.07     1.22     1.31     1.44
         z@850    gpm      3.2      4.3      5.4      6.4
         z@500    gpm      4.0      5.4      6.8      8.2

  Per-channel region (physical units, avg over 4 horizons):
      #        var      ACC  RMSE_norm    RMSE_phys     unit
      0        t2m   0.9846     0.0542       1.1463        K  (≈1.15 °C)
      1        10u   0.9669     0.1061       0.5906      m/s
      2        10v   0.9464     0.1142       0.5444      m/s
      3        msl   0.9965     0.0547       0.7398      hPa
      4         tp   0.1742     0.0908       0.0002        m
      5         sp   0.9997     0.0072       0.6856      hPa
      6       tcwv   0.8250     0.0484       0.8052    kg/m²
      7     z_surf   1.0000     0.0000       0.0000      gpm
      8        lsm   1.0000     0.0000       0.0000        -
      9      t@850   0.9939     0.0415       0.6428        K  (≈0.64 °C)
     10      u@850   0.7375     0.1575       1.2987      m/s
     11      v@850   0.6951     0.2019       1.2670      m/s
     12      z@850   0.9277     0.0325       4.9539      gpm
     13      q@850   0.5816     0.0830       0.0003    kg/kg
     14      t@500   0.7692     0.0371       0.4835        K  (≈0.48 °C)
     15      u@500   0.7203     0.1367       1.6445      m/s
     16      v@500   0.7479     0.1782       1.6409      m/s
     17      z@500   0.9982     0.0183       6.3167      gpm
     18      q@500   0.5622     0.1278       0.0001    kg/kg
     19      z@250   0.9079     0.0151       8.5737      gpm
     20      t@250   0.6605     0.0807       0.6993        K  (≈0.70 °C)
     21      u@250   0.7674     0.1197       2.1644      m/s
     22      v@250   0.7787     0.1608       2.1615      m/s
     23      q@250   0.3287     0.0774       0.0000    kg/kg
     24     z@1000   0.8995     0.0490       5.4628      gpm
     25     t@1000   0.7507     0.0490       0.8298        K  (≈0.83 °C)
     26     u@1000   0.6802     0.0846       0.5212      m/s
     27     v@1000   0.5720     0.0897       0.4769      m/s
     28     q@1000   0.5991     0.0639       0.0004    kg/kg
     29   sin_hour   0.0000     0.0000       0.0000        ?
     30   cos_hour   0.0000     0.0000       0.0000        ?
     31    sin_doy   0.0000     0.0000       0.0000        ?
     32    cos_doy   0.0000     0.0000       0.0000        ?
============================================================
