[predict] data_dir=/data/datasets/multires_krsk_33f (chunked=True, pred_steps=4)
[ChunkDataset] склеиваем data.npy (19ch) + data_extra.npy (14ch) → 33ch
[ChunkDataset] train: 12853 samples, flat_nodes=133279, feat=33, obs=2, pred=4
[ChunkDataset] склеиваем data.npy (19ch) + data_extra.npy (14ch) → 33ch
[ChunkDataset] val: 1607 samples, flat_nodes=133279, feat=33, obs=2, pred=4
[ChunkDataset] склеиваем data.npy (19ch) + data_extra.npy (14ch) → 33ch
[ChunkDataset] test_only: 1607 samples, flat_nodes=133279, feat=33, obs=2, pred=4
[graph] сгущение меша над [50.0, 60.0, 83.0, 98.0]: вершин 40962 → 41454
[graph] уровни меша [4, 6], признаки рёбер: legacy
[encoder] GCN + поправка сообщениями с признаками рёбер (с нуля)
[processor] InteractionNet: 12 шагов, агрегация 'mean'
[decoder] InteractionNet с признаками рёбер, скрытый размер 128
Encoder summary: 
+------------------------------------+-----------------------------------------+----------------+----------+
| Layer                              | Input Shape                             | Output Shape   | #Param   |
|------------------------------------+-----------------------------------------+----------------+----------|
| Model                              | [174733, 72], [2, 220450]               | [174733, 256]  | 875,010  |
| ├─(mlp)MLP                         |                                         | [174733, 256]  | 150,786  |
| │    └─(MLP)ModuleList             | --                                      | --             | 150,786  |
| │    │    └─(0)Linear              | [174733, 72]                            | [174733, 256]  | 18,688   |
| │    │    └─(1)PReLU               | [174733, 256]                           | [174733, 256]  | 1        |
| │    │    └─(2)Linear              | [174733, 256]                           | [174733, 256]  | 65,792   |
| │    │    └─(3)PReLU               | [174733, 256]                           | [174733, 256]  | 1        |
| │    │    └─(4)Linear              | [174733, 256]                           | [174733, 256]  | 65,792   |
| │    │    └─(5)LayerNorm           | [174733, 256]                           | [174733, 256]  | 512      |
| ├─(graph_layer)GraphLayer          |                                         | [174733, 256]  | 724,224  |
| │    └─(activation)SiLU            | [174733, 256]                           | [174733, 256]  | --       |
| │    └─(layers)ModuleList          | --                                      | --             | 197,376  |
| │    │    └─(0)GCNConv             | [174733, 256], [2, 220450]              | [174733, 256]  | 65,792   |
| │    │    └─(1)SiLU                | [174733, 256]                           | [174733, 256]  | --       |
| │    │    └─(2)GCNConv             | [174733, 256], [2, 220450]              | [174733, 256]  | 65,792   |
| │    │    └─(3)SiLU                | --                                      | --             | --       |
| │    │    └─(4)GCNConv             | [174733, 256], [2, 220450]              | [174733, 256]  | 65,792   |
| │    └─(refine)EdgeRefineLayer     | [174733, 256], [2, 220450], [220450, 4] | [174733, 256]  | 526,848  |
| │    │    └─(edge_embed)Sequential | [220450, 4]                             | [220450, 256]  | 67,072   |
| │    │    └─(message)Sequential    | [220450, 768]                           | [220450, 256]  | 262,656  |
| │    │    └─(update)Sequential     | [174733, 512]                           | [174733, 256]  | 197,120  |
+------------------------------------+-----------------------------------------+----------------+----------+

Processor summary: 
  (сводка не построена: RuntimeError: Expected all tensors to be on the same device, but found at least two devices, cuda:0 and cpu! (when checking argument for argument mat1 in method wrapper_CUDA_addmm))

Decoder summary: 
+-------------------------------------------+----------------------------+----------------+----------+
| Layer                                     | Input Shape                | Output Shape   | #Param   |
|-------------------------------------------+----------------------------+----------------+----------|
| Model                                     | [174733, 256], [2, 399837] | [174733, 33]   | 268,579  |
| ├─(mlp)MLP                                |                            | [174733, 128]  | 115,202  |
| │    └─(MLP)ModuleList                    | --                         | --             | 115,202  |
| │    │    └─(0)Linear                     | [174733, 256]              | [174733, 256]  | 65,792   |
| │    │    └─(1)PReLU                      | [174733, 256]              | [174733, 256]  | 1        |
| │    │    └─(2)Linear                     | [174733, 256]              | [174733, 128]  | 32,896   |
| │    │    └─(3)PReLU                      | [174733, 128]              | [174733, 128]  | 1        |
| │    │    └─(4)Linear                     | [174733, 128]              | [174733, 128]  | 16,512   |
| ├─(graph_layer)GraphLayer                 |                            | [174733, 33]   | 153,377  |
| │    └─(layers)InteractionNetDecoderLayer |                            | [174733, 33]   | 153,377  |
| │    │    └─(edge_embed)Sequential        | [399837, 4]                | [399837, 128]  | 17,152   |
| │    │    └─(message)Sequential           | [399837, 384]              | [399837, 128]  | 65,792   |
| │    │    └─(node_update)Sequential       | [174733, 256]              | [174733, 128]  | 49,408   |
| │    │    └─(norm)LayerNorm               | [174733, 128]              | [174733, 128]  | 256      |
| │    │    └─(out)Sequential               | [174733, 128]              | [174733, 33]   | 20,769   |
+-------------------------------------------+----------------------------+----------------+----------+

[AR-rollout] Модель выдаёт 1 шаг(ов), но мы прогоним 4 шагов авторегрессионно.
[static] Каналы [7, 8] — статика, carry-forward при AR
[forcing] Каналы [29, 30, 31, 32] — форсинг (из ground truth при AR)
[predict] device=cuda | grid=0x0 | 100/1607 test samples
[Region] 2501 nodes (--region [50.0,60.0]N x [83.0,98.0]E)
[metrics] Исключены из aggregate метрик: каналы [7, 8, 29, 30, 31, 32] (static+forcing)
[metrics] per-sample MSE будут сохранены в /workdir/paper_results/p_mesh_ref_s100_samples.npz
[Main] Инференс (100 samples, DA=none)...
  [50/100] RMSE=0.164016 ACC=0.9863
  [100/100] RMSE=0.159691 ACC=0.9863

[Save] predictions → /data/paper_heavy/p_mesh_ref_s100.pt (pred=torch.Size([100, 133279, 132]), gt=torch.Size([100, 133279, 132]))
[Save] per-sample metrics → /workdir/paper_results/p_mesh_ref_s100_samples.npz (N=100, AR=4, C=33)

============================================================
=== Inference summary (100 samples) ===
Grid: 0x0 (G=133279) | C=33 | AR=4 horizons
Overall: MSE=0.025501 | RMSE=0.159691 | MAE=0.074725
Baseline: RMSE=0.535330 | MAE=0.270819
Skill: 70.17%
ACC: 0.9863 | base: 0.8494 | Δ=+0.1369

Per-horizon:
  +06h: RMSE=0.116937 | base=0.350434 | skill=66.63% | ACC=0.9928 (base 0.9361)
  +12h: RMSE=0.146003 | base=0.498519 | skill=70.71% | ACC=0.9887 (base 0.8699)
  +18h: RMSE=0.173699 | base=0.590928 | skill=70.61% | ACC=0.9838 (base 0.8162)
  +24h: RMSE=0.191944 | base=0.652528 | skill=70.58% | ACC=0.9800 (base 0.7755)

Per-horizon per-channel RMSE (physical units):
         var   unit      +6h     +12h     +18h     +24h
         t2m      K    0.71°C    0.84°C    0.91°C    0.97°C
         10u    m/s     0.65     0.79     0.89     0.98
         10v    m/s     0.67     0.81     0.91     1.01
         msl    hPa     0.52     0.62     0.74     0.84
       t@850      K    0.54°C    0.67°C    0.75°C    0.81°C
       u@850    m/s     0.98     1.18     1.33     1.47
       v@850    m/s     1.00     1.20     1.35     1.49
       z@850    gpm      3.5      4.2      5.2      6.0
       z@500    gpm      4.1      5.1      6.4      7.6

Per-channel metrics overall (physical units, avg over 4 horizons):
    #        var      ACC  RMSE_norm    RMSE_phys     unit
    0        t2m   0.9990     0.0407       0.8593        K  (≈0.86 °C)
    1        10u   0.9874     0.1502       0.8356      m/s
    2        10v   0.9820     0.1797       0.8567      m/s
    3        msl   0.9983     0.0510       0.6899      hPa
    4         tp   0.8655     0.5054       0.0010        m
    5         sp   1.0000     0.0066       0.6249      hPa
    6       tcwv   0.9973     0.0732       1.2171    kg/m²
    7     z_surf   1.0000     0.0000       0.0000      gpm
    8        lsm   1.0000     0.0000       0.0000        -
    9      t@850   0.9988     0.0451       0.6989        K  (≈0.70 °C)
   10      u@850   0.9878     0.1521       1.2537      m/s
   11      v@850   0.9784     0.2026       1.2717      m/s
   12      z@850   0.9993     0.0317       4.8247      gpm
   13      q@850   0.9902     0.1384       0.0006    kg/kg
   14      t@500   0.9992     0.0401       0.5229        K  (≈0.52 °C)
   15      u@500   0.9905     0.1383       1.6633      m/s
   16      v@500   0.9832     0.1840       1.6940      m/s
   17      z@500   0.9998     0.0172       5.9433      gpm
   18      q@500   0.9750     0.2105       0.0002    kg/kg
   19      z@250   0.9999     0.0142       8.0644      gpm
   20      t@250   0.9958     0.0778       0.6738        K  (≈0.67 °C)
   21      u@250   0.9927     0.1207       2.1815      m/s
   22      v@250   0.9867     0.1648       2.2159      m/s
   23      q@250   0.9578     0.2709       0.0000    kg/kg
   24     z@1000   0.9985     0.0467       5.2021      gpm
   25     t@1000   0.9990     0.0430       0.7278        K  (≈0.73 °C)
   26     u@1000   0.9875     0.1501       0.9248      m/s
   27     v@1000   0.9823     0.1796       0.9544      m/s
   28     q@1000   0.9986     0.0540       0.0003    kg/kg
   29   sin_hour   0.0000     0.0000       0.0000        ?
   30   cos_hour   0.0000     0.0000       0.0000        ?
   31    sin_doy   0.0000     0.0000       0.0000        ?
   32    cos_doy   0.0000     0.0000       0.0000        ?

--- Region [50.0,60.0]N x [83.0,98.0]E (2501 nodes) ---
RMSE=0.080453 | base=0.417845 | skill=80.75%
ACC=0.9390 | base=0.6027

  Per-horizon (region):
    +06h: RMSE=0.063803 | base=0.264401 | skill=75.87% | ACC=0.9528 (base 0.7876)
    +12h: RMSE=0.075627 | base=0.388892 | skill=80.55% | ACC=0.9421 (base 0.6189)
    +18h: RMSE=0.085225 | base=0.463793 | skill=81.62% | ACC=0.9339 (base 0.5251)
    +24h: RMSE=0.094006 | base=0.511985 | skill=81.64% | ACC=0.9271 (base 0.4794)

  Per-horizon per-channel RMSE — REGION (2501 nodes):
           var   unit      +6h     +12h     +18h     +24h
           t2m      K    1.15°C    1.37°C    1.46°C    1.52°C
           10u    m/s     0.40     0.45     0.49     0.51
           10v    m/s     0.39     0.45     0.49     0.51
           msl    hPa     0.59     0.71     0.85     1.00
         t@850      K    0.57°C    0.70°C    0.78°C    0.84°C
         u@850    m/s     0.86     1.03     1.15     1.27
         v@850    m/s     0.85     1.00     1.13     1.21
         z@850    gpm      3.2      4.0      5.0      6.2
         z@500    gpm      3.9      5.0      6.3      7.8

  Per-channel region (physical units, avg over 4 horizons):
      #        var      ACC  RMSE_norm    RMSE_phys     unit
      0        t2m   0.9616     0.0655       1.3833        K  (≈1.38 °C)
      1        10u   0.9511     0.0835       0.4647      m/s
      2        10v   0.9322     0.0965       0.4601      m/s
      3        msl   0.9889     0.0593       0.8033      hPa
      4         tp   0.5909     0.0430       0.0001        m
      5         sp   1.0000     0.0068       0.6458      hPa
      6       tcwv   0.9755     0.0228       0.3793    kg/m²
      7     z_surf   1.0000     0.0000       0.0000      gpm
      8        lsm   1.0000     0.0000       0.0000        -
      9      t@850   0.9693     0.0471       0.7301        K  (≈0.73 °C)
     10      u@850   0.9753     0.1321       1.0889      m/s
     11      v@850   0.9605     0.1685       1.0574      m/s
     12      z@850   0.9978     0.0309       4.7165      gpm
     13      q@850   0.9360     0.0426       0.0002    kg/kg
     14      t@500   0.9759     0.0362       0.4729        K  (≈0.47 °C)
     15      u@500   0.9577     0.1222       1.4699      m/s
     16      v@500   0.9685     0.1634       1.5044      m/s
     17      z@500   0.9980     0.0173       5.9517      gpm
     18      q@500   0.9038     0.0515       0.0001    kg/kg
     19      z@250   0.9974     0.0141       8.0057      gpm
     20      t@250   0.9355     0.0632       0.5471        K  (≈0.55 °C)
     21      u@250   0.9645     0.0963       1.7414      m/s
     22      v@250   0.9757     0.1321       1.7762      m/s
     23      q@250   0.6107     0.0353       0.0000    kg/kg
     24     z@1000   0.9941     0.0486       5.4146      gpm
     25     t@1000   0.9825     0.0508       0.8605        K  (≈0.86 °C)
     26     u@1000   0.9501     0.0799       0.4922      m/s
     27     v@1000   0.9466     0.0870       0.4625      m/s
     28     q@1000   0.9521     0.0217       0.0001    kg/kg
     29   sin_hour   0.0000     0.0000       0.0000        ?
     30   cos_hour   0.0000     0.0000       0.0000        ?
     31    sin_doy   0.0000     0.0000       0.0000        ?
     32    cos_doy   0.0000     0.0000       0.0000        ?
============================================================
