[predict] data_dir=/data/datasets/multires_krsk_33f (chunked=True, pred_steps=4)
[ChunkDataset] склеиваем data.npy (19ch) + data_extra.npy (14ch) → 33ch
[ChunkDataset] train: 12853 samples, flat_nodes=133279, feat=33, obs=2, pred=4
[ChunkDataset] склеиваем data.npy (19ch) + data_extra.npy (14ch) → 33ch
[ChunkDataset] val: 1607 samples, flat_nodes=133279, feat=33, obs=2, pred=4
[ChunkDataset] склеиваем data.npy (19ch) + data_extra.npy (14ch) → 33ch
[ChunkDataset] test_only: 1607 samples, flat_nodes=133279, feat=33, obs=2, pred=4
[graph] уровни меша [4, 6], признаки рёбер: legacy
[encoder] GCN + поправка сообщениями с признаками рёбер (с нуля)
[processor] InteractionNet: 12 шагов, агрегация 'mean'
[decoder] InteractionNet с признаками рёбер, скрытый размер 128
Encoder summary: 
+------------------------------------+-----------------------------------------+----------------+----------+
| Layer                              | Input Shape                             | Output Shape   | #Param   |
|------------------------------------+-----------------------------------------+----------------+----------|
| Model                              | [174241, 72], [2, 207099]               | [174241, 256]  | 875,010  |
| ├─(mlp)MLP                         |                                         | [174241, 256]  | 150,786  |
| │    └─(MLP)ModuleList             | --                                      | --             | 150,786  |
| │    │    └─(0)Linear              | [174241, 72]                            | [174241, 256]  | 18,688   |
| │    │    └─(1)PReLU               | [174241, 256]                           | [174241, 256]  | 1        |
| │    │    └─(2)Linear              | [174241, 256]                           | [174241, 256]  | 65,792   |
| │    │    └─(3)PReLU               | [174241, 256]                           | [174241, 256]  | 1        |
| │    │    └─(4)Linear              | [174241, 256]                           | [174241, 256]  | 65,792   |
| │    │    └─(5)LayerNorm           | [174241, 256]                           | [174241, 256]  | 512      |
| ├─(graph_layer)GraphLayer          |                                         | [174241, 256]  | 724,224  |
| │    └─(activation)SiLU            | [174241, 256]                           | [174241, 256]  | --       |
| │    └─(layers)ModuleList          | --                                      | --             | 197,376  |
| │    │    └─(0)GCNConv             | [174241, 256], [2, 207099]              | [174241, 256]  | 65,792   |
| │    │    └─(1)SiLU                | [174241, 256]                           | [174241, 256]  | --       |
| │    │    └─(2)GCNConv             | [174241, 256], [2, 207099]              | [174241, 256]  | 65,792   |
| │    │    └─(3)SiLU                | --                                      | --             | --       |
| │    │    └─(4)GCNConv             | [174241, 256], [2, 207099]              | [174241, 256]  | 65,792   |
| │    └─(refine)EdgeRefineLayer     | [174241, 256], [2, 207099], [207099, 4] | [174241, 256]  | 526,848  |
| │    │    └─(edge_embed)Sequential | [207099, 4]                             | [207099, 256]  | 67,072   |
| │    │    └─(message)Sequential    | [207099, 768]                           | [207099, 256]  | 262,656  |
| │    │    └─(update)Sequential     | [174241, 512]                           | [174241, 256]  | 197,120  |
+------------------------------------+-----------------------------------------+----------------+----------+

Processor summary: 
  (сводка не построена: RuntimeError: Expected all tensors to be on the same device, but found at least two devices, cuda:0 and cpu! (when checking argument for argument mat1 in method wrapper_CUDA_addmm))

Decoder summary: 
+-------------------------------------------+----------------------------+----------------+----------+
| Layer                                     | Input Shape                | Output Shape   | #Param   |
|-------------------------------------------+----------------------------+----------------+----------|
| Model                                     | [174241, 256], [2, 399837] | [174241, 33]   | 268,579  |
| ├─(mlp)MLP                                |                            | [174241, 128]  | 115,202  |
| │    └─(MLP)ModuleList                    | --                         | --             | 115,202  |
| │    │    └─(0)Linear                     | [174241, 256]              | [174241, 256]  | 65,792   |
| │    │    └─(1)PReLU                      | [174241, 256]              | [174241, 256]  | 1        |
| │    │    └─(2)Linear                     | [174241, 256]              | [174241, 128]  | 32,896   |
| │    │    └─(3)PReLU                      | [174241, 128]              | [174241, 128]  | 1        |
| │    │    └─(4)Linear                     | [174241, 128]              | [174241, 128]  | 16,512   |
| ├─(graph_layer)GraphLayer                 |                            | [174241, 33]   | 153,377  |
| │    └─(layers)InteractionNetDecoderLayer |                            | [174241, 33]   | 153,377  |
| │    │    └─(edge_embed)Sequential        | [399837, 4]                | [399837, 128]  | 17,152   |
| │    │    └─(message)Sequential           | [399837, 384]              | [399837, 128]  | 65,792   |
| │    │    └─(node_update)Sequential       | [174241, 256]              | [174241, 128]  | 49,408   |
| │    │    └─(norm)LayerNorm               | [174241, 128]              | [174241, 128]  | 256      |
| │    │    └─(out)Sequential               | [174241, 128]              | [174241, 33]   | 20,769   |
+-------------------------------------------+----------------------------+----------------+----------+

[AR-rollout] Модель выдаёт 1 шаг(ов), но мы прогоним 4 шагов авторегрессионно.
[static] Каналы [7, 8] — статика, carry-forward при AR
[forcing] Каналы [29, 30, 31, 32] — форсинг (из ground truth при AR)
[predict] device=cuda | grid=0x0 | 2000/1607 test samples
[Region] 2501 nodes (--region [50.0,60.0]N x [83.0,98.0]E)
[lat-weight] веса cos(широта): по сетке 0.010..1.573, по области 0.873..1.122
[clim] таблица: 6 каналов из 33 — ['t2m', '10u', '10v', 'msl', 't@850', 'z@500']
[clim] приведена к нормированным единицам набора
[clim] /workdir/graphcast-lite/docs/paper/runs/clim_wb2_nodes.npz: ACC считается против климатологии, а не против среднего по области
[clim] узлов прогона 2501 из 2501 в таблице
[metrics] Исключены из aggregate метрик: каналы [7, 8, 29, 30, 31, 32] (static+forcing)
[region-errors] каналы ['t2m', '10u', '10v', 'msl'], старт набора 2010-01-01T00
[metrics] per-sample MSE будут сохранены в /workdir/paper_results/t_dec_encres_roi_samples.npz
[Main] Инференс (2000 samples, DA=none)...
  [50/2000] RMSE=0.186162 ACC=0.9862
  [100/2000] RMSE=0.180894 ACC=0.9862
  [150/2000] RMSE=0.184730 ACC=0.9860
  [200/2000] RMSE=0.185572 ACC=0.9860
  [250/2000] RMSE=0.186206 ACC=0.9860
  [300/2000] RMSE=0.186451 ACC=0.9860
  [350/2000] RMSE=0.187096 ACC=0.9860
  [400/2000] RMSE=0.187293 ACC=0.9860
  [450/2000] RMSE=0.187309 ACC=0.9860
  [500/2000] RMSE=0.186636 ACC=0.9860
  [550/2000] RMSE=0.186390 ACC=0.9860
  [600/2000] RMSE=0.186236 ACC=0.9859
  [650/2000] RMSE=0.186196 ACC=0.9859
  [700/2000] RMSE=0.186594 ACC=0.9859
  [750/2000] RMSE=0.187158 ACC=0.9859
  [800/2000] RMSE=0.186856 ACC=0.9858
  [850/2000] RMSE=0.186895 ACC=0.9859
  [900/2000] RMSE=0.186695 ACC=0.9858
  [950/2000] RMSE=0.186549 ACC=0.9858
  [1000/2000] RMSE=0.186322 ACC=0.9859
  [1050/2000] RMSE=0.186447 ACC=0.9859
  [1100/2000] RMSE=0.186452 ACC=0.9859
  [1150/2000] RMSE=0.186380 ACC=0.9859
  [1200/2000] RMSE=0.186082 ACC=0.9859
  [1250/2000] RMSE=0.185652 ACC=0.9860
  [1300/2000] RMSE=0.185353 ACC=0.9860
  [1350/2000] RMSE=0.184971 ACC=0.9860
  [1400/2000] RMSE=0.184856 ACC=0.9860
  [1450/2000] RMSE=0.184564 ACC=0.9860
  [1500/2000] RMSE=0.184357 ACC=0.9860
  [1550/2000] RMSE=0.184073 ACC=0.9861
  [1600/2000] RMSE=0.183828 ACC=0.9861
[Save] поля ошибки → /workdir/paper_results/t_dec_encres_roi_errors.npz (803 сроков 00/12 UTC)
[Save] per-sample metrics → /workdir/paper_results/t_dec_encres_roi_samples.npz (N=1607, AR=4, C=33)

============================================================
=== Inference summary (1607 samples) ===
Grid: 0x0 (G=133279) | C=33 | AR=4 horizons
Overall: MSE=0.033780 | RMSE=0.183794 | MAE=0.083549
Baseline: RMSE=0.561800 | MAE=0.280797
Skill: 67.28%
ACC: 0.9861 | base: 0.8500 | Δ=+0.1361

Per-horizon:
  +06h: RMSE=0.133542 | base=0.383497 | skill=65.18% | ACC=0.9926 (base 0.9343)
  +12h: RMSE=0.167865 | base=0.532431 | skill=68.47% | ACC=0.9885 (base 0.8677)
  +18h: RMSE=0.200571 | base=0.617916 | skill=67.54% | ACC=0.9836 (base 0.8171)
  +24h: RMSE=0.221087 | base=0.670899 | skill=67.05% | ACC=0.9797 (base 0.7808)

Per-horizon per-channel RMSE (physical units):
         var   unit      +6h     +12h     +18h     +24h
         t2m      K    0.67°C    0.76°C    0.79°C    0.83°C
         10u    m/s     0.67     0.79     0.89     0.98
         10v    m/s     0.69     0.82     0.92     1.01
         msl    hPa     0.51     0.60     0.70     0.79
       t@850      K    0.56°C    0.67°C    0.74°C    0.80°C
       u@850    m/s     1.01     1.21     1.36     1.50
       v@850    m/s     1.02     1.22     1.37     1.50
       z@850    gpm      3.7      4.3      5.1      5.8
       z@500    gpm      4.2      5.0      6.0      7.1

Per-channel metrics overall (physical units, avg over 4 horizons):
    #        var      ACC  RMSE_norm    RMSE_phys     unit
    0        t2m   0.9991     0.0363       0.7666        K  (≈0.77 °C)
    1        10u   0.9876     0.1508       0.8393      m/s
    2        10v   0.9824     0.1822       0.8686      m/s
    3        msl   0.9984     0.0487       0.6589      hPa
    4         tp   0.8631     0.6114       0.0012        m
    5         sp   1.0000     0.0065       0.6221      hPa
    6       tcwv   0.9970     0.0900       1.4978    kg/m²
    7     z_surf   1.0000     0.0000       0.0000      gpm
    8        lsm   1.0000     0.0000       0.0000        -
    9      t@850   0.9988     0.0451       0.6993        K  (≈0.70 °C)
   10      u@850   0.9876     0.1558       1.2839      m/s
   11      v@850   0.9781     0.2059       1.2926      m/s
   12      z@850   0.9994     0.0313       4.7697      gpm
   13      q@850   0.9896     0.1678       0.0007    kg/kg
   14      t@500   0.9991     0.0421       0.5497        K  (≈0.55 °C)
   15      u@500   0.9898     0.1417       1.7037      m/s
   16      v@500   0.9818     0.1890       1.7406      m/s
   17      z@500   0.9998     0.0165       5.6855      gpm
   18      q@500   0.9748     0.2671       0.0003    kg/kg
   19      z@250   0.9999     0.0141       8.0256      gpm
   20      t@250   0.9969     0.0766       0.6634        K  (≈0.66 °C)
   21      u@250   0.9920     0.1307       2.3618      m/s
   22      v@250   0.9850     0.1791       2.4072      m/s
   23      q@250   0.9583     0.3523       0.0000    kg/kg
   24     z@1000   0.9987     0.0460       5.1277      gpm
   25     t@1000   0.9990     0.0389       0.6582        K  (≈0.66 °C)
   26     u@1000   0.9877     0.1506       0.9281      m/s
   27     v@1000   0.9826     0.1816       0.9650      m/s
   28     q@1000   0.9981     0.0699       0.0004    kg/kg
   29   sin_hour   0.0000     0.0000       0.0000        ?
   30   cos_hour   0.0000     0.0000       0.0000        ?
   31    sin_doy   0.0000     0.0000       0.0000        ?
   32    cos_doy   0.0000     0.0000       0.0000        ?

--- Region [50.0,60.0]N x [83.0,98.0]E (2501 nodes) ---
RMSE=0.100651 | base=0.418096 | skill=75.93%
ACC=0.9302 | base=0.5777

  Per-horizon (region):
    +06h: RMSE=0.083433 | base=0.266794 | skill=68.73% | ACC=0.9449 (base 0.7712)
    +12h: RMSE=0.095817 | base=0.389710 | skill=75.41% | ACC=0.9336 (base 0.5986)
    +18h: RMSE=0.105372 | base=0.463617 | skill=77.27% | ACC=0.9253 (base 0.4996)
    +24h: RMSE=0.115229 | base=0.511098 | skill=77.45% | ACC=0.9169 (base 0.4426)

  Per-horizon per-channel RMSE — REGION (2501 nodes):
           var   unit      +6h     +12h     +18h     +24h
           t2m      K    1.13°C    1.30°C    1.34°C    1.40°C
           10u    m/s     0.55     0.61     0.65     0.68
           10v    m/s     0.55     0.61     0.64     0.66
           msl    hPa     0.59     0.72     0.85     0.97
         t@850      K    0.60°C    0.72°C    0.80°C    0.86°C
         u@850    m/s     1.07     1.22     1.33     1.43
         v@850    m/s     1.02     1.15     1.25     1.34
         z@850    gpm      3.4      4.4      5.5      6.4
         z@500    gpm      4.1      5.3      6.7      8.0

  Per-channel region (physical units, avg over 4 horizons):
      #        var      ACC  RMSE_norm    RMSE_phys     unit
      0        t2m   0.9761     0.0614       1.2983        K  (≈1.30 °C)
      1        10u   0.9496     0.1123       0.6248      m/s
      2        10v   0.9308     0.1296       0.6179      m/s
      3        msl   0.9957     0.0589       0.7969      hPa
      4         tp   0.5026     0.1000       0.0002        m
      5         sp   1.0000     0.0070       0.6633      hPa
      6       tcwv   0.9672     0.0492       0.8188    kg/m²
      7     z_surf   1.0000     0.0000       0.0000      gpm
      8        lsm   1.0000     0.0000       0.0000        -
      9      t@850   0.9905     0.0484       0.7507        K  (≈0.75 °C)
     10      u@850   0.9537     0.1542       1.2711      m/s
     11      v@850   0.9242     0.1904       1.1949      m/s
     12      z@850   0.9905     0.0331       5.0416      gpm
     13      q@850   0.8983     0.0890       0.0004    kg/kg
     14      t@500   0.9709     0.0376       0.4902        K  (≈0.49 °C)
     15      u@500   0.9504     0.1363       1.6391      m/s
     16      v@500   0.9525     0.1755       1.6157      m/s
     17      z@500   0.9981     0.0181       6.2254      gpm
     18      q@500   0.8940     0.1302       0.0001    kg/kg
     19      z@250   0.9950     0.0151       8.5862      gpm
     20      t@250   0.9315     0.0798       0.6915        K  (≈0.69 °C)
     21      u@250   0.9606     0.1201       2.1700      m/s
     22      v@250   0.9607     0.1604       2.1569      m/s
     23      q@250   0.7447     0.0796       0.0000    kg/kg
     24     z@1000   0.9858     0.0526       5.8612      gpm
     25     t@1000   0.9655     0.0529       0.8957        K  (≈0.90 °C)
     26     u@1000   0.9078     0.0981       0.6044      m/s
     27     v@1000   0.8912     0.1113       0.5914      m/s
     28     q@1000   0.9273     0.0658       0.0004    kg/kg
     29   sin_hour   0.0000     0.0000       0.0000        ?
     30   cos_hour   0.0000     0.0000       0.0000        ?
     31    sin_doy   0.0000     0.0000       0.0000        ?
     32    cos_doy   0.0000     0.0000       0.0000        ?
============================================================
