[predict] data_dir=/data/datasets/multires_krsk_33f (chunked=True, pred_steps=4)
[ChunkDataset] склеиваем data.npy (19ch) + data_extra.npy (14ch) → 33ch
[ChunkDataset] train: 12853 samples, flat_nodes=133279, feat=33, obs=2, pred=4
[ChunkDataset] склеиваем data.npy (19ch) + data_extra.npy (14ch) → 33ch
[ChunkDataset] val: 1607 samples, flat_nodes=133279, feat=33, obs=2, pred=4
[ChunkDataset] склеиваем data.npy (19ch) + data_extra.npy (14ch) → 33ch
[ChunkDataset] test_only: 1607 samples, flat_nodes=133279, feat=33, obs=2, pred=4
[graph] уровни меша [4, 6], признаки рёбер: legacy
[processor] InteractionNet: 12 шагов, агрегация 'mean'
[decoder] InteractionNet с признаками рёбер, скрытый размер 128
Encoder summary: 
+---------------------------+----------------------------+----------------+----------+
| Layer                     | Input Shape                | Output Shape   | #Param   |
|---------------------------+----------------------------+----------------+----------|
| Model                     | [174241, 72], [2, 207099]  | [174241, 256]  | 348,162  |
| ├─(mlp)MLP                |                            | [174241, 256]  | 150,786  |
| │    └─(MLP)ModuleList    | --                         | --             | 150,786  |
| │    │    └─(0)Linear     | [174241, 72]               | [174241, 256]  | 18,688   |
| │    │    └─(1)PReLU      | [174241, 256]              | [174241, 256]  | 1        |
| │    │    └─(2)Linear     | [174241, 256]              | [174241, 256]  | 65,792   |
| │    │    └─(3)PReLU      | [174241, 256]              | [174241, 256]  | 1        |
| │    │    └─(4)Linear     | [174241, 256]              | [174241, 256]  | 65,792   |
| │    │    └─(5)LayerNorm  | [174241, 256]              | [174241, 256]  | 512      |
| ├─(graph_layer)GraphLayer |                            | [174241, 256]  | 197,376  |
| │    └─(activation)SiLU   | [174241, 256]              | [174241, 256]  | --       |
| │    └─(layers)ModuleList | --                         | --             | 197,376  |
| │    │    └─(0)GCNConv    | [174241, 256], [2, 207099] | [174241, 256]  | 65,792   |
| │    │    └─(1)SiLU       | [174241, 256]              | [174241, 256]  | --       |
| │    │    └─(2)GCNConv    | [174241, 256], [2, 207099] | [174241, 256]  | 65,792   |
| │    │    └─(3)SiLU       | --                         | --             | --       |
| │    │    └─(4)GCNConv    | [174241, 256], [2, 207099] | [174241, 256]  | 65,792   |
+---------------------------+----------------------------+----------------+----------+

Processor summary: 
  (сводка не построена: RuntimeError: Expected all tensors to be on the same device, but found at least two devices, cuda:0 and cpu! (when checking argument for argument mat1 in method wrapper_CUDA_addmm))

Decoder summary: 
+-------------------------------------------+----------------------------+----------------+----------+
| Layer                                     | Input Shape                | Output Shape   | #Param   |
|-------------------------------------------+----------------------------+----------------+----------|
| Model                                     | [174241, 256], [2, 399837] | [174241, 33]   | 268,579  |
| ├─(mlp)MLP                                |                            | [174241, 128]  | 115,202  |
| │    └─(MLP)ModuleList                    | --                         | --             | 115,202  |
| │    │    └─(0)Linear                     | [174241, 256]              | [174241, 256]  | 65,792   |
| │    │    └─(1)PReLU                      | [174241, 256]              | [174241, 256]  | 1        |
| │    │    └─(2)Linear                     | [174241, 256]              | [174241, 128]  | 32,896   |
| │    │    └─(3)PReLU                      | [174241, 128]              | [174241, 128]  | 1        |
| │    │    └─(4)Linear                     | [174241, 128]              | [174241, 128]  | 16,512   |
| ├─(graph_layer)GraphLayer                 |                            | [174241, 33]   | 153,377  |
| │    └─(layers)InteractionNetDecoderLayer |                            | [174241, 33]   | 153,377  |
| │    │    └─(edge_embed)Sequential        | [399837, 4]                | [399837, 128]  | 17,152   |
| │    │    └─(message)Sequential           | [399837, 384]              | [399837, 128]  | 65,792   |
| │    │    └─(node_update)Sequential       | [174241, 256]              | [174241, 128]  | 49,408   |
| │    │    └─(norm)LayerNorm               | [174241, 128]              | [174241, 128]  | 256      |
| │    │    └─(out)Sequential               | [174241, 128]              | [174241, 33]   | 20,769   |
+-------------------------------------------+----------------------------+----------------+----------+

[AR-rollout] Модель выдаёт 1 шаг(ов), но мы прогоним 4 шагов авторегрессионно.
[static] Каналы [7, 8] — статика, carry-forward при AR
[forcing] Каналы [29, 30, 31, 32] — форсинг (из ground truth при AR)
[predict] device=cuda | grid=0x0 | 2000/1607 test samples
[Region] 2501 nodes (--region [50.0,60.0]N x [83.0,98.0]E)
[lat-weight] веса cos(широта): по сетке 0.010..1.573, по области 0.873..1.122
[clim] таблица: 6 каналов из 33 — ['t2m', '10u', '10v', 'msl', 't@850', 'z@500']
[clim] приведена к нормированным единицам набора
[clim] /workdir/graphcast-lite/docs/paper/runs/clim_wb2_nodes.npz: ACC считается против климатологии, а не против среднего по области
[clim] узлов прогона 2501 из 2501 в таблице
[metrics] Исключены из aggregate метрик: каналы [7, 8, 29, 30, 31, 32] (static+forcing)
[region-errors] каналы ['t2m', '10u', '10v', 'msl'], старт набора 2010-01-01T00
[metrics] per-sample MSE будут сохранены в /workdir/paper_results/t_dec_roi_samples.npz
[Main] Инференс (2000 samples, DA=none)...
  [50/2000] RMSE=0.188485 ACC=0.9858
  [100/2000] RMSE=0.183164 ACC=0.9858
  [150/2000] RMSE=0.187029 ACC=0.9856
  [200/2000] RMSE=0.187865 ACC=0.9855
  [250/2000] RMSE=0.188485 ACC=0.9856
  [300/2000] RMSE=0.188695 ACC=0.9856
  [350/2000] RMSE=0.189335 ACC=0.9856
  [400/2000] RMSE=0.189533 ACC=0.9856
  [450/2000] RMSE=0.189553 ACC=0.9856
  [500/2000] RMSE=0.188879 ACC=0.9856
  [550/2000] RMSE=0.188634 ACC=0.9856
  [600/2000] RMSE=0.188474 ACC=0.9855
  [650/2000] RMSE=0.188434 ACC=0.9855
  [700/2000] RMSE=0.188826 ACC=0.9855
  [750/2000] RMSE=0.189402 ACC=0.9854
  [800/2000] RMSE=0.189093 ACC=0.9854
  [850/2000] RMSE=0.189129 ACC=0.9854
  [900/2000] RMSE=0.188928 ACC=0.9854
  [950/2000] RMSE=0.188776 ACC=0.9854
  [1000/2000] RMSE=0.188546 ACC=0.9854
  [1050/2000] RMSE=0.188674 ACC=0.9854
  [1100/2000] RMSE=0.188682 ACC=0.9854
  [1150/2000] RMSE=0.188616 ACC=0.9855
  [1200/2000] RMSE=0.188322 ACC=0.9855
  [1250/2000] RMSE=0.187890 ACC=0.9855
  [1300/2000] RMSE=0.187593 ACC=0.9856
  [1350/2000] RMSE=0.187207 ACC=0.9856
  [1400/2000] RMSE=0.187091 ACC=0.9856
  [1450/2000] RMSE=0.186795 ACC=0.9856
  [1500/2000] RMSE=0.186587 ACC=0.9856
  [1550/2000] RMSE=0.186303 ACC=0.9857
  [1600/2000] RMSE=0.186056 ACC=0.9857
[Save] поля ошибки → /workdir/paper_results/t_dec_roi_errors.npz (803 сроков 00/12 UTC)
[Save] per-sample metrics → /workdir/paper_results/t_dec_roi_samples.npz (N=1607, AR=4, C=33)

============================================================
=== Inference summary (1607 samples) ===
Grid: 0x0 (G=133279) | C=33 | AR=4 horizons
Overall: MSE=0.034604 | RMSE=0.186022 | MAE=0.085180
Baseline: RMSE=0.561800 | MAE=0.280797
Skill: 66.89%
ACC: 0.9857 | base: 0.8500 | Δ=+0.1357

Per-horizon:
  +06h: RMSE=0.136632 | base=0.383497 | skill=64.37% | ACC=0.9922 (base 0.9343)
  +12h: RMSE=0.170194 | base=0.532431 | skill=68.03% | ACC=0.9881 (base 0.8677)
  +18h: RMSE=0.202537 | base=0.617916 | skill=67.22% | ACC=0.9831 (base 0.8171)
  +24h: RMSE=0.223074 | base=0.670899 | skill=66.75% | ACC=0.9792 (base 0.7808)

Per-horizon per-channel RMSE (physical units):
         var   unit      +6h     +12h     +18h     +24h
         t2m      K    0.69°C    0.77°C    0.81°C    0.85°C
         10u    m/s     0.68     0.81     0.91     1.00
         10v    m/s     0.71     0.84     0.94     1.03
         msl    hPa     0.53     0.62     0.72     0.82
       t@850      K    0.57°C    0.68°C    0.76°C    0.82°C
       u@850    m/s     1.03     1.23     1.38     1.52
       v@850    m/s     1.05     1.24     1.39     1.53
       z@850    gpm      3.8      4.4      5.3      6.0
       z@500    gpm      4.4      5.2      6.2      7.3

Per-channel metrics overall (physical units, avg over 4 horizons):
    #        var      ACC  RMSE_norm    RMSE_phys     unit
    0        t2m   0.9991     0.0372       0.7851        K  (≈0.79 °C)
    1        10u   0.9870     0.1538       0.8558      m/s
    2        10v   0.9816     0.1859       0.8865      m/s
    3        msl   0.9982     0.0503       0.6809      hPa
    4         tp   0.8598     0.6177       0.0012        m
    5         sp   1.0000     0.0068       0.6511      hPa
    6       tcwv   0.9969     0.0915       1.5228    kg/m²
    7     z_surf   1.0000     0.0000       0.0000      gpm
    8        lsm   1.0000     0.0000       0.0000        -
    9      t@850   0.9988     0.0461       0.7142        K  (≈0.71 °C)
   10      u@850   0.9871     0.1583       1.3046      m/s
   11      v@850   0.9773     0.2093       1.3139      m/s
   12      z@850   0.9994     0.0324       4.9395      gpm
   13      q@850   0.9893     0.1702       0.0007    kg/kg
   14      t@500   0.9991     0.0428       0.5582        K  (≈0.56 °C)
   15      u@500   0.9894     0.1437       1.7278      m/s
   16      v@500   0.9811     0.1917       1.7654      m/s
   17      z@500   0.9998     0.0171       5.8845      gpm
   18      q@500   0.9743     0.2694       0.0003    kg/kg
   19      z@250   0.9999     0.0144       8.2004      gpm
   20      t@250   0.9968     0.0776       0.6721        K  (≈0.67 °C)
   21      u@250   0.9917     0.1325       2.3954      m/s
   22      v@250   0.9844     0.1816       2.4418      m/s
   23      q@250   0.9579     0.3541       0.0000    kg/kg
   24     z@1000   0.9985     0.0476       5.3013      gpm
   25     t@1000   0.9989     0.0400       0.6770        K  (≈0.68 °C)
   26     u@1000   0.9872     0.1537       0.9470      m/s
   27     v@1000   0.9817     0.1855       0.9857      m/s
   28     q@1000   0.9980     0.0711       0.0004    kg/kg
   29   sin_hour   0.0000     0.0000       0.0000        ?
   30   cos_hour   0.0000     0.0000       0.0000        ?
   31    sin_doy   0.0000     0.0000       0.0000        ?
   32    cos_doy   0.0000     0.0000       0.0000        ?

--- Region [50.0,60.0]N x [83.0,98.0]E (2501 nodes) ---
RMSE=0.102822 | base=0.418096 | skill=75.41%
ACC=0.9263 | base=0.5777

  Per-horizon (region):
    +06h: RMSE=0.085500 | base=0.266794 | skill=67.95% | ACC=0.9413 (base 0.7712)
    +12h: RMSE=0.098027 | base=0.389710 | skill=74.85% | ACC=0.9297 (base 0.5986)
    +18h: RMSE=0.107607 | base=0.463617 | skill=76.79% | ACC=0.9213 (base 0.4996)
    +24h: RMSE=0.117434 | base=0.511098 | skill=77.02% | ACC=0.9127 (base 0.4426)

  Per-horizon per-channel RMSE — REGION (2501 nodes):
           var   unit      +6h     +12h     +18h     +24h
           t2m      K    1.15°C    1.33°C    1.37°C    1.42°C
           10u    m/s     0.57     0.63     0.67     0.70
           10v    m/s     0.57     0.63     0.66     0.69
           msl    hPa     0.61     0.74     0.87     0.99
         t@850      K    0.62°C    0.74°C    0.81°C    0.88°C
         u@850    m/s     1.10     1.24     1.35     1.45
         v@850    m/s     1.04     1.17     1.27     1.37
         z@850    gpm      3.5      4.6      5.6      6.6
         z@500    gpm      4.2      5.5      6.8      8.1

  Per-channel region (physical units, avg over 4 horizons):
      #        var      ACC  RMSE_norm    RMSE_phys     unit
      0        t2m   0.9753     0.0625       1.3214        K  (≈1.32 °C)
      1        10u   0.9465     0.1157       0.6437      m/s
      2        10v   0.9261     0.1337       0.6378      m/s
      3        msl   0.9955     0.0602       0.8155      hPa
      4         tp   0.4668     0.1045       0.0002        m
      5         sp   1.0000     0.0071       0.6810      hPa
      6       tcwv   0.9650     0.0500       0.8315    kg/m²
      7     z_surf   1.0000     0.0000       0.0000      gpm
      8        lsm   1.0000     0.0000       0.0000        -
      9      t@850   0.9900     0.0496       0.7688        K  (≈0.77 °C)
     10      u@850   0.9521     0.1567       1.2920      m/s
     11      v@850   0.9214     0.1941       1.2185      m/s
     12      z@850   0.9891     0.0342       5.2119      gpm
     13      q@850   0.8922     0.0903       0.0004    kg/kg
     14      t@500   0.9698     0.0382       0.4987        K  (≈0.50 °C)
     15      u@500   0.9491     0.1381       1.6606      m/s
     16      v@500   0.9509     0.1786       1.6444      m/s
     17      z@500   0.9981     0.0183       6.3186      gpm
     18      q@500   0.8888     0.1314       0.0001    kg/kg
     19      z@250   0.9947     0.0154       8.7248      gpm
     20      t@250   0.9294     0.0808       0.6997        K  (≈0.70 °C)
     21      u@250   0.9593     0.1218       2.2017      m/s
     22      v@250   0.9590     0.1638       2.2027      m/s
     23      q@250   0.7305     0.0810       0.0000    kg/kg
     24     z@1000   0.9845     0.0538       5.9927      gpm
     25     t@1000   0.9638     0.0543       0.9193        K  (≈0.92 °C)
     26     u@1000   0.9025     0.1017       0.6269      m/s
     27     v@1000   0.8849     0.1159       0.6158      m/s
     28     q@1000   0.9240     0.0669       0.0004    kg/kg
     29   sin_hour   0.0000     0.0000       0.0000        ?
     30   cos_hour   0.0000     0.0000       0.0000        ?
     31    sin_doy   0.0000     0.0000       0.0000        ?
     32    cos_doy   0.0000     0.0000       0.0000        ?
============================================================
