[predict] data_dir=/data/datasets/multires_krsk_33f (chunked=True, pred_steps=4)
[ChunkDataset] склеиваем data.npy (19ch) + data_extra.npy (14ch) → 33ch
[ChunkDataset] train: 12853 samples, flat_nodes=133279, feat=33, obs=2, pred=4
[ChunkDataset] склеиваем data.npy (19ch) + data_extra.npy (14ch) → 33ch
[ChunkDataset] val: 1607 samples, flat_nodes=133279, feat=33, obs=2, pred=4
[ChunkDataset] склеиваем data.npy (19ch) + data_extra.npy (14ch) → 33ch
[ChunkDataset] test_only: 1607 samples, flat_nodes=133279, feat=33, obs=2, pred=4
[graph] уровни меша [4, 6], признаки рёбер: legacy
[encoder] GCN + поправка сообщениями с признаками рёбер (с нуля)
[processor] InteractionNet: 12 шагов, агрегация 'mean'
[decoder] InteractionNet с признаками рёбер, скрытый размер 128
Encoder summary: 
+------------------------------------+-----------------------------------------+----------------+----------+
| Layer                              | Input Shape                             | Output Shape   | #Param   |
|------------------------------------+-----------------------------------------+----------------+----------|
| Model                              | [174241, 72], [2, 207099]               | [174241, 256]  | 875,010  |
| ├─(mlp)MLP                         |                                         | [174241, 256]  | 150,786  |
| │    └─(MLP)ModuleList             | --                                      | --             | 150,786  |
| │    │    └─(0)Linear              | [174241, 72]                            | [174241, 256]  | 18,688   |
| │    │    └─(1)PReLU               | [174241, 256]                           | [174241, 256]  | 1        |
| │    │    └─(2)Linear              | [174241, 256]                           | [174241, 256]  | 65,792   |
| │    │    └─(3)PReLU               | [174241, 256]                           | [174241, 256]  | 1        |
| │    │    └─(4)Linear              | [174241, 256]                           | [174241, 256]  | 65,792   |
| │    │    └─(5)LayerNorm           | [174241, 256]                           | [174241, 256]  | 512      |
| ├─(graph_layer)GraphLayer          |                                         | [174241, 256]  | 724,224  |
| │    └─(activation)SiLU            | [174241, 256]                           | [174241, 256]  | --       |
| │    └─(layers)ModuleList          | --                                      | --             | 197,376  |
| │    │    └─(0)GCNConv             | [174241, 256], [2, 207099]              | [174241, 256]  | 65,792   |
| │    │    └─(1)SiLU                | [174241, 256]                           | [174241, 256]  | --       |
| │    │    └─(2)GCNConv             | [174241, 256], [2, 207099]              | [174241, 256]  | 65,792   |
| │    │    └─(3)SiLU                | --                                      | --             | --       |
| │    │    └─(4)GCNConv             | [174241, 256], [2, 207099]              | [174241, 256]  | 65,792   |
| │    └─(refine)EdgeRefineLayer     | [174241, 256], [2, 207099], [207099, 4] | [174241, 256]  | 526,848  |
| │    │    └─(edge_embed)Sequential | [207099, 4]                             | [207099, 256]  | 67,072   |
| │    │    └─(message)Sequential    | [207099, 768]                           | [207099, 256]  | 262,656  |
| │    │    └─(update)Sequential     | [174241, 512]                           | [174241, 256]  | 197,120  |
+------------------------------------+-----------------------------------------+----------------+----------+

Processor summary: 
  (сводка не построена: RuntimeError: Expected all tensors to be on the same device, but found at least two devices, cuda:0 and cpu! (when checking argument for argument mat1 in method wrapper_CUDA_addmm))

Decoder summary: 
+-------------------------------------------+----------------------------+----------------+----------+
| Layer                                     | Input Shape                | Output Shape   | #Param   |
|-------------------------------------------+----------------------------+----------------+----------|
| Model                                     | [174241, 256], [2, 399837] | [174241, 33]   | 268,579  |
| ├─(mlp)MLP                                |                            | [174241, 128]  | 115,202  |
| │    └─(MLP)ModuleList                    | --                         | --             | 115,202  |
| │    │    └─(0)Linear                     | [174241, 256]              | [174241, 256]  | 65,792   |
| │    │    └─(1)PReLU                      | [174241, 256]              | [174241, 256]  | 1        |
| │    │    └─(2)Linear                     | [174241, 256]              | [174241, 128]  | 32,896   |
| │    │    └─(3)PReLU                      | [174241, 128]              | [174241, 128]  | 1        |
| │    │    └─(4)Linear                     | [174241, 128]              | [174241, 128]  | 16,512   |
| ├─(graph_layer)GraphLayer                 |                            | [174241, 33]   | 153,377  |
| │    └─(layers)InteractionNetDecoderLayer |                            | [174241, 33]   | 153,377  |
| │    │    └─(edge_embed)Sequential        | [399837, 4]                | [399837, 128]  | 17,152   |
| │    │    └─(message)Sequential           | [399837, 384]              | [399837, 128]  | 65,792   |
| │    │    └─(node_update)Sequential       | [174241, 256]              | [174241, 128]  | 49,408   |
| │    │    └─(norm)LayerNorm               | [174241, 128]              | [174241, 128]  | 256      |
| │    │    └─(out)Sequential               | [174241, 128]              | [174241, 33]   | 20,769   |
+-------------------------------------------+----------------------------+----------------+----------+

[AR-rollout] Модель выдаёт 1 шаг(ов), но мы прогоним 4 шагов авторегрессионно.
[static] Каналы [7, 8] — статика, carry-forward при AR
[forcing] Каналы [29, 30, 31, 32] — форсинг (из ground truth при AR)
[predict] device=cuda | grid=0x0 | 2000/1607 test samples
[Region] 2501 nodes (--region [50.0,60.0]N x [83.0,98.0]E)
[lat-weight] веса cos(широта): по сетке 0.010..1.573, по области 0.873..1.122
[clim] таблица: 6 каналов из 33 — ['t2m', '10u', '10v', 'msl', 't@850', 'z@500']
[clim] приведена к нормированным единицам набора
[clim] /workdir/graphcast-lite/docs/paper/runs/clim_wb2_nodes.npz: ACC считается против климатологии, а не против среднего по области
[clim] узлов прогона 2501 из 2501 в таблице
[metrics] Исключены из aggregate метрик: каналы [7, 8, 29, 30, 31, 32] (static+forcing)
[region-errors] каналы ['t2m', '10u', '10v', 'msl'], старт набора 2010-01-01T00
[metrics] per-sample MSE будут сохранены в /workdir/paper_results/t_dec_long_encres_roi_samples.npz
[Main] Инференс (2000 samples, DA=none)...
  [50/2000] RMSE=0.185954 ACC=0.9862
  [100/2000] RMSE=0.180670 ACC=0.9862
  [150/2000] RMSE=0.184475 ACC=0.9861
  [200/2000] RMSE=0.185307 ACC=0.9860
  [250/2000] RMSE=0.185940 ACC=0.9861
  [300/2000] RMSE=0.186184 ACC=0.9860
  [350/2000] RMSE=0.186823 ACC=0.9861
  [400/2000] RMSE=0.187025 ACC=0.9860
  [450/2000] RMSE=0.187044 ACC=0.9860
  [500/2000] RMSE=0.186375 ACC=0.9860
  [550/2000] RMSE=0.186128 ACC=0.9860
  [600/2000] RMSE=0.185978 ACC=0.9860
  [650/2000] RMSE=0.185940 ACC=0.9859
  [700/2000] RMSE=0.186342 ACC=0.9859
  [750/2000] RMSE=0.186904 ACC=0.9859
  [800/2000] RMSE=0.186607 ACC=0.9859
  [850/2000] RMSE=0.186649 ACC=0.9859
  [900/2000] RMSE=0.186452 ACC=0.9859
  [950/2000] RMSE=0.186308 ACC=0.9859
  [1000/2000] RMSE=0.186082 ACC=0.9859
  [1050/2000] RMSE=0.186206 ACC=0.9859
  [1100/2000] RMSE=0.186211 ACC=0.9859
  [1150/2000] RMSE=0.186140 ACC=0.9859
  [1200/2000] RMSE=0.185842 ACC=0.9860
  [1250/2000] RMSE=0.185413 ACC=0.9860
  [1300/2000] RMSE=0.185113 ACC=0.9860
  [1350/2000] RMSE=0.184731 ACC=0.9860
  [1400/2000] RMSE=0.184616 ACC=0.9861
  [1450/2000] RMSE=0.184326 ACC=0.9861
  [1500/2000] RMSE=0.184118 ACC=0.9861
  [1550/2000] RMSE=0.183832 ACC=0.9861
  [1600/2000] RMSE=0.183586 ACC=0.9861
[Save] поля ошибки → /workdir/paper_results/t_dec_long_encres_roi_errors.npz (803 сроков 00/12 UTC)
[Save] per-sample metrics → /workdir/paper_results/t_dec_long_encres_roi_samples.npz (N=1607, AR=4, C=33)

============================================================
=== Inference summary (1607 samples) ===
Grid: 0x0 (G=133279) | C=33 | AR=4 horizons
Overall: MSE=0.033691 | RMSE=0.183551 | MAE=0.083258
Baseline: RMSE=0.561800 | MAE=0.280797
Skill: 67.33%
ACC: 0.9861 | base: 0.8500 | Δ=+0.1361

Per-horizon:
  +06h: RMSE=0.133622 | base=0.383497 | skill=65.16% | ACC=0.9926 (base 0.9343)
  +12h: RMSE=0.167724 | base=0.532431 | skill=68.50% | ACC=0.9885 (base 0.8677)
  +18h: RMSE=0.200258 | base=0.617916 | skill=67.59% | ACC=0.9836 (base 0.8171)
  +24h: RMSE=0.220623 | base=0.670899 | skill=67.12% | ACC=0.9798 (base 0.7808)

Per-horizon per-channel RMSE (physical units):
         var   unit      +6h     +12h     +18h     +24h
         t2m      K    0.67°C    0.75°C    0.79°C    0.83°C
         10u    m/s     0.67     0.79     0.89     0.97
         10v    m/s     0.69     0.82     0.92     1.01
         msl    hPa     0.51     0.59     0.69     0.78
       t@850      K    0.55°C    0.67°C    0.74°C    0.80°C
       u@850    m/s     1.01     1.21     1.36     1.49
       v@850    m/s     1.02     1.22     1.37     1.50
       z@850    gpm      3.6      4.2      5.0      5.7
       z@500    gpm      4.1      5.0      6.0      7.0

Per-channel metrics overall (physical units, avg over 4 horizons):
    #        var      ACC  RMSE_norm    RMSE_phys     unit
    0        t2m   0.9991     0.0360       0.7612        K  (≈0.76 °C)
    1        10u   0.9876     0.1504       0.8369      m/s
    2        10v   0.9824     0.1818       0.8671      m/s
    3        msl   0.9984     0.0482       0.6529      hPa
    4         tp   0.8630     0.6115       0.0012        m
    5         sp   1.0000     0.0065       0.6153      hPa
    6       tcwv   0.9970     0.0896       1.4908    kg/m²
    7     z_surf   1.0000     0.0000       0.0000      gpm
    8        lsm   1.0000     0.0000       0.0000        -
    9      t@850   0.9988     0.0449       0.6957        K  (≈0.70 °C)
   10      u@850   0.9876     0.1553       1.2805      m/s
   11      v@850   0.9781     0.2055       1.2900      m/s
   12      z@850   0.9994     0.0309       4.7096      gpm
   13      q@850   0.9897     0.1672       0.0007    kg/kg
   14      t@500   0.9991     0.0418       0.5451        K  (≈0.55 °C)
   15      u@500   0.9898     0.1413       1.6991      m/s
   16      v@500   0.9819     0.1887       1.7379      m/s
   17      z@500   0.9998     0.0163       5.6188      gpm
   18      q@500   0.9749     0.2665       0.0003    kg/kg
   19      z@250   0.9999     0.0141       7.9935      gpm
   20      t@250   0.9969     0.0759       0.6574        K  (≈0.66 °C)
   21      u@250   0.9920     0.1302       2.3535      m/s
   22      v@250   0.9851     0.1786       2.4014      m/s
   23      q@250   0.9585     0.3518       0.0000    kg/kg
   24     z@1000   0.9987     0.0456       5.0799      gpm
   25     t@1000   0.9990     0.0385       0.6519        K  (≈0.65 °C)
   26     u@1000   0.9878     0.1503       0.9262      m/s
   27     v@1000   0.9826     0.1813       0.9634      m/s
   28     q@1000   0.9981     0.0693       0.0004    kg/kg
   29   sin_hour   0.0000     0.0000       0.0000        ?
   30   cos_hour   0.0000     0.0000       0.0000        ?
   31    sin_doy   0.0000     0.0000       0.0000        ?
   32    cos_doy   0.0000     0.0000       0.0000        ?

--- Region [50.0,60.0]N x [83.0,98.0]E (2501 nodes) ---
RMSE=0.100407 | base=0.418096 | skill=75.98%
ACC=0.9308 | base=0.5777

  Per-horizon (region):
    +06h: RMSE=0.083175 | base=0.266794 | skill=68.82% | ACC=0.9455 (base 0.7712)
    +12h: RMSE=0.095545 | base=0.389710 | skill=75.48% | ACC=0.9342 (base 0.5986)
    +18h: RMSE=0.105131 | base=0.463617 | skill=77.32% | ACC=0.9259 (base 0.4996)
    +24h: RMSE=0.115008 | base=0.511098 | skill=77.50% | ACC=0.9175 (base 0.4426)

  Per-horizon per-channel RMSE — REGION (2501 nodes):
           var   unit      +6h     +12h     +18h     +24h
           t2m      K    1.13°C    1.29°C    1.33°C    1.39°C
           10u    m/s     0.55     0.61     0.64     0.68
           10v    m/s     0.55     0.61     0.64     0.66
           msl    hPa     0.59     0.72     0.85     0.97
         t@850      K    0.60°C    0.72°C    0.79°C    0.85°C
         u@850    m/s     1.07     1.21     1.32     1.43
         v@850    m/s     1.02     1.15     1.24     1.34
         z@850    gpm      3.4      4.4      5.5      6.5
         z@500    gpm      4.1      5.4      6.8      8.1

  Per-channel region (physical units, avg over 4 horizons):
      #        var      ACC  RMSE_norm    RMSE_phys     unit
      0        t2m   0.9764     0.0610       1.2893        K  (≈1.29 °C)
      1        10u   0.9502     0.1117       0.6217      m/s
      2        10v   0.9313     0.1291       0.6157      m/s
      3        msl   0.9957     0.0587       0.7939      hPa
      4         tp   0.5022     0.0993       0.0002        m
      5         sp   1.0000     0.0070       0.6643      hPa
      6       tcwv   0.9674     0.0492       0.8183    kg/m²
      7     z_surf   1.0000     0.0000       0.0000      gpm
      8        lsm   1.0000     0.0000       0.0000        -
      9      t@850   0.9906     0.0481       0.7453        K  (≈0.75 °C)
     10      u@850   0.9539     0.1537       1.2667      m/s
     11      v@850   0.9246     0.1899       1.1919      m/s
     12      z@850   0.9907     0.0333       5.0725      gpm
     13      q@850   0.8997     0.0888       0.0004    kg/kg
     14      t@500   0.9712     0.0374       0.4877        K  (≈0.49 °C)
     15      u@500   0.9504     0.1363       1.6395      m/s
     16      v@500   0.9525     0.1756       1.6170      m/s
     17      z@500   0.9981     0.0182       6.2751      gpm
     18      q@500   0.8943     0.1301       0.0001    kg/kg
     19      z@250   0.9951     0.0152       8.6092      gpm
     20      t@250   0.9320     0.0795       0.6886        K  (≈0.69 °C)
     21      u@250   0.9608     0.1199       2.1673      m/s
     22      v@250   0.9607     0.1604       2.1558      m/s
     23      q@250   0.7530     0.0792       0.0000    kg/kg
     24     z@1000   0.9860     0.0527       5.8714      gpm
     25     t@1000   0.9660     0.0526       0.8903        K  (≈0.89 °C)
     26     u@1000   0.9086     0.0975       0.6009      m/s
     27     v@1000   0.8919     0.1108       0.5887      m/s
     28     q@1000   0.9282     0.0655       0.0004    kg/kg
     29   sin_hour   0.0000     0.0000       0.0000        ?
     30   cos_hour   0.0000     0.0000       0.0000        ?
     31    sin_doy   0.0000     0.0000       0.0000        ?
     32    cos_doy   0.0000     0.0000       0.0000        ?
============================================================
