[predict] data_dir=/data/datasets/multires_krsk_33f (chunked=True, pred_steps=4)
[ChunkDataset] склеиваем data.npy (19ch) + data_extra.npy (14ch) → 33ch
[ChunkDataset] train: 12853 samples, flat_nodes=133279, feat=33, obs=2, pred=4
[ChunkDataset] склеиваем data.npy (19ch) + data_extra.npy (14ch) → 33ch
[ChunkDataset] val: 1607 samples, flat_nodes=133279, feat=33, obs=2, pred=4
[ChunkDataset] склеиваем data.npy (19ch) + data_extra.npy (14ch) → 33ch
[ChunkDataset] test_only: 1607 samples, flat_nodes=133279, feat=33, obs=2, pred=4
[graph] уровни меша [4, 6], признаки рёбер: legacy
[processor] InteractionNet: 12 шагов, агрегация 'mean'
[decoder] InteractionNet с признаками рёбер, скрытый размер 128
Encoder summary: 
+---------------------------+----------------------------+----------------+----------+
| Layer                     | Input Shape                | Output Shape   | #Param   |
|---------------------------+----------------------------+----------------+----------|
| Model                     | [174241, 72], [2, 207099]  | [174241, 256]  | 348,162  |
| ├─(mlp)MLP                |                            | [174241, 256]  | 150,786  |
| │    └─(MLP)ModuleList    | --                         | --             | 150,786  |
| │    │    └─(0)Linear     | [174241, 72]               | [174241, 256]  | 18,688   |
| │    │    └─(1)PReLU      | [174241, 256]              | [174241, 256]  | 1        |
| │    │    └─(2)Linear     | [174241, 256]              | [174241, 256]  | 65,792   |
| │    │    └─(3)PReLU      | [174241, 256]              | [174241, 256]  | 1        |
| │    │    └─(4)Linear     | [174241, 256]              | [174241, 256]  | 65,792   |
| │    │    └─(5)LayerNorm  | [174241, 256]              | [174241, 256]  | 512      |
| ├─(graph_layer)GraphLayer |                            | [174241, 256]  | 197,376  |
| │    └─(activation)SiLU   | [174241, 256]              | [174241, 256]  | --       |
| │    └─(layers)ModuleList | --                         | --             | 197,376  |
| │    │    └─(0)GCNConv    | [174241, 256], [2, 207099] | [174241, 256]  | 65,792   |
| │    │    └─(1)SiLU       | [174241, 256]              | [174241, 256]  | --       |
| │    │    └─(2)GCNConv    | [174241, 256], [2, 207099] | [174241, 256]  | 65,792   |
| │    │    └─(3)SiLU       | --                         | --             | --       |
| │    │    └─(4)GCNConv    | [174241, 256], [2, 207099] | [174241, 256]  | 65,792   |
+---------------------------+----------------------------+----------------+----------+

Processor summary: 
  (сводка не построена: RuntimeError: Expected all tensors to be on the same device, but found at least two devices, cuda:0 and cpu! (when checking argument for argument mat1 in method wrapper_CUDA_addmm))

Decoder summary: 
+-------------------------------------------+----------------------------+----------------+----------+
| Layer                                     | Input Shape                | Output Shape   | #Param   |
|-------------------------------------------+----------------------------+----------------+----------|
| Model                                     | [174241, 256], [2, 399837] | [174241, 33]   | 268,579  |
| ├─(mlp)MLP                                |                            | [174241, 128]  | 115,202  |
| │    └─(MLP)ModuleList                    | --                         | --             | 115,202  |
| │    │    └─(0)Linear                     | [174241, 256]              | [174241, 256]  | 65,792   |
| │    │    └─(1)PReLU                      | [174241, 256]              | [174241, 256]  | 1        |
| │    │    └─(2)Linear                     | [174241, 256]              | [174241, 128]  | 32,896   |
| │    │    └─(3)PReLU                      | [174241, 128]              | [174241, 128]  | 1        |
| │    │    └─(4)Linear                     | [174241, 128]              | [174241, 128]  | 16,512   |
| ├─(graph_layer)GraphLayer                 |                            | [174241, 33]   | 153,377  |
| │    └─(layers)InteractionNetDecoderLayer |                            | [174241, 33]   | 153,377  |
| │    │    └─(edge_embed)Sequential        | [399837, 4]                | [399837, 128]  | 17,152   |
| │    │    └─(message)Sequential           | [399837, 384]              | [399837, 128]  | 65,792   |
| │    │    └─(node_update)Sequential       | [174241, 256]              | [174241, 128]  | 49,408   |
| │    │    └─(norm)LayerNorm               | [174241, 128]              | [174241, 128]  | 256      |
| │    │    └─(out)Sequential               | [174241, 128]              | [174241, 33]   | 20,769   |
+-------------------------------------------+----------------------------+----------------+----------+

[AR-rollout] Модель выдаёт 1 шаг(ов), но мы прогоним 4 шагов авторегрессионно.
[static] Каналы [7, 8] — статика, carry-forward при AR
[forcing] Каналы [29, 30, 31, 32] — форсинг (из ground truth при AR)
[predict] device=cuda | grid=0x0 | 2000/1607 test samples
[Region] 2501 nodes (--region [50.0,60.0]N x [83.0,98.0]E)
[lat-weight] веса cos(широта): по сетке 0.010..1.573, по области 0.873..1.122
[clim] таблица: 6 каналов из 33 — ['t2m', '10u', '10v', 'msl', 't@850', 'z@500']
[clim] приведена к нормированным единицам набора
[clim] /workdir/graphcast-lite/docs/paper/runs/clim_wb2_nodes.npz: ACC считается против климатологии, а не против среднего по области
[clim] узлов прогона 2501 из 2501 в таблице
[metrics] Исключены из aggregate метрик: каналы [7, 8, 29, 30, 31, 32] (static+forcing)
[region-errors] каналы ['t2m', '10u', '10v', 'msl'], старт набора 2010-01-01T00
[metrics] per-sample MSE будут сохранены в /workdir/paper_results/t_dec_long_roi_samples.npz
[Main] Инференс (2000 samples, DA=none)...
  [50/2000] RMSE=0.188239 ACC=0.9858
  [100/2000] RMSE=0.182930 ACC=0.9858
  [150/2000] RMSE=0.186776 ACC=0.9856
  [200/2000] RMSE=0.187614 ACC=0.9856
  [250/2000] RMSE=0.188228 ACC=0.9856
  [300/2000] RMSE=0.188448 ACC=0.9856
  [350/2000] RMSE=0.189085 ACC=0.9856
  [400/2000] RMSE=0.189283 ACC=0.9856
  [450/2000] RMSE=0.189303 ACC=0.9856
  [500/2000] RMSE=0.188633 ACC=0.9856
  [550/2000] RMSE=0.188389 ACC=0.9856
  [600/2000] RMSE=0.188235 ACC=0.9855
  [650/2000] RMSE=0.188201 ACC=0.9855
  [700/2000] RMSE=0.188600 ACC=0.9855
  [750/2000] RMSE=0.189175 ACC=0.9855
  [800/2000] RMSE=0.188872 ACC=0.9854
  [850/2000] RMSE=0.188911 ACC=0.9855
  [900/2000] RMSE=0.188711 ACC=0.9854
  [950/2000] RMSE=0.188559 ACC=0.9855
  [1000/2000] RMSE=0.188330 ACC=0.9855
  [1050/2000] RMSE=0.188458 ACC=0.9855
  [1100/2000] RMSE=0.188464 ACC=0.9855
  [1150/2000] RMSE=0.188398 ACC=0.9855
  [1200/2000] RMSE=0.188106 ACC=0.9855
  [1250/2000] RMSE=0.187675 ACC=0.9856
  [1300/2000] RMSE=0.187377 ACC=0.9856
  [1350/2000] RMSE=0.186993 ACC=0.9856
  [1400/2000] RMSE=0.186878 ACC=0.9856
  [1450/2000] RMSE=0.186583 ACC=0.9856
  [1500/2000] RMSE=0.186375 ACC=0.9857
  [1550/2000] RMSE=0.186090 ACC=0.9857
  [1600/2000] RMSE=0.185843 ACC=0.9857
[Save] поля ошибки → /workdir/paper_results/t_dec_long_roi_errors.npz (803 сроков 00/12 UTC)
[Save] per-sample metrics → /workdir/paper_results/t_dec_long_roi_samples.npz (N=1607, AR=4, C=33)

============================================================
=== Inference summary (1607 samples) ===
Grid: 0x0 (G=133279) | C=33 | AR=4 horizons
Overall: MSE=0.034525 | RMSE=0.185810 | MAE=0.084878
Baseline: RMSE=0.561800 | MAE=0.280797
Skill: 66.93%
ACC: 0.9857 | base: 0.8500 | Δ=+0.1357

Per-horizon:
  +06h: RMSE=0.136813 | base=0.383497 | skill=64.32% | ACC=0.9922 (base 0.9343)
  +12h: RMSE=0.170118 | base=0.532431 | skill=68.05% | ACC=0.9881 (base 0.8677)
  +18h: RMSE=0.202235 | base=0.617916 | skill=67.27% | ACC=0.9832 (base 0.8171)
  +24h: RMSE=0.222585 | base=0.670899 | skill=66.82% | ACC=0.9793 (base 0.7808)

Per-horizon per-channel RMSE (physical units):
         var   unit      +6h     +12h     +18h     +24h
         t2m      K    0.69°C    0.77°C    0.80°C    0.85°C
         10u    m/s     0.68     0.81     0.90     0.99
         10v    m/s     0.71     0.84     0.93     1.03
         msl    hPa     0.52     0.62     0.72     0.81
       t@850      K    0.57°C    0.68°C    0.75°C    0.81°C
       u@850    m/s     1.03     1.23     1.38     1.52
       v@850    m/s     1.05     1.24     1.39     1.52
       z@850    gpm      3.8      4.4      5.2      5.9
       z@500    gpm      4.3      5.1      6.2      7.3

Per-channel metrics overall (physical units, avg over 4 horizons):
    #        var      ACC  RMSE_norm    RMSE_phys     unit
    0        t2m   0.9991     0.0368       0.7773        K  (≈0.78 °C)
    1        10u   0.9871     0.1533       0.8531      m/s
    2        10v   0.9816     0.1854       0.8843      m/s
    3        msl   0.9983     0.0498       0.6739      hPa
    4         tp   0.8595     0.6181       0.0012        m
    5         sp   1.0000     0.0067       0.6435      hPa
    6       tcwv   0.9969     0.0911       1.5152    kg/m²
    7     z_surf   1.0000     0.0000       0.0000      gpm
    8        lsm   1.0000     0.0000       0.0000        -
    9      t@850   0.9988     0.0457       0.7093        K  (≈0.71 °C)
   10      u@850   0.9872     0.1580       1.3022      m/s
   11      v@850   0.9772     0.2091       1.3125      m/s
   12      z@850   0.9994     0.0322       4.9018      gpm
   13      q@850   0.9894     0.1695       0.0007    kg/kg
   14      t@500   0.9991     0.0424       0.5535        K  (≈0.55 °C)
   15      u@500   0.9895     0.1432       1.7228      m/s
   16      v@500   0.9812     0.1914       1.7623      m/s
   17      z@500   0.9998     0.0169       5.8291      gpm
   18      q@500   0.9745     0.2687       0.0003    kg/kg
   19      z@250   0.9999     0.0144       8.1610      gpm
   20      t@250   0.9968     0.0770       0.6665        K  (≈0.67 °C)
   21      u@250   0.9918     0.1319       2.3850      m/s
   22      v@250   0.9844     0.1814       2.4392      m/s
   23      q@250   0.9580     0.3537       0.0000    kg/kg
   24     z@1000   0.9986     0.0472       5.2543      gpm
   25     t@1000   0.9989     0.0396       0.6707        K  (≈0.67 °C)
   26     u@1000   0.9872     0.1533       0.9445      m/s
   27     v@1000   0.9818     0.1851       0.9836      m/s
   28     q@1000   0.9981     0.0706       0.0004    kg/kg
   29   sin_hour   0.0000     0.0000       0.0000        ?
   30   cos_hour   0.0000     0.0000       0.0000        ?
   31    sin_doy   0.0000     0.0000       0.0000        ?
   32    cos_doy   0.0000     0.0000       0.0000        ?

--- Region [50.0,60.0]N x [83.0,98.0]E (2501 nodes) ---
RMSE=0.102514 | base=0.418096 | skill=75.48%
ACC=0.9269 | base=0.5777

  Per-horizon (region):
    +06h: RMSE=0.085237 | base=0.266794 | skill=68.05% | ACC=0.9419 (base 0.7712)
    +12h: RMSE=0.097725 | base=0.389710 | skill=74.92% | ACC=0.9303 (base 0.5986)
    +18h: RMSE=0.107285 | base=0.463617 | skill=76.86% | ACC=0.9219 (base 0.4996)
    +24h: RMSE=0.117094 | base=0.511098 | skill=77.09% | ACC=0.9134 (base 0.4426)

  Per-horizon per-channel RMSE — REGION (2501 nodes):
           var   unit      +6h     +12h     +18h     +24h
           t2m      K    1.14°C    1.31°C    1.35°C    1.41°C
           10u    m/s     0.56     0.63     0.67     0.70
           10v    m/s     0.56     0.63     0.66     0.68
           msl    hPa     0.60     0.74     0.87     0.99
         t@850      K    0.61°C    0.73°C    0.80°C    0.87°C
         u@850    m/s     1.09     1.23     1.34     1.45
         v@850    m/s     1.04     1.17     1.27     1.36
         z@850    gpm      3.5      4.6      5.7      6.6
         z@500    gpm      4.2      5.5      6.9      8.2

  Per-channel region (physical units, avg over 4 horizons):
      #        var      ACC  RMSE_norm    RMSE_phys     unit
      0        t2m   0.9758     0.0618       1.3064        K  (≈1.31 °C)
      1        10u   0.9469     0.1153       0.6413      m/s
      2        10v   0.9267     0.1333       0.6354      m/s
      3        msl   0.9955     0.0601       0.8135      hPa
      4         tp   0.4665     0.1048       0.0002        m
      5         sp   1.0000     0.0072       0.6825      hPa
      6       tcwv   0.9656     0.0499       0.8310    kg/m²
      7     z_surf   1.0000     0.0000       0.0000      gpm
      8        lsm   1.0000     0.0000       0.0000        -
      9      t@850   0.9903     0.0490       0.7603        K  (≈0.76 °C)
     10      u@850   0.9525     0.1560       1.2857      m/s
     11      v@850   0.9219     0.1935       1.2145      m/s
     12      z@850   0.9892     0.0343       5.2250      gpm
     13      q@850   0.8937     0.0900       0.0004    kg/kg
     14      t@500   0.9702     0.0380       0.4962        K  (≈0.50 °C)
     15      u@500   0.9493     0.1379       1.6584      m/s
     16      v@500   0.9509     0.1784       1.6424      m/s
     17      z@500   0.9980     0.0184       6.3468      gpm
     18      q@500   0.8892     0.1312       0.0001    kg/kg
     19      z@250   0.9948     0.0154       8.7397      gpm
     20      t@250   0.9303     0.0804       0.6965        K  (≈0.70 °C)
     21      u@250   0.9596     0.1215       2.1954      m/s
     22      v@250   0.9590     0.1638       2.2019      m/s
     23      q@250   0.7358     0.0807       0.0000    kg/kg
     24     z@1000   0.9846     0.0539       6.0066      gpm
     25     t@1000   0.9646     0.0537       0.9091        K  (≈0.91 °C)
     26     u@1000   0.9035     0.1012       0.6235      m/s
     27     v@1000   0.8858     0.1152       0.6120      m/s
     28     q@1000   0.9256     0.0663       0.0004    kg/kg
     29   sin_hour   0.0000     0.0000       0.0000        ?
     30   cos_hour   0.0000     0.0000       0.0000        ?
     31    sin_doy   0.0000     0.0000       0.0000        ?
     32    cos_doy   0.0000     0.0000       0.0000        ?
============================================================
