[predict] data_dir=/data/datasets/multires_krsk_33f (chunked=True, pred_steps=4)
[ChunkDataset] склеиваем data.npy (19ch) + data_extra.npy (14ch) → 33ch
[ChunkDataset] train: 12853 samples, flat_nodes=133279, feat=33, obs=2, pred=4
[ChunkDataset] склеиваем data.npy (19ch) + data_extra.npy (14ch) → 33ch
[ChunkDataset] val: 1607 samples, flat_nodes=133279, feat=33, obs=2, pred=4
[ChunkDataset] склеиваем data.npy (19ch) + data_extra.npy (14ch) → 33ch
[ChunkDataset] test_only: 1607 samples, flat_nodes=133279, feat=33, obs=2, pred=4
[graph] уровни меша [4, 6], признаки рёбер: legacy
[processor] InteractionNet: 12 шагов, агрегация 'mean'
Encoder summary: 
+---------------------------+----------------------------+----------------+----------+
| Layer                     | Input Shape                | Output Shape   | #Param   |
|---------------------------+----------------------------+----------------+----------|
| Model                     | [174241, 72], [2, 207099]  | [174241, 256]  | 348,162  |
| ├─(mlp)MLP                |                            | [174241, 256]  | 150,786  |
| │    └─(MLP)ModuleList    | --                         | --             | 150,786  |
| │    │    └─(0)Linear     | [174241, 72]               | [174241, 256]  | 18,688   |
| │    │    └─(1)PReLU      | [174241, 256]              | [174241, 256]  | 1        |
| │    │    └─(2)Linear     | [174241, 256]              | [174241, 256]  | 65,792   |
| │    │    └─(3)PReLU      | [174241, 256]              | [174241, 256]  | 1        |
| │    │    └─(4)Linear     | [174241, 256]              | [174241, 256]  | 65,792   |
| │    │    └─(5)LayerNorm  | [174241, 256]              | [174241, 256]  | 512      |
| ├─(graph_layer)GraphLayer |                            | [174241, 256]  | 197,376  |
| │    └─(activation)SiLU   | [174241, 256]              | [174241, 256]  | --       |
| │    └─(layers)ModuleList | --                         | --             | 197,376  |
| │    │    └─(0)GCNConv    | [174241, 256], [2, 207099] | [174241, 256]  | 65,792   |
| │    │    └─(1)SiLU       | [174241, 256]              | [174241, 256]  | --       |
| │    │    └─(2)GCNConv    | [174241, 256], [2, 207099] | [174241, 256]  | 65,792   |
| │    │    └─(3)SiLU       | --                         | --             | --       |
| │    │    └─(4)GCNConv    | [174241, 256], [2, 207099] | [174241, 256]  | 65,792   |
+---------------------------+----------------------------+----------------+----------+

Processor summary: 
  (сводка не построена: RuntimeError: Expected all tensors to be on the same device, but found at least two devices, cuda:0 and cpu! (when checking argument for argument mat1 in method wrapper_CUDA_addmm))

Decoder summary: 
+---------------------------+----------------------------+----------------+----------+
| Layer                     | Input Shape                | Output Shape   | #Param   |
|---------------------------+----------------------------+----------------+----------|
| Model                     | [174241, 256], [2, 399837] | [174241, 33]   | 152,483  |
| ├─(mlp)MLP                |                            | [174241, 128]  | 115,202  |
| │    └─(MLP)ModuleList    | --                         | --             | 115,202  |
| │    │    └─(0)Linear     | [174241, 256]              | [174241, 256]  | 65,792   |
| │    │    └─(1)PReLU      | [174241, 256]              | [174241, 256]  | 1        |
| │    │    └─(2)Linear     | [174241, 256]              | [174241, 128]  | 32,896   |
| │    │    └─(3)PReLU      | [174241, 128]              | [174241, 128]  | 1        |
| │    │    └─(4)Linear     | [174241, 128]              | [174241, 128]  | 16,512   |
| ├─(graph_layer)GraphLayer |                            | [174241, 33]   | 37,281   |
| │    └─(activation)SiLU   | [174241, 128]              | [174241, 128]  | --       |
| │    └─(layers)ModuleList | --                         | --             | 37,281   |
| │    │    └─(0)GCNConv    | [174241, 128], [2, 399837] | [174241, 128]  | 16,512   |
| │    │    └─(1)SiLU       | [174241, 128]              | [174241, 128]  | --       |
| │    │    └─(2)GCNConv    | [174241, 128], [2, 399837] | [174241, 128]  | 16,512   |
| │    │    └─(3)SiLU       | --                         | --             | --       |
| │    │    └─(4)GCNConv    | [174241, 128], [2, 399837] | [174241, 33]   | 4,257    |
+---------------------------+----------------------------+----------------+----------+

[AR-rollout] Модель выдаёт 1 шаг(ов), но мы прогоним 4 шагов авторегрессионно.
[static] Каналы [7, 8] — статика, carry-forward при AR
[forcing] Каналы [29, 30, 31, 32] — форсинг (из ground truth при AR)
[predict] device=cuda | grid=0x0 | 2000/1607 test samples
[Region] 2501 nodes (--region [50.0,60.0]N x [83.0,98.0]E)
[lat-weight] веса cos(широта): по сетке 0.010..1.573, по области 0.873..1.122
[clim] таблица: 6 каналов из 33 — ['t2m', '10u', '10v', 'msl', 't@850', 'z@500']
[clim] приведена к нормированным единицам набора
[clim] /workdir/graphcast-lite/docs/paper/runs/clim_wb2_nodes.npz: ACC считается против климатологии, а не против среднего по области
[clim] узлов прогона 2501 из 2501 в таблице
[metrics] Исключены из aggregate метрик: каналы [7, 8, 29, 30, 31, 32] (static+forcing)
[region-errors] каналы ['t2m', '10u', '10v', 'msl'], старт набора 2010-01-01T00
[metrics] per-sample MSE будут сохранены в /workdir/paper_results/t_long_roi_samples.npz
[Main] Инференс (2000 samples, DA=none)...
  [50/2000] RMSE=0.191328 ACC=0.9852
  [100/2000] RMSE=0.185981 ACC=0.9852
  [150/2000] RMSE=0.189853 ACC=0.9850
  [200/2000] RMSE=0.190574 ACC=0.9850
  [250/2000] RMSE=0.191174 ACC=0.9850
  [300/2000] RMSE=0.191400 ACC=0.9850
  [350/2000] RMSE=0.192021 ACC=0.9850
  [400/2000] RMSE=0.192224 ACC=0.9850
  [450/2000] RMSE=0.192273 ACC=0.9850
  [500/2000] RMSE=0.191622 ACC=0.9850
  [550/2000] RMSE=0.191387 ACC=0.9850
  [600/2000] RMSE=0.191244 ACC=0.9849
  [650/2000] RMSE=0.191226 ACC=0.9849
  [700/2000] RMSE=0.191634 ACC=0.9848
  [750/2000] RMSE=0.192218 ACC=0.9848
  [800/2000] RMSE=0.191931 ACC=0.9848
  [850/2000] RMSE=0.191983 ACC=0.9848
  [900/2000] RMSE=0.191801 ACC=0.9848
  [950/2000] RMSE=0.191659 ACC=0.9848
  [1000/2000] RMSE=0.191449 ACC=0.9848
  [1050/2000] RMSE=0.191593 ACC=0.9848
  [1100/2000] RMSE=0.191613 ACC=0.9848
  [1150/2000] RMSE=0.191552 ACC=0.9848
  [1200/2000] RMSE=0.191273 ACC=0.9848
  [1250/2000] RMSE=0.190851 ACC=0.9849
  [1300/2000] RMSE=0.190559 ACC=0.9849
  [1350/2000] RMSE=0.190181 ACC=0.9849
  [1400/2000] RMSE=0.190068 ACC=0.9849
  [1450/2000] RMSE=0.189772 ACC=0.9850
  [1500/2000] RMSE=0.189561 ACC=0.9850
  [1550/2000] RMSE=0.189276 ACC=0.9850
  [1600/2000] RMSE=0.189020 ACC=0.9850
[Save] поля ошибки → /workdir/paper_results/t_long_roi_errors.npz (803 сроков 00/12 UTC)
[Save] per-sample metrics → /workdir/paper_results/t_long_roi_samples.npz (N=1607, AR=4, C=33)

============================================================
=== Inference summary (1607 samples) ===
Grid: 0x0 (G=133279) | C=33 | AR=4 horizons
Overall: MSE=0.035716 | RMSE=0.188986 | MAE=0.086262
Baseline: RMSE=0.561800 | MAE=0.280797
Skill: 66.36%
ACC: 0.9850 | base: 0.8500 | Δ=+0.1350

Per-horizon:
  +06h: RMSE=0.139172 | base=0.383497 | skill=63.71% | ACC=0.9918 (base 0.9343)
  +12h: RMSE=0.174452 | base=0.532431 | skill=67.23% | ACC=0.9874 (base 0.8677)
  +18h: RMSE=0.205693 | base=0.617916 | skill=66.71% | ACC=0.9824 (base 0.8171)
  +24h: RMSE=0.225279 | base=0.670899 | skill=66.42% | ACC=0.9785 (base 0.7808)

Per-horizon per-channel RMSE (physical units):
         var   unit      +6h     +12h     +18h     +24h
         t2m      K    0.69°C    0.78°C    0.82°C    0.86°C
         10u    m/s     0.71     0.84     0.93     1.01
         10v    m/s     0.73     0.86     0.96     1.05
         msl    hPa     0.53     0.64     0.74     0.83
       t@850      K    0.58°C    0.70°C    0.77°C    0.83°C
       u@850    m/s     1.09     1.29     1.43     1.56
       v@850    m/s     1.10     1.29     1.43     1.56
       z@850    gpm      3.8      4.5      5.3      6.1
       z@500    gpm      4.3      5.3      6.4      7.5

Per-channel metrics overall (physical units, avg over 4 horizons):
    #        var      ACC  RMSE_norm    RMSE_phys     unit
    0        t2m   0.9991     0.0372       0.7864        K  (≈0.79 °C)
    1        10u   0.9861     0.1581       0.8794      m/s
    2        10v   0.9806     0.1900       0.9060      m/s
    3        msl   0.9982     0.0513       0.6942      hPa
    4         tp   0.8574     0.6222       0.0012        m
    5         sp   1.0000     0.0070       0.6680      hPa
    6       tcwv   0.9966     0.0947       1.5760    kg/m²
    7     z_surf   1.0000     0.0000       0.0000      gpm
    8        lsm   1.0000     0.0000       0.0000        -
    9      t@850   0.9987     0.0468       0.7259        K  (≈0.73 °C)
   10      u@850   0.9859     0.1643       1.3547      m/s
   11      v@850   0.9752     0.2163       1.3574      m/s
   12      z@850   0.9993     0.0328       5.0057      gpm
   13      q@850   0.9885     0.1759       0.0007    kg/kg
   14      t@500   0.9990     0.0434       0.5658        K  (≈0.57 °C)
   15      u@500   0.9883     0.1480       1.7801      m/s
   16      v@500   0.9793     0.1967       1.8109      m/s
   17      z@500   0.9998     0.0174       6.0099      gpm
   18      q@500   0.9731     0.2757       0.0003    kg/kg
   19      z@250   0.9999     0.0147       8.3705      gpm
   20      t@250   0.9967     0.0785       0.6799        K  (≈0.68 °C)
   21      u@250   0.9910     0.1355       2.4491      m/s
   22      v@250   0.9834     0.1845       2.4799      m/s
   23      q@250   0.9572     0.3571       0.0000    kg/kg
   24     z@1000   0.9985     0.0489       5.4434      gpm
   25     t@1000   0.9988     0.0409       0.6921        K  (≈0.69 °C)
   26     u@1000   0.9864     0.1577       0.9719      m/s
   27     v@1000   0.9809     0.1890       1.0046      m/s
   28     q@1000   0.9979     0.0733       0.0004    kg/kg
   29   sin_hour   0.0000     0.0000       0.0000        ?
   30   cos_hour   0.0000     0.0000       0.0000        ?
   31    sin_doy   0.0000     0.0000       0.0000        ?
   32    cos_doy   0.0000     0.0000       0.0000        ?

--- Region [50.0,60.0]N x [83.0,98.0]E (2501 nodes) ---
RMSE=0.106405 | base=0.418096 | skill=74.55%
ACC=0.9262 | base=0.5777

  Per-horizon (region):
    +06h: RMSE=0.089312 | base=0.266794 | skill=66.52% | ACC=0.9422 (base 0.7712)
    +12h: RMSE=0.102161 | base=0.389710 | skill=73.79% | ACC=0.9293 (base 0.5986)
    +18h: RMSE=0.111249 | base=0.463617 | skill=76.00% | ACC=0.9208 (base 0.4996)
    +24h: RMSE=0.120407 | base=0.511098 | skill=76.44% | ACC=0.9125 (base 0.4426)

  Per-horizon per-channel RMSE — REGION (2501 nodes):
           var   unit      +6h     +12h     +18h     +24h
           t2m      K    1.17°C    1.35°C    1.39°C    1.45°C
           10u    m/s     0.57     0.63     0.66     0.69
           10v    m/s     0.56     0.63     0.65     0.67
           msl    hPa     0.63     0.78     0.91     1.03
         t@850      K    0.66°C    0.78°C    0.86°C    0.92°C
         u@850    m/s     1.17     1.34     1.45     1.55
         v@850    m/s     1.09     1.23     1.32     1.41
         z@850    gpm      3.5      4.7      5.8      6.7
         z@500    gpm      4.3      5.8      7.3      8.6

  Per-channel region (physical units, avg over 4 horizons):
      #        var      ACC  RMSE_norm    RMSE_phys     unit
      0        t2m   0.9743     0.0638       1.3473        K  (≈1.35 °C)
      1        10u   0.9469     0.1153       0.6413      m/s
      2        10v   0.9286     0.1317       0.6280      m/s
      3        msl   0.9951     0.0626       0.8479      hPa
      4         tp   0.4891     0.1047       0.0002        m
      5         sp   1.0000     0.0076       0.7279      hPa
      6       tcwv   0.9614     0.0534       0.8889    kg/m²
      7     z_surf   1.0000     0.0000       0.0000      gpm
      8        lsm   1.0000     0.0000       0.0000        -
      9      t@850   0.9889     0.0523       0.8103        K  (≈0.81 °C)
     10      u@850   0.9451     0.1679       1.3839      m/s
     11      v@850   0.9149     0.2018       1.2665      m/s
     12      z@850   0.9883     0.0349       5.3131      gpm
     13      q@850   0.8879     0.0935       0.0004    kg/kg
     14      t@500   0.9670     0.0402       0.5242        K  (≈0.52 °C)
     15      u@500   0.9428     0.1471       1.7687      m/s
     16      v@500   0.9458     0.1883       1.7334      m/s
     17      z@500   0.9978     0.0194       6.6925      gpm
     18      q@500   0.8844     0.1394       0.0002    kg/kg
     19      z@250   0.9938     0.0161       9.1289      gpm
     20      t@250   0.9254     0.0835       0.7235        K  (≈0.72 °C)
     21      u@250   0.9543     0.1292       2.3360      m/s
     22      v@250   0.9553     0.1716       2.3070      m/s
     23      q@250   0.7691     0.0795       0.0000    kg/kg
     24     z@1000   0.9820     0.0566       6.3079      gpm
     25     t@1000   0.9599     0.0571       0.9672        K  (≈0.97 °C)
     26     u@1000   0.9021     0.0996       0.6136      m/s
     27     v@1000   0.8874     0.1110       0.5898      m/s
     28     q@1000   0.9193     0.0687       0.0004    kg/kg
     29   sin_hour   0.0000     0.0000       0.0000        ?
     30   cos_hour   0.0000     0.0000       0.0000        ?
     31    sin_doy   0.0000     0.0000       0.0000        ?
     32    cos_doy   0.0000     0.0000       0.0000        ?
============================================================
