[predict] data_dir=/data/datasets/multires_krsk_33f (chunked=True, pred_steps=4)
[ChunkDataset] склеиваем data.npy (19ch) + data_extra.npy (14ch) → 33ch
[ChunkDataset] train: 12853 samples, flat_nodes=133279, feat=33, obs=2, pred=4
[ChunkDataset] склеиваем data.npy (19ch) + data_extra.npy (14ch) → 33ch
[ChunkDataset] val: 1607 samples, flat_nodes=133279, feat=33, obs=2, pred=4
[ChunkDataset] склеиваем data.npy (19ch) + data_extra.npy (14ch) → 33ch
[ChunkDataset] test_only: 1607 samples, flat_nodes=133279, feat=33, obs=2, pred=4
[graph] уровни меша [4, 6], признаки рёбер: legacy
[encoder] GCN + поправка сообщениями с признаками рёбер (с нуля)
[processor] InteractionNet: 12 шагов, агрегация 'mean'
[decoder] InteractionNet с признаками рёбер, скрытый размер 128
Encoder summary: 
+------------------------------------+-----------------------------------------+----------------+----------+
| Layer                              | Input Shape                             | Output Shape   | #Param   |
|------------------------------------+-----------------------------------------+----------------+----------|
| Model                              | [174241, 72], [2, 207099]               | [174241, 256]  | 875,010  |
| ├─(mlp)MLP                         |                                         | [174241, 256]  | 150,786  |
| │    └─(MLP)ModuleList             | --                                      | --             | 150,786  |
| │    │    └─(0)Linear              | [174241, 72]                            | [174241, 256]  | 18,688   |
| │    │    └─(1)PReLU               | [174241, 256]                           | [174241, 256]  | 1        |
| │    │    └─(2)Linear              | [174241, 256]                           | [174241, 256]  | 65,792   |
| │    │    └─(3)PReLU               | [174241, 256]                           | [174241, 256]  | 1        |
| │    │    └─(4)Linear              | [174241, 256]                           | [174241, 256]  | 65,792   |
| │    │    └─(5)LayerNorm           | [174241, 256]                           | [174241, 256]  | 512      |
| ├─(graph_layer)GraphLayer          |                                         | [174241, 256]  | 724,224  |
| │    └─(activation)SiLU            | [174241, 256]                           | [174241, 256]  | --       |
| │    └─(layers)ModuleList          | --                                      | --             | 197,376  |
| │    │    └─(0)GCNConv             | [174241, 256], [2, 207099]              | [174241, 256]  | 65,792   |
| │    │    └─(1)SiLU                | [174241, 256]                           | [174241, 256]  | --       |
| │    │    └─(2)GCNConv             | [174241, 256], [2, 207099]              | [174241, 256]  | 65,792   |
| │    │    └─(3)SiLU                | --                                      | --             | --       |
| │    │    └─(4)GCNConv             | [174241, 256], [2, 207099]              | [174241, 256]  | 65,792   |
| │    └─(refine)EdgeRefineLayer     | [174241, 256], [2, 207099], [207099, 4] | [174241, 256]  | 526,848  |
| │    │    └─(edge_embed)Sequential | [207099, 4]                             | [207099, 256]  | 67,072   |
| │    │    └─(message)Sequential    | [207099, 768]                           | [207099, 256]  | 262,656  |
| │    │    └─(update)Sequential     | [174241, 512]                           | [174241, 256]  | 197,120  |
+------------------------------------+-----------------------------------------+----------------+----------+

Processor summary: 
  (сводка не построена: RuntimeError: Expected all tensors to be on the same device, but found at least two devices, cuda:0 and cpu! (when checking argument for argument mat1 in method wrapper_CUDA_addmm))

Decoder summary: 
+-------------------------------------------+----------------------------+----------------+----------+
| Layer                                     | Input Shape                | Output Shape   | #Param   |
|-------------------------------------------+----------------------------+----------------+----------|
| Model                                     | [174241, 256], [2, 399837] | [174241, 33]   | 268,579  |
| ├─(mlp)MLP                                |                            | [174241, 128]  | 115,202  |
| │    └─(MLP)ModuleList                    | --                         | --             | 115,202  |
| │    │    └─(0)Linear                     | [174241, 256]              | [174241, 256]  | 65,792   |
| │    │    └─(1)PReLU                      | [174241, 256]              | [174241, 256]  | 1        |
| │    │    └─(2)Linear                     | [174241, 256]              | [174241, 128]  | 32,896   |
| │    │    └─(3)PReLU                      | [174241, 128]              | [174241, 128]  | 1        |
| │    │    └─(4)Linear                     | [174241, 128]              | [174241, 128]  | 16,512   |
| ├─(graph_layer)GraphLayer                 |                            | [174241, 33]   | 153,377  |
| │    └─(layers)InteractionNetDecoderLayer |                            | [174241, 33]   | 153,377  |
| │    │    └─(edge_embed)Sequential        | [399837, 4]                | [399837, 128]  | 17,152   |
| │    │    └─(message)Sequential           | [399837, 384]              | [399837, 128]  | 65,792   |
| │    │    └─(node_update)Sequential       | [174241, 256]              | [174241, 128]  | 49,408   |
| │    │    └─(norm)LayerNorm               | [174241, 128]              | [174241, 128]  | 256      |
| │    │    └─(out)Sequential               | [174241, 128]              | [174241, 33]   | 20,769   |
+-------------------------------------------+----------------------------+----------------+----------+

[AR-rollout] Модель выдаёт 1 шаг(ов), но мы прогоним 4 шагов авторегрессионно.
[static] Каналы [7, 8] — статика, carry-forward при AR
[forcing] Каналы [29, 30, 31, 32] — форсинг (из ground truth при AR)
[predict] device=cuda | grid=0x0 | 2000/1607 test samples
[Region] 2501 nodes (--region [50.0,60.0]N x [83.0,98.0]E)
[lat-weight] веса cos(широта): по сетке 0.010..1.573, по области 0.873..1.122
[clim] таблица: 6 каналов из 33 — ['t2m', '10u', '10v', 'msl', 't@850', 'z@500']
[clim] приведена к нормированным единицам набора
[clim] /workdir/graphcast-lite/docs/paper/runs/clim_wb2_nodes.npz: ACC считается против климатологии, а не против среднего по области
[clim] узлов прогона 2501 из 2501 в таблице
[metrics] Исключены из aggregate метрик: каналы [7, 8, 29, 30, 31, 32] (static+forcing)
[region-errors] каналы ['t2m', '10u', '10v', 'msl'], старт набора 2010-01-01T00
[metrics] per-sample MSE будут сохранены в /workdir/paper_results/t_mesh_ctl_roi_samples.npz
[Main] Инференс (2000 samples, DA=none)...
  [50/2000] RMSE=0.185126 ACC=0.9864
  [100/2000] RMSE=0.179835 ACC=0.9864
  [150/2000] RMSE=0.183621 ACC=0.9862
  [200/2000] RMSE=0.184435 ACC=0.9862
  [250/2000] RMSE=0.185095 ACC=0.9862
  [300/2000] RMSE=0.185347 ACC=0.9862
  [350/2000] RMSE=0.185982 ACC=0.9862
  [400/2000] RMSE=0.186180 ACC=0.9862
  [450/2000] RMSE=0.186199 ACC=0.9862
  [500/2000] RMSE=0.185522 ACC=0.9862
  [550/2000] RMSE=0.185276 ACC=0.9862
  [600/2000] RMSE=0.185127 ACC=0.9861
  [650/2000] RMSE=0.185088 ACC=0.9861
  [700/2000] RMSE=0.185500 ACC=0.9861
  [750/2000] RMSE=0.186064 ACC=0.9860
  [800/2000] RMSE=0.185767 ACC=0.9860
  [850/2000] RMSE=0.185807 ACC=0.9860
  [900/2000] RMSE=0.185611 ACC=0.9860
  [950/2000] RMSE=0.185470 ACC=0.9860
  [1000/2000] RMSE=0.185239 ACC=0.9861
  [1050/2000] RMSE=0.185361 ACC=0.9861
  [1100/2000] RMSE=0.185368 ACC=0.9860
  [1150/2000] RMSE=0.185292 ACC=0.9861
  [1200/2000] RMSE=0.184990 ACC=0.9861
  [1250/2000] RMSE=0.184559 ACC=0.9861
  [1300/2000] RMSE=0.184257 ACC=0.9862
  [1350/2000] RMSE=0.183875 ACC=0.9862
  [1400/2000] RMSE=0.183759 ACC=0.9862
  [1450/2000] RMSE=0.183469 ACC=0.9862
  [1500/2000] RMSE=0.183262 ACC=0.9862
  [1550/2000] RMSE=0.182976 ACC=0.9863
  [1600/2000] RMSE=0.182729 ACC=0.9863
[Save] поля ошибки → /workdir/paper_results/t_mesh_ctl_roi_errors.npz (803 сроков 00/12 UTC)
[Save] per-sample metrics → /workdir/paper_results/t_mesh_ctl_roi_samples.npz (N=1607, AR=4, C=33)

============================================================
=== Inference summary (1607 samples) ===
Grid: 0x0 (G=133279) | C=33 | AR=4 horizons
Overall: MSE=0.033377 | RMSE=0.182694 | MAE=0.082538
Baseline: RMSE=0.561800 | MAE=0.280797
Skill: 67.48%
ACC: 0.9863 | base: 0.8500 | Δ=+0.1363

Per-horizon:
  +06h: RMSE=0.132474 | base=0.383497 | skill=65.46% | ACC=0.9927 (base 0.9343)
  +12h: RMSE=0.166816 | base=0.532431 | skill=68.67% | ACC=0.9887 (base 0.8677)
  +18h: RMSE=0.199508 | base=0.617916 | skill=67.71% | ACC=0.9838 (base 0.8171)
  +24h: RMSE=0.219837 | base=0.670899 | skill=67.23% | ACC=0.9800 (base 0.7808)

Per-horizon per-channel RMSE (physical units):
         var   unit      +6h     +12h     +18h     +24h
         t2m      K    0.66°C    0.74°C    0.78°C    0.82°C
         10u    m/s     0.66     0.78     0.88     0.96
         10v    m/s     0.68     0.81     0.91     1.00
         msl    hPa     0.50     0.59     0.68     0.78
       t@850      K    0.55°C    0.66°C    0.73°C    0.79°C
       u@850    m/s     1.00     1.20     1.35     1.48
       v@850    m/s     1.02     1.22     1.36     1.49
       z@850    gpm      3.6      4.2      4.9      5.7
       z@500    gpm      4.1      4.9      5.9      6.9

Per-channel metrics overall (physical units, avg over 4 horizons):
    #        var      ACC  RMSE_norm    RMSE_phys     unit
    0        t2m   0.9991     0.0356       0.7528        K  (≈0.75 °C)
    1        10u   0.9879     0.1487       0.8272      m/s
    2        10v   0.9828     0.1800       0.8585      m/s
    3        msl   0.9984     0.0477       0.6463      hPa
    4         tp   0.8640     0.6095       0.0012        m
    5         sp   1.0000     0.0064       0.6066      hPa
    6       tcwv   0.9971     0.0890       1.4804    kg/m²
    7     z_surf   1.0000     0.0000       0.0000      gpm
    8        lsm   1.0000     0.0000       0.0000        -
    9      t@850   0.9988     0.0444       0.6889        K  (≈0.69 °C)
   10      u@850   0.9878     0.1543       1.2723      m/s
   11      v@850   0.9784     0.2043       1.2827      m/s
   12      z@850   0.9994     0.0306       4.6720      gpm
   13      q@850   0.9898     0.1662       0.0007    kg/kg
   14      t@500   0.9991     0.0415       0.5410        K  (≈0.54 °C)
   15      u@500   0.9899     0.1406       1.6912      m/s
   16      v@500   0.9821     0.1878       1.7295      m/s
   17      z@500   0.9998     0.0161       5.5603      gpm
   18      q@500   0.9751     0.2656       0.0003    kg/kg
   19      z@250   0.9999     0.0139       7.8727      gpm
   20      t@250   0.9970     0.0755       0.6535        K  (≈0.65 °C)
   21      u@250   0.9921     0.1296       2.3425      m/s
   22      v@250   0.9852     0.1778       2.3902      m/s
   23      q@250   0.9587     0.3511       0.0000    kg/kg
   24     z@1000   0.9987     0.0451       5.0264      gpm
   25     t@1000   0.9990     0.0381       0.6457        K  (≈0.65 °C)
   26     u@1000   0.9881     0.1485       0.9150      m/s
   27     v@1000   0.9830     0.1794       0.9532      m/s
   28     q@1000   0.9982     0.0687       0.0004    kg/kg
   29   sin_hour   0.0000     0.0000       0.0000        ?
   30   cos_hour   0.0000     0.0000       0.0000        ?
   31    sin_doy   0.0000     0.0000       0.0000        ?
   32    cos_doy   0.0000     0.0000       0.0000        ?

--- Region [50.0,60.0]N x [83.0,98.0]E (2501 nodes) ---
RMSE=0.099556 | base=0.418096 | skill=76.19%
ACC=0.9325 | base=0.5777

  Per-horizon (region):
    +06h: RMSE=0.082288 | base=0.266794 | skill=69.16% | ACC=0.9471 (base 0.7712)
    +12h: RMSE=0.094649 | base=0.389710 | skill=75.71% | ACC=0.9359 (base 0.5986)
    +18h: RMSE=0.104282 | base=0.463617 | skill=77.51% | ACC=0.9276 (base 0.4996)
    +24h: RMSE=0.114198 | base=0.511098 | skill=77.66% | ACC=0.9192 (base 0.4426)

  Per-horizon per-channel RMSE — REGION (2501 nodes):
           var   unit      +6h     +12h     +18h     +24h
           t2m      K    1.12°C    1.28°C    1.33°C    1.38°C
           10u    m/s     0.54     0.60     0.63     0.66
           10v    m/s     0.54     0.60     0.62     0.65
           msl    hPa     0.58     0.71     0.85     0.97
         t@850      K    0.59°C    0.71°C    0.78°C    0.85°C
         u@850    m/s     1.06     1.20     1.31     1.42
         v@850    m/s     1.01     1.14     1.23     1.33
         z@850    gpm      3.4      4.4      5.5      6.5
         z@500    gpm      4.1      5.4      6.8      8.1

  Per-channel region (physical units, avg over 4 horizons):
      #        var      ACC  RMSE_norm    RMSE_phys     unit
      0        t2m   0.9768     0.0606       1.2801        K  (≈1.28 °C)
      1        10u   0.9522     0.1095       0.6091      m/s
      2        10v   0.9341     0.1266       0.6035      m/s
      3        msl   0.9958     0.0584       0.7907      hPa
      4         tp   0.5171     0.0973       0.0002        m
      5         sp   1.0000     0.0070       0.6643      hPa
      6       tcwv   0.9681     0.0489       0.8131    kg/m²
      7     z_surf   1.0000     0.0000       0.0000      gpm
      8        lsm   1.0000     0.0000       0.0000        -
      9      t@850   0.9908     0.0476       0.7378        K  (≈0.74 °C)
     10      u@850   0.9545     0.1525       1.2569      m/s
     11      v@850   0.9257     0.1884       1.1825      m/s
     12      z@850   0.9909     0.0333       5.0834      gpm
     13      q@850   0.9015     0.0883       0.0004    kg/kg
     14      t@500   0.9716     0.0371       0.4840        K  (≈0.48 °C)
     15      u@500   0.9506     0.1360       1.6357      m/s
     16      v@500   0.9528     0.1750       1.6114      m/s
     17      z@500   0.9981     0.0182       6.2882      gpm
     18      q@500   0.8960     0.1299       0.0001    kg/kg
     19      z@250   0.9951     0.0151       8.6009      gpm
     20      t@250   0.9327     0.0793       0.6866        K  (≈0.69 °C)
     21      u@250   0.9610     0.1197       2.1634      m/s
     22      v@250   0.9611     0.1599       2.1496      m/s
     23      q@250   0.7592     0.0787       0.0000    kg/kg
     24     z@1000   0.9863     0.0525       5.8448      gpm
     25     t@1000   0.9667     0.0520       0.8802        K  (≈0.88 °C)
     26     u@1000   0.9123     0.0950       0.5857      m/s
     27     v@1000   0.8959     0.1080       0.5739      m/s
     28     q@1000   0.9296     0.0651       0.0004    kg/kg
     29   sin_hour   0.0000     0.0000       0.0000        ?
     30   cos_hour   0.0000     0.0000       0.0000        ?
     31    sin_doy   0.0000     0.0000       0.0000        ?
     32    cos_doy   0.0000     0.0000       0.0000        ?
============================================================
