[predict] data_dir=/data/datasets/multires_krsk_33f (chunked=True, pred_steps=4)
[ChunkDataset] склеиваем data.npy (19ch) + data_extra.npy (14ch) → 33ch
[ChunkDataset] train: 12853 samples, flat_nodes=133279, feat=33, obs=2, pred=4
[ChunkDataset] склеиваем data.npy (19ch) + data_extra.npy (14ch) → 33ch
[ChunkDataset] val: 1607 samples, flat_nodes=133279, feat=33, obs=2, pred=4
[ChunkDataset] склеиваем data.npy (19ch) + data_extra.npy (14ch) → 33ch
[ChunkDataset] test_only: 1607 samples, flat_nodes=133279, feat=33, obs=2, pred=4
[graph] сгущение меша над [50.0, 60.0, 83.0, 98.0] ×1: вершин 40962 → 41454
[graph] уровни меша [4, 6], признаки рёбер: legacy
[encoder] GCN + поправка сообщениями с признаками рёбер (с нуля)
[processor] InteractionNet: 12 шагов, агрегация 'mean'
[decoder] InteractionNet с признаками рёбер, скрытый размер 128
Encoder summary: 
+------------------------------------+-----------------------------------------+----------------+----------+
| Layer                              | Input Shape                             | Output Shape   | #Param   |
|------------------------------------+-----------------------------------------+----------------+----------|
| Model                              | [174733, 72], [2, 220450]               | [174733, 256]  | 875,010  |
| ├─(mlp)MLP                         |                                         | [174733, 256]  | 150,786  |
| │    └─(MLP)ModuleList             | --                                      | --             | 150,786  |
| │    │    └─(0)Linear              | [174733, 72]                            | [174733, 256]  | 18,688   |
| │    │    └─(1)PReLU               | [174733, 256]                           | [174733, 256]  | 1        |
| │    │    └─(2)Linear              | [174733, 256]                           | [174733, 256]  | 65,792   |
| │    │    └─(3)PReLU               | [174733, 256]                           | [174733, 256]  | 1        |
| │    │    └─(4)Linear              | [174733, 256]                           | [174733, 256]  | 65,792   |
| │    │    └─(5)LayerNorm           | [174733, 256]                           | [174733, 256]  | 512      |
| ├─(graph_layer)GraphLayer          |                                         | [174733, 256]  | 724,224  |
| │    └─(activation)SiLU            | [174733, 256]                           | [174733, 256]  | --       |
| │    └─(layers)ModuleList          | --                                      | --             | 197,376  |
| │    │    └─(0)GCNConv             | [174733, 256], [2, 220450]              | [174733, 256]  | 65,792   |
| │    │    └─(1)SiLU                | [174733, 256]                           | [174733, 256]  | --       |
| │    │    └─(2)GCNConv             | [174733, 256], [2, 220450]              | [174733, 256]  | 65,792   |
| │    │    └─(3)SiLU                | --                                      | --             | --       |
| │    │    └─(4)GCNConv             | [174733, 256], [2, 220450]              | [174733, 256]  | 65,792   |
| │    └─(refine)EdgeRefineLayer     | [174733, 256], [2, 220450], [220450, 4] | [174733, 256]  | 526,848  |
| │    │    └─(edge_embed)Sequential | [220450, 4]                             | [220450, 256]  | 67,072   |
| │    │    └─(message)Sequential    | [220450, 768]                           | [220450, 256]  | 262,656  |
| │    │    └─(update)Sequential     | [174733, 512]                           | [174733, 256]  | 197,120  |
+------------------------------------+-----------------------------------------+----------------+----------+

Processor summary: 
  (сводка не построена: RuntimeError: Expected all tensors to be on the same device, but found at least two devices, cuda:0 and cpu! (when checking argument for argument mat1 in method wrapper_CUDA_addmm))

Decoder summary: 
+-------------------------------------------+----------------------------+----------------+----------+
| Layer                                     | Input Shape                | Output Shape   | #Param   |
|-------------------------------------------+----------------------------+----------------+----------|
| Model                                     | [174733, 256], [2, 399837] | [174733, 33]   | 268,579  |
| ├─(mlp)MLP                                |                            | [174733, 128]  | 115,202  |
| │    └─(MLP)ModuleList                    | --                         | --             | 115,202  |
| │    │    └─(0)Linear                     | [174733, 256]              | [174733, 256]  | 65,792   |
| │    │    └─(1)PReLU                      | [174733, 256]              | [174733, 256]  | 1        |
| │    │    └─(2)Linear                     | [174733, 256]              | [174733, 128]  | 32,896   |
| │    │    └─(3)PReLU                      | [174733, 128]              | [174733, 128]  | 1        |
| │    │    └─(4)Linear                     | [174733, 128]              | [174733, 128]  | 16,512   |
| ├─(graph_layer)GraphLayer                 |                            | [174733, 33]   | 153,377  |
| │    └─(layers)InteractionNetDecoderLayer |                            | [174733, 33]   | 153,377  |
| │    │    └─(edge_embed)Sequential        | [399837, 4]                | [399837, 128]  | 17,152   |
| │    │    └─(message)Sequential           | [399837, 384]              | [399837, 128]  | 65,792   |
| │    │    └─(node_update)Sequential       | [174733, 256]              | [174733, 128]  | 49,408   |
| │    │    └─(norm)LayerNorm               | [174733, 128]              | [174733, 128]  | 256      |
| │    │    └─(out)Sequential               | [174733, 128]              | [174733, 33]   | 20,769   |
+-------------------------------------------+----------------------------+----------------+----------+

[AR-rollout] Модель выдаёт 1 шаг(ов), но мы прогоним 4 шагов авторегрессионно.
[static] Каналы [7, 8] — статика, carry-forward при AR
[forcing] Каналы [29, 30, 31, 32] — форсинг (из ground truth при AR)
[predict] device=cuda | grid=0x0 | 2000/1607 test samples
[Region] 2501 nodes (--region [50.0,60.0]N x [83.0,98.0]E)
[lat-weight] веса cos(широта): по сетке 0.010..1.573, по области 0.873..1.122
[clim] таблица: 6 каналов из 33 — ['t2m', '10u', '10v', 'msl', 't@850', 'z@500']
[clim] приведена к нормированным единицам набора
[clim] /workdir/graphcast-lite/docs/paper/runs/clim_wb2_nodes.npz: ACC считается против климатологии, а не против среднего по области
[clim] узлов прогона 2501 из 2501 в таблице
[metrics] Исключены из aggregate метрик: каналы [7, 8, 29, 30, 31, 32] (static+forcing)
[region-errors] каналы ['t2m', '10u', '10v', 'msl'], старт набора 2010-01-01T00
[metrics] per-sample MSE будут сохранены в /workdir/paper_results/t_mesh_ref_s43_roi_samples.npz
[Main] Инференс (2000 samples, DA=none)...
  [50/2000] RMSE=0.185523 ACC=0.9863
  [100/2000] RMSE=0.180263 ACC=0.9863
  [150/2000] RMSE=0.184044 ACC=0.9861
  [200/2000] RMSE=0.184859 ACC=0.9861
  [250/2000] RMSE=0.185523 ACC=0.9861
  [300/2000] RMSE=0.185782 ACC=0.9861
  [350/2000] RMSE=0.186413 ACC=0.9861
  [400/2000] RMSE=0.186607 ACC=0.9861
  [450/2000] RMSE=0.186618 ACC=0.9861
  [500/2000] RMSE=0.185948 ACC=0.9861
  [550/2000] RMSE=0.185708 ACC=0.9861
  [600/2000] RMSE=0.185551 ACC=0.9860
  [650/2000] RMSE=0.185510 ACC=0.9860
  [700/2000] RMSE=0.185916 ACC=0.9860
  [750/2000] RMSE=0.186476 ACC=0.9860
  [800/2000] RMSE=0.186183 ACC=0.9860
  [850/2000] RMSE=0.186225 ACC=0.9860
  [900/2000] RMSE=0.186034 ACC=0.9860
  [950/2000] RMSE=0.185894 ACC=0.9860
  [1000/2000] RMSE=0.185664 ACC=0.9860
  [1050/2000] RMSE=0.185787 ACC=0.9860
  [1100/2000] RMSE=0.185792 ACC=0.9860
  [1150/2000] RMSE=0.185721 ACC=0.9860
  [1200/2000] RMSE=0.185424 ACC=0.9860
  [1250/2000] RMSE=0.184994 ACC=0.9861
  [1300/2000] RMSE=0.184692 ACC=0.9861
  [1350/2000] RMSE=0.184308 ACC=0.9861
  [1400/2000] RMSE=0.184190 ACC=0.9861
  [1450/2000] RMSE=0.183900 ACC=0.9861
  [1500/2000] RMSE=0.183691 ACC=0.9862
  [1550/2000] RMSE=0.183407 ACC=0.9862
  [1600/2000] RMSE=0.183161 ACC=0.9862
[Save] поля ошибки → /workdir/paper_results/t_mesh_ref_s43_roi_errors.npz (803 сроков 00/12 UTC)
[Save] per-sample metrics → /workdir/paper_results/t_mesh_ref_s43_roi_samples.npz (N=1607, AR=4, C=33)

============================================================
=== Inference summary (1607 samples) ===
Grid: 0x0 (G=133279) | C=33 | AR=4 horizons
Overall: MSE=0.033535 | RMSE=0.183127 | MAE=0.082912
Baseline: RMSE=0.561800 | MAE=0.280797
Skill: 67.40%
ACC: 0.9862 | base: 0.8500 | Δ=+0.1362

Per-horizon:
  +06h: RMSE=0.132976 | base=0.383497 | skill=65.33% | ACC=0.9927 (base 0.9343)
  +12h: RMSE=0.167239 | base=0.532431 | skill=68.59% | ACC=0.9886 (base 0.8677)
  +18h: RMSE=0.199895 | base=0.617916 | skill=67.65% | ACC=0.9837 (base 0.8171)
  +24h: RMSE=0.220301 | base=0.670899 | skill=67.16% | ACC=0.9799 (base 0.7808)

Per-horizon per-channel RMSE (physical units):
         var   unit      +6h     +12h     +18h     +24h
         t2m      K    0.66°C    0.75°C    0.78°C    0.82°C
         10u    m/s     0.66     0.78     0.88     0.97
         10v    m/s     0.68     0.81     0.91     1.00
         msl    hPa     0.51     0.59     0.69     0.78
       t@850      K    0.55°C    0.66°C    0.73°C    0.79°C
       u@850    m/s     1.01     1.21     1.35     1.49
       v@850    m/s     1.02     1.22     1.36     1.50
       z@850    gpm      3.6      4.2      5.0      5.7
       z@500    gpm      4.1      4.9      5.9      7.0

Per-channel metrics overall (physical units, avg over 4 horizons):
    #        var      ACC  RMSE_norm    RMSE_phys     unit
    0        t2m   0.9991     0.0358       0.7560        K  (≈0.76 °C)
    1        10u   0.9878     0.1494       0.8311      m/s
    2        10v   0.9827     0.1807       0.8619      m/s
    3        msl   0.9984     0.0480       0.6501      hPa
    4         tp   0.8637     0.6103       0.0012        m
    5         sp   1.0000     0.0064       0.6104      hPa
    6       tcwv   0.9970     0.0892       1.4848    kg/m²
    7     z_surf   1.0000     0.0000       0.0000      gpm
    8        lsm   1.0000     0.0000       0.0000        -
    9      t@850   0.9988     0.0445       0.6904        K  (≈0.69 °C)
   10      u@850   0.9877     0.1549       1.2766      m/s
   11      v@850   0.9782     0.2051       1.2872      m/s
   12      z@850   0.9994     0.0308       4.7003      gpm
   13      q@850   0.9898     0.1666       0.0007    kg/kg
   14      t@500   0.9991     0.0416       0.5431        K  (≈0.54 °C)
   15      u@500   0.9899     0.1412       1.6983      m/s
   16      v@500   0.9819     0.1886       1.7369      m/s
   17      z@500   0.9998     0.0163       5.6009      gpm
   18      q@500   0.9750     0.2662       0.0003    kg/kg
   19      z@250   0.9999     0.0140       7.9320      gpm
   20      t@250   0.9969     0.0758       0.6564        K  (≈0.66 °C)
   21      u@250   0.9920     0.1301       2.3518      m/s
   22      v@250   0.9851     0.1786       2.4010      m/s
   23      q@250   0.9585     0.3516       0.0000    kg/kg
   24     z@1000   0.9987     0.0454       5.0611      gpm
   25     t@1000   0.9990     0.0382       0.6470        K  (≈0.65 °C)
   26     u@1000   0.9880     0.1491       0.9192      m/s
   27     v@1000   0.9828     0.1800       0.9568      m/s
   28     q@1000   0.9982     0.0690       0.0004    kg/kg
   29   sin_hour   0.0000     0.0000       0.0000        ?
   30   cos_hour   0.0000     0.0000       0.0000        ?
   31    sin_doy   0.0000     0.0000       0.0000        ?
   32    cos_doy   0.0000     0.0000       0.0000        ?

--- Region [50.0,60.0]N x [83.0,98.0]E (2501 nodes) ---
RMSE=0.097566 | base=0.418096 | skill=76.66%
ACC=0.9353 | base=0.5777

  Per-horizon (region):
    +06h: RMSE=0.079486 | base=0.266794 | skill=70.21% | ACC=0.9500 (base 0.7712)
    +12h: RMSE=0.092317 | base=0.389710 | skill=76.31% | ACC=0.9390 (base 0.5986)
    +18h: RMSE=0.102491 | base=0.463617 | skill=77.89% | ACC=0.9305 (base 0.4996)
    +24h: RMSE=0.112835 | base=0.511098 | skill=77.92% | ACC=0.9218 (base 0.4426)

  Per-horizon per-channel RMSE — REGION (2501 nodes):
           var   unit      +6h     +12h     +18h     +24h
           t2m      K    1.09°C    1.25°C    1.30°C    1.36°C
           10u    m/s     0.51     0.56     0.59     0.63
           10v    m/s     0.49     0.55     0.58     0.61
           msl    hPa     0.57     0.70     0.83     0.96
         t@850      K    0.56°C    0.68°C    0.75°C    0.82°C
         u@850    m/s     1.00     1.14     1.25     1.36
         v@850    m/s     0.95     1.09     1.19     1.28
         z@850    gpm      3.4      4.4      5.5      6.5
         z@500    gpm      4.1      5.4      6.8      8.2

  Per-channel region (physical units, avg over 4 horizons):
      #        var      ACC  RMSE_norm    RMSE_phys     unit
      0        t2m   0.9778     0.0593       1.2525        K  (≈1.25 °C)
      1        10u   0.9577     0.1032       0.5741      m/s
      2        10v   0.9437     0.1173       0.5593      m/s
      3        msl   0.9959     0.0575       0.7783      hPa
      4         tp   0.5278     0.0951       0.0002        m
      5         sp   1.0000     0.0070       0.6654      hPa
      6       tcwv   0.9688     0.0482       0.8023    kg/m²
      7     z_surf   1.0000     0.0000       0.0000      gpm
      8        lsm   1.0000     0.0000       0.0000        -
      9      t@850   0.9915     0.0458       0.7100        K  (≈0.71 °C)
     10      u@850   0.9593     0.1450       1.1953      m/s
     11      v@850   0.9325     0.1809       1.1352      m/s
     12      z@850   0.9908     0.0334       5.0860      gpm
     13      q@850   0.9080     0.0854       0.0004    kg/kg
     14      t@500   0.9713     0.0375       0.4888        K  (≈0.49 °C)
     15      u@500   0.9504     0.1368       1.6451      m/s
     16      v@500   0.9520     0.1768       1.6279      m/s
     17      z@500   0.9981     0.0183       6.3094      gpm
     18      q@500   0.8981     0.1284       0.0001    kg/kg
     19      z@250   0.9950     0.0152       8.6205      gpm
     20      t@250   0.9305     0.0810       0.7018        K  (≈0.70 °C)
     21      u@250   0.9598     0.1224       2.2115      m/s
     22      v@250   0.9596     0.1636       2.2000      m/s
     23      q@250   0.7578     0.0792       0.0000    kg/kg
     24     z@1000   0.9871     0.0517       5.7622      gpm
     25     t@1000   0.9705     0.0491       0.8308        K  (≈0.83 °C)
     26     u@1000   0.9236     0.0897       0.5525      m/s
     27     v@1000   0.9130     0.1001       0.5322      m/s
     28     q@1000   0.9338     0.0631       0.0004    kg/kg
     29   sin_hour   0.0000     0.0000       0.0000        ?
     30   cos_hour   0.0000     0.0000       0.0000        ?
     31    sin_doy   0.0000     0.0000       0.0000        ?
     32    cos_doy   0.0000     0.0000       0.0000        ?
============================================================
