[predict] data_dir=/data/datasets/multires_krsk_33f (chunked=True, pred_steps=4)
[ChunkDataset] склеиваем data.npy (19ch) + data_extra.npy (14ch) → 33ch
[ChunkDataset] train: 12853 samples, flat_nodes=133279, feat=33, obs=2, pred=4
[ChunkDataset] склеиваем data.npy (19ch) + data_extra.npy (14ch) → 33ch
[ChunkDataset] val: 1607 samples, flat_nodes=133279, feat=33, obs=2, pred=4
[ChunkDataset] склеиваем data.npy (19ch) + data_extra.npy (14ch) → 33ch
[ChunkDataset] test_only: 1607 samples, flat_nodes=133279, feat=33, obs=2, pred=4
[graph] сгущение меша над [50.0, 60.0, 83.0, 98.0] ×2: вершин 40962 → 42930
[graph] уровни меша [4, 6], признаки рёбер: legacy
[encoder] GCN + поправка сообщениями с признаками рёбер (с нуля)
[processor] InteractionNet: 12 шагов, агрегация 'mean', пересчёт активаций
[decoder] InteractionNet с признаками рёбер, скрытый размер 128
Encoder summary: 
+------------------------------------+-----------------------------------------+----------------+----------+
| Layer                              | Input Shape                             | Output Shape   | #Param   |
|------------------------------------+-----------------------------------------+----------------+----------|
| Model                              | [176209, 72], [2, 271214]               | [176209, 256]  | 875,010  |
| ├─(mlp)MLP                         |                                         | [176209, 256]  | 150,786  |
| │    └─(MLP)ModuleList             | --                                      | --             | 150,786  |
| │    │    └─(0)Linear              | [176209, 72]                            | [176209, 256]  | 18,688   |
| │    │    └─(1)PReLU               | [176209, 256]                           | [176209, 256]  | 1        |
| │    │    └─(2)Linear              | [176209, 256]                           | [176209, 256]  | 65,792   |
| │    │    └─(3)PReLU               | [176209, 256]                           | [176209, 256]  | 1        |
| │    │    └─(4)Linear              | [176209, 256]                           | [176209, 256]  | 65,792   |
| │    │    └─(5)LayerNorm           | [176209, 256]                           | [176209, 256]  | 512      |
| ├─(graph_layer)GraphLayer          |                                         | [176209, 256]  | 724,224  |
| │    └─(activation)SiLU            | [176209, 256]                           | [176209, 256]  | --       |
| │    └─(layers)ModuleList          | --                                      | --             | 197,376  |
| │    │    └─(0)GCNConv             | [176209, 256], [2, 271214]              | [176209, 256]  | 65,792   |
| │    │    └─(1)SiLU                | [176209, 256]                           | [176209, 256]  | --       |
| │    │    └─(2)GCNConv             | [176209, 256], [2, 271214]              | [176209, 256]  | 65,792   |
| │    │    └─(3)SiLU                | --                                      | --             | --       |
| │    │    └─(4)GCNConv             | [176209, 256], [2, 271214]              | [176209, 256]  | 65,792   |
| │    └─(refine)EdgeRefineLayer     | [176209, 256], [2, 271214], [271214, 4] | [176209, 256]  | 526,848  |
| │    │    └─(edge_embed)Sequential | [271214, 4]                             | [271214, 256]  | 67,072   |
| │    │    └─(message)Sequential    | [271214, 768]                           | [271214, 256]  | 262,656  |
| │    │    └─(update)Sequential     | [176209, 512]                           | [176209, 256]  | 197,120  |
+------------------------------------+-----------------------------------------+----------------+----------+

Processor summary: 
  (сводка не построена: RuntimeError: Expected all tensors to be on the same device, but found at least two devices, cuda:0 and cpu! (when checking argument for argument mat1 in method wrapper_CUDA_addmm))

Decoder summary: 
+-------------------------------------------+----------------------------+----------------+----------+
| Layer                                     | Input Shape                | Output Shape   | #Param   |
|-------------------------------------------+----------------------------+----------------+----------|
| Model                                     | [176209, 256], [2, 399837] | [176209, 33]   | 268,579  |
| ├─(mlp)MLP                                |                            | [176209, 128]  | 115,202  |
| │    └─(MLP)ModuleList                    | --                         | --             | 115,202  |
| │    │    └─(0)Linear                     | [176209, 256]              | [176209, 256]  | 65,792   |
| │    │    └─(1)PReLU                      | [176209, 256]              | [176209, 256]  | 1        |
| │    │    └─(2)Linear                     | [176209, 256]              | [176209, 128]  | 32,896   |
| │    │    └─(3)PReLU                      | [176209, 128]              | [176209, 128]  | 1        |
| │    │    └─(4)Linear                     | [176209, 128]              | [176209, 128]  | 16,512   |
| ├─(graph_layer)GraphLayer                 |                            | [176209, 33]   | 153,377  |
| │    └─(layers)InteractionNetDecoderLayer |                            | [176209, 33]   | 153,377  |
| │    │    └─(edge_embed)Sequential        | [399837, 4]                | [399837, 128]  | 17,152   |
| │    │    └─(message)Sequential           | [399837, 384]              | [399837, 128]  | 65,792   |
| │    │    └─(node_update)Sequential       | [176209, 256]              | [176209, 128]  | 49,408   |
| │    │    └─(norm)LayerNorm               | [176209, 128]              | [176209, 128]  | 256      |
| │    │    └─(out)Sequential               | [176209, 128]              | [176209, 33]   | 20,769   |
+-------------------------------------------+----------------------------+----------------+----------+

[AR-rollout] Модель выдаёт 1 шаг(ов), но мы прогоним 4 шагов авторегрессионно.
[static] Каналы [7, 8] — статика, carry-forward при AR
[forcing] Каналы [29, 30, 31, 32] — форсинг (из ground truth при AR)
[predict] device=cuda | grid=0x0 | 2000/1607 test samples
[Region] 2501 nodes (--region [50.0,60.0]N x [83.0,98.0]E)
[lat-weight] веса cos(широта): по сетке 0.010..1.573, по области 0.873..1.122
[clim] таблица: 6 каналов из 33 — ['t2m', '10u', '10v', 'msl', 't@850', 'z@500']
[clim] приведена к нормированным единицам набора
[clim] /workdir/graphcast-lite/docs/paper/runs/clim_wb2_nodes.npz: ACC считается против климатологии, а не против среднего по области
[clim] узлов прогона 2501 из 2501 в таблице
[metrics] Исключены из aggregate метрик: каналы [7, 8, 29, 30, 31, 32] (static+forcing)
[region-errors] каналы ['t2m', '10u', '10v', 'msl'], старт набора 2010-01-01T00
[metrics] per-sample MSE будут сохранены в /workdir/paper_results/t_mesh_ref2_roi_samples.npz
[Main] Инференс (2000 samples, DA=none)...
  [50/2000] RMSE=0.186005 ACC=0.9862
  [100/2000] RMSE=0.180726 ACC=0.9862
  [150/2000] RMSE=0.184501 ACC=0.9860
  [200/2000] RMSE=0.185305 ACC=0.9860
  [250/2000] RMSE=0.185967 ACC=0.9860
  [300/2000] RMSE=0.186228 ACC=0.9860
  [350/2000] RMSE=0.186862 ACC=0.9860
  [400/2000] RMSE=0.187045 ACC=0.9860
  [450/2000] RMSE=0.187060 ACC=0.9860
  [500/2000] RMSE=0.186392 ACC=0.9860
  [550/2000] RMSE=0.186145 ACC=0.9860
  [600/2000] RMSE=0.185990 ACC=0.9859
  [650/2000] RMSE=0.185949 ACC=0.9859
  [700/2000] RMSE=0.186349 ACC=0.9859
  [750/2000] RMSE=0.186909 ACC=0.9859
  [800/2000] RMSE=0.186616 ACC=0.9859
  [850/2000] RMSE=0.186653 ACC=0.9859
  [900/2000] RMSE=0.186464 ACC=0.9859
  [950/2000] RMSE=0.186322 ACC=0.9859
  [1000/2000] RMSE=0.186088 ACC=0.9859
  [1050/2000] RMSE=0.186208 ACC=0.9859
  [1100/2000] RMSE=0.186212 ACC=0.9859
  [1150/2000] RMSE=0.186143 ACC=0.9859
  [1200/2000] RMSE=0.185846 ACC=0.9859
  [1250/2000] RMSE=0.185417 ACC=0.9860
  [1300/2000] RMSE=0.185115 ACC=0.9860
  [1350/2000] RMSE=0.184733 ACC=0.9860
  [1400/2000] RMSE=0.184617 ACC=0.9860
  [1450/2000] RMSE=0.184328 ACC=0.9861
  [1500/2000] RMSE=0.184120 ACC=0.9861
  [1550/2000] RMSE=0.183839 ACC=0.9861
  [1600/2000] RMSE=0.183594 ACC=0.9861
[Save] поля ошибки → /workdir/paper_results/t_mesh_ref2_roi_errors.npz (803 сроков 00/12 UTC)
[Save] per-sample metrics → /workdir/paper_results/t_mesh_ref2_roi_samples.npz (N=1607, AR=4, C=33)

============================================================
=== Inference summary (1607 samples) ===
Grid: 0x0 (G=133279) | C=33 | AR=4 horizons
Overall: MSE=0.033694 | RMSE=0.183560 | MAE=0.083245
Baseline: RMSE=0.561800 | MAE=0.280797
Skill: 67.33%
ACC: 0.9861 | base: 0.8500 | Δ=+0.1361

Per-horizon:
  +06h: RMSE=0.133477 | base=0.383497 | skill=65.19% | ACC=0.9926 (base 0.9343)
  +12h: RMSE=0.167720 | base=0.532431 | skill=68.50% | ACC=0.9885 (base 0.8677)
  +18h: RMSE=0.200314 | base=0.617916 | skill=67.58% | ACC=0.9836 (base 0.8171)
  +24h: RMSE=0.220692 | base=0.670899 | skill=67.11% | ACC=0.9797 (base 0.7808)

Per-horizon per-channel RMSE (physical units):
         var   unit      +6h     +12h     +18h     +24h
         t2m      K    0.67°C    0.75°C    0.79°C    0.83°C
         10u    m/s     0.66     0.79     0.88     0.97
         10v    m/s     0.69     0.82     0.92     1.01
         msl    hPa     0.51     0.60     0.69     0.79
       t@850      K    0.55°C    0.66°C    0.74°C    0.80°C
       u@850    m/s     1.01     1.21     1.36     1.49
       v@850    m/s     1.03     1.23     1.37     1.50
       z@850    gpm      3.7      4.2      5.0      5.8
       z@500    gpm      4.2      5.0      6.0      7.0

Per-channel metrics overall (physical units, avg over 4 horizons):
    #        var      ACC  RMSE_norm    RMSE_phys     unit
    0        t2m   0.9991     0.0360       0.7599        K  (≈0.76 °C)
    1        10u   0.9877     0.1500       0.8348      m/s
    2        10v   0.9825     0.1814       0.8650      m/s
    3        msl   0.9984     0.0484       0.6545      hPa
    4         tp   0.8632     0.6109       0.0012        m
    5         sp   1.0000     0.0065       0.6164      hPa
    6       tcwv   0.9970     0.0895       1.4892    kg/m²
    7     z_surf   1.0000     0.0000       0.0000      gpm
    8        lsm   1.0000     0.0000       0.0000        -
    9      t@850   0.9988     0.0447       0.6936        K  (≈0.69 °C)
   10      u@850   0.9876     0.1555       1.2822      m/s
   11      v@850   0.9780     0.2061       1.2935      m/s
   12      z@850   0.9994     0.0311       4.7391      gpm
   13      q@850   0.9897     0.1671       0.0007    kg/kg
   14      t@500   0.9991     0.0419       0.5462        K  (≈0.55 °C)
   15      u@500   0.9897     0.1418       1.7057      m/s
   16      v@500   0.9817     0.1896       1.7458      m/s
   17      z@500   0.9998     0.0164       5.6475      gpm
   18      q@500   0.9749     0.2667       0.0003    kg/kg
   19      z@250   0.9999     0.0139       7.9074      gpm
   20      t@250   0.9969     0.0763       0.6606        K  (≈0.66 °C)
   21      u@250   0.9919     0.1307       2.3631      m/s
   22      v@250   0.9849     0.1794       2.4124      m/s
   23      q@250   0.9584     0.3519       0.0000    kg/kg
   24     z@1000   0.9987     0.0458       5.1006      gpm
   25     t@1000   0.9990     0.0384       0.6499        K  (≈0.65 °C)
   26     u@1000   0.9878     0.1498       0.9234      m/s
   27     v@1000   0.9826     0.1808       0.9611      m/s
   28     q@1000   0.9981     0.0692       0.0004    kg/kg
   29   sin_hour   0.0000     0.0000       0.0000        ?
   30   cos_hour   0.0000     0.0000       0.0000        ?
   31    sin_doy   0.0000     0.0000       0.0000        ?
   32    cos_doy   0.0000     0.0000       0.0000        ?

--- Region [50.0,60.0]N x [83.0,98.0]E (2501 nodes) ---
RMSE=0.099751 | base=0.418096 | skill=76.14%
ACC=0.9329 | base=0.5777

  Per-horizon (region):
    +06h: RMSE=0.081906 | base=0.266794 | skill=69.30% | ACC=0.9479 (base 0.7712)
    +12h: RMSE=0.094711 | base=0.389710 | skill=75.70% | ACC=0.9365 (base 0.5986)
    +18h: RMSE=0.104628 | base=0.463617 | skill=77.43% | ACC=0.9280 (base 0.4996)
    +24h: RMSE=0.114782 | base=0.511098 | skill=77.54% | ACC=0.9194 (base 0.4426)

  Per-horizon per-channel RMSE — REGION (2501 nodes):
           var   unit      +6h     +12h     +18h     +24h
           t2m      K    1.10°C    1.26°C    1.31°C    1.38°C
           10u    m/s     0.52     0.57     0.60     0.64
           10v    m/s     0.50     0.56     0.59     0.61
           msl    hPa     0.58     0.71     0.85     0.98
         t@850      K    0.57°C    0.69°C    0.76°C    0.83°C
         u@850    m/s     1.03     1.17     1.28     1.39
         v@850    m/s     0.98     1.11     1.21     1.31
         z@850    gpm      3.5      4.6      5.6      6.6
         z@500    gpm      4.2      5.5      6.9      8.3

  Per-channel region (physical units, avg over 4 horizons):
      #        var      ACC  RMSE_norm    RMSE_phys     unit
      0        t2m   0.9773     0.0599       1.2662        K  (≈1.27 °C)
      1        10u   0.9562     0.1049       0.5840      m/s
      2        10v   0.9423     0.1187       0.5659      m/s
      3        msl   0.9957     0.0587       0.7945      hPa
      4         tp   0.5148     0.0952       0.0002        m
      5         sp   1.0000     0.0071       0.6815      hPa
      6       tcwv   0.9672     0.0493       0.8194    kg/m²
      7     z_surf   1.0000     0.0000       0.0000      gpm
      8        lsm   1.0000     0.0000       0.0000        -
      9      t@850   0.9913     0.0464       0.7189        K  (≈0.72 °C)
     10      u@850   0.9577     0.1482       1.2219      m/s
     11      v@850   0.9297     0.1848       1.1602      m/s
     12      z@850   0.9902     0.0340       5.1879      gpm
     13      q@850   0.9040     0.0868       0.0004    kg/kg
     14      t@500   0.9700     0.0383       0.4999        K  (≈0.50 °C)
     15      u@500   0.9480     0.1402       1.6864      m/s
     16      v@500   0.9493     0.1817       1.6733      m/s
     17      z@500   0.9980     0.0186       6.4021      gpm
     18      q@500   0.8924     0.1314       0.0001    kg/kg
     19      z@250   0.9947     0.0154       8.7379      gpm
     20      t@250   0.9271     0.0834       0.7221        K  (≈0.72 °C)
     21      u@250   0.9572     0.1263       2.2835      m/s
     22      v@250   0.9566     0.1692       2.2744      m/s
     23      q@250   0.7472     0.0810       0.0000    kg/kg
     24     z@1000   0.9866     0.0529       5.8925      gpm
     25     t@1000   0.9700     0.0496       0.8394        K  (≈0.84 °C)
     26     u@1000   0.9218     0.0911       0.5614      m/s
     27     v@1000   0.9116     0.1014       0.5389      m/s
     28     q@1000   0.9324     0.0638       0.0004    kg/kg
     29   sin_hour   0.0000     0.0000       0.0000        ?
     30   cos_hour   0.0000     0.0000       0.0000        ?
     31    sin_doy   0.0000     0.0000       0.0000        ?
     32    cos_doy   0.0000     0.0000       0.0000        ?
============================================================
