[12:21:05] === V4 GLOBAL MULTIMESH START ===
[12:21:05] останавливаю текущее обучение (заморозка вышла на плато)
[12:21:25] GPU свободна: 10401 MiB
[12:21:25] START frozen_best_roi
[19:23:53] === V4 GLOBAL MULTIMESH START ===
[19:23:53] GPU свободна: 0 MiB
[19:23:53] пропускаю оценку заморозки: нет весов или регионального датасета
[19:23:53] собираю глобальный 33-канальный датасет (часы CPU)
[19:23:53] НЕТ ИСХОДНИКА /data/datasets/wb2_512x256_19f_ar — сборка невозможна
[19:27:21] === V4 GLOBAL MULTIMESH START ===
[19:27:21] нет окружения или базового датасета — запускаю подготовку (1-2 ч)
[19:42:36] подготовка завершена rc=0
[19:42:36] GPU свободна: 0 MiB
[19:42:36] пропускаю оценку заморозки: нет весов или регионального датасета
[19:42:36] собираю глобальный 33-канальный датасет (часы CPU)
[19:45:14] сборка rc=0 размер 60G
[19:45:14] коммит: cb12a68
[19:45:14] ВНИМАНИЕ: незакоммиченные изменения
[19:45:14] START обучения wb2_512x256_33f_ar_v4_multimesh (с нуля, без pretrained)
Terminated
[08:06:03] DONE обучение rc=143
[08:06:03] === ALL DONE ===
