[predict] data_dir=/data/datasets/multires_krsk_33f (chunked=True, pred_steps=4)
[ChunkDataset] склеиваем data.npy (19ch) + data_extra.npy (14ch) → 33ch
[ChunkDataset] train: 12853 samples, flat_nodes=133279, feat=33, obs=2, pred=4
[ChunkDataset] склеиваем data.npy (19ch) + data_extra.npy (14ch) → 33ch
[ChunkDataset] val: 1607 samples, flat_nodes=133279, feat=33, obs=2, pred=4
[ChunkDataset] склеиваем data.npy (19ch) + data_extra.npy (14ch) → 33ch
[ChunkDataset] val: 1607 samples, flat_nodes=133279, feat=33, obs=2, pred=4
[graph] уровни меша [4, 6], признаки рёбер: legacy
[encoder] GCN + поправка сообщениями с признаками рёбер (с нуля)
[processor] InteractionNet: 12 шагов, агрегация 'mean'
[decoder] InteractionNet с признаками рёбер, скрытый размер 128
Encoder summary: 
+------------------------------------+-----------------------------------------+----------------+----------+
| Layer                              | Input Shape                             | Output Shape   | #Param   |
|------------------------------------+-----------------------------------------+----------------+----------|
| Model                              | [174241, 72], [2, 207099]               | [174241, 256]  | 875,010  |
| ├─(mlp)MLP                         |                                         | [174241, 256]  | 150,786  |
| │    └─(MLP)ModuleList             | --                                      | --             | 150,786  |
| │    │    └─(0)Linear              | [174241, 72]                            | [174241, 256]  | 18,688   |
| │    │    └─(1)PReLU               | [174241, 256]                           | [174241, 256]  | 1        |
| │    │    └─(2)Linear              | [174241, 256]                           | [174241, 256]  | 65,792   |
| │    │    └─(3)PReLU               | [174241, 256]                           | [174241, 256]  | 1        |
| │    │    └─(4)Linear              | [174241, 256]                           | [174241, 256]  | 65,792   |
| │    │    └─(5)LayerNorm           | [174241, 256]                           | [174241, 256]  | 512      |
| ├─(graph_layer)GraphLayer          |                                         | [174241, 256]  | 724,224  |
| │    └─(activation)SiLU            | [174241, 256]                           | [174241, 256]  | --       |
| │    └─(layers)ModuleList          | --                                      | --             | 197,376  |
| │    │    └─(0)GCNConv             | [174241, 256], [2, 207099]              | [174241, 256]  | 65,792   |
| │    │    └─(1)SiLU                | [174241, 256]                           | [174241, 256]  | --       |
| │    │    └─(2)GCNConv             | [174241, 256], [2, 207099]              | [174241, 256]  | 65,792   |
| │    │    └─(3)SiLU                | --                                      | --             | --       |
| │    │    └─(4)GCNConv             | [174241, 256], [2, 207099]              | [174241, 256]  | 65,792   |
| │    └─(refine)EdgeRefineLayer     | [174241, 256], [2, 207099], [207099, 4] | [174241, 256]  | 526,848  |
| │    │    └─(edge_embed)Sequential | [207099, 4]                             | [207099, 256]  | 67,072   |
| │    │    └─(message)Sequential    | [207099, 768]                           | [207099, 256]  | 262,656  |
| │    │    └─(update)Sequential     | [174241, 512]                           | [174241, 256]  | 197,120  |
+------------------------------------+-----------------------------------------+----------------+----------+

Processor summary: 
  (сводка не построена: RuntimeError: Expected all tensors to be on the same device, but found at least two devices, cuda:0 and cpu! (when checking argument for argument mat1 in method wrapper_CUDA_addmm))

Decoder summary: 
+-------------------------------------------+----------------------------+----------------+----------+
| Layer                                     | Input Shape                | Output Shape   | #Param   |
|-------------------------------------------+----------------------------+----------------+----------|
| Model                                     | [174241, 256], [2, 399837] | [174241, 33]   | 268,579  |
| ├─(mlp)MLP                                |                            | [174241, 128]  | 115,202  |
| │    └─(MLP)ModuleList                    | --                         | --             | 115,202  |
| │    │    └─(0)Linear                     | [174241, 256]              | [174241, 256]  | 65,792   |
| │    │    └─(1)PReLU                      | [174241, 256]              | [174241, 256]  | 1        |
| │    │    └─(2)Linear                     | [174241, 256]              | [174241, 128]  | 32,896   |
| │    │    └─(3)PReLU                      | [174241, 128]              | [174241, 128]  | 1        |
| │    │    └─(4)Linear                     | [174241, 128]              | [174241, 128]  | 16,512   |
| ├─(graph_layer)GraphLayer                 |                            | [174241, 33]   | 153,377  |
| │    └─(layers)InteractionNetDecoderLayer |                            | [174241, 33]   | 153,377  |
| │    │    └─(edge_embed)Sequential        | [399837, 4]                | [399837, 128]  | 17,152   |
| │    │    └─(message)Sequential           | [399837, 384]              | [399837, 128]  | 65,792   |
| │    │    └─(node_update)Sequential       | [174241, 256]              | [174241, 128]  | 49,408   |
| │    │    └─(norm)LayerNorm               | [174241, 128]              | [174241, 128]  | 256      |
| │    │    └─(out)Sequential               | [174241, 128]              | [174241, 33]   | 20,769   |
+-------------------------------------------+----------------------------+----------------+----------+

[AR-rollout] Модель выдаёт 1 шаг(ов), но мы прогоним 4 шагов авторегрессионно.
[static] Каналы [7, 8] — статика, carry-forward при AR
[forcing] Каналы [29, 30, 31, 32] — форсинг (из ground truth при AR)
[predict] device=cuda | grid=0x0 | 2000/1607 test samples
[Region] 2501 nodes (--region [50.0,60.0]N x [83.0,98.0]E)
[lat-weight] веса cos(широта): по сетке 0.010..1.573, по области 0.873..1.122
[clim] таблица: 6 каналов из 33 — ['t2m', '10u', '10v', 'msl', 't@850', 'z@500']
[clim] приведена к нормированным единицам набора
[clim] /workdir/graphcast-lite/docs/paper/runs/clim_wb2_nodes.npz: ACC считается против климатологии, а не против среднего по области
[clim] узлов прогона 2501 из 2501 в таблице
[metrics] Исключены из aggregate метрик: каналы [7, 8, 29, 30, 31, 32] (static+forcing)
[metrics] per-sample MSE будут сохранены в /workdir/paper_results/v_mesh_ctl_roi_samples.npz
[Main] Инференс (2000 samples, DA=none)...
  [50/2000] RMSE=0.175599 ACC=0.9869
  [100/2000] RMSE=0.174391 ACC=0.9869
  [150/2000] RMSE=0.176279 ACC=0.9868
  [200/2000] RMSE=0.175880 ACC=0.9867
  [250/2000] RMSE=0.176805 ACC=0.9867
  [300/2000] RMSE=0.177375 ACC=0.9868
  [350/2000] RMSE=0.177795 ACC=0.9867
  [400/2000] RMSE=0.178487 ACC=0.9867
  [450/2000] RMSE=0.179019 ACC=0.9867
  [500/2000] RMSE=0.179617 ACC=0.9867
  [550/2000] RMSE=0.179583 ACC=0.9867
  [600/2000] RMSE=0.179411 ACC=0.9867
  [650/2000] RMSE=0.179366 ACC=0.9867
  [700/2000] RMSE=0.179336 ACC=0.9867
  [750/2000] RMSE=0.179270 ACC=0.9867
  [800/2000] RMSE=0.179855 ACC=0.9866
  [850/2000] RMSE=0.179808 ACC=0.9866
  [900/2000] RMSE=0.179710 ACC=0.9866
  [950/2000] RMSE=0.180127 ACC=0.9866
  [1000/2000] RMSE=0.180392 ACC=0.9865
  [1050/2000] RMSE=0.180729 ACC=0.9865
  [1100/2000] RMSE=0.180664 ACC=0.9865
  [1150/2000] RMSE=0.180546 ACC=0.9865
  [1200/2000] RMSE=0.180821 ACC=0.9865
  [1250/2000] RMSE=0.180737 ACC=0.9865
  [1300/2000] RMSE=0.180796 ACC=0.9865
  [1350/2000] RMSE=0.180961 ACC=0.9865
  [1400/2000] RMSE=0.180740 ACC=0.9865
  [1450/2000] RMSE=0.180372 ACC=0.9865
  [1500/2000] RMSE=0.180092 ACC=0.9866
  [1550/2000] RMSE=0.179937 ACC=0.9866
  [1600/2000] RMSE=0.179862 ACC=0.9865
[Save] per-sample metrics → /workdir/paper_results/v_mesh_ctl_roi_samples.npz (N=1607, AR=4, C=33)

============================================================
=== Inference summary (1607 samples) ===
Grid: 0x0 (G=133279) | C=33 | AR=4 horizons
Overall: MSE=0.032348 | RMSE=0.179854 | MAE=0.081933
Baseline: RMSE=0.560366 | MAE=0.280469
Skill: 67.90%
ACC: 0.9865 | base: 0.8490 | Δ=+0.1375

Per-horizon:
  +06h: RMSE=0.130911 | base=0.382588 | skill=65.78% | ACC=0.9928 (base 0.9339)
  +12h: RMSE=0.164129 | base=0.531393 | skill=69.11% | ACC=0.9889 (base 0.8667)
  +18h: RMSE=0.195997 | base=0.616453 | skill=68.21% | ACC=0.9841 (base 0.8158)
  +24h: RMSE=0.216562 | base=0.668785 | skill=67.62% | ACC=0.9803 (base 0.7797)

Per-horizon per-channel RMSE (physical units):
         var   unit      +6h     +12h     +18h     +24h
         t2m      K    0.66°C    0.74°C    0.78°C    0.82°C
         10u    m/s     0.66     0.78     0.88     0.96
         10v    m/s     0.68     0.81     0.91     1.00
         msl    hPa     0.50     0.58     0.67     0.76
       t@850      K    0.54°C    0.65°C    0.72°C    0.78°C
       u@850    m/s     1.00     1.20     1.34     1.47
       v@850    m/s     1.02     1.21     1.35     1.48
       z@850    gpm      3.6      4.1      4.8      5.5
       z@500    gpm      4.1      4.8      5.7      6.7

Per-channel metrics overall (physical units, avg over 4 horizons):
    #        var      ACC  RMSE_norm    RMSE_phys     unit
    0        t2m   0.9992     0.0357       0.7537        K  (≈0.75 °C)
    1        10u   0.9878     0.1491       0.8295      m/s
    2        10v   0.9827     0.1802       0.8595      m/s
    3        msl   0.9985     0.0471       0.6375      hPa
    4         tp   0.8684     0.5971       0.0012        m
    5         sp   1.0000     0.0063       0.5967      hPa
    6       tcwv   0.9971     0.0882       1.4681    kg/m²
    7     z_surf   1.0000     0.0000       0.0000      gpm
    8        lsm   1.0000     0.0000       0.0000        -
    9      t@850   0.9989     0.0439       0.6802        K  (≈0.68 °C)
   10      u@850   0.9877     0.1535       1.2657      m/s
   11      v@850   0.9786     0.2035       1.2776      m/s
   12      z@850   0.9995     0.0300       4.5799      gpm
   13      q@850   0.9900     0.1653       0.0007    kg/kg
   14      t@500   0.9992     0.0409       0.5333        K  (≈0.53 °C)
   15      u@500   0.9902     0.1386       1.6672      m/s
   16      v@500   0.9826     0.1858       1.7105      m/s
   17      z@500   0.9999     0.0157       5.4261      gpm
   18      q@500   0.9756     0.2583       0.0003    kg/kg
   19      z@250   0.9999     0.0134       7.6019      gpm
   20      t@250   0.9966     0.0741       0.6419        K  (≈0.64 °C)
   21      u@250   0.9923     0.1290       2.3310      m/s
   22      v@250   0.9858     0.1772       2.3821      m/s
   23      q@250   0.9595     0.3423       0.0000    kg/kg
   24     z@1000   0.9988     0.0444       4.9439      gpm
   25     t@1000   0.9990     0.0381       0.6451        K  (≈0.65 °C)
   26     u@1000   0.9879     0.1489       0.9175      m/s
   27     v@1000   0.9829     0.1794       0.9536      m/s
   28     q@1000   0.9982     0.0681       0.0004    kg/kg
   29   sin_hour   0.0000     0.0000       0.0000        ?
   30   cos_hour   0.0000     0.0000       0.0000        ?
   31    sin_doy   0.0000     0.0000       0.0000        ?
   32    cos_doy   0.0000     0.0000       0.0000        ?

--- Region [50.0,60.0]N x [83.0,98.0]E (2501 nodes) ---
RMSE=0.098981 | base=0.429425 | skill=76.95%
ACC=0.9335 | base=0.5708

  Per-horizon (region):
    +06h: RMSE=0.081972 | base=0.271243 | skill=69.78% | ACC=0.9472 (base 0.7701)
    +12h: RMSE=0.094213 | base=0.399594 | skill=76.42% | ACC=0.9366 (base 0.5926)
    +18h: RMSE=0.103722 | base=0.476562 | skill=78.24% | ACC=0.9290 (base 0.4906)
    +24h: RMSE=0.113292 | base=0.526557 | skill=78.48% | ACC=0.9211 (base 0.4304)

  Per-horizon per-channel RMSE — REGION (2501 nodes):
           var   unit      +6h     +12h     +18h     +24h
           t2m      K    1.15°C    1.30°C    1.34°C    1.39°C
           10u    m/s     0.55     0.61     0.64     0.68
           10v    m/s     0.54     0.60     0.63     0.65
           msl    hPa     0.58     0.70     0.83     0.95
         t@850      K    0.59°C    0.71°C    0.79°C    0.85°C
         u@850    m/s     1.05     1.19     1.30     1.41
         v@850    m/s     0.99     1.12     1.22     1.31
         z@850    gpm      3.2      4.1      5.1      6.0
         z@500    gpm      3.9      5.0      6.1      7.3

  Per-channel region (physical units, avg over 4 horizons):
      #        var      ACC  RMSE_norm    RMSE_phys     unit
      0        t2m   0.9785     0.0614       1.2973        K  (≈1.30 °C)
      1        10u   0.9468     0.1116       0.6210      m/s
      2        10v   0.9368     0.1277       0.6090      m/s
      3        msl   0.9961     0.0573       0.7756      hPa
      4         tp   0.5003     0.0941       0.0002        m
      5         sp   1.0000     0.0067       0.6437      hPa
      6       tcwv   0.9647     0.0494       0.8216    kg/m²
      7     z_surf   1.0000     0.0000       0.0000      gpm
      8        lsm   1.0000     0.0000       0.0000        -
      9      t@850   0.9918     0.0478       0.7409        K  (≈0.74 °C)
     10      u@850   0.9555     0.1512       1.2460      m/s
     11      v@850   0.9248     0.1858       1.1660      m/s
     12      z@850   0.9916     0.0309       4.7174      gpm
     13      q@850   0.8982     0.0879       0.0004    kg/kg
     14      t@500   0.9736     0.0369       0.4816        K  (≈0.48 °C)
     15      u@500   0.9604     0.1335       1.6059      m/s
     16      v@500   0.9547     0.1705       1.5699      m/s
     17      z@500   0.9984     0.0166       5.7193      gpm
     18      q@500   0.8998     0.1330       0.0001    kg/kg
     19      z@250   0.9963     0.0140       7.9467      gpm
     20      t@250   0.9435     0.0780       0.6758        K  (≈0.68 °C)
     21      u@250   0.9675     0.1195       2.1605      m/s
     22      v@250   0.9654     0.1565       2.1034      m/s
     23      q@250   0.7765     0.0836       0.0000    kg/kg
     24     z@1000   0.9852     0.0512       5.7079      gpm
     25     t@1000   0.9719     0.0530       0.8979        K  (≈0.90 °C)
     26     u@1000   0.9066     0.0969       0.5975      m/s
     27     v@1000   0.8959     0.1089       0.5786      m/s
     28     q@1000   0.9233     0.0640       0.0004    kg/kg
     29   sin_hour   0.0000     0.0000       0.0000        ?
     30   cos_hour   0.0000     0.0000       0.0000        ?
     31    sin_doy   0.0000     0.0000       0.0000        ?
     32    cos_doy   0.0000     0.0000       0.0000        ?
============================================================
