[predict] data_dir=/data/datasets/multires_krsk_33f (chunked=True, pred_steps=4)
[ChunkDataset] склеиваем data.npy (19ch) + data_extra.npy (14ch) → 33ch
[ChunkDataset] train: 12853 samples, flat_nodes=133279, feat=33, obs=2, pred=4
[ChunkDataset] склеиваем data.npy (19ch) + data_extra.npy (14ch) → 33ch
[ChunkDataset] val: 1607 samples, flat_nodes=133279, feat=33, obs=2, pred=4
[ChunkDataset] склеиваем data.npy (19ch) + data_extra.npy (14ch) → 33ch
[ChunkDataset] val: 1607 samples, flat_nodes=133279, feat=33, obs=2, pred=4
[graph] сгущение меша над [50.0, 60.0, 83.0, 98.0] ×1: вершин 40962 → 41454
[graph] уровни меша [4, 6], признаки рёбер: legacy
[encoder] GCN + поправка сообщениями с признаками рёбер (с нуля)
[processor] InteractionNet: 12 шагов, агрегация 'mean'
[decoder] InteractionNet с признаками рёбер, скрытый размер 128
Encoder summary: 
+------------------------------------+-----------------------------------------+----------------+----------+
| Layer                              | Input Shape                             | Output Shape   | #Param   |
|------------------------------------+-----------------------------------------+----------------+----------|
| Model                              | [174733, 72], [2, 220450]               | [174733, 256]  | 875,010  |
| ├─(mlp)MLP                         |                                         | [174733, 256]  | 150,786  |
| │    └─(MLP)ModuleList             | --                                      | --             | 150,786  |
| │    │    └─(0)Linear              | [174733, 72]                            | [174733, 256]  | 18,688   |
| │    │    └─(1)PReLU               | [174733, 256]                           | [174733, 256]  | 1        |
| │    │    └─(2)Linear              | [174733, 256]                           | [174733, 256]  | 65,792   |
| │    │    └─(3)PReLU               | [174733, 256]                           | [174733, 256]  | 1        |
| │    │    └─(4)Linear              | [174733, 256]                           | [174733, 256]  | 65,792   |
| │    │    └─(5)LayerNorm           | [174733, 256]                           | [174733, 256]  | 512      |
| ├─(graph_layer)GraphLayer          |                                         | [174733, 256]  | 724,224  |
| │    └─(activation)SiLU            | [174733, 256]                           | [174733, 256]  | --       |
| │    └─(layers)ModuleList          | --                                      | --             | 197,376  |
| │    │    └─(0)GCNConv             | [174733, 256], [2, 220450]              | [174733, 256]  | 65,792   |
| │    │    └─(1)SiLU                | [174733, 256]                           | [174733, 256]  | --       |
| │    │    └─(2)GCNConv             | [174733, 256], [2, 220450]              | [174733, 256]  | 65,792   |
| │    │    └─(3)SiLU                | --                                      | --             | --       |
| │    │    └─(4)GCNConv             | [174733, 256], [2, 220450]              | [174733, 256]  | 65,792   |
| │    └─(refine)EdgeRefineLayer     | [174733, 256], [2, 220450], [220450, 4] | [174733, 256]  | 526,848  |
| │    │    └─(edge_embed)Sequential | [220450, 4]                             | [220450, 256]  | 67,072   |
| │    │    └─(message)Sequential    | [220450, 768]                           | [220450, 256]  | 262,656  |
| │    │    └─(update)Sequential     | [174733, 512]                           | [174733, 256]  | 197,120  |
+------------------------------------+-----------------------------------------+----------------+----------+

Processor summary: 
  (сводка не построена: RuntimeError: Expected all tensors to be on the same device, but found at least two devices, cuda:0 and cpu! (when checking argument for argument mat1 in method wrapper_CUDA_addmm))

Decoder summary: 
+-------------------------------------------+----------------------------+----------------+----------+
| Layer                                     | Input Shape                | Output Shape   | #Param   |
|-------------------------------------------+----------------------------+----------------+----------|
| Model                                     | [174733, 256], [2, 399837] | [174733, 33]   | 268,579  |
| ├─(mlp)MLP                                |                            | [174733, 128]  | 115,202  |
| │    └─(MLP)ModuleList                    | --                         | --             | 115,202  |
| │    │    └─(0)Linear                     | [174733, 256]              | [174733, 256]  | 65,792   |
| │    │    └─(1)PReLU                      | [174733, 256]              | [174733, 256]  | 1        |
| │    │    └─(2)Linear                     | [174733, 256]              | [174733, 128]  | 32,896   |
| │    │    └─(3)PReLU                      | [174733, 128]              | [174733, 128]  | 1        |
| │    │    └─(4)Linear                     | [174733, 128]              | [174733, 128]  | 16,512   |
| ├─(graph_layer)GraphLayer                 |                            | [174733, 33]   | 153,377  |
| │    └─(layers)InteractionNetDecoderLayer |                            | [174733, 33]   | 153,377  |
| │    │    └─(edge_embed)Sequential        | [399837, 4]                | [399837, 128]  | 17,152   |
| │    │    └─(message)Sequential           | [399837, 384]              | [399837, 128]  | 65,792   |
| │    │    └─(node_update)Sequential       | [174733, 256]              | [174733, 128]  | 49,408   |
| │    │    └─(norm)LayerNorm               | [174733, 128]              | [174733, 128]  | 256      |
| │    │    └─(out)Sequential               | [174733, 128]              | [174733, 33]   | 20,769   |
+-------------------------------------------+----------------------------+----------------+----------+

[AR-rollout] Модель выдаёт 1 шаг(ов), но мы прогоним 4 шагов авторегрессионно.
[static] Каналы [7, 8] — статика, carry-forward при AR
[forcing] Каналы [29, 30, 31, 32] — форсинг (из ground truth при AR)
[predict] device=cuda | grid=0x0 | 2000/1607 test samples
[Region] 2501 nodes (--region [50.0,60.0]N x [83.0,98.0]E)
[lat-weight] веса cos(широта): по сетке 0.010..1.573, по области 0.873..1.122
[clim] таблица: 6 каналов из 33 — ['t2m', '10u', '10v', 'msl', 't@850', 'z@500']
[clim] приведена к нормированным единицам набора
[clim] /workdir/graphcast-lite/docs/paper/runs/clim_wb2_nodes.npz: ACC считается против климатологии, а не против среднего по области
[clim] узлов прогона 2501 из 2501 в таблице
[metrics] Исключены из aggregate метрик: каналы [7, 8, 29, 30, 31, 32] (static+forcing)
[metrics] per-sample MSE будут сохранены в /workdir/paper_results/v_mesh_ref_roi_samples.npz
[Main] Инференс (2000 samples, DA=none)...
  [50/2000] RMSE=0.176003 ACC=0.9869
  [100/2000] RMSE=0.174802 ACC=0.9868
  [150/2000] RMSE=0.176704 ACC=0.9867
  [200/2000] RMSE=0.176306 ACC=0.9867
  [250/2000] RMSE=0.177220 ACC=0.9867
  [300/2000] RMSE=0.177813 ACC=0.9867
  [350/2000] RMSE=0.178244 ACC=0.9866
  [400/2000] RMSE=0.178927 ACC=0.9866
  [450/2000] RMSE=0.179454 ACC=0.9866
  [500/2000] RMSE=0.180059 ACC=0.9866
  [550/2000] RMSE=0.180035 ACC=0.9866
  [600/2000] RMSE=0.179862 ACC=0.9866
  [650/2000] RMSE=0.179822 ACC=0.9866
  [700/2000] RMSE=0.179789 ACC=0.9866
  [750/2000] RMSE=0.179723 ACC=0.9866
  [800/2000] RMSE=0.180302 ACC=0.9866
  [850/2000] RMSE=0.180257 ACC=0.9865
  [900/2000] RMSE=0.180158 ACC=0.9865
  [950/2000] RMSE=0.180577 ACC=0.9865
  [1000/2000] RMSE=0.180845 ACC=0.9865
  [1050/2000] RMSE=0.181183 ACC=0.9864
  [1100/2000] RMSE=0.181119 ACC=0.9864
  [1150/2000] RMSE=0.181004 ACC=0.9864
  [1200/2000] RMSE=0.181274 ACC=0.9864
  [1250/2000] RMSE=0.181190 ACC=0.9864
  [1300/2000] RMSE=0.181247 ACC=0.9864
  [1350/2000] RMSE=0.181412 ACC=0.9864
  [1400/2000] RMSE=0.181193 ACC=0.9864
  [1450/2000] RMSE=0.180824 ACC=0.9865
  [1500/2000] RMSE=0.180544 ACC=0.9865
  [1550/2000] RMSE=0.180386 ACC=0.9865
  [1600/2000] RMSE=0.180309 ACC=0.9865
[Save] per-sample metrics → /workdir/paper_results/v_mesh_ref_roi_samples.npz (N=1607, AR=4, C=33)

============================================================
=== Inference summary (1607 samples) ===
Grid: 0x0 (G=133279) | C=33 | AR=4 horizons
Overall: MSE=0.032509 | RMSE=0.180301 | MAE=0.082282
Baseline: RMSE=0.560366 | MAE=0.280469
Skill: 67.82%
ACC: 0.9865 | base: 0.8490 | Δ=+0.1374

Per-horizon:
  +06h: RMSE=0.131421 | base=0.382588 | skill=65.65% | ACC=0.9927 (base 0.9339)
  +12h: RMSE=0.164593 | base=0.531393 | skill=69.03% | ACC=0.9888 (base 0.8667)
  +18h: RMSE=0.196416 | base=0.616453 | skill=68.14% | ACC=0.9841 (base 0.8158)
  +24h: RMSE=0.217008 | base=0.668785 | skill=67.55% | ACC=0.9802 (base 0.7797)

Per-horizon per-channel RMSE (physical units):
         var   unit      +6h     +12h     +18h     +24h
         t2m      K    0.67°C    0.75°C    0.78°C    0.82°C
         10u    m/s     0.66     0.79     0.88     0.97
         10v    m/s     0.69     0.82     0.91     1.00
         msl    hPa     0.51     0.59     0.68     0.77
       t@850      K    0.54°C    0.65°C    0.72°C    0.78°C
       u@850    m/s     1.00     1.20     1.35     1.48
       v@850    m/s     1.02     1.22     1.36     1.49
       z@850    gpm      3.6      4.2      4.9      5.6
       z@500    gpm      4.1      4.9      5.8      6.8

Per-channel metrics overall (physical units, avg over 4 horizons):
    #        var      ACC  RMSE_norm    RMSE_phys     unit
    0        t2m   0.9991     0.0358       0.7571        K  (≈0.76 °C)
    1        10u   0.9876     0.1498       0.8336      m/s
    2        10v   0.9826     0.1810       0.8630      m/s
    3        msl   0.9985     0.0474       0.6415      hPa
    4         tp   0.8679     0.5980       0.0012        m
    5         sp   1.0000     0.0063       0.6012      hPa
    6       tcwv   0.9971     0.0885       1.4724    kg/m²
    7     z_surf   1.0000     0.0000       0.0000      gpm
    8        lsm   1.0000     0.0000       0.0000        -
    9      t@850   0.9989     0.0440       0.6816        K  (≈0.68 °C)
   10      u@850   0.9876     0.1541       1.2702      m/s
   11      v@850   0.9784     0.2043       1.2822      m/s
   12      z@850   0.9995     0.0302       4.6099      gpm
   13      q@850   0.9900     0.1656       0.0007    kg/kg
   14      t@500   0.9992     0.0411       0.5357        K  (≈0.54 °C)
   15      u@500   0.9902     0.1392       1.6747      m/s
   16      v@500   0.9825     0.1867       1.7187      m/s
   17      z@500   0.9999     0.0159       5.4844      gpm
   18      q@500   0.9754     0.2588       0.0003    kg/kg
   19      z@250   0.9999     0.0135       7.6416      gpm
   20      t@250   0.9966     0.0745       0.6451        K  (≈0.65 °C)
   21      u@250   0.9922     0.1295       2.3401      m/s
   22      v@250   0.9856     0.1780       2.3932      m/s
   23      q@250   0.9594     0.3428       0.0000    kg/kg
   24     z@1000   0.9987     0.0447       4.9799      gpm
   25     t@1000   0.9990     0.0382       0.6472        K  (≈0.65 °C)
   26     u@1000   0.9877     0.1495       0.9216      m/s
   27     v@1000   0.9828     0.1801       0.9573      m/s
   28     q@1000   0.9982     0.0684       0.0004    kg/kg
   29   sin_hour   0.0000     0.0000       0.0000        ?
   30   cos_hour   0.0000     0.0000       0.0000        ?
   31    sin_doy   0.0000     0.0000       0.0000        ?
   32    cos_doy   0.0000     0.0000       0.0000        ?

--- Region [50.0,60.0]N x [83.0,98.0]E (2501 nodes) ---
RMSE=0.097018 | base=0.429425 | skill=77.41%
ACC=0.9361 | base=0.5708

  Per-horizon (region):
    +06h: RMSE=0.079167 | base=0.271243 | skill=70.81% | ACC=0.9499 (base 0.7701)
    +12h: RMSE=0.091897 | base=0.399594 | skill=77.00% | ACC=0.9396 (base 0.5926)
    +18h: RMSE=0.101951 | base=0.476562 | skill=78.61% | ACC=0.9317 (base 0.4906)
    +24h: RMSE=0.111999 | base=0.526557 | skill=78.73% | ACC=0.9234 (base 0.4304)

  Per-horizon per-channel RMSE — REGION (2501 nodes):
           var   unit      +6h     +12h     +18h     +24h
           t2m      K    1.13°C    1.27°C    1.32°C    1.37°C
           10u    m/s     0.51     0.57     0.60     0.64
           10v    m/s     0.50     0.56     0.59     0.62
           msl    hPa     0.56     0.69     0.82     0.94
         t@850      K    0.56°C    0.68°C    0.76°C    0.82°C
         u@850    m/s     0.98     1.13     1.25     1.36
         v@850    m/s     0.95     1.07     1.17     1.26
         z@850    gpm      3.3      4.2      5.1      6.0
         z@500    gpm      4.0      5.1      6.2      7.4

  Per-channel region (physical units, avg over 4 horizons):
      #        var      ACC  RMSE_norm    RMSE_phys     unit
      0        t2m   0.9791     0.0604       1.2763        K  (≈1.28 °C)
      1        10u   0.9532     0.1048       0.5833      m/s
      2        10v   0.9457     0.1186       0.5655      m/s
      3        msl   0.9962     0.0564       0.7630      hPa
      4         tp   0.5039     0.0909       0.0002        m
      5         sp   1.0000     0.0068       0.6494      hPa
      6       tcwv   0.9658     0.0485       0.8072    kg/m²
      7     z_surf   1.0000     0.0000       0.0000      gpm
      8        lsm   1.0000     0.0000       0.0000        -
      9      t@850   0.9925     0.0459       0.7119        K  (≈0.71 °C)
     10      u@850   0.9602     0.1442       1.1887      m/s
     11      v@850   0.9318     0.1780       1.1174      m/s
     12      z@850   0.9915     0.0311       4.7387      gpm
     13      q@850   0.9039     0.0848       0.0004    kg/kg
     14      t@500   0.9730     0.0376       0.4906        K  (≈0.49 °C)
     15      u@500   0.9601     0.1349       1.6220      m/s
     16      v@500   0.9539     0.1728       1.5909      m/s
     17      z@500   0.9984     0.0168       5.8024      gpm
     18      q@500   0.9008     0.1319       0.0001    kg/kg
     19      z@250   0.9961     0.0142       8.0606      gpm
     20      t@250   0.9416     0.0795       0.6889        K  (≈0.69 °C)
     21      u@250   0.9664     0.1223       2.2097      m/s
     22      v@250   0.9636     0.1605       2.1572      m/s
     23      q@250   0.7774     0.0839       0.0000    kg/kg
     24     z@1000   0.9858     0.0505       5.6238      gpm
     25     t@1000   0.9751     0.0502       0.8496        K  (≈0.85 °C)
     26     u@1000   0.9191     0.0915       0.5642      m/s
     27     v@1000   0.9126     0.1012       0.5379      m/s
     28     q@1000   0.9280     0.0615       0.0004    kg/kg
     29   sin_hour   0.0000     0.0000       0.0000        ?
     30   cos_hour   0.0000     0.0000       0.0000        ?
     31    sin_doy   0.0000     0.0000       0.0000        ?
     32    cos_doy   0.0000     0.0000       0.0000        ?
============================================================
