[predict] data_dir=/data/datasets/multires_krsk_33f (chunked=True, pred_steps=4)
[ChunkDataset] склеиваем data.npy (19ch) + data_extra.npy (14ch) → 33ch
[ChunkDataset] train: 12853 samples, flat_nodes=133279, feat=33, obs=2, pred=4
[ChunkDataset] склеиваем data.npy (19ch) + data_extra.npy (14ch) → 33ch
[ChunkDataset] val: 1607 samples, flat_nodes=133279, feat=33, obs=2, pred=4
[ChunkDataset] склеиваем data.npy (19ch) + data_extra.npy (14ch) → 33ch
[ChunkDataset] val: 1607 samples, flat_nodes=133279, feat=33, obs=2, pred=4
[graph] сгущение меша над [50.0, 60.0, 83.0, 98.0] ×2: вершин 40962 → 42930
[graph] уровни меша [4, 6], признаки рёбер: legacy
[encoder] GCN + поправка сообщениями с признаками рёбер (с нуля)
[processor] InteractionNet: 12 шагов, агрегация 'mean', пересчёт активаций
[decoder] InteractionNet с признаками рёбер, скрытый размер 128
Encoder summary: 
+------------------------------------+-----------------------------------------+----------------+----------+
| Layer                              | Input Shape                             | Output Shape   | #Param   |
|------------------------------------+-----------------------------------------+----------------+----------|
| Model                              | [176209, 72], [2, 271214]               | [176209, 256]  | 875,010  |
| ├─(mlp)MLP                         |                                         | [176209, 256]  | 150,786  |
| │    └─(MLP)ModuleList             | --                                      | --             | 150,786  |
| │    │    └─(0)Linear              | [176209, 72]                            | [176209, 256]  | 18,688   |
| │    │    └─(1)PReLU               | [176209, 256]                           | [176209, 256]  | 1        |
| │    │    └─(2)Linear              | [176209, 256]                           | [176209, 256]  | 65,792   |
| │    │    └─(3)PReLU               | [176209, 256]                           | [176209, 256]  | 1        |
| │    │    └─(4)Linear              | [176209, 256]                           | [176209, 256]  | 65,792   |
| │    │    └─(5)LayerNorm           | [176209, 256]                           | [176209, 256]  | 512      |
| ├─(graph_layer)GraphLayer          |                                         | [176209, 256]  | 724,224  |
| │    └─(activation)SiLU            | [176209, 256]                           | [176209, 256]  | --       |
| │    └─(layers)ModuleList          | --                                      | --             | 197,376  |
| │    │    └─(0)GCNConv             | [176209, 256], [2, 271214]              | [176209, 256]  | 65,792   |
| │    │    └─(1)SiLU                | [176209, 256]                           | [176209, 256]  | --       |
| │    │    └─(2)GCNConv             | [176209, 256], [2, 271214]              | [176209, 256]  | 65,792   |
| │    │    └─(3)SiLU                | --                                      | --             | --       |
| │    │    └─(4)GCNConv             | [176209, 256], [2, 271214]              | [176209, 256]  | 65,792   |
| │    └─(refine)EdgeRefineLayer     | [176209, 256], [2, 271214], [271214, 4] | [176209, 256]  | 526,848  |
| │    │    └─(edge_embed)Sequential | [271214, 4]                             | [271214, 256]  | 67,072   |
| │    │    └─(message)Sequential    | [271214, 768]                           | [271214, 256]  | 262,656  |
| │    │    └─(update)Sequential     | [176209, 512]                           | [176209, 256]  | 197,120  |
+------------------------------------+-----------------------------------------+----------------+----------+

Processor summary: 
  (сводка не построена: RuntimeError: Expected all tensors to be on the same device, but found at least two devices, cuda:0 and cpu! (when checking argument for argument mat1 in method wrapper_CUDA_addmm))

Decoder summary: 
+-------------------------------------------+----------------------------+----------------+----------+
| Layer                                     | Input Shape                | Output Shape   | #Param   |
|-------------------------------------------+----------------------------+----------------+----------|
| Model                                     | [176209, 256], [2, 399837] | [176209, 33]   | 268,579  |
| ├─(mlp)MLP                                |                            | [176209, 128]  | 115,202  |
| │    └─(MLP)ModuleList                    | --                         | --             | 115,202  |
| │    │    └─(0)Linear                     | [176209, 256]              | [176209, 256]  | 65,792   |
| │    │    └─(1)PReLU                      | [176209, 256]              | [176209, 256]  | 1        |
| │    │    └─(2)Linear                     | [176209, 256]              | [176209, 128]  | 32,896   |
| │    │    └─(3)PReLU                      | [176209, 128]              | [176209, 128]  | 1        |
| │    │    └─(4)Linear                     | [176209, 128]              | [176209, 128]  | 16,512   |
| ├─(graph_layer)GraphLayer                 |                            | [176209, 33]   | 153,377  |
| │    └─(layers)InteractionNetDecoderLayer |                            | [176209, 33]   | 153,377  |
| │    │    └─(edge_embed)Sequential        | [399837, 4]                | [399837, 128]  | 17,152   |
| │    │    └─(message)Sequential           | [399837, 384]              | [399837, 128]  | 65,792   |
| │    │    └─(node_update)Sequential       | [176209, 256]              | [176209, 128]  | 49,408   |
| │    │    └─(norm)LayerNorm               | [176209, 128]              | [176209, 128]  | 256      |
| │    │    └─(out)Sequential               | [176209, 128]              | [176209, 33]   | 20,769   |
+-------------------------------------------+----------------------------+----------------+----------+

[AR-rollout] Модель выдаёт 1 шаг(ов), но мы прогоним 4 шагов авторегрессионно.
[static] Каналы [7, 8] — статика, carry-forward при AR
[forcing] Каналы [29, 30, 31, 32] — форсинг (из ground truth при AR)
[predict] device=cuda | grid=0x0 | 2000/1607 test samples
[Region] 2501 nodes (--region [50.0,60.0]N x [83.0,98.0]E)
[lat-weight] веса cos(широта): по сетке 0.010..1.573, по области 0.873..1.122
[clim] таблица: 6 каналов из 33 — ['t2m', '10u', '10v', 'msl', 't@850', 'z@500']
[clim] приведена к нормированным единицам набора
[clim] /workdir/graphcast-lite/docs/paper/runs/clim_wb2_nodes.npz: ACC считается против климатологии, а не против среднего по области
[clim] узлов прогона 2501 из 2501 в таблице
[metrics] Исключены из aggregate метрик: каналы [7, 8, 29, 30, 31, 32] (static+forcing)
[metrics] per-sample MSE будут сохранены в /workdir/paper_results/v_mesh_ref2_roi_samples.npz
[Main] Инференс (2000 samples, DA=none)...
  [50/2000] RMSE=0.176631 ACC=0.9868
  [100/2000] RMSE=0.175320 ACC=0.9867
  [150/2000] RMSE=0.177233 ACC=0.9866
  [200/2000] RMSE=0.176823 ACC=0.9866
  [250/2000] RMSE=0.177733 ACC=0.9866
  [300/2000] RMSE=0.178317 ACC=0.9866
  [350/2000] RMSE=0.178740 ACC=0.9865
  [400/2000] RMSE=0.179429 ACC=0.9865
  [450/2000] RMSE=0.179953 ACC=0.9865
  [500/2000] RMSE=0.180559 ACC=0.9865
  [550/2000] RMSE=0.180542 ACC=0.9865
  [600/2000] RMSE=0.180366 ACC=0.9865
  [650/2000] RMSE=0.180333 ACC=0.9865
  [700/2000] RMSE=0.180299 ACC=0.9865
  [750/2000] RMSE=0.180231 ACC=0.9865
  [800/2000] RMSE=0.180812 ACC=0.9865
  [850/2000] RMSE=0.180762 ACC=0.9864
  [900/2000] RMSE=0.180663 ACC=0.9864
  [950/2000] RMSE=0.181079 ACC=0.9864
  [1000/2000] RMSE=0.181345 ACC=0.9864
  [1050/2000] RMSE=0.181682 ACC=0.9863
  [1100/2000] RMSE=0.181615 ACC=0.9863
  [1150/2000] RMSE=0.181497 ACC=0.9863
  [1200/2000] RMSE=0.181765 ACC=0.9863
  [1250/2000] RMSE=0.181680 ACC=0.9863
  [1300/2000] RMSE=0.181735 ACC=0.9863
  [1350/2000] RMSE=0.181898 ACC=0.9863
  [1400/2000] RMSE=0.181679 ACC=0.9863
  [1450/2000] RMSE=0.181309 ACC=0.9864
  [1500/2000] RMSE=0.181029 ACC=0.9864
  [1550/2000] RMSE=0.180872 ACC=0.9864
  [1600/2000] RMSE=0.180794 ACC=0.9864
[Save] per-sample metrics → /workdir/paper_results/v_mesh_ref2_roi_samples.npz (N=1607, AR=4, C=33)

============================================================
=== Inference summary (1607 samples) ===
Grid: 0x0 (G=133279) | C=33 | AR=4 horizons
Overall: MSE=0.032684 | RMSE=0.180786 | MAE=0.082649
Baseline: RMSE=0.560366 | MAE=0.280469
Skill: 67.74%
ACC: 0.9864 | base: 0.8490 | Δ=+0.1373

Per-horizon:
  +06h: RMSE=0.131946 | base=0.382588 | skill=65.51% | ACC=0.9927 (base 0.9339)
  +12h: RMSE=0.165109 | base=0.531393 | skill=68.93% | ACC=0.9887 (base 0.8667)
  +18h: RMSE=0.196893 | base=0.616453 | skill=68.06% | ACC=0.9839 (base 0.8158)
  +24h: RMSE=0.217479 | base=0.668785 | skill=67.48% | ACC=0.9801 (base 0.7797)

Per-horizon per-channel RMSE (physical units):
         var   unit      +6h     +12h     +18h     +24h
         t2m      K    0.67°C    0.75°C    0.79°C    0.83°C
         10u    m/s     0.67     0.79     0.89     0.97
         10v    m/s     0.69     0.82     0.92     1.01
         msl    hPa     0.51     0.59     0.68     0.77
       t@850      K    0.55°C    0.66°C    0.73°C    0.79°C
       u@850    m/s     1.01     1.21     1.35     1.48
       v@850    m/s     1.03     1.22     1.36     1.49
       z@850    gpm      3.6      4.2      4.9      5.6
       z@500    gpm      4.1      4.9      5.9      6.8

Per-channel metrics overall (physical units, avg over 4 horizons):
    #        var      ACC  RMSE_norm    RMSE_phys     unit
    0        t2m   0.9991     0.0360       0.7600        K  (≈0.76 °C)
    1        10u   0.9875     0.1504       0.8370      m/s
    2        10v   0.9824     0.1816       0.8661      m/s
    3        msl   0.9984     0.0477       0.6462      hPa
    4         tp   0.8674     0.5990       0.0012        m
    5         sp   1.0000     0.0064       0.6072      hPa
    6       tcwv   0.9971     0.0888       1.4775    kg/m²
    7     z_surf   1.0000     0.0000       0.0000      gpm
    8        lsm   1.0000     0.0000       0.0000        -
    9      t@850   0.9989     0.0442       0.6847        K  (≈0.68 °C)
   10      u@850   0.9875     0.1547       1.2753      m/s
   11      v@850   0.9782     0.2052       1.2882      m/s
   12      z@850   0.9994     0.0305       4.6498      gpm
   13      q@850   0.9899     0.1661       0.0007    kg/kg
   14      t@500   0.9991     0.0413       0.5387        K  (≈0.54 °C)
   15      u@500   0.9900     0.1399       1.6826      m/s
   16      v@500   0.9822     0.1876       1.7276      m/s
   17      z@500   0.9998     0.0160       5.5240      gpm
   18      q@500   0.9753     0.2594       0.0003    kg/kg
   19      z@250   0.9999     0.0135       7.6932      gpm
   20      t@250   0.9965     0.0749       0.6488        K  (≈0.65 °C)
   21      u@250   0.9921     0.1301       2.3514      m/s
   22      v@250   0.9855     0.1789       2.4046      m/s
   23      q@250   0.9593     0.3432       0.0000    kg/kg
   24     z@1000   0.9987     0.0451       5.0206      gpm
   25     t@1000   0.9990     0.0384       0.6495        K  (≈0.65 °C)
   26     u@1000   0.9876     0.1502       0.9256      m/s
   27     v@1000   0.9826     0.1809       0.9616      m/s
   28     q@1000   0.9982     0.0686       0.0004    kg/kg
   29   sin_hour   0.0000     0.0000       0.0000        ?
   30   cos_hour   0.0000     0.0000       0.0000        ?
   31    sin_doy   0.0000     0.0000       0.0000        ?
   32    cos_doy   0.0000     0.0000       0.0000        ?

--- Region [50.0,60.0]N x [83.0,98.0]E (2501 nodes) ---
RMSE=0.099093 | base=0.429425 | skill=76.92%
ACC=0.9342 | base=0.5708

  Per-horizon (region):
    +06h: RMSE=0.081536 | base=0.271243 | skill=69.94% | ACC=0.9481 (base 0.7701)
    +12h: RMSE=0.094262 | base=0.399594 | skill=76.41% | ACC=0.9375 (base 0.5926)
    +18h: RMSE=0.103960 | base=0.476562 | skill=78.19% | ACC=0.9296 (base 0.4906)
    +24h: RMSE=0.113738 | base=0.526557 | skill=78.40% | ACC=0.9215 (base 0.4304)

  Per-horizon per-channel RMSE — REGION (2501 nodes):
           var   unit      +6h     +12h     +18h     +24h
           t2m      K    1.13°C    1.29°C    1.33°C    1.38°C
           10u    m/s     0.52     0.58     0.61     0.65
           10v    m/s     0.50     0.56     0.59     0.62
           msl    hPa     0.58     0.70     0.84     0.96
         t@850      K    0.57°C    0.69°C    0.77°C    0.83°C
         u@850    m/s     1.01     1.16     1.27     1.38
         v@850    m/s     0.97     1.10     1.19     1.27
         z@850    gpm      3.4      4.3      5.2      6.1
         z@500    gpm      4.1      5.2      6.3      7.6

  Per-channel region (physical units, avg over 4 horizons):
      #        var      ACC  RMSE_norm    RMSE_phys     unit
      0        t2m   0.9788     0.0609       1.2865        K  (≈1.29 °C)
      1        10u   0.9519     0.1062       0.5910      m/s
      2        10v   0.9447     0.1196       0.5703      m/s
      3        msl   0.9960     0.0577       0.7813      hPa
      4         tp   0.4989     0.0909       0.0002        m
      5         sp   1.0000     0.0070       0.6678      hPa
      6       tcwv   0.9640     0.0494       0.8224    kg/m²
      7     z_surf   1.0000     0.0000       0.0000      gpm
      8        lsm   1.0000     0.0000       0.0000        -
      9      t@850   0.9923     0.0465       0.7213        K  (≈0.72 °C)
     10      u@850   0.9588     0.1471       1.2122      m/s
     11      v@850   0.9292     0.1813       1.1381      m/s
     12      z@850   0.9911     0.0319       4.8584      gpm
     13      q@850   0.8992     0.0861       0.0004    kg/kg
     14      t@500   0.9716     0.0388       0.5063        K  (≈0.51 °C)
     15      u@500   0.9580     0.1389       1.6705      m/s
     16      v@500   0.9510     0.1779       1.6378      m/s
     17      z@500   0.9983     0.0172       5.9417      gpm
     18      q@500   0.8948     0.1346       0.0002    kg/kg
     19      z@250   0.9959     0.0146       8.2687      gpm
     20      t@250   0.9377     0.0816       0.7068        K  (≈0.71 °C)
     21      u@250   0.9643     0.1260       2.2778      m/s
     22      v@250   0.9612     0.1653       2.2220      m/s
     23      q@250   0.7693     0.0861       0.0000    kg/kg
     24     z@1000   0.9852     0.0517       5.7579      gpm
     25     t@1000   0.9747     0.0507       0.8582        K  (≈0.86 °C)
     26     u@1000   0.9176     0.0931       0.5735      m/s
     27     v@1000   0.9117     0.1026       0.5453      m/s
     28     q@1000   0.9267     0.0622       0.0004    kg/kg
     29   sin_hour   0.0000     0.0000       0.0000        ?
     30   cos_hour   0.0000     0.0000       0.0000        ?
     31    sin_doy   0.0000     0.0000       0.0000        ?
     32    cos_doy   0.0000     0.0000       0.0000        ?
============================================================
