[predict] data_dir=/data/datasets/multires_krsk_19f_merge (chunked=True, pred_steps=4)
[ChunkDataset] train: 12853 samples, flat_nodes=133279, feat=19, obs=2, pred=4
[ChunkDataset] val: 1607 samples, flat_nodes=133279, feat=19, obs=2, pred=4
[ChunkDataset] test_only: 1607 samples, flat_nodes=133279, feat=19, obs=2, pred=4
[graph] уровни меша [4, 6], признаки рёбер: legacy
[processor] InteractionNet: 12 шагов, агрегация 'mean'
Encoder summary: 
+---------------------------+----------------------------+----------------+----------+
| Layer                     | Input Shape                | Output Shape   | #Param   |
|---------------------------+----------------------------+----------------+----------|
| Model                     | [174241, 44], [2, 207099]  | [174241, 256]  | 340,994  |
| ├─(mlp)MLP                |                            | [174241, 256]  | 143,618  |
| │    └─(MLP)ModuleList    | --                         | --             | 143,618  |
| │    │    └─(0)Linear     | [174241, 44]               | [174241, 256]  | 11,520   |
| │    │    └─(1)PReLU      | [174241, 256]              | [174241, 256]  | 1        |
| │    │    └─(2)Linear     | [174241, 256]              | [174241, 256]  | 65,792   |
| │    │    └─(3)PReLU      | [174241, 256]              | [174241, 256]  | 1        |
| │    │    └─(4)Linear     | [174241, 256]              | [174241, 256]  | 65,792   |
| │    │    └─(5)LayerNorm  | [174241, 256]              | [174241, 256]  | 512      |
| ├─(graph_layer)GraphLayer |                            | [174241, 256]  | 197,376  |
| │    └─(activation)SiLU   | [174241, 256]              | [174241, 256]  | --       |
| │    └─(layers)ModuleList | --                         | --             | 197,376  |
| │    │    └─(0)GCNConv    | [174241, 256], [2, 207099] | [174241, 256]  | 65,792   |
| │    │    └─(1)SiLU       | [174241, 256]              | [174241, 256]  | --       |
| │    │    └─(2)GCNConv    | [174241, 256], [2, 207099] | [174241, 256]  | 65,792   |
| │    │    └─(3)SiLU       | --                         | --             | --       |
| │    │    └─(4)GCNConv    | [174241, 256], [2, 207099] | [174241, 256]  | 65,792   |
+---------------------------+----------------------------+----------------+----------+

Processor summary: 
  (сводка не построена: RuntimeError: Expected all tensors to be on the same device, but found at least two devices, cuda:0 and cpu! (when checking argument for argument mat1 in method wrapper_CUDA_addmm))

Decoder summary: 
+---------------------------+----------------------------+----------------+----------+
| Layer                     | Input Shape                | Output Shape   | #Param   |
|---------------------------+----------------------------+----------------+----------|
| Model                     | [174241, 256], [2, 399837] | [174241, 19]   | 150,677  |
| ├─(mlp)MLP                |                            | [174241, 128]  | 115,202  |
| │    └─(MLP)ModuleList    | --                         | --             | 115,202  |
| │    │    └─(0)Linear     | [174241, 256]              | [174241, 256]  | 65,792   |
| │    │    └─(1)PReLU      | [174241, 256]              | [174241, 256]  | 1        |
| │    │    └─(2)Linear     | [174241, 256]              | [174241, 128]  | 32,896   |
| │    │    └─(3)PReLU      | [174241, 128]              | [174241, 128]  | 1        |
| │    │    └─(4)Linear     | [174241, 128]              | [174241, 128]  | 16,512   |
| ├─(graph_layer)GraphLayer |                            | [174241, 19]   | 35,475   |
| │    └─(activation)SiLU   | [174241, 128]              | [174241, 128]  | --       |
| │    └─(layers)ModuleList | --                         | --             | 35,475   |
| │    │    └─(0)GCNConv    | [174241, 128], [2, 399837] | [174241, 128]  | 16,512   |
| │    │    └─(1)SiLU       | [174241, 128]              | [174241, 128]  | --       |
| │    │    └─(2)GCNConv    | [174241, 128], [2, 399837] | [174241, 128]  | 16,512   |
| │    │    └─(3)SiLU       | --                         | --             | --       |
| │    │    └─(4)GCNConv    | [174241, 128], [2, 399837] | [174241, 19]   | 2,451    |
+---------------------------+----------------------------+----------------+----------+

[AR-rollout] Модель выдаёт 1 шаг(ов), но мы прогоним 4 шагов авторегрессионно.
[predict] device=cuda | grid=0x0 | 2000/1607 test samples
[Region] 2501 nodes (--region [50.0,60.0]N x [83.0,98.0]E)
[lat-weight] веса cos(широта): по сетке 0.010..1.573, по области 0.873..1.122
[clim] коэффициенты из /data/paper_heavy/clim_coef_krsk.npz: ACC считается против климатологии, а не против среднего по области
[metrics] per-sample MSE будут сохранены в /workdir/paper_results/w_m19_roi_samples.npz
[Main] Инференс (2000 samples, DA=none)...
  [50/2000] RMSE=0.208069 ACC=0.8623
  [100/2000] RMSE=0.202140 ACC=0.8617
  [150/2000] RMSE=0.206648 ACC=0.8613
  [200/2000] RMSE=0.207183 ACC=0.8612
  [250/2000] RMSE=0.207103 ACC=0.8616
  [300/2000] RMSE=0.207271 ACC=0.8614
  [350/2000] RMSE=0.207908 ACC=0.8613
  [400/2000] RMSE=0.208086 ACC=0.8610
  [450/2000] RMSE=0.208222 ACC=0.8608
  [500/2000] RMSE=0.207474 ACC=0.8606
  [550/2000] RMSE=0.207124 ACC=0.8604
  [600/2000] RMSE=0.206892 ACC=0.8602
  [650/2000] RMSE=0.206863 ACC=0.8600
  [700/2000] RMSE=0.207258 ACC=0.8598
  [750/2000] RMSE=0.207884 ACC=0.8597
  [800/2000] RMSE=0.207531 ACC=0.8594
  [850/2000] RMSE=0.207465 ACC=0.8592
  [900/2000] RMSE=0.207182 ACC=0.8591
  [950/2000] RMSE=0.206904 ACC=0.8590
  [1000/2000] RMSE=0.206581 ACC=0.8588
  [1050/2000] RMSE=0.206536 ACC=0.8587
  [1100/2000] RMSE=0.206449 ACC=0.8587
  [1150/2000] RMSE=0.206371 ACC=0.8587
  [1200/2000] RMSE=0.206083 ACC=0.8586
  [1250/2000] RMSE=0.205594 ACC=0.8586
  [1300/2000] RMSE=0.205334 ACC=0.8586
  [1350/2000] RMSE=0.204934 ACC=0.8587
  [1400/2000] RMSE=0.204927 ACC=0.8587
  [1450/2000] RMSE=0.204648 ACC=0.8587
  [1500/2000] RMSE=0.204483 ACC=0.8587
  [1550/2000] RMSE=0.204219 ACC=0.8587
  [1600/2000] RMSE=0.203957 ACC=0.8587
[Save] per-sample metrics → /workdir/paper_results/w_m19_roi_samples.npz (N=1607, AR=4, C=19)

============================================================
=== Inference summary (1607 samples) ===
Grid: 0x0 (G=133279) | C=19 | AR=4 horizons
Overall: MSE=0.041584 | RMSE=0.203920 | MAE=0.083746
Baseline: RMSE=0.552660 | MAE=0.249702
Skill: 63.10%
ACC: 0.8587 | base: 0.6992 | Δ=+0.1595

Per-horizon:
  +06h: RMSE=0.137668 | base=0.388460 | skill=64.56% | ACC=0.8780 (base 0.8613)
  +12h: RMSE=0.179325 | base=0.529011 | skill=66.10% | ACC=0.8660 (base 0.7321)
  +18h: RMSE=0.224707 | base=0.605323 | skill=62.88% | ACC=0.8515 (base 0.6358)
  +24h: RMSE=0.254422 | base=0.651586 | skill=60.95% | ACC=0.8388 (base 0.5704)

Per-horizon per-channel RMSE (physical units):
         var   unit      +6h     +12h     +18h     +24h
         t2m      K    0.78°C    0.90°C    0.98°C    1.04°C
         10u    m/s     0.72     0.87     1.00     1.13
         10v    m/s     0.74     0.89     1.03     1.16
         msl    hPa     0.60     0.77     0.98     1.19
       t@850      K    0.62°C    0.76°C    0.86°C    0.94°C
       u@850    m/s     1.06     1.31     1.51     1.71
       v@850    m/s     1.06     1.30     1.51     1.71
       z@850    gpm      5.0      6.0      8.1      9.5
       z@500    gpm      5.5      7.3     10.0     12.3

Per-channel metrics overall (physical units, avg over 4 horizons):
    #        var      ACC  RMSE_norm    RMSE_phys     unit
    0        t2m   0.9429     0.0440       0.9306        K  (≈0.93 °C)
    1        10u   0.9705     0.1692       0.9415      m/s
    2        10v   0.9704     0.2032       0.9690      m/s
    3        msl   0.9923     0.0673       0.9113      hPa
    4         tp   0.8186     0.6481       0.0013        m
    5         sp   0.9891     0.0110       1.0534      hPa
    6       tcwv   0.9633     0.1040       1.7296    kg/m²
    7     z_surf   0.0014     0.0034       2.8849      gpm
    8        lsm   0.0078     0.0038       0.0017        -
    9      t@850   0.9736     0.0519       0.8052        K  (≈0.81 °C)
   10      u@850   0.9697     0.1722       1.4192      m/s
   11      v@850   0.9674     0.2254       1.4147      m/s
   12      z@850   0.9919     0.0485       7.3961      gpm
   13      q@850   0.9165     0.1829       0.0008    kg/kg
   14      t@500   0.9766     0.0532       0.6942        K  (≈0.69 °C)
   15      u@500   0.9728     0.1650       1.9849      m/s
   16      v@500   0.9711     0.2190       2.0160      m/s
   17      z@500   0.9941     0.0266       9.1494      gpm
   18      q@500   0.9256     0.2915       0.0003    kg/kg

--- Region [50.0,60.0]N x [83.0,98.0]E (2501 nodes) ---
RMSE=0.121553 | base=0.394253 | skill=69.17%
ACC=0.8494 | base=0.6733

  Per-horizon (region):
    +06h: RMSE=0.096207 | base=0.258328 | skill=62.76% | ACC=0.8643 (base 0.8337)
    +12h: RMSE=0.113842 | base=0.370930 | skill=69.31% | ACC=0.8542 (base 0.6995)
    +18h: RMSE=0.128362 | base=0.436356 | skill=70.58% | ACC=0.8451 (base 0.6103)
    +24h: RMSE=0.142858 | base=0.476458 | skill=70.02% | ACC=0.8355 (base 0.5509)

  Per-horizon per-channel RMSE — REGION (2501 nodes):
           var   unit      +6h     +12h     +18h     +24h
           t2m      K    1.41°C    1.67°C    1.75°C    1.85°C
           10u    m/s     0.61     0.70     0.76     0.81
           10v    m/s     0.60     0.69     0.74     0.78
           msl    hPa     0.74     1.01     1.29     1.55
         t@850      K    0.78°C    0.97°C    1.08°C    1.17°C
         u@850    m/s     1.24     1.46     1.64     1.80
         v@850    m/s     1.13     1.31     1.45     1.59
         z@850    gpm      4.4      6.8      9.2     11.4
         z@500    gpm      5.9      8.2     11.1     13.7

  Per-channel region (physical units, avg over 4 horizons):
      #        var      ACC  RMSE_norm    RMSE_phys     unit
      0        t2m   0.9626     0.0795       1.6796        K  (≈1.68 °C)
      1        10u   0.9343     0.1297       0.7218      m/s
      2        10v   0.9124     0.1481       0.7064      m/s
      3        msl   0.9915     0.0876       1.1861      hPa
      4         tp   0.5793     0.1225       0.0002        m
      5         sp   0.9889     0.0125       1.1932      hPa
      6       tcwv   0.9558     0.0639       1.0635    kg/m²
      7     z_surf   0.0074     0.0028       2.3303      gpm
      8        lsm   0.1679     0.0036       0.0017        -
      9      t@850   0.9824     0.0652       1.0116        K  (≈1.01 °C)
     10      u@850   0.9612     0.1877       1.5476      m/s
     11      v@850   0.9525     0.2205       1.3841      m/s
     12      z@850   0.9909     0.0549       8.3663      gpm
     13      q@850   0.9120     0.1061       0.0004    kg/kg
     14      t@500   0.9884     0.0524       0.6835        K  (≈0.68 °C)
     15      u@500   0.9775     0.1716       2.0633      m/s
     16      v@500   0.9785     0.2216       2.0403      m/s
     17      z@500   0.9948     0.0295      10.1651      gpm
     18      q@500   0.8992     0.1554       0.0002    kg/kg
============================================================
