[predict] data_dir=/data/datasets/multires_krsk_33f (chunked=True, pred_steps=4)
[ChunkDataset] склеиваем data.npy (19ch) + data_extra.npy (14ch) → 33ch
[ChunkDataset] train: 12853 samples, flat_nodes=133279, feat=33, obs=2, pred=4
[ChunkDataset] склеиваем data.npy (19ch) + data_extra.npy (14ch) → 33ch
[ChunkDataset] val: 1607 samples, flat_nodes=133279, feat=33, obs=2, pred=4
[ChunkDataset] склеиваем data.npy (19ch) + data_extra.npy (14ch) → 33ch
[ChunkDataset] test_only: 1607 samples, flat_nodes=133279, feat=33, obs=2, pred=4
[graph] уровни меша [4, 6], признаки рёбер: legacy
[processor] InteractionNet: 12 шагов, агрегация 'mean'
Encoder summary: 
+---------------------------+----------------------------+----------------+----------+
| Layer                     | Input Shape                | Output Shape   | #Param   |
|---------------------------+----------------------------+----------------+----------|
| Model                     | [174241, 72], [2, 207099]  | [174241, 256]  | 348,162  |
| ├─(mlp)MLP                |                            | [174241, 256]  | 150,786  |
| │    └─(MLP)ModuleList    | --                         | --             | 150,786  |
| │    │    └─(0)Linear     | [174241, 72]               | [174241, 256]  | 18,688   |
| │    │    └─(1)PReLU      | [174241, 256]              | [174241, 256]  | 1        |
| │    │    └─(2)Linear     | [174241, 256]              | [174241, 256]  | 65,792   |
| │    │    └─(3)PReLU      | [174241, 256]              | [174241, 256]  | 1        |
| │    │    └─(4)Linear     | [174241, 256]              | [174241, 256]  | 65,792   |
| │    │    └─(5)LayerNorm  | [174241, 256]              | [174241, 256]  | 512      |
| ├─(graph_layer)GraphLayer |                            | [174241, 256]  | 197,376  |
| │    └─(activation)SiLU   | [174241, 256]              | [174241, 256]  | --       |
| │    └─(layers)ModuleList | --                         | --             | 197,376  |
| │    │    └─(0)GCNConv    | [174241, 256], [2, 207099] | [174241, 256]  | 65,792   |
| │    │    └─(1)SiLU       | [174241, 256]              | [174241, 256]  | --       |
| │    │    └─(2)GCNConv    | [174241, 256], [2, 207099] | [174241, 256]  | 65,792   |
| │    │    └─(3)SiLU       | --                         | --             | --       |
| │    │    └─(4)GCNConv    | [174241, 256], [2, 207099] | [174241, 256]  | 65,792   |
+---------------------------+----------------------------+----------------+----------+

Processor summary: 
  (сводка не построена: RuntimeError: Expected all tensors to be on the same device, but found at least two devices, cuda:0 and cpu! (when checking argument for argument mat1 in method wrapper_CUDA_addmm))

Decoder summary: 
+---------------------------+----------------------------+----------------+----------+
| Layer                     | Input Shape                | Output Shape   | #Param   |
|---------------------------+----------------------------+----------------+----------|
| Model                     | [174241, 256], [2, 399837] | [174241, 33]   | 152,483  |
| ├─(mlp)MLP                |                            | [174241, 128]  | 115,202  |
| │    └─(MLP)ModuleList    | --                         | --             | 115,202  |
| │    │    └─(0)Linear     | [174241, 256]              | [174241, 256]  | 65,792   |
| │    │    └─(1)PReLU      | [174241, 256]              | [174241, 256]  | 1        |
| │    │    └─(2)Linear     | [174241, 256]              | [174241, 128]  | 32,896   |
| │    │    └─(3)PReLU      | [174241, 128]              | [174241, 128]  | 1        |
| │    │    └─(4)Linear     | [174241, 128]              | [174241, 128]  | 16,512   |
| ├─(graph_layer)GraphLayer |                            | [174241, 33]   | 37,281   |
| │    └─(activation)SiLU   | [174241, 128]              | [174241, 128]  | --       |
| │    └─(layers)ModuleList | --                         | --             | 37,281   |
| │    │    └─(0)GCNConv    | [174241, 128], [2, 399837] | [174241, 128]  | 16,512   |
| │    │    └─(1)SiLU       | [174241, 128]              | [174241, 128]  | --       |
| │    │    └─(2)GCNConv    | [174241, 128], [2, 399837] | [174241, 128]  | 16,512   |
| │    │    └─(3)SiLU       | --                         | --             | --       |
| │    │    └─(4)GCNConv    | [174241, 128], [2, 399837] | [174241, 33]   | 4,257    |
+---------------------------+----------------------------+----------------+----------+

[AR-rollout] Модель выдаёт 1 шаг(ов), но мы прогоним 4 шагов авторегрессионно.
[static] Каналы [7, 8] — статика, carry-forward при AR
[forcing] Каналы [29, 30, 31, 32] — форсинг (из ground truth при AR)
[predict] device=cuda | grid=0x0 | 2000/1607 test samples
[Region] 45 nodes (--region [55.5,56.5]N x [92.0,94.0]E)
[lat-weight] веса cos(широта): по сетке 0.010..1.573, по области 0.987..1.013
[clim] коэффициенты из /data/paper_heavy/clim_coef_krsk.npz: ACC считается против климатологии, а не против среднего по области
[metrics] Исключены из aggregate метрик: каналы [7, 8, 29, 30, 31, 32] (static+forcing)
[metrics] per-sample MSE будут сохранены в /workdir/paper_results/w_m33_chw_inner_samples.npz
[Main] Инференс (2000 samples, DA=none)...
  [50/2000] RMSE=0.191576 ACC=0.9696
  [100/2000] RMSE=0.186227 ACC=0.9690
  [150/2000] RMSE=0.190117 ACC=0.9686
  [200/2000] RMSE=0.190834 ACC=0.9684
  [250/2000] RMSE=0.191443 ACC=0.9688
  [300/2000] RMSE=0.191657 ACC=0.9687
  [350/2000] RMSE=0.192292 ACC=0.9686
  [400/2000] RMSE=0.192494 ACC=0.9685
  [450/2000] RMSE=0.192540 ACC=0.9685
  [500/2000] RMSE=0.191883 ACC=0.9684
  [550/2000] RMSE=0.191639 ACC=0.9683
  [600/2000] RMSE=0.191497 ACC=0.9682
  [650/2000] RMSE=0.191474 ACC=0.9680
  [700/2000] RMSE=0.191878 ACC=0.9678
  [750/2000] RMSE=0.192460 ACC=0.9677
  [800/2000] RMSE=0.192170 ACC=0.9675
  [850/2000] RMSE=0.192217 ACC=0.9673
  [900/2000] RMSE=0.192031 ACC=0.9671
  [950/2000] RMSE=0.191889 ACC=0.9670
  [1000/2000] RMSE=0.191676 ACC=0.9668
  [1050/2000] RMSE=0.191822 ACC=0.9666
  [1100/2000] RMSE=0.191841 ACC=0.9666
  [1150/2000] RMSE=0.191781 ACC=0.9666
  [1200/2000] RMSE=0.191504 ACC=0.9665
  [1250/2000] RMSE=0.191082 ACC=0.9665
  [1300/2000] RMSE=0.190790 ACC=0.9665
  [1350/2000] RMSE=0.190411 ACC=0.9666
  [1400/2000] RMSE=0.190300 ACC=0.9666
  [1450/2000] RMSE=0.190003 ACC=0.9666
  [1500/2000] RMSE=0.189791 ACC=0.9666
  [1550/2000] RMSE=0.189502 ACC=0.9666
  [1600/2000] RMSE=0.189246 ACC=0.9666
[Save] per-sample metrics → /workdir/paper_results/w_m33_chw_inner_samples.npz (N=1607, AR=4, C=33)

============================================================
=== Inference summary (1607 samples) ===
Grid: 0x0 (G=133279) | C=33 | AR=4 horizons
Overall: MSE=0.035801 | RMSE=0.189212 | MAE=0.086540
Baseline: RMSE=0.561800 | MAE=0.280797
Skill: 66.32%
ACC: 0.9666 | base: 0.6733 | Δ=+0.2933

Per-horizon:
  +06h: RMSE=0.138823 | base=0.383497 | skill=63.80% | ACC=0.9810 (base 0.8539)
  +12h: RMSE=0.174449 | base=0.532431 | skill=67.24% | ACC=0.9708 (base 0.7110)
  +18h: RMSE=0.206058 | base=0.617916 | skill=66.65% | ACC=0.9610 (base 0.6028)
  +24h: RMSE=0.225921 | base=0.670899 | skill=66.33% | ACC=0.9529 (base 0.5273)

Per-horizon per-channel RMSE (physical units):
         var   unit      +6h     +12h     +18h     +24h
         t2m      K    0.69°C    0.79°C    0.83°C    0.87°C
         10u    m/s     0.71     0.84     0.93     1.02
         10v    m/s     0.73     0.86     0.96     1.05
         msl    hPa     0.53     0.64     0.75     0.85
       t@850      K    0.59°C    0.71°C    0.78°C    0.84°C
       u@850    m/s     1.09     1.29     1.44     1.57
       v@850    m/s     1.09     1.29     1.44     1.57
       z@850    gpm      3.8      4.6      5.5      6.2
       z@500    gpm      4.4      5.4      6.6      7.6

Per-channel metrics overall (physical units, avg over 4 horizons):
    #        var      ACC  RMSE_norm    RMSE_phys     unit
    0        t2m   0.9576     0.0378       0.7986        K  (≈0.80 °C)
    1        10u   0.9742     0.1584       0.8816      m/s
    2        10v   0.9741     0.1902       0.9072      m/s
    3        msl   0.9954     0.0521       0.7058      hPa
    4         tp   0.8339     0.6213       0.0012        m
    5         sp   0.9953     0.0072       0.6904      hPa
    6       tcwv   0.9690     0.0956       1.5909    kg/m²
    7     z_surf   1.0000     0.0000       0.0000      gpm
    8        lsm   1.0000     0.0000       0.0000        -
    9      t@850   0.9780     0.0474       0.7351        K  (≈0.74 °C)
   10      u@850   0.9722     0.1649       1.3591      m/s
   11      v@850   0.9700     0.2165       1.3589      m/s
   12      z@850   0.9961     0.0335       5.1051      gpm
   13      q@850   0.9219     0.1770       0.0007    kg/kg
   14      t@500   0.9841     0.0439       0.5726        K  (≈0.57 °C)
   15      u@500   0.9780     0.1485       1.7864      m/s
   16      v@500   0.9767     0.1970       1.8140      m/s
   17      z@500   0.9973     0.0178       6.1414      gpm
   18      q@500   0.9333     0.2765       0.0003    kg/kg
   19      z@250   0.9973     0.0151       8.5491      gpm
   20      t@250   0.9754     0.0794       0.6881        K  (≈0.69 °C)
   21      u@250   0.9815     0.1362       2.4612      m/s
   22      v@250   0.9812     0.1850       2.4866      m/s
   23      q@250   0.8835     0.3575       0.0000    kg/kg
   24     z@1000   0.9956     0.0498       5.5463      gpm
   25     t@1000   0.9699     0.0415       0.7025        K  (≈0.70 °C)
   26     u@1000   0.9749     0.1581       0.9742      m/s
   27     v@1000   0.9752     0.1892       1.0058      m/s
   28     q@1000   0.9571     0.0745       0.0004    kg/kg
   29   sin_hour   1.0000     0.0000       0.0000        ?
   30   cos_hour   1.0000     0.0000       0.0000        ?
   31    sin_doy   1.0000     0.0000       0.0000        ?
   32    cos_doy   1.0000     0.0000       0.0000        ?

--- Region [55.5,56.5]N x [92.0,94.0]E (45 nodes) ---
RMSE=0.106644 | base=0.433550 | skill=75.40%
ACC=0.9590 | base=0.6436

  Per-horizon (region):
    +06h: RMSE=0.089399 | base=0.274621 | skill=67.45% | ACC=0.9675 (base 0.8289)
    +12h: RMSE=0.101532 | base=0.403485 | skill=74.84% | ACC=0.9618 (base 0.6769)
    +18h: RMSE=0.111211 | base=0.481140 | skill=76.89% | ACC=0.9560 (base 0.5713)
    +24h: RMSE=0.121751 | base=0.531178 | skill=77.08% | ACC=0.9508 (base 0.4977)

  Per-horizon per-channel RMSE — REGION (45 nodes):
           var   unit      +6h     +12h     +18h     +24h
           t2m      K    1.06°C    1.23°C    1.26°C    1.31°C
           10u    m/s     0.56     0.64     0.68     0.72
           10v    m/s     0.51     0.56     0.60     0.63
           msl    hPa     0.54     0.70     0.84     0.98
         t@850      K    0.56°C    0.67°C    0.76°C    0.85°C
         u@850    m/s     1.24     1.41     1.54     1.66
         v@850    m/s     1.19     1.32     1.42     1.52
         z@850    gpm      3.2      4.5      5.6      6.6
         z@500    gpm      4.3      5.9      7.4      8.7

  Per-channel region (physical units, avg over 4 horizons):
      #        var      ACC  RMSE_norm    RMSE_phys     unit
      0        t2m   0.9840     0.0578       1.2210        K  (≈1.22 °C)
      1        10u   0.9605     0.1172       0.6524      m/s
      2        10v   0.9419     0.1207       0.5757      m/s
      3        msl   0.9965     0.0578       0.7819      hPa
      4         tp   0.6224     0.0961       0.0002        m
      5         sp   0.9961     0.0078       0.7417      hPa
      6       tcwv   0.9713     0.0550       0.9152    kg/m²
      7     z_surf   1.0000     0.0000       0.0000      gpm
      8        lsm   1.0000     0.0000       0.0000        -
      9      t@850   0.9920     0.0465       0.7206        K  (≈0.72 °C)
     10      u@850   0.9792     0.1784       1.4708      m/s
     11      v@850   0.9524     0.2183       1.3700      m/s
     12      z@850   0.9966     0.0336       5.1269      gpm
     13      q@850   0.9362     0.0902       0.0004    kg/kg
     14      t@500   0.9931     0.0411       0.5358        K  (≈0.54 °C)
     15      u@500   0.9841     0.1506       1.8114      m/s
     16      v@500   0.9827     0.1956       1.8009      m/s
     17      z@500   0.9978     0.0197       6.7945      gpm
     18      q@500   0.9238     0.1402       0.0002    kg/kg
     19      z@250   0.9981     0.0164       9.3303      gpm
     20      t@250   0.9797     0.0853       0.7387        K  (≈0.74 °C)
     21      u@250   0.9856     0.1281       2.3156      m/s
     22      v@250   0.9880     0.1703       2.2894      m/s
     23      q@250   0.9103     0.0776       0.0000    kg/kg
     24     z@1000   0.9966     0.0519       5.7862      gpm
     25     t@1000   0.9884     0.0566       0.9582        K  (≈0.96 °C)
     26     u@1000   0.9538     0.0915       0.5640      m/s
     27     v@1000   0.9313     0.0917       0.4873      m/s
     28     q@1000   0.9513     0.0670       0.0004    kg/kg
     29   sin_hour   1.0000     0.0000       0.0000        ?
     30   cos_hour   1.0000     0.0000       0.0000        ?
     31    sin_doy   1.0000     0.0000       0.0000        ?
     32    cos_doy   1.0000     0.0000       0.0000        ?
============================================================
