[predict] data_dir=/data/datasets/multires_krsk_33f (chunked=True, pred_steps=4)
[ChunkDataset] склеиваем data.npy (19ch) + data_extra.npy (14ch) → 33ch
[ChunkDataset] train: 12853 samples, flat_nodes=133279, feat=33, obs=2, pred=4
[ChunkDataset] склеиваем data.npy (19ch) + data_extra.npy (14ch) → 33ch
[ChunkDataset] val: 1607 samples, flat_nodes=133279, feat=33, obs=2, pred=4
[ChunkDataset] склеиваем data.npy (19ch) + data_extra.npy (14ch) → 33ch
[ChunkDataset] test_only: 1607 samples, flat_nodes=133279, feat=33, obs=2, pred=4
[graph] уровни меша [4, 6], признаки рёбер: legacy
[processor] InteractionNet: 12 шагов, агрегация 'mean'
Encoder summary: 
+---------------------------+----------------------------+----------------+----------+
| Layer                     | Input Shape                | Output Shape   | #Param   |
|---------------------------+----------------------------+----------------+----------|
| Model                     | [174241, 72], [2, 207099]  | [174241, 256]  | 348,162  |
| ├─(mlp)MLP                |                            | [174241, 256]  | 150,786  |
| │    └─(MLP)ModuleList    | --                         | --             | 150,786  |
| │    │    └─(0)Linear     | [174241, 72]               | [174241, 256]  | 18,688   |
| │    │    └─(1)PReLU      | [174241, 256]              | [174241, 256]  | 1        |
| │    │    └─(2)Linear     | [174241, 256]              | [174241, 256]  | 65,792   |
| │    │    └─(3)PReLU      | [174241, 256]              | [174241, 256]  | 1        |
| │    │    └─(4)Linear     | [174241, 256]              | [174241, 256]  | 65,792   |
| │    │    └─(5)LayerNorm  | [174241, 256]              | [174241, 256]  | 512      |
| ├─(graph_layer)GraphLayer |                            | [174241, 256]  | 197,376  |
| │    └─(activation)SiLU   | [174241, 256]              | [174241, 256]  | --       |
| │    └─(layers)ModuleList | --                         | --             | 197,376  |
| │    │    └─(0)GCNConv    | [174241, 256], [2, 207099] | [174241, 256]  | 65,792   |
| │    │    └─(1)SiLU       | [174241, 256]              | [174241, 256]  | --       |
| │    │    └─(2)GCNConv    | [174241, 256], [2, 207099] | [174241, 256]  | 65,792   |
| │    │    └─(3)SiLU       | --                         | --             | --       |
| │    │    └─(4)GCNConv    | [174241, 256], [2, 207099] | [174241, 256]  | 65,792   |
+---------------------------+----------------------------+----------------+----------+

Processor summary: 
  (сводка не построена: RuntimeError: Expected all tensors to be on the same device, but found at least two devices, cuda:0 and cpu! (when checking argument for argument mat1 in method wrapper_CUDA_addmm))

Decoder summary: 
+---------------------------+----------------------------+----------------+----------+
| Layer                     | Input Shape                | Output Shape   | #Param   |
|---------------------------+----------------------------+----------------+----------|
| Model                     | [174241, 256], [2, 399837] | [174241, 33]   | 152,483  |
| ├─(mlp)MLP                |                            | [174241, 128]  | 115,202  |
| │    └─(MLP)ModuleList    | --                         | --             | 115,202  |
| │    │    └─(0)Linear     | [174241, 256]              | [174241, 256]  | 65,792   |
| │    │    └─(1)PReLU      | [174241, 256]              | [174241, 256]  | 1        |
| │    │    └─(2)Linear     | [174241, 256]              | [174241, 128]  | 32,896   |
| │    │    └─(3)PReLU      | [174241, 128]              | [174241, 128]  | 1        |
| │    │    └─(4)Linear     | [174241, 128]              | [174241, 128]  | 16,512   |
| ├─(graph_layer)GraphLayer |                            | [174241, 33]   | 37,281   |
| │    └─(activation)SiLU   | [174241, 128]              | [174241, 128]  | --       |
| │    └─(layers)ModuleList | --                         | --             | 37,281   |
| │    │    └─(0)GCNConv    | [174241, 128], [2, 399837] | [174241, 128]  | 16,512   |
| │    │    └─(1)SiLU       | [174241, 128]              | [174241, 128]  | --       |
| │    │    └─(2)GCNConv    | [174241, 128], [2, 399837] | [174241, 128]  | 16,512   |
| │    │    └─(3)SiLU       | --                         | --             | --       |
| │    │    └─(4)GCNConv    | [174241, 128], [2, 399837] | [174241, 33]   | 4,257    |
+---------------------------+----------------------------+----------------+----------+

[AR-rollout] Модель выдаёт 1 шаг(ов), но мы прогоним 4 шагов авторегрессионно.
[static] Каналы [7, 8] — статика, carry-forward при AR
[forcing] Каналы [29, 30, 31, 32] — форсинг (из ground truth при AR)
[predict] device=cuda | grid=0x0 | 2000/1607 test samples
[Region] 2501 nodes (--region [50.0,60.0]N x [83.0,98.0]E)
[lat-weight] веса cos(широта): по сетке 0.010..1.573, по области 0.873..1.122
[clim] коэффициенты из /data/paper_heavy/clim_coef_krsk.npz: ACC считается против климатологии, а не против среднего по области
[metrics] Исключены из aggregate метрик: каналы [7, 8, 29, 30, 31, 32] (static+forcing)
[metrics] per-sample MSE будут сохранены в /workdir/paper_results/w_m33_base_roi_samples.npz
[Main] Инференс (2000 samples, DA=none)...
  [50/2000] RMSE=0.191190 ACC=0.9687
  [100/2000] RMSE=0.185928 ACC=0.9681
  [150/2000] RMSE=0.189892 ACC=0.9676
  [200/2000] RMSE=0.190681 ACC=0.9674
  [250/2000] RMSE=0.191352 ACC=0.9678
  [300/2000] RMSE=0.191543 ACC=0.9677
  [350/2000] RMSE=0.192229 ACC=0.9676
  [400/2000] RMSE=0.192465 ACC=0.9675
  [450/2000] RMSE=0.192530 ACC=0.9674
  [500/2000] RMSE=0.191871 ACC=0.9673
  [550/2000] RMSE=0.191645 ACC=0.9673
  [600/2000] RMSE=0.191480 ACC=0.9672
  [650/2000] RMSE=0.191437 ACC=0.9670
  [700/2000] RMSE=0.191850 ACC=0.9668
  [750/2000] RMSE=0.192431 ACC=0.9667
  [800/2000] RMSE=0.192135 ACC=0.9664
  [850/2000] RMSE=0.192181 ACC=0.9662
  [900/2000] RMSE=0.191983 ACC=0.9660
  [950/2000] RMSE=0.191844 ACC=0.9659
  [1000/2000] RMSE=0.191630 ACC=0.9657
  [1050/2000] RMSE=0.191774 ACC=0.9655
  [1100/2000] RMSE=0.191797 ACC=0.9655
  [1150/2000] RMSE=0.191728 ACC=0.9654
  [1200/2000] RMSE=0.191448 ACC=0.9654
  [1250/2000] RMSE=0.191020 ACC=0.9654
  [1300/2000] RMSE=0.190725 ACC=0.9654
  [1350/2000] RMSE=0.190348 ACC=0.9654
  [1400/2000] RMSE=0.190235 ACC=0.9655
  [1450/2000] RMSE=0.189933 ACC=0.9655
  [1500/2000] RMSE=0.189721 ACC=0.9655
  [1550/2000] RMSE=0.189428 ACC=0.9655
  [1600/2000] RMSE=0.189166 ACC=0.9655
[Save] per-sample metrics → /workdir/paper_results/w_m33_base_roi_samples.npz (N=1607, AR=4, C=33)

============================================================
=== Inference summary (1607 samples) ===
Grid: 0x0 (G=133279) | C=33 | AR=4 horizons
Overall: MSE=0.035769 | RMSE=0.189127 | MAE=0.087479
Baseline: RMSE=0.561800 | MAE=0.280797
Skill: 66.34%
ACC: 0.9655 | base: 0.6733 | Δ=+0.2922

Per-horizon:
  +06h: RMSE=0.137530 | base=0.383497 | skill=64.14% | ACC=0.9804 (base 0.8539)
  +12h: RMSE=0.173820 | base=0.532431 | skill=67.35% | ACC=0.9699 (base 0.7110)
  +18h: RMSE=0.206244 | base=0.617916 | skill=66.62% | ACC=0.9597 (base 0.6028)
  +24h: RMSE=0.226742 | base=0.670899 | skill=66.20% | ACC=0.9512 (base 0.5273)

Per-horizon per-channel RMSE (physical units):
         var   unit      +6h     +12h     +18h     +24h
         t2m      K    0.75°C    0.85°C    0.88°C    0.93°C
         10u    m/s     0.70     0.83     0.93     1.02
         10v    m/s     0.72     0.85     0.95     1.05
         msl    hPa     0.56     0.68     0.80     0.91
       t@850      K    0.63°C    0.74°C    0.82°C    0.88°C
       u@850    m/s     1.08     1.29     1.44     1.57
       v@850    m/s     1.08     1.28     1.43     1.56
       z@850    gpm      4.4      5.1      6.0      6.8
       z@500    gpm      5.8      6.4      7.6      8.7

Per-channel metrics overall (physical units, avg over 4 horizons):
    #        var      ACC  RMSE_norm    RMSE_phys     unit
    0        t2m   0.9516     0.0404       0.8536        K  (≈0.85 °C)
    1        10u   0.9744     0.1579       0.8787      m/s
    2        10v   0.9744     0.1892       0.9022      m/s
    3        msl   0.9948     0.0555       0.7517      hPa
    4         tp   0.8365     0.6169       0.0012        m
    5         sp   0.9925     0.0092       0.8781      hPa
    6       tcwv   0.9671     0.0984       1.6365    kg/m²
    7     z_surf   1.0000     0.0000       0.0000      gpm
    8        lsm   1.0000     0.0000       0.0000        -
    9      t@850   0.9757     0.0498       0.7720        K  (≈0.77 °C)
   10      u@850   0.9723     0.1646       1.3572      m/s
   11      v@850   0.9704     0.2150       1.3497      m/s
   12      z@850   0.9953     0.0370       5.6381      gpm
   13      q@850   0.9199     0.1791       0.0007    kg/kg
   14      t@500   0.9821     0.0465       0.6070        K  (≈0.61 °C)
   15      u@500   0.9780     0.1486       1.7877      m/s
   16      v@500   0.9769     0.1961       1.8056      m/s
   17      z@500   0.9964     0.0209       7.1988      gpm
   18      q@500   0.9325     0.2780       0.0003    kg/kg
   19      z@250   0.9960     0.0187      10.6044      gpm
   20      t@250   0.9730     0.0831       0.7195        K  (≈0.72 °C)
   21      u@250   0.9811     0.1373       2.4817      m/s
   22      v@250   0.9812     0.1853       2.4911      m/s
   23      q@250   0.8828     0.3586       0.0000    kg/kg
   24     z@1000   0.9949     0.0535       5.9615      gpm
   25     t@1000   0.9649     0.0448       0.7578        K  (≈0.76 °C)
   26     u@1000   0.9751     0.1575       0.9708      m/s
   27     v@1000   0.9754     0.1884       1.0015      m/s
   28     q@1000   0.9529     0.0780       0.0005    kg/kg
   29   sin_hour   1.0000     0.0000       0.0000        ?
   30   cos_hour   1.0000     0.0000       0.0000        ?
   31    sin_doy   1.0000     0.0000       0.0000        ?
   32    cos_doy   1.0000     0.0000       0.0000        ?

--- Region [50.0,60.0]N x [83.0,98.0]E (2501 nodes) ---
RMSE=0.112103 | base=0.418096 | skill=73.19%
ACC=0.9520 | base=0.6482

  Per-horizon (region):
    +06h: RMSE=0.093301 | base=0.266794 | skill=65.03% | ACC=0.9631 (base 0.8292)
    +12h: RMSE=0.107584 | base=0.389710 | skill=72.39% | ACC=0.9545 (base 0.6800)
    +18h: RMSE=0.117579 | base=0.463617 | skill=74.64% | ACC=0.9482 (base 0.5774)
    +24h: RMSE=0.127138 | base=0.511098 | skill=75.12% | ACC=0.9422 (base 0.5067)

  Per-horizon per-channel RMSE — REGION (2501 nodes):
           var   unit      +6h     +12h     +18h     +24h
           t2m      K    1.33°C    1.55°C    1.61°C    1.68°C
           10u    m/s     0.60     0.67     0.71     0.74
           10v    m/s     0.58     0.66     0.69     0.72
           msl    hPa     0.70     0.88     1.03     1.15
         t@850      K    0.76°C    0.91°C    1.00°C    1.06°C
         u@850    m/s     1.23     1.43     1.55     1.66
         v@850    m/s     1.13     1.27     1.38     1.47
         z@850    gpm      4.1      5.4      6.6      7.6
         z@500    gpm      5.4      6.8      8.2      9.6

  Per-channel region (physical units, avg over 4 horizons):
      #        var      ACC  RMSE_norm    RMSE_phys     unit
      0        t2m   0.9683     0.0733       1.5482        K  (≈1.55 °C)
      1        10u   0.9414     0.1226       0.6825      m/s
      2        10v   0.9228     0.1394       0.6648      m/s
      3        msl   0.9945     0.0705       0.9547      hPa
      4         tp   0.6249     0.1062       0.0002        m
      5         sp   0.9905     0.0116       1.1037      hPa
      6       tcwv   0.9643     0.0575       0.9575    kg/m²
      7     z_surf   1.0000     0.0000       0.0000      gpm
      8        lsm   1.0000     0.0000       0.0000        -
      9      t@850   0.9849     0.0605       0.9372        K  (≈0.94 °C)
     10      u@850   0.9649     0.1791       1.4765      m/s
     11      v@850   0.9573     0.2097       1.3162      m/s
     12      z@850   0.9952     0.0397       6.0587      gpm
     13      q@850   0.9230     0.0995       0.0004    kg/kg
     14      t@500   0.9913     0.0455       0.5939        K  (≈0.59 °C)
     15      u@500   0.9825     0.1518       1.8252      m/s
     16      v@500   0.9838     0.1930       1.7768      m/s
     17      z@500   0.9971     0.0222       7.6614      gpm
     18      q@500   0.9155     0.1427       0.0002    kg/kg
     19      z@250   0.9970     0.0200      11.3432      gpm
     20      t@250   0.9757     0.0927       0.8030        K  (≈0.80 °C)
     21      u@250   0.9850     0.1342       2.4248      m/s
     22      v@250   0.9872     0.1771       2.3815      m/s
     23      q@250   0.8994     0.0837       0.0000    kg/kg
     24     z@1000   0.9947     0.0635       7.0720      gpm
     25     t@1000   0.9817     0.0670       1.1341        K  (≈1.13 °C)
     26     u@1000   0.9366     0.1067       0.6576      m/s
     27     v@1000   0.9180     0.1186       0.6302      m/s
     28     q@1000   0.9282     0.0776       0.0005    kg/kg
     29   sin_hour   1.0000     0.0000       0.0000        ?
     30   cos_hour   1.0000     0.0000       0.0000        ?
     31    sin_doy   1.0000     0.0000       0.0000        ?
     32    cos_doy   1.0000     0.0000       0.0000        ?
============================================================
