[predict] data_dir=/data/datasets/multires_krsk_33f (chunked=True, pred_steps=4)
[ChunkDataset] склеиваем data.npy (19ch) + data_extra.npy (14ch) → 33ch
[ChunkDataset] train: 12853 samples, flat_nodes=133279, feat=33, obs=2, pred=4
[ChunkDataset] склеиваем data.npy (19ch) + data_extra.npy (14ch) → 33ch
[ChunkDataset] val: 1607 samples, flat_nodes=133279, feat=33, obs=2, pred=4
[ChunkDataset] склеиваем data.npy (19ch) + data_extra.npy (14ch) → 33ch
[ChunkDataset] test_only: 1607 samples, flat_nodes=133279, feat=33, obs=2, pred=4
[graph] уровни меша [4, 6], признаки рёбер: legacy
[processor] InteractionNet: 12 шагов, агрегация 'mean'
Encoder summary: 
+---------------------------+----------------------------+----------------+----------+
| Layer                     | Input Shape                | Output Shape   | #Param   |
|---------------------------+----------------------------+----------------+----------|
| Model                     | [174241, 72], [2, 207099]  | [174241, 256]  | 348,162  |
| ├─(mlp)MLP                |                            | [174241, 256]  | 150,786  |
| │    └─(MLP)ModuleList    | --                         | --             | 150,786  |
| │    │    └─(0)Linear     | [174241, 72]               | [174241, 256]  | 18,688   |
| │    │    └─(1)PReLU      | [174241, 256]              | [174241, 256]  | 1        |
| │    │    └─(2)Linear     | [174241, 256]              | [174241, 256]  | 65,792   |
| │    │    └─(3)PReLU      | [174241, 256]              | [174241, 256]  | 1        |
| │    │    └─(4)Linear     | [174241, 256]              | [174241, 256]  | 65,792   |
| │    │    └─(5)LayerNorm  | [174241, 256]              | [174241, 256]  | 512      |
| ├─(graph_layer)GraphLayer |                            | [174241, 256]  | 197,376  |
| │    └─(activation)SiLU   | [174241, 256]              | [174241, 256]  | --       |
| │    └─(layers)ModuleList | --                         | --             | 197,376  |
| │    │    └─(0)GCNConv    | [174241, 256], [2, 207099] | [174241, 256]  | 65,792   |
| │    │    └─(1)SiLU       | [174241, 256]              | [174241, 256]  | --       |
| │    │    └─(2)GCNConv    | [174241, 256], [2, 207099] | [174241, 256]  | 65,792   |
| │    │    └─(3)SiLU       | --                         | --             | --       |
| │    │    └─(4)GCNConv    | [174241, 256], [2, 207099] | [174241, 256]  | 65,792   |
+---------------------------+----------------------------+----------------+----------+

Processor summary: 
  (summary skipped: Expected all tensors to be on the same device, but found at least two devices, cuda:0 and cpu! (when checking argument for argument mat1 in method wrapper_CUDA_addmm))

Decoder summary: 
+---------------------------+----------------------------+----------------+----------+
| Layer                     | Input Shape                | Output Shape   | #Param   |
|---------------------------+----------------------------+----------------+----------|
| Model                     | [174241, 256], [2, 399837] | [174241, 33]   | 152,483  |
| ├─(mlp)MLP                |                            | [174241, 128]  | 115,202  |
| │    └─(MLP)ModuleList    | --                         | --             | 115,202  |
| │    │    └─(0)Linear     | [174241, 256]              | [174241, 256]  | 65,792   |
| │    │    └─(1)PReLU      | [174241, 256]              | [174241, 256]  | 1        |
| │    │    └─(2)Linear     | [174241, 256]              | [174241, 128]  | 32,896   |
| │    │    └─(3)PReLU      | [174241, 128]              | [174241, 128]  | 1        |
| │    │    └─(4)Linear     | [174241, 128]              | [174241, 128]  | 16,512   |
| ├─(graph_layer)GraphLayer |                            | [174241, 33]   | 37,281   |
| │    └─(activation)SiLU   | [174241, 128]              | [174241, 128]  | --       |
| │    └─(layers)ModuleList | --                         | --             | 37,281   |
| │    │    └─(0)GCNConv    | [174241, 128], [2, 399837] | [174241, 128]  | 16,512   |
| │    │    └─(1)SiLU       | [174241, 128]              | [174241, 128]  | --       |
| │    │    └─(2)GCNConv    | [174241, 128], [2, 399837] | [174241, 128]  | 16,512   |
| │    │    └─(3)SiLU       | --                         | --             | --       |
| │    │    └─(4)GCNConv    | [174241, 128], [2, 399837] | [174241, 33]   | 4,257    |
+---------------------------+----------------------------+----------------+----------+

[ансамбль] участников: 2
    /data/paper_heavy/ens_roiw30.pth
    /data/paper_heavy/ens_roiw10.pth
[AR-rollout] Модель выдаёт 1 шаг(ов), но мы прогоним 4 шагов авторегрессионно.
[static] Каналы [7, 8] — статика, carry-forward при AR
[forcing] Каналы [29, 30, 31, 32] — форсинг (из ground truth при AR)
[predict] device=cuda | grid=0x0 | 2000/1607 test samples
[Region] 2501 nodes (--region [50.0,60.0]N x [83.0,98.0]E)
[metrics] Исключены из aggregate метрик: каналы [7, 8, 29, 30, 31, 32] (static+forcing)
[metrics] per-sample MSE будут сохранены в /workdir/paper_results/ens_ens2_samples.npz
[Main] Инференс (2000 samples, DA=none)...
  [50/2000] RMSE=0.169837 ACC=0.9853
  [100/2000] RMSE=0.165248 ACC=0.9853
  [150/2000] RMSE=0.168355 ACC=0.9851
  [200/2000] RMSE=0.168932 ACC=0.9851
  [250/2000] RMSE=0.169406 ACC=0.9852
  [300/2000] RMSE=0.169799 ACC=0.9851
  [350/2000] RMSE=0.170405 ACC=0.9851
  [400/2000] RMSE=0.170478 ACC=0.9851
  [450/2000] RMSE=0.170681 ACC=0.9851
  [500/2000] RMSE=0.170311 ACC=0.9851
  [550/2000] RMSE=0.170237 ACC=0.9851
  [600/2000] RMSE=0.170407 ACC=0.9850
  [650/2000] RMSE=0.170440 ACC=0.9850
  [700/2000] RMSE=0.170841 ACC=0.9850
  [750/2000] RMSE=0.171376 ACC=0.9850
  [800/2000] RMSE=0.171234 ACC=0.9849
  [850/2000] RMSE=0.171426 ACC=0.9849
  [900/2000] RMSE=0.171529 ACC=0.9849
  [950/2000] RMSE=0.171600 ACC=0.9849
  [1000/2000] RMSE=0.171567 ACC=0.9850
  [1050/2000] RMSE=0.171811 ACC=0.9850
  [1100/2000] RMSE=0.171941 ACC=0.9849
  [1150/2000] RMSE=0.171986 ACC=0.9850
  [1200/2000] RMSE=0.171806 ACC=0.9850
  [1250/2000] RMSE=0.171504 ACC=0.9850
  [1300/2000] RMSE=0.171241 ACC=0.9851
  [1350/2000] RMSE=0.170912 ACC=0.9851
  [1400/2000] RMSE=0.170844 ACC=0.9851
  [1450/2000] RMSE=0.170635 ACC=0.9851
  [1500/2000] RMSE=0.170424 ACC=0.9851
  [1550/2000] RMSE=0.170155 ACC=0.9852
  [1600/2000] RMSE=0.169911 ACC=0.9852
[Save] per-sample metrics → /workdir/paper_results/ens_ens2_samples.npz (N=1607, AR=4, C=33)

============================================================
=== Inference summary (1607 samples) ===
Grid: 0x0 (G=133279) | C=33 | AR=4 horizons
Overall: MSE=0.028859 | RMSE=0.169879 | MAE=0.081408
Baseline: RMSE=0.548209 | MAE=0.281325
Skill: 69.01%
ACC: 0.9852 | base: 0.8500 | Δ=+0.1352

Per-horizon:
  +06h: RMSE=0.125296 | base=0.363277 | skill=65.51% | ACC=0.9921 (base 0.9343)
  +12h: RMSE=0.156496 | base=0.514900 | skill=69.61% | ACC=0.9876 (base 0.8677)
  +18h: RMSE=0.184462 | base=0.605222 | skill=69.52% | ACC=0.9825 (base 0.8171)
  +24h: RMSE=0.203026 | base=0.662380 | skill=69.35% | ACC=0.9786 (base 0.7808)

Per-horizon per-channel RMSE (physical units):
         var   unit      +6h     +12h     +18h     +24h
         t2m      K    0.80°C    0.93°C    1.00°C    1.06°C
         10u    m/s     0.71     0.85     0.96     1.05
         10v    m/s     0.72     0.86     0.96     1.06
         msl    hPa     0.61     0.76     0.90     1.02
       t@850      K    0.65°C    0.78°C    0.86°C    0.93°C
       u@850    m/s     1.09     1.29     1.45     1.59
       v@850    m/s     1.09     1.29     1.44     1.58
       z@850    gpm      4.3      5.3      6.3      7.3
       z@500    gpm      5.4      6.5      7.9      9.2

Per-channel metrics overall (physical units, avg over 4 horizons):
    #        var      ACC  RMSE_norm    RMSE_phys     unit
    0        t2m   0.9989     0.0451       0.9533        K  (≈0.95 °C)
    1        10u   0.9865     0.1620       0.9014      m/s
    2        10v   0.9813     0.1908       0.9099      m/s
    3        msl   0.9980     0.0617       0.8348      hPa
    4         tp   0.8585     0.5170       0.0010        m
    5         sp   1.0000     0.0102       0.9767      hPa
    6       tcwv   0.9964     0.0842       1.4007    kg/m²
    7     z_surf   0.9998     0.0000       0.0000      gpm
    8        lsm   1.0000     0.0000       0.0000        -
    9      t@850   0.9986     0.0524       0.8123        K  (≈0.81 °C)
   10      u@850   0.9862     0.1657       1.3655      m/s
   11      v@850   0.9762     0.2169       1.3615      m/s
   12      z@850   0.9993     0.0388       5.9134      gpm
   13      q@850   0.9882     0.1526       0.0006    kg/kg
   14      t@500   0.9989     0.0461       0.6018        K  (≈0.60 °C)
   15      u@500   0.9885     0.1507       1.8124      m/s
   16      v@500   0.9800     0.1987       1.8293      m/s
   17      z@500   0.9998     0.0214       7.3637      gpm
   18      q@500   0.9731     0.2328       0.0003    kg/kg
   19      z@250   0.9998     0.0185      10.4794      gpm
   20      t@250   0.9964     0.0850       0.7363        K  (≈0.74 °C)
   21      u@250   0.9911     0.1329       2.4020      m/s
   22      v@250   0.9838     0.1784       2.3984      m/s
   23      q@250   0.9574     0.2938       0.0000    kg/kg
   24     z@1000   0.9983     0.0567       6.3193      gpm
   25     t@1000   0.9987     0.0506       0.8570        K  (≈0.86 °C)
   26     u@1000   0.9867     0.1606       0.9900      m/s
   27     v@1000   0.9816     0.1890       1.0044      m/s
   28     q@1000   0.9977     0.0679       0.0004    kg/kg
   29   sin_hour   0.2155     0.0000       0.0000        ?
   30   cos_hour   0.2155     0.0000       0.0000        ?
   31    sin_doy   0.1761     0.0000       0.0000        ?
   32    cos_doy   0.1927     0.0000       0.0000        ?

--- Region [50.0,60.0]N x [83.0,98.0]E (2501 nodes) ---
RMSE=0.106084 | base=0.421000 | skill=74.80%
ACC=0.9229 | base=0.5746

  Per-horizon (region):
    +06h: RMSE=0.088562 | base=0.268288 | skill=66.99% | ACC=0.9410 (base 0.7685)
    +12h: RMSE=0.101753 | base=0.392209 | skill=74.06% | ACC=0.9261 (base 0.5945)
    +18h: RMSE=0.111048 | base=0.466936 | skill=76.22% | ACC=0.9167 (base 0.4955)
    +24h: RMSE=0.120361 | base=0.514906 | skill=76.62% | ACC=0.9078 (base 0.4398)

  Per-horizon per-channel RMSE — REGION (2501 nodes):
           var   unit      +6h     +12h     +18h     +24h
           t2m      K    1.24°C    1.44°C    1.48°C    1.54°C
           10u    m/s     0.56     0.63     0.66     0.69
           10v    m/s     0.55     0.62     0.64     0.67
           msl    hPa     0.65     0.80     0.93     1.04
         t@850      K    0.71°C    0.84°C    0.92°C    0.98°C
         u@850    m/s     1.18     1.35     1.46     1.56
         v@850    m/s     1.08     1.21     1.31     1.40
         z@850    gpm      3.7      4.8      5.9      6.8
         z@500    gpm      4.8      6.2      7.6      8.9

  Per-channel region (physical units, avg over 4 horizons):
      #        var      ACC  RMSE_norm    RMSE_phys     unit
      0        t2m   0.9433     0.0677       1.4303        K  (≈1.43 °C)
      1        10u   0.9073     0.1151       0.6403      m/s
      2        10v   0.8876     0.1297       0.6183      m/s
      3        msl   0.9767     0.0639       0.8656      hPa
      4         tp   0.5890     0.0910       0.0002        m
      5         sp   0.9999     0.0101       0.9655      hPa
      6       tcwv   0.9571     0.0555       0.9232    kg/m²
      7     z_surf   1.0000     0.0000       0.0000      gpm
      8        lsm   1.0000     0.0000       0.0000        -
      9      t@850   0.9577     0.0559       0.8663        K  (≈0.87 °C)
     10      u@850   0.9449     0.1693       1.3955      m/s
     11      v@850   0.9170     0.2003       1.2575      m/s
     12      z@850   0.9868     0.0355       5.4161      gpm
     13      q@850   0.8807     0.0956       0.0004    kg/kg
     14      t@500   0.9634     0.0427       0.5574        K  (≈0.56 °C)
     15      u@500   0.9434     0.1466       1.7632      m/s
     16      v@500   0.9471     0.1866       1.7181      m/s
     17      z@500   0.9929     0.0204       7.0412      gpm
     18      q@500   0.8868     0.1385       0.0002    kg/kg
     19      z@250   0.9923     0.0177      10.0717      gpm
     20      t@250   0.9217     0.0860       0.7448        K  (≈0.74 °C)
     21      u@250   0.9543     0.1289       2.3293      m/s
     22      v@250   0.9564     0.1701       2.2864      m/s
     23      q@250   0.7827     0.0779       0.0000    kg/kg
     24     z@1000   0.9802     0.0576       6.4181      gpm
     25     t@1000   0.9523     0.0622       1.0524        K  (≈1.05 °C)
     26     u@1000   0.9018     0.0995       0.6131      m/s
     27     v@1000   0.8901     0.1089       0.5789      m/s
     28     q@1000   0.9054     0.0731       0.0004    kg/kg
     29   sin_hour   0.0155     0.0000       0.0000        ?
     30   cos_hour   0.0155     0.0000       0.0000        ?
     31    sin_doy   0.0066     0.0000       0.0000        ?
     32    cos_doy   0.0067     0.0000       0.0000        ?
============================================================
