[predict] data_dir=/data/datasets/multires_krsk_33f (chunked=True, pred_steps=20)
[ChunkDataset] склеиваем data.npy (19ch) + data_extra.npy (14ch) → 33ch
[ChunkDataset] train: 12840 samples, flat_nodes=133279, feat=33, obs=2, pred=20
[ChunkDataset] склеиваем data.npy (19ch) + data_extra.npy (14ch) → 33ch
[ChunkDataset] val: 1605 samples, flat_nodes=133279, feat=33, obs=2, pred=20
[ChunkDataset] склеиваем data.npy (19ch) + data_extra.npy (14ch) → 33ch
[ChunkDataset] test_only: 1606 samples, flat_nodes=133279, feat=33, obs=2, pred=20
[graph] уровни меша [4, 6], признаки рёбер: legacy
[processor] InteractionNet: 12 шагов, агрегация 'mean'
Encoder summary: 
+---------------------------+----------------------------+----------------+----------+
| Layer                     | Input Shape                | Output Shape   | #Param   |
|---------------------------+----------------------------+----------------+----------|
| Model                     | [174241, 72], [2, 207099]  | [174241, 256]  | 348,162  |
| ├─(mlp)MLP                |                            | [174241, 256]  | 150,786  |
| │    └─(MLP)ModuleList    | --                         | --             | 150,786  |
| │    │    └─(0)Linear     | [174241, 72]               | [174241, 256]  | 18,688   |
| │    │    └─(1)PReLU      | [174241, 256]              | [174241, 256]  | 1        |
| │    │    └─(2)Linear     | [174241, 256]              | [174241, 256]  | 65,792   |
| │    │    └─(3)PReLU      | [174241, 256]              | [174241, 256]  | 1        |
| │    │    └─(4)Linear     | [174241, 256]              | [174241, 256]  | 65,792   |
| │    │    └─(5)LayerNorm  | [174241, 256]              | [174241, 256]  | 512      |
| ├─(graph_layer)GraphLayer |                            | [174241, 256]  | 197,376  |
| │    └─(activation)SiLU   | [174241, 256]              | [174241, 256]  | --       |
| │    └─(layers)ModuleList | --                         | --             | 197,376  |
| │    │    └─(0)GCNConv    | [174241, 256], [2, 207099] | [174241, 256]  | 65,792   |
| │    │    └─(1)SiLU       | [174241, 256]              | [174241, 256]  | --       |
| │    │    └─(2)GCNConv    | [174241, 256], [2, 207099] | [174241, 256]  | 65,792   |
| │    │    └─(3)SiLU       | --                         | --             | --       |
| │    │    └─(4)GCNConv    | [174241, 256], [2, 207099] | [174241, 256]  | 65,792   |
+---------------------------+----------------------------+----------------+----------+

Processor summary: 
  (summary skipped: Expected all tensors to be on the same device, but found at least two devices, cuda:0 and cpu! (when checking argument for argument mat1 in method wrapper_CUDA_addmm))

Decoder summary: 
+---------------------------+----------------------------+----------------+----------+
| Layer                     | Input Shape                | Output Shape   | #Param   |
|---------------------------+----------------------------+----------------+----------|
| Model                     | [174241, 256], [2, 399837] | [174241, 33]   | 152,483  |
| ├─(mlp)MLP                |                            | [174241, 128]  | 115,202  |
| │    └─(MLP)ModuleList    | --                         | --             | 115,202  |
| │    │    └─(0)Linear     | [174241, 256]              | [174241, 256]  | 65,792   |
| │    │    └─(1)PReLU      | [174241, 256]              | [174241, 256]  | 1        |
| │    │    └─(2)Linear     | [174241, 256]              | [174241, 128]  | 32,896   |
| │    │    └─(3)PReLU      | [174241, 128]              | [174241, 128]  | 1        |
| │    │    └─(4)Linear     | [174241, 128]              | [174241, 128]  | 16,512   |
| ├─(graph_layer)GraphLayer |                            | [174241, 33]   | 37,281   |
| │    └─(activation)SiLU   | [174241, 128]              | [174241, 128]  | --       |
| │    └─(layers)ModuleList | --                         | --             | 37,281   |
| │    │    └─(0)GCNConv    | [174241, 128], [2, 399837] | [174241, 128]  | 16,512   |
| │    │    └─(1)SiLU       | [174241, 128]              | [174241, 128]  | --       |
| │    │    └─(2)GCNConv    | [174241, 128], [2, 399837] | [174241, 128]  | 16,512   |
| │    │    └─(3)SiLU       | --                         | --             | --       |
| │    │    └─(4)GCNConv    | [174241, 128], [2, 399837] | [174241, 33]   | 4,257    |
+---------------------------+----------------------------+----------------+----------+

[AR-rollout] Модель выдаёт 1 шаг(ов), но мы прогоним 20 шагов авторегрессионно.
[static] Каналы [7, 8] — статика, carry-forward при AR
[forcing] Каналы [29, 30, 31, 32] — форсинг (из ground truth при AR)
[predict] device=cuda | grid=0x0 | 500/1606 test samples
[Region] 2501 nodes (--region [50.0,60.0]N x [83.0,98.0]E)
[metrics] Исключены из aggregate метрик: каналы [7, 8, 29, 30, 31, 32] (static+forcing)
[metrics] per-sample MSE будут сохранены в /workdir/paper_results/krsk5d_w10_samples.npz
[Main] Инференс (500 samples, DA=none)...
  [50/500] RMSE=0.334208 ACC=0.9414
  [100/500] RMSE=0.321474 ACC=0.9429
  [150/500] RMSE=0.324372 ACC=0.9427
  [200/500] RMSE=0.323724 ACC=0.9432
  [250/500] RMSE=0.324209 ACC=0.9436
  [300/500] RMSE=0.324722 ACC=0.9436
  [350/500] RMSE=0.325807 ACC=0.9438
  [400/500] RMSE=0.325575 ACC=0.9440
  [450/500] RMSE=0.327183 ACC=0.9435
  [500/500] RMSE=0.328676 ACC=0.9429
[Save] per-sample metrics → /workdir/paper_results/krsk5d_w10_samples.npz (N=500, AR=20, C=33)

============================================================
=== Inference summary (500 samples) ===
Grid: 0x0 (G=133279) | C=33 | AR=20 horizons
Overall: MSE=0.108028 | RMSE=0.328676 | MAE=0.160151
Baseline: RMSE=0.764486 | MAE=0.433413
Skill: 57.01%
ACC: 0.9429 | base: 0.7038 | Δ=+0.2391

Per-horizon:
  +06h: RMSE=0.124303 | base=0.360278 | skill=65.50% | ACC=0.9922 (base 0.9350)
  +12h: RMSE=0.156484 | base=0.512375 | skill=69.46% | ACC=0.9876 (base 0.8677)
  +18h: RMSE=0.184861 | base=0.604349 | skill=69.41% | ACC=0.9824 (base 0.8152)
  +24h: RMSE=0.203614 | base=0.662609 | skill=69.27% | ACC=0.9784 (base 0.7775)
  +30h: RMSE=0.219152 | base=0.710823 | skill=69.17% | ACC=0.9749 (base 0.7437)
  +36h: RMSE=0.234278 | base=0.743130 | skill=68.47% | ACC=0.9712 (base 0.7199)
  +42h: RMSE=0.249718 | base=0.765574 | skill=67.38% | ACC=0.9672 (base 0.7026)
  +48h: RMSE=0.265508 | base=0.779594 | skill=65.94% | ACC=0.9628 (base 0.6917)
  +54h: RMSE=0.281986 | base=0.795698 | skill=64.56% | ACC=0.9580 (base 0.6789)
  +60h: RMSE=0.298956 | base=0.805789 | skill=62.90% | ACC=0.9528 (base 0.6708)
  +66h: RMSE=0.316486 | base=0.812383 | skill=61.04% | ACC=0.9470 (base 0.6653)
  +72h: RMSE=0.334423 | base=0.815372 | skill=58.99% | ACC=0.9408 (base 0.6629)
  +78h: RMSE=0.352825 | base=0.823792 | skill=57.17% | ACC=0.9340 (base 0.6560)
  +84h: RMSE=0.371641 | base=0.829550 | skill=55.20% | ACC=0.9268 (base 0.6513)
  +90h: RMSE=0.390797 | base=0.833842 | skill=53.13% | ACC=0.9190 (base 0.6477)
  +96h: RMSE=0.410292 | base=0.835420 | skill=50.89% | ACC=0.9108 (base 0.6464)
  +102h: RMSE=0.430015 | base=0.842417 | skill=48.95% | ACC=0.9020 (base 0.6404)
  +108h: RMSE=0.449564 | base=0.847130 | skill=46.93% | ACC=0.8930 (base 0.6364)
  +114h: RMSE=0.468789 | base=0.850338 | skill=44.87% | ACC=0.8837 (base 0.6336)
  +120h: RMSE=0.487733 | base=0.850395 | skill=42.65% | ACC=0.8742 (base 0.6335)

Per-horizon per-channel RMSE (physical units):
         var   unit      +6h     +12h     +18h     +24h     +30h     +36h     +42h     +48h     +54h     +60h     +66h     +72h     +78h     +84h     +90h     +96h    +102h    +108h    +114h    +120h
         t2m      K    0.79°C    0.94°C    1.02°C    1.08°C    1.18°C    1.26°C    1.32°C    1.38°C    1.46°C    1.54°C    1.61°C    1.68°C    1.77°C    1.85°C    1.94°C    2.04°C    2.13°C    2.23°C    2.34°C    2.44°C
         10u    m/s     0.70     0.84     0.94     1.04     1.14     1.25     1.37     1.49     1.62     1.75     1.89     2.03     2.17     2.32     2.47     2.62     2.77     2.92     3.07     3.20
         10v    m/s     0.71     0.84     0.95     1.05     1.16     1.27     1.39     1.51     1.64     1.78     1.92     2.06     2.21     2.36     2.52     2.68     2.83     2.99     3.14     3.29
         msl    hPa     0.58     0.72     0.87     1.00     1.16     1.32     1.50     1.69     1.89     2.11     2.35     2.60     2.86     3.13     3.41     3.71     4.02     4.35     4.67     5.00
       t@850      K    0.63°C    0.76°C    0.84°C    0.91°C    0.98°C    1.05°C    1.12°C    1.20°C    1.28°C    1.36°C    1.46°C    1.55°C    1.66°C    1.77°C    1.88°C    2.00°C    2.12°C    2.24°C    2.37°C    2.50°C
       u@850    m/s     1.07     1.28     1.44     1.58     1.73     1.88     2.04     2.21     2.39     2.58     2.77     2.97     3.18     3.39     3.60     3.82     4.04     4.26     4.47     4.67
       v@850    m/s     1.07     1.27     1.43     1.57     1.72     1.87     2.03     2.20     2.38     2.56     2.76     2.96     3.17     3.39     3.61     3.83     4.06     4.28     4.49     4.70
       z@850    gpm      4.2      5.1      6.2      7.3      8.5      9.8     11.1     12.6     14.1     15.8     17.6     19.4     21.4     23.5     25.6     27.9     30.3     32.7     35.1     37.6
       z@500    gpm      5.3      6.4      7.8      9.2     10.9     12.6     14.5     16.5     18.7     21.0     23.5     26.1     28.9     31.8     34.9     38.0     41.2     44.6     47.9     51.3

Per-channel metrics overall (physical units, avg over 20 horizons):
    #        var      ACC  RMSE_norm    RMSE_phys     unit
    0        t2m   0.9968     0.0790       1.6698        K  (≈1.67 °C)
    1        10u   0.9290     0.3650       2.0308      m/s
    2        10v   0.8989     0.4344       2.0716      m/s
    3        msl   0.9769     0.2066       2.7963      hPa
    4         tp   0.6324     0.8138       0.0016        m
    5         sp   0.9995     0.0304       2.8950      hPa
    6       tcwv   0.9847     0.1781       2.9639    kg/m²
    7     z_surf   0.9998     0.0000       0.0000      gpm
    8        lsm   1.0000     0.0000       0.0000        -
    9      t@850   0.9946     0.1020       1.5821        K  (≈1.58 °C)
   10      u@850   0.9334     0.3612       2.9773      m/s
   11      v@850   0.8823     0.4747       2.9798      m/s
   12      z@850   0.9897     0.1376      20.9782      gpm
   13      q@850   0.9672     0.2605       0.0011    kg/kg
   14      t@500   0.9945     0.1099       1.4343        K  (≈1.43 °C)
   15      u@500   0.9390     0.3449       4.1485      m/s
   16      v@500   0.8915     0.4587       4.2234      m/s
   17      z@500   0.9967     0.0824      28.3938      gpm
   18      q@500   0.9103     0.4132       0.0005    kg/kg
   19      z@250   0.9980     0.0652      37.0528      gpm
   20      t@250   0.9760     0.2104       1.8226        K  (≈1.82 °C)
   21      u@250   0.9538     0.2990       5.4051      m/s
   22      v@250   0.9133     0.4119       5.5380      m/s
   23      q@250   0.8999     0.4446       0.0000    kg/kg
   24     z@1000   0.9787     0.1969      21.9358      gpm
   25     t@1000   0.9960     0.0915       1.5491        K  (≈1.55 °C)
   26     u@1000   0.9310     0.3604       2.2213      m/s
   27     v@1000   0.9008     0.4301       2.2861      m/s
   28     q@1000   0.9946     0.1072       0.0006    kg/kg
   29   sin_hour   0.2155     0.0000       0.0000        ?
   30   cos_hour   0.2155     0.0000       0.0000        ?
   31    sin_doy   0.1458     0.0000       0.0000        ?
   32    cos_doy   0.2208     0.0000       0.0000        ?

--- Region [50.0,60.0]N x [83.0,98.0]E (2501 nodes) ---
RMSE=0.228909 | base=0.648701 | skill=64.71%
ACC=0.8215 | base=0.3832

  Per-horizon (region):
    +06h: RMSE=0.076937 | base=0.264498 | skill=70.91% | ACC=0.9496 (base 0.7933)
    +12h: RMSE=0.090048 | base=0.400644 | skill=77.52% | ACC=0.9344 (base 0.6243)
    +18h: RMSE=0.099549 | base=0.488123 | skill=79.61% | ACC=0.9246 (base 0.5165)
    +24h: RMSE=0.108056 | base=0.542531 | skill=80.08% | ACC=0.9165 (base 0.4551)
    +30h: RMSE=0.118303 | base=0.581367 | skill=79.65% | ACC=0.9066 (base 0.4121)
    +36h: RMSE=0.128801 | base=0.610465 | skill=78.90% | ACC=0.8969 (base 0.3860)
    +42h: RMSE=0.140289 | base=0.636339 | skill=77.95% | ACC=0.8870 (base 0.3659)
    +48h: RMSE=0.153545 | base=0.660313 | skill=76.75% | ACC=0.8754 (base 0.3485)
    +54h: RMSE=0.168783 | base=0.683326 | skill=75.30% | ACC=0.8620 (base 0.3241)
    +60h: RMSE=0.185817 | base=0.696721 | skill=73.33% | ACC=0.8462 (base 0.3124)
    +66h: RMSE=0.203436 | base=0.703313 | skill=71.07% | ACC=0.8295 (base 0.3139)
    +72h: RMSE=0.222154 | base=0.706254 | skill=68.54% | ACC=0.8127 (base 0.3191)
    +78h: RMSE=0.240405 | base=0.711402 | skill=66.21% | ACC=0.7952 (base 0.3139)
    +84h: RMSE=0.257791 | base=0.714773 | skill=63.93% | ACC=0.7773 (base 0.3102)
    +90h: RMSE=0.276326 | base=0.717358 | skill=61.48% | ACC=0.7589 (base 0.3078)
    +96h: RMSE=0.295681 | base=0.719850 | skill=58.92% | ACC=0.7387 (base 0.3065)
    +102h: RMSE=0.316777 | base=0.724055 | skill=56.25% | ACC=0.7154 (base 0.3031)
    +108h: RMSE=0.338514 | base=0.725580 | skill=53.35% | ACC=0.6924 (base 0.3078)
    +114h: RMSE=0.362570 | base=0.726588 | skill=50.10% | ACC=0.6683 (base 0.3179)
    +120h: RMSE=0.387745 | base=0.726187 | skill=46.61% | ACC=0.6420 (base 0.3253)

  Per-horizon per-channel RMSE — REGION (2501 nodes):
           var   unit      +6h     +12h     +18h     +24h     +30h     +36h     +42h     +48h     +54h     +60h     +66h     +72h     +78h     +84h     +90h     +96h    +102h    +108h    +114h    +120h
           t2m      K    1.34°C    1.61°C    1.68°C    1.74°C    1.87°C    1.96°C    2.01°C    2.08°C    2.18°C    2.28°C    2.40°C    2.53°C    2.65°C    2.77°C    2.90°C    3.04°C    3.20°C    3.37°C    3.58°C    3.76°C
           10u    m/s     0.50     0.57     0.61     0.63     0.67     0.71     0.75     0.80     0.86     0.93     0.99     1.05     1.10     1.15     1.22     1.30     1.40     1.50     1.60     1.70
           10v    m/s     0.47     0.54     0.57     0.59     0.64     0.67     0.71     0.74     0.79     0.85     0.89     0.94     1.00     1.06     1.13     1.20     1.27     1.33     1.42     1.51
           msl    hPa     0.68     0.86     1.02     1.15     1.31     1.48     1.66     1.88     2.09     2.34     2.63     2.94     3.28     3.60     3.90     4.24     4.65     5.08     5.53     6.02
         t@850      K    0.74°C    0.91°C    1.01°C    1.07°C    1.15°C    1.21°C    1.28°C    1.36°C    1.46°C    1.57°C    1.68°C    1.80°C    1.92°C    2.02°C    2.15°C    2.27°C    2.40°C    2.56°C    2.74°C    2.95°C
         u@850    m/s     1.12     1.31     1.44     1.55     1.65     1.77     1.91     2.07     2.27     2.48     2.68     2.87     3.01     3.16     3.33     3.54     3.81     4.10     4.38     4.65
         v@850    m/s     1.01     1.15     1.26     1.35     1.45     1.56     1.68     1.80     1.94     2.09     2.24     2.39     2.54     2.72     2.97     3.24     3.47     3.65     3.89     4.14
         z@850    gpm      3.7      5.0      6.3      7.3      8.5      9.8     11.2     12.8     14.3     16.1     18.0     20.0     22.1     24.2     26.3     28.7     31.5     34.5     37.6     40.9
         z@500    gpm      5.0      6.6      8.2      9.7     11.5     13.5     15.6     18.1     20.7     23.5     26.1     28.9     31.4     34.2     37.4     40.8     44.4     48.4     52.7     57.3

  Per-channel region (physical units, avg over 20 horizons):
      #        var      ACC  RMSE_norm    RMSE_phys     unit
      0        t2m   0.8866     0.1202       2.5398        K  (≈2.54 °C)
      1        10u   0.8198     0.1907       1.0613      m/s
      2        10v   0.7921     0.2025       0.9656      m/s
      3        msl   0.9212     0.2396       3.2425      hPa
      4         tp   0.4930     0.0513       0.0001        m
      5         sp   0.9997     0.0337       3.2096      hPa
      6       tcwv   0.8554     0.0635       1.0557    kg/m²
      7     z_surf   1.0000     0.0000       0.0000      gpm
      8        lsm   1.0000     0.0000       0.0000        -
      9      t@850   0.8784     0.1176       1.8239        K  (≈1.82 °C)
     10      u@850   0.8801     0.3461       2.8528      m/s
     11      v@850   0.7888     0.3998       2.5095      m/s
     12      z@850   0.9597     0.1439      21.9403      gpm
     13      q@850   0.7650     0.0820       0.0003    kg/kg
     14      t@500   0.8670     0.1342       1.7505        K  (≈1.75 °C)
     15      u@500   0.7625     0.3991       4.8001      m/s
     16      v@500   0.7665     0.4904       4.5149      m/s
     17      z@500   0.9592     0.0899      30.9913      gpm
     18      q@500   0.6520     0.1150       0.0001    kg/kg
     19      z@250   0.9517     0.0742      42.1568      gpm
     20      t@250   0.7343     0.2546       2.2050        K  (≈2.20 °C)
     21      u@250   0.8017     0.3322       6.0053      m/s
     22      v@250   0.8044     0.4381       5.8902      m/s
     23      q@250   0.5196     0.0519       0.0000    kg/kg
     24     z@1000   0.9303     0.2172      24.2041      gpm
     25     t@1000   0.9204     0.1184       2.0048        K  (≈2.00 °C)
     26     u@1000   0.8150     0.1676       1.0327      m/s
     27     v@1000   0.8063     0.1756       0.9332      m/s
     28     q@1000   0.8492     0.0483       0.0003    kg/kg
     29   sin_hour   0.0155     0.0000       0.0000        ?
     30   cos_hour   0.0155     0.0000       0.0000        ?
     31    sin_doy   0.0048     0.0000       0.0000        ?
     32    cos_doy   0.0076     0.0000       0.0000        ?
============================================================
