[predict] data_dir=/data/datasets/multires_krsk_33f (chunked=True, pred_steps=20)
[ChunkDataset] склеиваем data.npy (19ch) + data_extra.npy (14ch) → 33ch
[ChunkDataset] train: 12840 samples, flat_nodes=133279, feat=33, obs=2, pred=20
[ChunkDataset] склеиваем data.npy (19ch) + data_extra.npy (14ch) → 33ch
[ChunkDataset] val: 1605 samples, flat_nodes=133279, feat=33, obs=2, pred=20
[ChunkDataset] склеиваем data.npy (19ch) + data_extra.npy (14ch) → 33ch
[ChunkDataset] test_only: 1606 samples, flat_nodes=133279, feat=33, obs=2, pred=20
[graph] уровни меша [4, 6], признаки рёбер: legacy
[processor] InteractionNet: 12 шагов, агрегация 'mean'
Encoder summary: 
+---------------------------+----------------------------+----------------+----------+
| Layer                     | Input Shape                | Output Shape   | #Param   |
|---------------------------+----------------------------+----------------+----------|
| Model                     | [174241, 72], [2, 207099]  | [174241, 256]  | 348,162  |
| ├─(mlp)MLP                |                            | [174241, 256]  | 150,786  |
| │    └─(MLP)ModuleList    | --                         | --             | 150,786  |
| │    │    └─(0)Linear     | [174241, 72]               | [174241, 256]  | 18,688   |
| │    │    └─(1)PReLU      | [174241, 256]              | [174241, 256]  | 1        |
| │    │    └─(2)Linear     | [174241, 256]              | [174241, 256]  | 65,792   |
| │    │    └─(3)PReLU      | [174241, 256]              | [174241, 256]  | 1        |
| │    │    └─(4)Linear     | [174241, 256]              | [174241, 256]  | 65,792   |
| │    │    └─(5)LayerNorm  | [174241, 256]              | [174241, 256]  | 512      |
| ├─(graph_layer)GraphLayer |                            | [174241, 256]  | 197,376  |
| │    └─(activation)SiLU   | [174241, 256]              | [174241, 256]  | --       |
| │    └─(layers)ModuleList | --                         | --             | 197,376  |
| │    │    └─(0)GCNConv    | [174241, 256], [2, 207099] | [174241, 256]  | 65,792   |
| │    │    └─(1)SiLU       | [174241, 256]              | [174241, 256]  | --       |
| │    │    └─(2)GCNConv    | [174241, 256], [2, 207099] | [174241, 256]  | 65,792   |
| │    │    └─(3)SiLU       | --                         | --             | --       |
| │    │    └─(4)GCNConv    | [174241, 256], [2, 207099] | [174241, 256]  | 65,792   |
+---------------------------+----------------------------+----------------+----------+

Processor summary: 
  (summary skipped: Expected all tensors to be on the same device, but found at least two devices, cuda:0 and cpu! (when checking argument for argument mat1 in method wrapper_CUDA_addmm))

Decoder summary: 
+---------------------------+----------------------------+----------------+----------+
| Layer                     | Input Shape                | Output Shape   | #Param   |
|---------------------------+----------------------------+----------------+----------|
| Model                     | [174241, 256], [2, 399837] | [174241, 33]   | 152,483  |
| ├─(mlp)MLP                |                            | [174241, 128]  | 115,202  |
| │    └─(MLP)ModuleList    | --                         | --             | 115,202  |
| │    │    └─(0)Linear     | [174241, 256]              | [174241, 256]  | 65,792   |
| │    │    └─(1)PReLU      | [174241, 256]              | [174241, 256]  | 1        |
| │    │    └─(2)Linear     | [174241, 256]              | [174241, 128]  | 32,896   |
| │    │    └─(3)PReLU      | [174241, 128]              | [174241, 128]  | 1        |
| │    │    └─(4)Linear     | [174241, 128]              | [174241, 128]  | 16,512   |
| ├─(graph_layer)GraphLayer |                            | [174241, 33]   | 37,281   |
| │    └─(activation)SiLU   | [174241, 128]              | [174241, 128]  | --       |
| │    └─(layers)ModuleList | --                         | --             | 37,281   |
| │    │    └─(0)GCNConv    | [174241, 128], [2, 399837] | [174241, 128]  | 16,512   |
| │    │    └─(1)SiLU       | [174241, 128]              | [174241, 128]  | --       |
| │    │    └─(2)GCNConv    | [174241, 128], [2, 399837] | [174241, 128]  | 16,512   |
| │    │    └─(3)SiLU       | --                         | --             | --       |
| │    │    └─(4)GCNConv    | [174241, 128], [2, 399837] | [174241, 33]   | 4,257    |
+---------------------------+----------------------------+----------------+----------+

[AR-rollout] Модель выдаёт 1 шаг(ов), но мы прогоним 20 шагов авторегрессионно.
[static] Каналы [7, 8] — статика, carry-forward при AR
[forcing] Каналы [29, 30, 31, 32] — форсинг (из ground truth при AR)
[predict] device=cuda | grid=0x0 | 500/1606 test samples
[Region] 2501 nodes (--region [50.0,60.0]N x [83.0,98.0]E)
[metrics] Исключены из aggregate метрик: каналы [7, 8, 29, 30, 31, 32] (static+forcing)
[metrics] per-sample MSE будут сохранены в /workdir/paper_results/krsk5d_w1_samples.npz
[Main] Инференс (500 samples, DA=none)...
  [50/500] RMSE=0.333590 ACC=0.9414
  [100/500] RMSE=0.320708 ACC=0.9430
  [150/500] RMSE=0.323696 ACC=0.9428
  [200/500] RMSE=0.322878 ACC=0.9434
  [250/500] RMSE=0.323416 ACC=0.9437
  [300/500] RMSE=0.323726 ACC=0.9438
  [350/500] RMSE=0.324875 ACC=0.9440
  [400/500] RMSE=0.324611 ACC=0.9442
  [450/500] RMSE=0.326119 ACC=0.9438
  [500/500] RMSE=0.327453 ACC=0.9432
[Save] per-sample metrics → /workdir/paper_results/krsk5d_w1_samples.npz (N=500, AR=20, C=33)

============================================================
=== Inference summary (500 samples) ===
Grid: 0x0 (G=133279) | C=33 | AR=20 horizons
Overall: MSE=0.107225 | RMSE=0.327453 | MAE=0.159370
Baseline: RMSE=0.764486 | MAE=0.433413
Skill: 57.17%
ACC: 0.9432 | base: 0.7038 | Δ=+0.2394

Per-horizon:
  +06h: RMSE=0.124207 | base=0.360278 | skill=65.52% | ACC=0.9922 (base 0.9350)
  +12h: RMSE=0.156347 | base=0.512375 | skill=69.49% | ACC=0.9876 (base 0.8677)
  +18h: RMSE=0.184745 | base=0.604349 | skill=69.43% | ACC=0.9824 (base 0.8152)
  +24h: RMSE=0.203491 | base=0.662609 | skill=69.29% | ACC=0.9785 (base 0.7775)
  +30h: RMSE=0.218986 | base=0.710823 | skill=69.19% | ACC=0.9749 (base 0.7437)
  +36h: RMSE=0.233996 | base=0.743130 | skill=68.51% | ACC=0.9712 (base 0.7199)
  +42h: RMSE=0.249324 | base=0.765574 | skill=67.43% | ACC=0.9673 (base 0.7026)
  +48h: RMSE=0.264975 | base=0.779594 | skill=66.01% | ACC=0.9630 (base 0.6917)
  +54h: RMSE=0.281343 | base=0.795698 | skill=64.64% | ACC=0.9582 (base 0.6789)
  +60h: RMSE=0.298178 | base=0.805789 | skill=63.00% | ACC=0.9530 (base 0.6708)
  +66h: RMSE=0.315507 | base=0.812383 | skill=61.16% | ACC=0.9473 (base 0.6653)
  +72h: RMSE=0.333256 | base=0.815372 | skill=59.13% | ACC=0.9411 (base 0.6629)
  +78h: RMSE=0.351472 | base=0.823792 | skill=57.33% | ACC=0.9344 (base 0.6560)
  +84h: RMSE=0.370095 | base=0.829550 | skill=55.39% | ACC=0.9272 (base 0.6513)
  +90h: RMSE=0.389080 | base=0.833842 | skill=53.34% | ACC=0.9195 (base 0.6477)
  +96h: RMSE=0.408431 | base=0.835420 | skill=51.11% | ACC=0.9113 (base 0.6464)
  +102h: RMSE=0.427994 | base=0.842417 | skill=49.19% | ACC=0.9026 (base 0.6404)
  +108h: RMSE=0.447423 | base=0.847130 | skill=47.18% | ACC=0.8936 (base 0.6364)
  +114h: RMSE=0.466540 | base=0.850338 | skill=45.13% | ACC=0.8844 (base 0.6336)
  +120h: RMSE=0.485403 | base=0.850395 | skill=42.92% | ACC=0.8749 (base 0.6335)

Per-horizon per-channel RMSE (physical units):
         var   unit      +6h     +12h     +18h     +24h     +30h     +36h     +42h     +48h     +54h     +60h     +66h     +72h     +78h     +84h     +90h     +96h    +102h    +108h    +114h    +120h
         t2m      K    0.79°C    0.94°C    1.02°C    1.08°C    1.18°C    1.25°C    1.31°C    1.37°C    1.45°C    1.52°C    1.59°C    1.67°C    1.75°C    1.83°C    1.92°C    2.01°C    2.11°C    2.21°C    2.31°C    2.42°C
         10u    m/s     0.70     0.83     0.94     1.03     1.14     1.25     1.36     1.48     1.61     1.74     1.88     2.02     2.16     2.31     2.46     2.61     2.76     2.91     3.06     3.19
         10v    m/s     0.70     0.84     0.95     1.05     1.16     1.27     1.39     1.51     1.64     1.77     1.91     2.05     2.20     2.35     2.51     2.67     2.82     2.98     3.13     3.27
         msl    hPa     0.58     0.72     0.86     1.00     1.15     1.31     1.49     1.68     1.88     2.10     2.33     2.58     2.84     3.11     3.39     3.69     4.00     4.32     4.64     4.97
       t@850      K    0.63°C    0.76°C    0.84°C    0.91°C    0.98°C    1.05°C    1.12°C    1.19°C    1.27°C    1.36°C    1.45°C    1.55°C    1.65°C    1.76°C    1.88°C    1.99°C    2.11°C    2.24°C    2.37°C    2.50°C
       u@850    m/s     1.07     1.28     1.43     1.58     1.72     1.87     2.04     2.20     2.38     2.57     2.76     2.95     3.16     3.36     3.58     3.79     4.01     4.23     4.43     4.63
       v@850    m/s     1.07     1.27     1.43     1.57     1.71     1.86     2.02     2.19     2.37     2.55     2.75     2.95     3.15     3.36     3.58     3.80     4.03     4.25     4.46     4.67
       z@850    gpm      4.2      5.1      6.2      7.2      8.4      9.7     11.1     12.5     14.1     15.7     17.5     19.3     21.3     23.3     25.4     27.7     30.0     32.4     34.9     37.3
       z@500    gpm      5.3      6.4      7.8      9.2     10.8     12.5     14.3     16.3     18.5     20.8     23.2     25.8     28.6     31.4     34.4     37.5     40.7     44.0     47.4     50.8

Per-channel metrics overall (physical units, avg over 20 horizons):
    #        var      ACC  RMSE_norm    RMSE_phys     unit
    0        t2m   0.9968     0.0783       1.6537        K  (≈1.65 °C)
    1        10u   0.9294     0.3635       2.0227      m/s
    2        10v   0.8996     0.4328       2.0638      m/s
    3        msl   0.9771     0.2053       2.7784      hPa
    4         tp   0.6321     0.8143       0.0016        m
    5         sp   0.9996     0.0299       2.8482      hPa
    6       tcwv   0.9847     0.1780       2.9617    kg/m²
    7     z_surf   0.9998     0.0000       0.0000      gpm
    8        lsm   1.0000     0.0000       0.0000        -
    9      t@850   0.9946     0.1019       1.5795        K  (≈1.58 °C)
   10      u@850   0.9340     0.3588       2.9578      m/s
   11      v@850   0.8831     0.4718       2.9617      m/s
   12      z@850   0.9898     0.1366      20.8170      gpm
   13      q@850   0.9674     0.2597       0.0011    kg/kg
   14      t@500   0.9946     0.1087       1.4181        K  (≈1.42 °C)
   15      u@500   0.9397     0.3422       4.1155      m/s
   16      v@500   0.8924     0.4552       4.1910      m/s
   17      z@500   0.9967     0.0815      28.0711      gpm
   18      q@500   0.9103     0.4129       0.0005    kg/kg
   19      z@250   0.9980     0.0643      36.5078      gpm
   20      t@250   0.9762     0.2082       1.8033        K  (≈1.80 °C)
   21      u@250   0.9544     0.2967       5.3626      m/s
   22      v@250   0.9140     0.4088       5.4951      m/s
   23      q@250   0.9001     0.4446       0.0000    kg/kg
   24     z@1000   0.9789     0.1956      21.7940      gpm
   25     t@1000   0.9960     0.0909       1.5391        K  (≈1.54 °C)
   26     u@1000   0.9315     0.3590       2.2123      m/s
   27     v@1000   0.9014     0.4284       2.2768      m/s
   28     q@1000   0.9946     0.1071       0.0006    kg/kg
   29   sin_hour   0.2155     0.0000       0.0000        ?
   30   cos_hour   0.2155     0.0000       0.0000        ?
   31    sin_doy   0.1458     0.0000       0.0000        ?
   32    cos_doy   0.2208     0.0000       0.0000        ?

--- Region [50.0,60.0]N x [83.0,98.0]E (2501 nodes) ---
RMSE=0.228229 | base=0.648701 | skill=64.82%
ACC=0.8164 | base=0.3832

  Per-horizon (region):
    +06h: RMSE=0.080093 | base=0.264498 | skill=69.72% | ACC=0.9456 (base 0.7933)
    +12h: RMSE=0.093995 | base=0.400644 | skill=76.54% | ACC=0.9285 (base 0.6243)
    +18h: RMSE=0.103776 | base=0.488123 | skill=78.74% | ACC=0.9179 (base 0.5165)
    +24h: RMSE=0.112171 | base=0.542531 | skill=79.32% | ACC=0.9095 (base 0.4551)
    +30h: RMSE=0.122374 | base=0.581367 | skill=78.95% | ACC=0.8991 (base 0.4121)
    +36h: RMSE=0.132662 | base=0.610465 | skill=78.27% | ACC=0.8892 (base 0.3860)
    +42h: RMSE=0.143708 | base=0.636339 | skill=77.42% | ACC=0.8795 (base 0.3659)
    +48h: RMSE=0.156369 | base=0.660313 | skill=76.32% | ACC=0.8683 (base 0.3485)
    +54h: RMSE=0.171010 | base=0.683326 | skill=74.97% | ACC=0.8551 (base 0.3241)
    +60h: RMSE=0.187147 | base=0.696721 | skill=73.14% | ACC=0.8402 (base 0.3124)
    +66h: RMSE=0.203824 | base=0.703313 | skill=71.02% | ACC=0.8246 (base 0.3139)
    +72h: RMSE=0.221460 | base=0.706254 | skill=68.64% | ACC=0.8086 (base 0.3191)
    +78h: RMSE=0.238753 | base=0.711402 | skill=66.44% | ACC=0.7913 (base 0.3139)
    +84h: RMSE=0.255383 | base=0.714773 | skill=64.27% | ACC=0.7736 (base 0.3102)
    +90h: RMSE=0.273492 | base=0.717358 | skill=61.88% | ACC=0.7553 (base 0.3078)
    +96h: RMSE=0.293183 | base=0.719850 | skill=59.27% | ACC=0.7352 (base 0.3065)
    +102h: RMSE=0.314492 | base=0.724055 | skill=56.57% | ACC=0.7122 (base 0.3031)
    +108h: RMSE=0.335844 | base=0.725580 | skill=53.71% | ACC=0.6890 (base 0.3078)
    +114h: RMSE=0.359302 | base=0.726588 | skill=50.55% | ACC=0.6656 (base 0.3179)
    +120h: RMSE=0.383220 | base=0.726187 | skill=47.23% | ACC=0.6405 (base 0.3253)

  Per-horizon per-channel RMSE — REGION (2501 nodes):
           var   unit      +6h     +12h     +18h     +24h     +30h     +36h     +42h     +48h     +54h     +60h     +66h     +72h     +78h     +84h     +90h     +96h    +102h    +108h    +114h    +120h
           t2m      K    1.39°C    1.68°C    1.76°C    1.83°C    1.96°C    2.05°C    2.11°C    2.17°C    2.27°C    2.37°C    2.47°C    2.58°C    2.70°C    2.81°C    2.93°C    3.06°C    3.23°C    3.40°C    3.61°C    3.79°C
           10u    m/s     0.52     0.60     0.64     0.66     0.70     0.74     0.78     0.82     0.88     0.94     1.00     1.05     1.10     1.14     1.20     1.29     1.39     1.49     1.58     1.68
           10v    m/s     0.49     0.57     0.61     0.63     0.67     0.71     0.74     0.77     0.83     0.88     0.92     0.96     1.02     1.08     1.14     1.21     1.28     1.34     1.42     1.51
           msl    hPa     0.72     0.91     1.08     1.22     1.39     1.56     1.74     1.95     2.16     2.41     2.69     3.00     3.32     3.62     3.92     4.27     4.70     5.13     5.58     6.05
         t@850      K    0.77°C    0.95°C    1.06°C    1.13°C    1.21°C    1.27°C    1.34°C    1.42°C    1.52°C    1.62°C    1.74°C    1.85°C    1.96°C    2.06°C    2.18°C    2.29°C    2.44°C    2.60°C    2.78°C    2.99°C
         u@850    m/s     1.17     1.38     1.52     1.63     1.73     1.85     1.99     2.14     2.32     2.52     2.71     2.88     3.00     3.14     3.31     3.51     3.77     4.05     4.31     4.57
         v@850    m/s     1.05     1.20     1.31     1.40     1.50     1.61     1.72     1.84     1.97     2.12     2.26     2.40     2.54     2.70     2.93     3.18     3.41     3.60     3.82     4.04
         z@850    gpm      4.0      5.3      6.7      7.8      9.0     10.4     11.8     13.4     14.9     16.6     18.5     20.5     22.5     24.5     26.6     29.1     32.0     35.0     38.1     41.3
         z@500    gpm      5.3      6.9      8.5     10.2     12.0     14.0     16.2     18.6     21.1     23.8     26.5     29.2     31.7     34.4     37.5     41.0     45.0     49.2     53.7     58.5

  Per-channel region (physical units, avg over 20 horizons):
      #        var      ACC  RMSE_norm    RMSE_phys     unit
      0        t2m   0.8794     0.1227       2.5929        K  (≈2.59 °C)
      1        10u   0.8116     0.1912       1.0641      m/s
      2        10v   0.7771     0.2063       0.9835      m/s
      3        msl   0.9172     0.2426       3.2843      hPa
      4         tp   0.4732     0.0589       0.0001        m
      5         sp   0.9997     0.0345       3.2886      hPa
      6       tcwv   0.8514     0.0639       1.0630    kg/m²
      7     z_surf   1.0000     0.0000       0.0000      gpm
      8        lsm   1.0000     0.0000       0.0000        -
      9      t@850   0.8733     0.1204       1.8665        K  (≈1.87 °C)
     10      u@850   0.8764     0.3460       2.8522      m/s
     11      v@850   0.7854     0.3975       2.4951      m/s
     12      z@850   0.9598     0.1465      22.3353      gpm
     13      q@850   0.7566     0.0834       0.0003    kg/kg
     14      t@500   0.8684     0.1321       1.7240        K  (≈1.72 °C)
     15      u@500   0.7630     0.3940       4.7389      m/s
     16      v@500   0.7679     0.4867       4.4808      m/s
     17      z@500   0.9594     0.0913      31.4558      gpm
     18      q@500   0.6495     0.1133       0.0001    kg/kg
     19      z@250   0.9513     0.0752      42.7343      gpm
     20      t@250   0.7340     0.2508       2.1721        K  (≈2.17 °C)
     21      u@250   0.8015     0.3269       5.9086      m/s
     22      v@250   0.8052     0.4343       5.8391      m/s
     23      q@250   0.5022     0.0527       0.0000    kg/kg
     24     z@1000   0.9260     0.2202      24.5341      gpm
     25     t@1000   0.9136     0.1221       2.0676        K  (≈2.07 °C)
     26     u@1000   0.8050     0.1695       1.0445      m/s
     27     v@1000   0.7941     0.1783       0.9475      m/s
     28     q@1000   0.8413     0.0498       0.0003    kg/kg
     29   sin_hour   0.0155     0.0000       0.0000        ?
     30   cos_hour   0.0155     0.0000       0.0000        ?
     31    sin_doy   0.0048     0.0000       0.0000        ?
     32    cos_doy   0.0076     0.0000       0.0000        ?
============================================================
