[predict] data_dir=/data/datasets/multires_krsk_33f (chunked=True, pred_steps=4)
[ChunkDataset] склеиваем data.npy (19ch) + data_extra.npy (14ch) → 33ch
[ChunkDataset] train: 12853 samples, flat_nodes=133279, feat=33, obs=2, pred=4
[ChunkDataset] склеиваем data.npy (19ch) + data_extra.npy (14ch) → 33ch
[ChunkDataset] val: 1607 samples, flat_nodes=133279, feat=33, obs=2, pred=4
[ChunkDataset] склеиваем data.npy (19ch) + data_extra.npy (14ch) → 33ch
[ChunkDataset] test_only: 1607 samples, flat_nodes=133279, feat=33, obs=2, pred=4
[graph] уровни меша [0, 1, 2, 3, 4, 5, 6], признаки рёбер: unit_log
[processor] InteractionNet: 12 шагов, агрегация 'mean'
Encoder summary: 
+---------------------------+----------------------------+----------------+----------+
| Layer                     | Input Shape                | Output Shape   | #Param   |
|---------------------------+----------------------------+----------------+----------|
| Model                     | [174241, 72], [2, 207099]  | [174241, 256]  | 348,162  |
| ├─(mlp)MLP                |                            | [174241, 256]  | 150,786  |
| │    └─(MLP)ModuleList    | --                         | --             | 150,786  |
| │    │    └─(0)Linear     | [174241, 72]               | [174241, 256]  | 18,688   |
| │    │    └─(1)PReLU      | [174241, 256]              | [174241, 256]  | 1        |
| │    │    └─(2)Linear     | [174241, 256]              | [174241, 256]  | 65,792   |
| │    │    └─(3)PReLU      | [174241, 256]              | [174241, 256]  | 1        |
| │    │    └─(4)Linear     | [174241, 256]              | [174241, 256]  | 65,792   |
| │    │    └─(5)LayerNorm  | [174241, 256]              | [174241, 256]  | 512      |
| ├─(graph_layer)GraphLayer |                            | [174241, 256]  | 197,376  |
| │    └─(activation)SiLU   | [174241, 256]              | [174241, 256]  | --       |
| │    └─(layers)ModuleList | --                         | --             | 197,376  |
| │    │    └─(0)GCNConv    | [174241, 256], [2, 207099] | [174241, 256]  | 65,792   |
| │    │    └─(1)SiLU       | [174241, 256]              | [174241, 256]  | --       |
| │    │    └─(2)GCNConv    | [174241, 256], [2, 207099] | [174241, 256]  | 65,792   |
| │    │    └─(3)SiLU       | --                         | --             | --       |
| │    │    └─(4)GCNConv    | [174241, 256], [2, 207099] | [174241, 256]  | 65,792   |
+---------------------------+----------------------------+----------------+----------+

Processor summary: 
  (summary skipped: Expected all tensors to be on the same device, but found at least two devices, cuda:0 and cpu! (when checking argument for argument mat1 in method wrapper_CUDA_addmm))

Decoder summary: 
+---------------------------+----------------------------+----------------+----------+
| Layer                     | Input Shape                | Output Shape   | #Param   |
|---------------------------+----------------------------+----------------+----------|
| Model                     | [174241, 256], [2, 399837] | [174241, 33]   | 152,483  |
| ├─(mlp)MLP                |                            | [174241, 128]  | 115,202  |
| │    └─(MLP)ModuleList    | --                         | --             | 115,202  |
| │    │    └─(0)Linear     | [174241, 256]              | [174241, 256]  | 65,792   |
| │    │    └─(1)PReLU      | [174241, 256]              | [174241, 256]  | 1        |
| │    │    └─(2)Linear     | [174241, 256]              | [174241, 128]  | 32,896   |
| │    │    └─(3)PReLU      | [174241, 128]              | [174241, 128]  | 1        |
| │    │    └─(4)Linear     | [174241, 128]              | [174241, 128]  | 16,512   |
| ├─(graph_layer)GraphLayer |                            | [174241, 33]   | 37,281   |
| │    └─(activation)SiLU   | [174241, 128]              | [174241, 128]  | --       |
| │    └─(layers)ModuleList | --                         | --             | 37,281   |
| │    │    └─(0)GCNConv    | [174241, 128], [2, 399837] | [174241, 128]  | 16,512   |
| │    │    └─(1)SiLU       | [174241, 128]              | [174241, 128]  | --       |
| │    │    └─(2)GCNConv    | [174241, 128], [2, 399837] | [174241, 128]  | 16,512   |
| │    │    └─(3)SiLU       | --                         | --             | --       |
| │    │    └─(4)GCNConv    | [174241, 128], [2, 399837] | [174241, 33]   | 4,257    |
+---------------------------+----------------------------+----------------+----------+

[AR-rollout] Модель выдаёт 1 шаг(ов), но мы прогоним 4 шагов авторегрессионно.
[static] Каналы [7, 8] — статика, carry-forward при AR
[forcing] Каналы [29, 30, 31, 32] — форсинг (из ground truth при AR)
[predict] device=cuda | grid=0x0 | 2000/1607 test samples
[Region] 2501 nodes (--region [50.0,60.0]N x [83.0,98.0]E)
[metrics] Исключены из aggregate метрик: каналы [7, 8, 29, 30, 31, 32] (static+forcing)
[metrics] per-sample MSE будут сохранены в /workdir/paper_results/logedge_roi_samples.npz
[Main] Инференс (2000 samples, DA=none)...
  [50/2000] RMSE=0.174188 ACC=0.9846
  [100/2000] RMSE=0.169980 ACC=0.9845
  [150/2000] RMSE=0.173139 ACC=0.9843
  [200/2000] RMSE=0.173681 ACC=0.9843
  [250/2000] RMSE=0.174181 ACC=0.9844
  [300/2000] RMSE=0.174552 ACC=0.9843
  [350/2000] RMSE=0.175157 ACC=0.9844
  [400/2000] RMSE=0.175194 ACC=0.9844
  [450/2000] RMSE=0.175417 ACC=0.9844
  [500/2000] RMSE=0.175031 ACC=0.9843
  [550/2000] RMSE=0.174932 ACC=0.9843
  [600/2000] RMSE=0.175043 ACC=0.9843
  [650/2000] RMSE=0.175030 ACC=0.9843
  [700/2000] RMSE=0.175399 ACC=0.9842
  [750/2000] RMSE=0.175871 ACC=0.9842
  [800/2000] RMSE=0.175705 ACC=0.9842
  [850/2000] RMSE=0.175901 ACC=0.9842
  [900/2000] RMSE=0.176008 ACC=0.9842
  [950/2000] RMSE=0.176089 ACC=0.9842
  [1000/2000] RMSE=0.176059 ACC=0.9842
  [1050/2000] RMSE=0.176292 ACC=0.9842
  [1100/2000] RMSE=0.176417 ACC=0.9842
  [1150/2000] RMSE=0.176461 ACC=0.9842
  [1200/2000] RMSE=0.176296 ACC=0.9842
  [1250/2000] RMSE=0.176000 ACC=0.9843
  [1300/2000] RMSE=0.175744 ACC=0.9843
  [1350/2000] RMSE=0.175406 ACC=0.9843
  [1400/2000] RMSE=0.175340 ACC=0.9844
  [1450/2000] RMSE=0.175130 ACC=0.9844
  [1500/2000] RMSE=0.174922 ACC=0.9844
  [1550/2000] RMSE=0.174657 ACC=0.9844
  [1600/2000] RMSE=0.174419 ACC=0.9844
[Save] per-sample metrics → /workdir/paper_results/logedge_roi_samples.npz (N=1607, AR=4, C=33)

============================================================
=== Inference summary (1607 samples) ===
Grid: 0x0 (G=133279) | C=33 | AR=4 horizons
Overall: MSE=0.030410 | RMSE=0.174386 | MAE=0.084096
Baseline: RMSE=0.548209 | MAE=0.281325
Skill: 68.19%
ACC: 0.9844 | base: 0.8500 | Δ=+0.1344

Per-horizon:
  +06h: RMSE=0.124363 | base=0.363277 | skill=65.77% | ACC=0.9922 (base 0.9343)
  +12h: RMSE=0.156946 | base=0.514900 | skill=69.52% | ACC=0.9875 (base 0.8677)
  +18h: RMSE=0.190486 | base=0.605222 | skill=68.53% | ACC=0.9814 (base 0.8171)
  +24h: RMSE=0.212741 | base=0.662380 | skill=67.88% | ACC=0.9766 (base 0.7808)

Per-horizon per-channel RMSE (physical units):
         var   unit      +6h     +12h     +18h     +24h
         t2m      K    0.78°C    0.94°C    1.04°C    1.12°C
         10u    m/s     0.71     0.86     0.99     1.10
         10v    m/s     0.72     0.87     1.00     1.12
         msl    hPa     0.60     0.77     0.95     1.11
       t@850      K    0.64°C    0.79°C    0.91°C    0.99°C
       u@850    m/s     1.08     1.30     1.49     1.65
       v@850    m/s     1.08     1.30     1.49     1.65
       z@850    gpm      4.3      5.4      7.0      8.3
       z@500    gpm      6.0      7.2     10.7     11.9

Per-channel metrics overall (physical units, avg over 4 horizons):
    #        var      ACC  RMSE_norm    RMSE_phys     unit
    0        t2m   0.9989     0.0462       0.9772        K  (≈0.98 °C)
    1        10u   0.9858     0.1663       0.9255      m/s
    2        10v   0.9802     0.1969       0.9389      m/s
    3        msl   0.9978     0.0651       0.8811      hPa
    4         tp   0.8522     0.5279       0.0010        m
    5         sp   0.9999     0.0106       1.0104      hPa
    6       tcwv   0.9962     0.0875       1.4552    kg/m²
    7     z_surf   0.9998     0.0000       0.0000      gpm
    8        lsm   1.0000     0.0000       0.0000        -
    9      t@850   0.9985     0.0542       0.8407        K  (≈0.84 °C)
   10      u@850   0.9855     0.1698       1.3993      m/s
   11      v@850   0.9749     0.2228       1.3984      m/s
   12      z@850   0.9992     0.0422       6.4324      gpm
   13      q@850   0.9876     0.1563       0.0006    kg/kg
   14      t@500   0.9988     0.0489       0.6381        K  (≈0.64 °C)
   15      u@500   0.9879     0.1546       1.8594      m/s
   16      v@500   0.9788     0.2044       1.8823      m/s
   17      z@500   0.9997     0.0269       9.2602      gpm
   18      q@500   0.9719     0.2396       0.0003    kg/kg
   19      z@250   0.9998     0.0212      12.0137      gpm
   20      t@250   0.9961     0.0897       0.7767        K  (≈0.78 °C)
   21      u@250   0.9906     0.1370       2.4770      m/s
   22      v@250   0.9829     0.1837       2.4701      m/s
   23      q@250   0.9555     0.3011       0.0000    kg/kg
   24     z@1000   0.9982     0.0611       6.8119      gpm
   25     t@1000   0.9986     0.0516       0.8744        K  (≈0.87 °C)
   26     u@1000   0.9861     0.1649       1.0165      m/s
   27     v@1000   0.9805     0.1949       1.0357      m/s
   28     q@1000   0.9975     0.0695       0.0004    kg/kg
   29   sin_hour   0.2155     0.0000       0.0000        ?
   30   cos_hour   0.2155     0.0000       0.0000        ?
   31    sin_doy   0.1761     0.0000       0.0000        ?
   32    cos_doy   0.1927     0.0000       0.0000        ?

--- Region [50.0,60.0]N x [83.0,98.0]E (2501 nodes) ---
RMSE=0.114548 | base=0.421000 | skill=72.79%
ACC=0.9124 | base=0.5746

  Per-horizon (region):
    +06h: RMSE=0.092911 | base=0.268288 | skill=65.37% | ACC=0.9360 (base 0.7685)
    +12h: RMSE=0.108499 | base=0.392209 | skill=72.34% | ACC=0.9174 (base 0.5945)
    +18h: RMSE=0.121108 | base=0.466936 | skill=74.06% | ACC=0.9033 (base 0.4955)
    +24h: RMSE=0.131960 | base=0.514906 | skill=74.37% | ACC=0.8929 (base 0.4398)

  Per-horizon per-channel RMSE — REGION (2501 nodes):
           var   unit      +6h     +12h     +18h     +24h
           t2m      K    1.30°C    1.53°C    1.60°C    1.68°C
           10u    m/s     0.59     0.67     0.72     0.76
           10v    m/s     0.57     0.66     0.70     0.73
           msl    hPa     0.68     0.87     1.05     1.21
         t@850      K    0.74°C    0.90°C    1.00°C    1.07°C
         u@850    m/s     1.24     1.44     1.59     1.71
         v@850    m/s     1.13     1.29     1.42     1.51
         z@850    gpm      4.0      5.3      6.8      8.0
         z@500    gpm      5.3      6.9      9.2     10.7

  Per-channel region (physical units, avg over 4 horizons):
      #        var      ACC  RMSE_norm    RMSE_phys     unit
      0        t2m   0.9362     0.0727       1.5353        K  (≈1.54 °C)
      1        10u   0.8941     0.1235       0.6874      m/s
      2        10v   0.8699     0.1400       0.6677      m/s
      3        msl   0.9730     0.0721       0.9762      hPa
      4         tp   0.5302     0.1176       0.0002        m
      5         sp   0.9999     0.0114       1.0879      hPa
      6       tcwv   0.9512     0.0595       0.9892    kg/m²
      7     z_surf   1.0000     0.0000       0.0000      gpm
      8        lsm   1.0000     0.0000       0.0000        -
      9      t@850   0.9512     0.0605       0.9375        K  (≈0.94 °C)
     10      u@850   0.9377     0.1827       1.5063      m/s
     11      v@850   0.9059     0.2144       1.3457      m/s
     12      z@850   0.9848     0.0406       6.1873      gpm
     13      q@850   0.8646     0.1011       0.0004    kg/kg
     14      t@500   0.9586     0.0480       0.6264        K  (≈0.63 °C)
     15      u@500   0.9378     0.1549       1.8626      m/s
     16      v@500   0.9412     0.1982       1.8245      m/s
     17      z@500   0.9916     0.0241       8.3016      gpm
     18      q@500   0.8738     0.1460       0.0002    kg/kg
     19      z@250   0.9912     0.0223      12.6451      gpm
     20      t@250   0.9136     0.0964       0.8346        K  (≈0.83 °C)
     21      u@250   0.9501     0.1373       2.4825      m/s
     22      v@250   0.9518     0.1814       2.4388      m/s
     23      q@250   0.7545     0.0822       0.0000    kg/kg
     24     z@1000   0.9769     0.0656       7.3141      gpm
     25     t@1000   0.9449     0.0676       1.1444        K  (≈1.14 °C)
     26     u@1000   0.8860     0.1081       0.6664      m/s
     27     v@1000   0.8713     0.1188       0.6314      m/s
     28     q@1000   0.8933     0.0782       0.0005    kg/kg
     29   sin_hour   0.0155     0.0000       0.0000        ?
     30   cos_hour   0.0155     0.0000       0.0000        ?
     31    sin_doy   0.0066     0.0000       0.0000        ?
     32    cos_doy   0.0067     0.0000       0.0000        ?
============================================================
