[predict] data_dir=/data/datasets/multires_krsk_33f (chunked=True, pred_steps=4)
[ChunkDataset] склеиваем data.npy (19ch) + data_extra.npy (14ch) → 33ch
[ChunkDataset] train: 12853 samples, flat_nodes=133279, feat=33, obs=2, pred=4
[ChunkDataset] склеиваем data.npy (19ch) + data_extra.npy (14ch) → 33ch
[ChunkDataset] val: 1607 samples, flat_nodes=133279, feat=33, obs=2, pred=4
[ChunkDataset] склеиваем data.npy (19ch) + data_extra.npy (14ch) → 33ch
[ChunkDataset] test_only: 1607 samples, flat_nodes=133279, feat=33, obs=2, pred=4
[graph] уровни меша [4, 6], признаки рёбер: legacy
[processor] InteractionNet: 12 шагов, агрегация 'mean'
Encoder summary: 
+---------------------------+----------------------------+----------------+----------+
| Layer                     | Input Shape                | Output Shape   | #Param   |
|---------------------------+----------------------------+----------------+----------|
| Model                     | [174241, 72], [2, 207099]  | [174241, 256]  | 348,162  |
| ├─(mlp)MLP                |                            | [174241, 256]  | 150,786  |
| │    └─(MLP)ModuleList    | --                         | --             | 150,786  |
| │    │    └─(0)Linear     | [174241, 72]               | [174241, 256]  | 18,688   |
| │    │    └─(1)PReLU      | [174241, 256]              | [174241, 256]  | 1        |
| │    │    └─(2)Linear     | [174241, 256]              | [174241, 256]  | 65,792   |
| │    │    └─(3)PReLU      | [174241, 256]              | [174241, 256]  | 1        |
| │    │    └─(4)Linear     | [174241, 256]              | [174241, 256]  | 65,792   |
| │    │    └─(5)LayerNorm  | [174241, 256]              | [174241, 256]  | 512      |
| ├─(graph_layer)GraphLayer |                            | [174241, 256]  | 197,376  |
| │    └─(activation)SiLU   | [174241, 256]              | [174241, 256]  | --       |
| │    └─(layers)ModuleList | --                         | --             | 197,376  |
| │    │    └─(0)GCNConv    | [174241, 256], [2, 207099] | [174241, 256]  | 65,792   |
| │    │    └─(1)SiLU       | [174241, 256]              | [174241, 256]  | --       |
| │    │    └─(2)GCNConv    | [174241, 256], [2, 207099] | [174241, 256]  | 65,792   |
| │    │    └─(3)SiLU       | --                         | --             | --       |
| │    │    └─(4)GCNConv    | [174241, 256], [2, 207099] | [174241, 256]  | 65,792   |
+---------------------------+----------------------------+----------------+----------+

Processor summary: 
  (summary skipped: Expected all tensors to be on the same device, but found at least two devices, cuda:0 and cpu! (when checking argument for argument mat1 in method wrapper_CUDA_addmm))

Decoder summary: 
+---------------------------+----------------------------+----------------+----------+
| Layer                     | Input Shape                | Output Shape   | #Param   |
|---------------------------+----------------------------+----------------+----------|
| Model                     | [174241, 256], [2, 399837] | [174241, 33]   | 152,483  |
| ├─(mlp)MLP                |                            | [174241, 128]  | 115,202  |
| │    └─(MLP)ModuleList    | --                         | --             | 115,202  |
| │    │    └─(0)Linear     | [174241, 256]              | [174241, 256]  | 65,792   |
| │    │    └─(1)PReLU      | [174241, 256]              | [174241, 256]  | 1        |
| │    │    └─(2)Linear     | [174241, 256]              | [174241, 128]  | 32,896   |
| │    │    └─(3)PReLU      | [174241, 128]              | [174241, 128]  | 1        |
| │    │    └─(4)Linear     | [174241, 128]              | [174241, 128]  | 16,512   |
| ├─(graph_layer)GraphLayer |                            | [174241, 33]   | 37,281   |
| │    └─(activation)SiLU   | [174241, 128]              | [174241, 128]  | --       |
| │    └─(layers)ModuleList | --                         | --             | 37,281   |
| │    │    └─(0)GCNConv    | [174241, 128], [2, 399837] | [174241, 128]  | 16,512   |
| │    │    └─(1)SiLU       | [174241, 128]              | [174241, 128]  | --       |
| │    │    └─(2)GCNConv    | [174241, 128], [2, 399837] | [174241, 128]  | 16,512   |
| │    │    └─(3)SiLU       | --                         | --             | --       |
| │    │    └─(4)GCNConv    | [174241, 128], [2, 399837] | [174241, 33]   | 4,257    |
+---------------------------+----------------------------+----------------+----------+

[AR-rollout] Модель выдаёт 1 шаг(ов), но мы прогоним 4 шагов авторегрессионно.
[static] Каналы [7, 8] — статика, carry-forward при AR
[forcing] Каналы [29, 30, 31, 32] — форсинг (из ground truth при AR)
[predict] device=cuda | grid=0x0 | 2000/1607 test samples
[Region] 2501 nodes (--region [50.0,60.0]N x [83.0,98.0]E)
[metrics] Исключены из aggregate метрик: каналы [7, 8, 29, 30, 31, 32] (static+forcing)
[metrics] per-sample MSE будут сохранены в /workdir/paper_results/noisech03_krsk_roi_samples.npz
[Main] Инференс (2000 samples, DA=none)...
  [50/2000] RMSE=0.176468 ACC=0.9842
  [100/2000] RMSE=0.172124 ACC=0.9842
  [150/2000] RMSE=0.175018 ACC=0.9840
  [200/2000] RMSE=0.175441 ACC=0.9840
  [250/2000] RMSE=0.175853 ACC=0.9841
  [300/2000] RMSE=0.176191 ACC=0.9841
  [350/2000] RMSE=0.176732 ACC=0.9841
  [400/2000] RMSE=0.176732 ACC=0.9841
  [450/2000] RMSE=0.176902 ACC=0.9841
  [500/2000] RMSE=0.176535 ACC=0.9841
  [550/2000] RMSE=0.176467 ACC=0.9841
  [600/2000] RMSE=0.176594 ACC=0.9840
  [650/2000] RMSE=0.176608 ACC=0.9840
  [700/2000] RMSE=0.177008 ACC=0.9839
  [750/2000] RMSE=0.177487 ACC=0.9839
  [800/2000] RMSE=0.177307 ACC=0.9839
  [850/2000] RMSE=0.177520 ACC=0.9839
  [900/2000] RMSE=0.177619 ACC=0.9839
  [950/2000] RMSE=0.177697 ACC=0.9839
  [1000/2000] RMSE=0.177657 ACC=0.9839
  [1050/2000] RMSE=0.177880 ACC=0.9839
  [1100/2000] RMSE=0.178003 ACC=0.9839
  [1150/2000] RMSE=0.178041 ACC=0.9840
  [1200/2000] RMSE=0.177868 ACC=0.9840
  [1250/2000] RMSE=0.177559 ACC=0.9840
  [1300/2000] RMSE=0.177306 ACC=0.9841
  [1350/2000] RMSE=0.176968 ACC=0.9841
  [1400/2000] RMSE=0.176880 ACC=0.9841
  [1450/2000] RMSE=0.176664 ACC=0.9841
  [1500/2000] RMSE=0.176441 ACC=0.9841
  [1550/2000] RMSE=0.176168 ACC=0.9842
  [1600/2000] RMSE=0.175927 ACC=0.9842
[Save] per-sample metrics → /workdir/paper_results/noisech03_krsk_roi_samples.npz (N=1607, AR=4, C=33)

============================================================
=== Inference summary (1607 samples) ===
Grid: 0x0 (G=133279) | C=33 | AR=4 horizons
Overall: MSE=0.030940 | RMSE=0.175898 | MAE=0.086347
Baseline: RMSE=0.548209 | MAE=0.281325
Skill: 67.91%
ACC: 0.9842 | base: 0.8500 | Δ=+0.1342

Per-horizon:
  +06h: RMSE=0.127426 | base=0.363277 | skill=64.92% | ACC=0.9918 (base 0.9343)
  +12h: RMSE=0.159992 | base=0.514900 | skill=68.93% | ACC=0.9871 (base 0.8677)
  +18h: RMSE=0.192249 | base=0.605222 | skill=68.23% | ACC=0.9811 (base 0.8171)
  +24h: RMSE=0.212050 | base=0.662380 | skill=67.99% | ACC=0.9768 (base 0.7808)

Per-horizon per-channel RMSE (physical units):
         var   unit      +6h     +12h     +18h     +24h
         t2m      K    0.86°C    0.99°C    1.11°C    1.14°C
         10u    m/s     0.73     0.87     1.00     1.10
         10v    m/s     0.73     0.88     1.01     1.12
         msl    hPa     0.64     0.80     0.99     1.13
       t@850      K    0.69°C    0.82°C    0.94°C    1.00°C
       u@850    m/s     1.11     1.33     1.52     1.66
       v@850    m/s     1.11     1.33     1.52     1.66
       z@850    gpm      5.1      6.0      7.6      8.3
       z@500    gpm      6.8      8.1     10.8     11.3

Per-channel metrics overall (physical units, avg over 4 horizons):
    #        var      ACC  RMSE_norm    RMSE_phys     unit
    0        t2m   0.9987     0.0489       1.0336        K  (≈1.03 °C)
    1        10u   0.9855     0.1680       0.9348      m/s
    2        10v   0.9798     0.1985       0.9467      m/s
    3        msl   0.9977     0.0672       0.9091      hPa
    4         tp   0.8536     0.5258       0.0010        m
    5         sp   0.9999     0.0113       1.0800      hPa
    6       tcwv   0.9960     0.0889       1.4797    kg/m²
    7     z_surf   0.9998     0.0000       0.0000      gpm
    8        lsm   1.0000     0.0000       0.0000        -
    9      t@850   0.9983     0.0562       0.8718        K  (≈0.87 °C)
   10      u@850   0.9851     0.1721       1.4184      m/s
   11      v@850   0.9742     0.2261       1.4193      m/s
   12      z@850   0.9990     0.0451       6.8713      gpm
   13      q@850   0.9875     0.1575       0.0007    kg/kg
   14      t@500   0.9987     0.0508       0.6629        K  (≈0.66 °C)
   15      u@500   0.9874     0.1579       1.8989      m/s
   16      v@500   0.9778     0.2097       1.9303      m/s
   17      z@500   0.9996     0.0273       9.4236      gpm
   18      q@500   0.9716     0.2392       0.0003    kg/kg
   19      z@250   0.9997     0.0276      15.6527      gpm
   20      t@250   0.9958     0.0927       0.8026        K  (≈0.80 °C)
   21      u@250   0.9901     0.1406       2.5407      m/s
   22      v@250   0.9819     0.1895       2.5470      m/s
   23      q@250   0.9554     0.3045       0.0000    kg/kg
   24     z@1000   0.9980     0.0633       7.0530      gpm
   25     t@1000   0.9985     0.0538       0.9112        K  (≈0.91 °C)
   26     u@1000   0.9857     0.1668       1.0279      m/s
   27     v@1000   0.9801     0.1968       1.0458      m/s
   28     q@1000   0.9975     0.0707       0.0004    kg/kg
   29   sin_hour   0.2155     0.0000       0.0000        ?
   30   cos_hour   0.2155     0.0000       0.0000        ?
   31    sin_doy   0.1761     0.0000       0.0000        ?
   32    cos_doy   0.1927     0.0000       0.0000        ?

--- Region [50.0,60.0]N x [83.0,98.0]E (2501 nodes) ---
RMSE=0.111012 | base=0.421000 | skill=73.63%
ACC=0.9192 | base=0.5746

  Per-horizon (region):
    +06h: RMSE=0.090285 | base=0.268288 | skill=66.35% | ACC=0.9389 (base 0.7685)
    +12h: RMSE=0.104861 | base=0.392209 | skill=73.26% | ACC=0.9239 (base 0.5945)
    +18h: RMSE=0.116971 | base=0.466936 | skill=74.95% | ACC=0.9123 (base 0.4955)
    +24h: RMSE=0.128317 | base=0.514906 | skill=75.08% | ACC=0.9016 (base 0.4398)

  Per-horizon per-channel RMSE — REGION (2501 nodes):
           var   unit      +6h     +12h     +18h     +24h
           t2m      K    1.26°C    1.45°C    1.52°C    1.59°C
           10u    m/s     0.57     0.64     0.68     0.72
           10v    m/s     0.56     0.63     0.65     0.69
           msl    hPa     0.66     0.83     1.00     1.13
         t@850      K    0.73°C    0.87°C    0.97°C    1.03°C
         u@850    m/s     1.19     1.38     1.51     1.63
         v@850    m/s     1.09     1.25     1.37     1.48
         z@850    gpm      4.2      5.3      6.7      7.7
         z@500    gpm      5.8      7.1      9.2     10.3

  Per-channel region (physical units, avg over 4 horizons):
      #        var      ACC  RMSE_norm    RMSE_phys     unit
      0        t2m   0.9420     0.0691       1.4604        K  (≈1.46 °C)
      1        10u   0.9035     0.1180       0.6566      m/s
      2        10v   0.8826     0.1328       0.6334      m/s
      3        msl   0.9756     0.0680       0.9205      hPa
      4         tp   0.5872     0.0909       0.0002        m
      5         sp   0.9999     0.0107       1.0167      hPa
      6       tcwv   0.9534     0.0575       0.9563    kg/m²
      7     z_surf   1.0000     0.0000       0.0000      gpm
      8        lsm   1.0000     0.0000       0.0000        -
      9      t@850   0.9543     0.0586       0.9086        K  (≈0.91 °C)
     10      u@850   0.9423     0.1741       1.4352      m/s
     11      v@850   0.9122     0.2082       1.3069      m/s
     12      z@850   0.9845     0.0402       6.1227      gpm
     13      q@850   0.8767     0.0967       0.0004    kg/kg
     14      t@500   0.9595     0.0471       0.6152        K  (≈0.62 °C)
     15      u@500   0.9396     0.1541       1.8528      m/s
     16      v@500   0.9434     0.1986       1.8287      m/s
     17      z@500   0.9907     0.0240       8.2668      gpm
     18      q@500   0.8789     0.1432       0.0002    kg/kg
     19      z@250   0.9900     0.0270      15.3546      gpm
     20      t@250   0.9162     0.0982       0.8506        K  (≈0.85 °C)
     21      u@250   0.9507     0.1364       2.4660      m/s
     22      v@250   0.9525     0.1819       2.4453      m/s
     23      q@250   0.7687     0.0827       0.0000    kg/kg
     24     z@1000   0.9788     0.0616       6.8660      gpm
     25     t@1000   0.9506     0.0639       1.0815        K  (≈1.08 °C)
     26     u@1000   0.8970     0.1028       0.6336      m/s
     27     v@1000   0.8838     0.1126       0.5985      m/s
     28     q@1000   0.9030     0.0741       0.0004    kg/kg
     29   sin_hour   0.0155     0.0000       0.0000        ?
     30   cos_hour   0.0155     0.0000       0.0000        ?
     31    sin_doy   0.0066     0.0000       0.0000        ?
     32    cos_doy   0.0067     0.0000       0.0000        ?
============================================================
