[predict] data_dir=/data/datasets/multires_krsk_33f (chunked=True, pred_steps=4)
[ChunkDataset] склеиваем data.npy (19ch) + data_extra.npy (14ch) → 33ch
[ChunkDataset] train: 12853 samples, flat_nodes=133279, feat=33, obs=2, pred=4
[ChunkDataset] склеиваем data.npy (19ch) + data_extra.npy (14ch) → 33ch
[ChunkDataset] val: 1607 samples, flat_nodes=133279, feat=33, obs=2, pred=4
[ChunkDataset] склеиваем data.npy (19ch) + data_extra.npy (14ch) → 33ch
[ChunkDataset] test_only: 1607 samples, flat_nodes=133279, feat=33, obs=2, pred=4
[graph] уровни меша [4, 6], признаки рёбер: legacy
[processor] InteractionNet: 12 шагов, агрегация 'mean'
Encoder summary: 
+---------------------------+----------------------------+----------------+----------+
| Layer                     | Input Shape                | Output Shape   | #Param   |
|---------------------------+----------------------------+----------------+----------|
| Model                     | [174241, 72], [2, 207099]  | [174241, 256]  | 348,162  |
| ├─(mlp)MLP                |                            | [174241, 256]  | 150,786  |
| │    └─(MLP)ModuleList    | --                         | --             | 150,786  |
| │    │    └─(0)Linear     | [174241, 72]               | [174241, 256]  | 18,688   |
| │    │    └─(1)PReLU      | [174241, 256]              | [174241, 256]  | 1        |
| │    │    └─(2)Linear     | [174241, 256]              | [174241, 256]  | 65,792   |
| │    │    └─(3)PReLU      | [174241, 256]              | [174241, 256]  | 1        |
| │    │    └─(4)Linear     | [174241, 256]              | [174241, 256]  | 65,792   |
| │    │    └─(5)LayerNorm  | [174241, 256]              | [174241, 256]  | 512      |
| ├─(graph_layer)GraphLayer |                            | [174241, 256]  | 197,376  |
| │    └─(activation)SiLU   | [174241, 256]              | [174241, 256]  | --       |
| │    └─(layers)ModuleList | --                         | --             | 197,376  |
| │    │    └─(0)GCNConv    | [174241, 256], [2, 207099] | [174241, 256]  | 65,792   |
| │    │    └─(1)SiLU       | [174241, 256]              | [174241, 256]  | --       |
| │    │    └─(2)GCNConv    | [174241, 256], [2, 207099] | [174241, 256]  | 65,792   |
| │    │    └─(3)SiLU       | --                         | --             | --       |
| │    │    └─(4)GCNConv    | [174241, 256], [2, 207099] | [174241, 256]  | 65,792   |
+---------------------------+----------------------------+----------------+----------+

Processor summary: 
  (summary skipped: Expected all tensors to be on the same device, but found at least two devices, cuda:0 and cpu! (when checking argument for argument mat1 in method wrapper_CUDA_addmm))

Decoder summary: 
+---------------------------+----------------------------+----------------+----------+
| Layer                     | Input Shape                | Output Shape   | #Param   |
|---------------------------+----------------------------+----------------+----------|
| Model                     | [174241, 256], [2, 399837] | [174241, 33]   | 152,483  |
| ├─(mlp)MLP                |                            | [174241, 128]  | 115,202  |
| │    └─(MLP)ModuleList    | --                         | --             | 115,202  |
| │    │    └─(0)Linear     | [174241, 256]              | [174241, 256]  | 65,792   |
| │    │    └─(1)PReLU      | [174241, 256]              | [174241, 256]  | 1        |
| │    │    └─(2)Linear     | [174241, 256]              | [174241, 128]  | 32,896   |
| │    │    └─(3)PReLU      | [174241, 128]              | [174241, 128]  | 1        |
| │    │    └─(4)Linear     | [174241, 128]              | [174241, 128]  | 16,512   |
| ├─(graph_layer)GraphLayer |                            | [174241, 33]   | 37,281   |
| │    └─(activation)SiLU   | [174241, 128]              | [174241, 128]  | --       |
| │    └─(layers)ModuleList | --                         | --             | 37,281   |
| │    │    └─(0)GCNConv    | [174241, 128], [2, 399837] | [174241, 128]  | 16,512   |
| │    │    └─(1)SiLU       | [174241, 128]              | [174241, 128]  | --       |
| │    │    └─(2)GCNConv    | [174241, 128], [2, 399837] | [174241, 128]  | 16,512   |
| │    │    └─(3)SiLU       | --                         | --             | --       |
| │    │    └─(4)GCNConv    | [174241, 128], [2, 399837] | [174241, 33]   | 4,257    |
+---------------------------+----------------------------+----------------+----------+

[AR-rollout] Модель выдаёт 1 шаг(ов), но мы прогоним 4 шагов авторегрессионно.
[static] Каналы [7, 8] — статика, carry-forward при AR
[forcing] Каналы [29, 30, 31, 32] — форсинг (из ground truth при AR)
[predict] device=cuda | grid=0x0 | 2000/1607 test samples
[Region] 2501 nodes (--region [50.0,60.0]N x [83.0,98.0]E)
[metrics] Исключены из aggregate метрик: каналы [7, 8, 29, 30, 31, 32] (static+forcing)
[metrics] per-sample MSE будут сохранены в /workdir/paper_results/roiw30_krsk_roi_last_samples.npz
[Main] Инференс (2000 samples, DA=none)...
  [50/2000] RMSE=0.170284 ACC=0.9852
  [100/2000] RMSE=0.165694 ACC=0.9852
  [150/2000] RMSE=0.168804 ACC=0.9850
  [200/2000] RMSE=0.169383 ACC=0.9850
  [250/2000] RMSE=0.169859 ACC=0.9851
  [300/2000] RMSE=0.170260 ACC=0.9850
  [350/2000] RMSE=0.170867 ACC=0.9851
  [400/2000] RMSE=0.170945 ACC=0.9850
  [450/2000] RMSE=0.171150 ACC=0.9850
  [500/2000] RMSE=0.170780 ACC=0.9850
  [550/2000] RMSE=0.170707 ACC=0.9850
  [600/2000] RMSE=0.170879 ACC=0.9850
  [650/2000] RMSE=0.170909 ACC=0.9849
  [700/2000] RMSE=0.171309 ACC=0.9849
  [750/2000] RMSE=0.171841 ACC=0.9849
  [800/2000] RMSE=0.171694 ACC=0.9849
  [850/2000] RMSE=0.171884 ACC=0.9849
  [900/2000] RMSE=0.171984 ACC=0.9848
  [950/2000] RMSE=0.172054 ACC=0.9849
  [1000/2000] RMSE=0.172020 ACC=0.9849
  [1050/2000] RMSE=0.172264 ACC=0.9849
  [1100/2000] RMSE=0.172394 ACC=0.9849
  [1150/2000] RMSE=0.172439 ACC=0.9849
  [1200/2000] RMSE=0.172257 ACC=0.9849
  [1250/2000] RMSE=0.171955 ACC=0.9849
  [1300/2000] RMSE=0.171692 ACC=0.9850
  [1350/2000] RMSE=0.171364 ACC=0.9850
  [1400/2000] RMSE=0.171298 ACC=0.9850
  [1450/2000] RMSE=0.171088 ACC=0.9850
  [1500/2000] RMSE=0.170877 ACC=0.9851
  [1550/2000] RMSE=0.170609 ACC=0.9851
  [1600/2000] RMSE=0.170366 ACC=0.9851
[Save] per-sample metrics → /workdir/paper_results/roiw30_krsk_roi_last_samples.npz (N=1607, AR=4, C=33)

============================================================
=== Inference summary (1607 samples) ===
Grid: 0x0 (G=133279) | C=33 | AR=4 horizons
Overall: MSE=0.029014 | RMSE=0.170334 | MAE=0.081755
Baseline: RMSE=0.548209 | MAE=0.281325
Skill: 68.93%
ACC: 0.9851 | base: 0.8500 | Δ=+0.1351

Per-horizon:
  +06h: RMSE=0.125626 | base=0.363277 | skill=65.42% | ACC=0.9920 (base 0.9343)
  +12h: RMSE=0.156919 | base=0.514900 | skill=69.52% | ACC=0.9875 (base 0.8677)
  +18h: RMSE=0.184939 | base=0.605222 | skill=69.44% | ACC=0.9824 (base 0.8171)
  +24h: RMSE=0.203586 | base=0.662380 | skill=69.26% | ACC=0.9784 (base 0.7808)

Per-horizon per-channel RMSE (physical units):
         var   unit      +6h     +12h     +18h     +24h
         t2m      K    0.80°C    0.94°C    1.01°C    1.07°C
         10u    m/s     0.72     0.85     0.96     1.06
         10v    m/s     0.72     0.86     0.97     1.07
         msl    hPa     0.61     0.76     0.90     1.03
       t@850      K    0.65°C    0.78°C    0.87°C    0.94°C
       u@850    m/s     1.09     1.30     1.45     1.59
       v@850    m/s     1.09     1.29     1.45     1.59
       z@850    gpm      4.3      5.3      6.4      7.4
       z@500    gpm      5.4      6.5      7.9      9.3

Per-channel metrics overall (physical units, avg over 4 horizons):
    #        var      ACC  RMSE_norm    RMSE_phys     unit
    0        t2m   0.9989     0.0454       0.9587        K  (≈0.96 °C)
    1        10u   0.9864     0.1627       0.9053      m/s
    2        10v   0.9811     0.1917       0.9140      m/s
    3        msl   0.9980     0.0622       0.8420      hPa
    4         tp   0.8583     0.5175       0.0010        m
    5         sp   0.9999     0.0104       0.9913      hPa
    6       tcwv   0.9964     0.0844       1.4045    kg/m²
    7     z_surf   0.9998     0.0000       0.0000      gpm
    8        lsm   1.0000     0.0000       0.0000        -
    9      t@850   0.9985     0.0527       0.8167        K  (≈0.82 °C)
   10      u@850   0.9860     0.1664       1.3713      m/s
   11      v@850   0.9760     0.2177       1.3666      m/s
   12      z@850   0.9992     0.0392       5.9684      gpm
   13      q@850   0.9882     0.1529       0.0006    kg/kg
   14      t@500   0.9989     0.0464       0.6050        K  (≈0.60 °C)
   15      u@500   0.9884     0.1513       1.8194      m/s
   16      v@500   0.9798     0.1994       1.8360      m/s
   17      z@500   0.9998     0.0216       7.4385      gpm
   18      q@500   0.9730     0.2332       0.0003    kg/kg
   19      z@250   0.9998     0.0187      10.5968      gpm
   20      t@250   0.9964     0.0856       0.7412        K  (≈0.74 °C)
   21      u@250   0.9910     0.1335       2.4130      m/s
   22      v@250   0.9837     0.1791       2.4082      m/s
   23      q@250   0.9573     0.2943       0.0000    kg/kg
   24     z@1000   0.9983     0.0572       6.3728      gpm
   25     t@1000   0.9987     0.0509       0.8613        K  (≈0.86 °C)
   26     u@1000   0.9866     0.1614       0.9946      m/s
   27     v@1000   0.9815     0.1899       1.0095      m/s
   28     q@1000   0.9976     0.0681       0.0004    kg/kg
   29   sin_hour   0.2155     0.0000       0.0000        ?
   30   cos_hour   0.2155     0.0000       0.0000        ?
   31    sin_doy   0.1761     0.0000       0.0000        ?
   32    cos_doy   0.1927     0.0000       0.0000        ?

--- Region [50.0,60.0]N x [83.0,98.0]E (2501 nodes) ---
RMSE=0.105879 | base=0.421000 | skill=74.85%
ACC=0.9235 | base=0.5746

  Per-horizon (region):
    +06h: RMSE=0.088257 | base=0.268288 | skill=67.10% | ACC=0.9416 (base 0.7685)
    +12h: RMSE=0.101455 | base=0.392209 | skill=74.13% | ACC=0.9268 (base 0.5945)
    +18h: RMSE=0.110841 | base=0.466936 | skill=76.26% | ACC=0.9174 (base 0.4955)
    +24h: RMSE=0.120306 | base=0.514906 | skill=76.64% | ACC=0.9084 (base 0.4398)

  Per-horizon per-channel RMSE — REGION (2501 nodes):
           var   unit      +6h     +12h     +18h     +24h
           t2m      K    1.23°C    1.43°C    1.47°C    1.53°C
           10u    m/s     0.56     0.63     0.66     0.69
           10v    m/s     0.54     0.61     0.64     0.66
           msl    hPa     0.64     0.79     0.93     1.04
         t@850      K    0.70°C    0.84°C    0.91°C    0.97°C
         u@850    m/s     1.17     1.34     1.46     1.56
         v@850    m/s     1.07     1.21     1.31     1.40
         z@850    gpm      3.7      4.8      5.9      6.8
         z@500    gpm      4.8      6.2      7.6      8.9

  Per-channel region (physical units, avg over 4 horizons):
      #        var      ACC  RMSE_norm    RMSE_phys     unit
      0        t2m   0.9439     0.0672       1.4200        K  (≈1.42 °C)
      1        10u   0.9082     0.1145       0.6371      m/s
      2        10v   0.8893     0.1288       0.6143      m/s
      3        msl   0.9769     0.0639       0.8648      hPa
      4         tp   0.5952     0.0903       0.0002        m
      5         sp   0.9999     0.0100       0.9545      hPa
      6       tcwv   0.9573     0.0554       0.9225    kg/m²
      7     z_surf   1.0000     0.0000       0.0000      gpm
      8        lsm   1.0000     0.0000       0.0000        -
      9      t@850   0.9581     0.0556       0.8620        K  (≈0.86 °C)
     10      u@850   0.9453     0.1684       1.3884      m/s
     11      v@850   0.9175     0.1998       1.2540      m/s
     12      z@850   0.9869     0.0357       5.4368      gpm
     13      q@850   0.8815     0.0954       0.0004    kg/kg
     14      t@500   0.9633     0.0427       0.5574        K  (≈0.56 °C)
     15      u@500   0.9434     0.1467       1.7642      m/s
     16      v@500   0.9471     0.1868       1.7197      m/s
     17      z@500   0.9928     0.0206       7.0826      gpm
     18      q@500   0.8869     0.1385       0.0002    kg/kg
     19      z@250   0.9922     0.0177      10.0801      gpm
     20      t@250   0.9216     0.0861       0.7459        K  (≈0.75 °C)
     21      u@250   0.9543     0.1291       2.3335      m/s
     22      v@250   0.9563     0.1704       2.2906      m/s
     23      q@250   0.7837     0.0780       0.0000    kg/kg
     24     z@1000   0.9804     0.0576       6.4140      gpm
     25     t@1000   0.9529     0.0618       1.0455        K  (≈1.05 °C)
     26     u@1000   0.9028     0.0990       0.6100      m/s
     27     v@1000   0.8916     0.1084       0.5761      m/s
     28     q@1000   0.9065     0.0728       0.0004    kg/kg
     29   sin_hour   0.0155     0.0000       0.0000        ?
     30   cos_hour   0.0155     0.0000       0.0000        ?
     31    sin_doy   0.0066     0.0000       0.0000        ?
     32    cos_doy   0.0067     0.0000       0.0000        ?
============================================================
