[predict] data_dir=/data/datasets/multires_krsk_33f (chunked=True, pred_steps=4)
[ChunkDataset] склеиваем data.npy (19ch) + data_extra.npy (14ch) → 33ch
[ChunkDataset] train: 12853 samples, flat_nodes=133279, feat=33, obs=2, pred=4
[ChunkDataset] склеиваем data.npy (19ch) + data_extra.npy (14ch) → 33ch
[ChunkDataset] val: 1607 samples, flat_nodes=133279, feat=33, obs=2, pred=4
[ChunkDataset] склеиваем data.npy (19ch) + data_extra.npy (14ch) → 33ch
[ChunkDataset] test_only: 1607 samples, flat_nodes=133279, feat=33, obs=2, pred=4
[graph] уровни меша [4, 6], признаки рёбер: legacy
[processor] InteractionNet: 12 шагов, агрегация 'mean'
Encoder summary: 
+---------------------------+----------------------------+----------------+----------+
| Layer                     | Input Shape                | Output Shape   | #Param   |
|---------------------------+----------------------------+----------------+----------|
| Model                     | [174241, 72], [2, 207099]  | [174241, 256]  | 348,162  |
| ├─(mlp)MLP                |                            | [174241, 256]  | 150,786  |
| │    └─(MLP)ModuleList    | --                         | --             | 150,786  |
| │    │    └─(0)Linear     | [174241, 72]               | [174241, 256]  | 18,688   |
| │    │    └─(1)PReLU      | [174241, 256]              | [174241, 256]  | 1        |
| │    │    └─(2)Linear     | [174241, 256]              | [174241, 256]  | 65,792   |
| │    │    └─(3)PReLU      | [174241, 256]              | [174241, 256]  | 1        |
| │    │    └─(4)Linear     | [174241, 256]              | [174241, 256]  | 65,792   |
| │    │    └─(5)LayerNorm  | [174241, 256]              | [174241, 256]  | 512      |
| ├─(graph_layer)GraphLayer |                            | [174241, 256]  | 197,376  |
| │    └─(activation)SiLU   | [174241, 256]              | [174241, 256]  | --       |
| │    └─(layers)ModuleList | --                         | --             | 197,376  |
| │    │    └─(0)GCNConv    | [174241, 256], [2, 207099] | [174241, 256]  | 65,792   |
| │    │    └─(1)SiLU       | [174241, 256]              | [174241, 256]  | --       |
| │    │    └─(2)GCNConv    | [174241, 256], [2, 207099] | [174241, 256]  | 65,792   |
| │    │    └─(3)SiLU       | --                         | --             | --       |
| │    │    └─(4)GCNConv    | [174241, 256], [2, 207099] | [174241, 256]  | 65,792   |
+---------------------------+----------------------------+----------------+----------+

Processor summary: 
  (summary skipped: Expected all tensors to be on the same device, but found at least two devices, cuda:0 and cpu! (when checking argument for argument mat1 in method wrapper_CUDA_addmm))

Decoder summary: 
+---------------------------+----------------------------+----------------+----------+
| Layer                     | Input Shape                | Output Shape   | #Param   |
|---------------------------+----------------------------+----------------+----------|
| Model                     | [174241, 256], [2, 399837] | [174241, 33]   | 152,483  |
| ├─(mlp)MLP                |                            | [174241, 128]  | 115,202  |
| │    └─(MLP)ModuleList    | --                         | --             | 115,202  |
| │    │    └─(0)Linear     | [174241, 256]              | [174241, 256]  | 65,792   |
| │    │    └─(1)PReLU      | [174241, 256]              | [174241, 256]  | 1        |
| │    │    └─(2)Linear     | [174241, 256]              | [174241, 128]  | 32,896   |
| │    │    └─(3)PReLU      | [174241, 128]              | [174241, 128]  | 1        |
| │    │    └─(4)Linear     | [174241, 128]              | [174241, 128]  | 16,512   |
| ├─(graph_layer)GraphLayer |                            | [174241, 33]   | 37,281   |
| │    └─(activation)SiLU   | [174241, 128]              | [174241, 128]  | --       |
| │    └─(layers)ModuleList | --                         | --             | 37,281   |
| │    │    └─(0)GCNConv    | [174241, 128], [2, 399837] | [174241, 128]  | 16,512   |
| │    │    └─(1)SiLU       | [174241, 128]              | [174241, 128]  | --       |
| │    │    └─(2)GCNConv    | [174241, 128], [2, 399837] | [174241, 128]  | 16,512   |
| │    │    └─(3)SiLU       | --                         | --             | --       |
| │    │    └─(4)GCNConv    | [174241, 128], [2, 399837] | [174241, 33]   | 4,257    |
+---------------------------+----------------------------+----------------+----------+

[AR-rollout] Модель выдаёт 1 шаг(ов), но мы прогоним 4 шагов авторегрессионно.
[static] Каналы [7, 8] — статика, carry-forward при AR
[forcing] Каналы [29, 30, 31, 32] — форсинг (из ground truth при AR)
[predict] device=cuda | grid=0x0 | 2000/1607 test samples
[Region] 2501 nodes (--region [50.0,60.0]N x [83.0,98.0]E)
[metrics] Исключены из aggregate метрик: каналы [7, 8, 29, 30, 31, 32] (static+forcing)
[metrics] per-sample MSE будут сохранены в /workdir/paper_results/roiw10_krsk_roi_best_samples.npz
[Main] Инференс (2000 samples, DA=none)...
  [50/2000] RMSE=0.169661 ACC=0.9853
  [100/2000] RMSE=0.165074 ACC=0.9853
  [150/2000] RMSE=0.168171 ACC=0.9852
  [200/2000] RMSE=0.168746 ACC=0.9851
  [250/2000] RMSE=0.169226 ACC=0.9852
  [300/2000] RMSE=0.169614 ACC=0.9852
  [350/2000] RMSE=0.170223 ACC=0.9852
  [400/2000] RMSE=0.170292 ACC=0.9852
  [450/2000] RMSE=0.170498 ACC=0.9852
  [500/2000] RMSE=0.170127 ACC=0.9851
  [550/2000] RMSE=0.170050 ACC=0.9852
  [600/2000] RMSE=0.170220 ACC=0.9851
  [650/2000] RMSE=0.170257 ACC=0.9851
  [700/2000] RMSE=0.170659 ACC=0.9850
  [750/2000] RMSE=0.171199 ACC=0.9850
  [800/2000] RMSE=0.171062 ACC=0.9850
  [850/2000] RMSE=0.171258 ACC=0.9850
  [900/2000] RMSE=0.171365 ACC=0.9850
  [950/2000] RMSE=0.171440 ACC=0.9850
  [1000/2000] RMSE=0.171410 ACC=0.9850
  [1050/2000] RMSE=0.171656 ACC=0.9850
  [1100/2000] RMSE=0.171786 ACC=0.9850
  [1150/2000] RMSE=0.171832 ACC=0.9850
  [1200/2000] RMSE=0.171653 ACC=0.9850
  [1250/2000] RMSE=0.171352 ACC=0.9851
  [1300/2000] RMSE=0.171090 ACC=0.9851
  [1350/2000] RMSE=0.170761 ACC=0.9851
  [1400/2000] RMSE=0.170691 ACC=0.9851
  [1450/2000] RMSE=0.170482 ACC=0.9851
  [1500/2000] RMSE=0.170271 ACC=0.9852
  [1550/2000] RMSE=0.170002 ACC=0.9852
  [1600/2000] RMSE=0.169756 ACC=0.9852
[Save] per-sample metrics → /workdir/paper_results/roiw10_krsk_roi_best_samples.npz (N=1607, AR=4, C=33)

============================================================
=== Inference summary (1607 samples) ===
Grid: 0x0 (G=133279) | C=33 | AR=4 horizons
Overall: MSE=0.028806 | RMSE=0.169724 | MAE=0.081353
Baseline: RMSE=0.548209 | MAE=0.281325
Skill: 69.04%
ACC: 0.9852 | base: 0.8500 | Δ=+0.1352

Per-horizon:
  +06h: RMSE=0.125207 | base=0.363277 | skill=65.53% | ACC=0.9921 (base 0.9343)
  +12h: RMSE=0.156383 | base=0.514900 | skill=69.63% | ACC=0.9876 (base 0.8677)
  +18h: RMSE=0.184284 | base=0.605222 | skill=69.55% | ACC=0.9825 (base 0.8171)
  +24h: RMSE=0.202811 | base=0.662380 | skill=69.38% | ACC=0.9786 (base 0.7808)

Per-horizon per-channel RMSE (physical units):
         var   unit      +6h     +12h     +18h     +24h
         t2m      K    0.80°C    0.93°C    1.00°C    1.06°C
         10u    m/s     0.71     0.85     0.95     1.05
         10v    m/s     0.72     0.86     0.96     1.06
         msl    hPa     0.61     0.75     0.90     1.02
       t@850      K    0.65°C    0.78°C    0.86°C    0.93°C
       u@850    m/s     1.08     1.29     1.44     1.58
       v@850    m/s     1.09     1.29     1.44     1.58
       z@850    gpm      4.3      5.3      6.3      7.3
       z@500    gpm      5.3      6.5      7.8      9.2

Per-channel metrics overall (physical units, avg over 4 horizons):
    #        var      ACC  RMSE_norm    RMSE_phys     unit
    0        t2m   0.9989     0.0451       0.9521        K  (≈0.95 °C)
    1        10u   0.9865     0.1617       0.8999      m/s
    2        10v   0.9814     0.1905       0.9084      m/s
    3        msl   0.9980     0.0616       0.8336      hPa
    4         tp   0.8587     0.5167       0.0010        m
    5         sp   1.0000     0.0102       0.9687      hPa
    6       tcwv   0.9964     0.0841       1.3999    kg/m²
    7     z_surf   0.9998     0.0000       0.0000      gpm
    8        lsm   1.0000     0.0000       0.0000        -
    9      t@850   0.9986     0.0524       0.8120        K  (≈0.81 °C)
   10      u@850   0.9862     0.1654       1.3637      m/s
   11      v@850   0.9762     0.2167       1.3603      m/s
   12      z@850   0.9993     0.0388       5.9145      gpm
   13      q@850   0.9882     0.1524       0.0006    kg/kg
   14      t@500   0.9989     0.0461       0.6011        K  (≈0.60 °C)
   15      u@500   0.9885     0.1505       1.8102      m/s
   16      v@500   0.9800     0.1985       1.8279      m/s
   17      z@500   0.9998     0.0213       7.3548      gpm
   18      q@500   0.9731     0.2327       0.0003    kg/kg
   19      z@250   0.9998     0.0185      10.5068      gpm
   20      t@250   0.9964     0.0848       0.7345        K  (≈0.73 °C)
   21      u@250   0.9911     0.1328       2.3995      m/s
   22      v@250   0.9839     0.1782       2.3959      m/s
   23      q@250   0.9575     0.2936       0.0000    kg/kg
   24     z@1000   0.9983     0.0566       6.3093      gpm
   25     t@1000   0.9987     0.0506       0.8561        K  (≈0.86 °C)
   26     u@1000   0.9868     0.1603       0.9882      m/s
   27     v@1000   0.9817     0.1886       1.0025      m/s
   28     q@1000   0.9977     0.0678       0.0004    kg/kg
   29   sin_hour   0.2155     0.0000       0.0000        ?
   30   cos_hour   0.2155     0.0000       0.0000        ?
   31    sin_doy   0.1761     0.0000       0.0000        ?
   32    cos_doy   0.1927     0.0000       0.0000        ?

--- Region [50.0,60.0]N x [83.0,98.0]E (2501 nodes) ---
RMSE=0.106922 | base=0.421000 | skill=74.60%
ACC=0.9216 | base=0.5746

  Per-horizon (region):
    +06h: RMSE=0.089242 | base=0.268288 | skill=66.74% | ACC=0.9400 (base 0.7685)
    +12h: RMSE=0.102568 | base=0.392209 | skill=73.85% | ACC=0.9247 (base 0.5945)
    +18h: RMSE=0.111949 | base=0.466936 | skill=76.02% | ACC=0.9152 (base 0.4955)
    +24h: RMSE=0.121293 | base=0.514906 | skill=76.44% | ACC=0.9062 (base 0.4398)

  Per-horizon per-channel RMSE — REGION (2501 nodes):
           var   unit      +6h     +12h     +18h     +24h
           t2m      K    1.26°C    1.45°C    1.49°C    1.55°C
           10u    m/s     0.57     0.64     0.67     0.70
           10v    m/s     0.55     0.62     0.65     0.67
           msl    hPa     0.65     0.80     0.94     1.05
         t@850      K    0.71°C    0.85°C    0.93°C    0.98°C
         u@850    m/s     1.19     1.36     1.48     1.58
         v@850    m/s     1.09     1.22     1.32     1.41
         z@850    gpm      3.8      4.9      6.0      6.9
         z@500    gpm      4.9      6.3      7.7      9.0

  Per-channel region (physical units, avg over 4 horizons):
      #        var      ACC  RMSE_norm    RMSE_phys     unit
      0        t2m   0.9423     0.0683       1.4427        K  (≈1.44 °C)
      1        10u   0.9057     0.1161       0.6461      m/s
      2        10v   0.8850     0.1311       0.6251      m/s
      3        msl   0.9762     0.0646       0.8745      hPa
      4         tp   0.5788     0.0924       0.0002        m
      5         sp   0.9999     0.0103       0.9847      hPa
      6       tcwv   0.9565     0.0559       0.9294    kg/m²
      7     z_surf   1.0000     0.0000       0.0000      gpm
      8        lsm   1.0000     0.0000       0.0000        -
      9      t@850   0.9569     0.0564       0.8740        K  (≈0.87 °C)
     10      u@850   0.9441     0.1710       1.4094      m/s
     11      v@850   0.9157     0.2019       1.2672      m/s
     12      z@850   0.9865     0.0362       5.5139      gpm
     13      q@850   0.8789     0.0963       0.0004    kg/kg
     14      t@500   0.9630     0.0431       0.5618        K  (≈0.56 °C)
     15      u@500   0.9428     0.1474       1.7729      m/s
     16      v@500   0.9466     0.1876       1.7270      m/s
     17      z@500   0.9927     0.0206       7.1103      gpm
     18      q@500   0.8853     0.1391       0.0002    kg/kg
     19      z@250   0.9921     0.0180      10.2269      gpm
     20      t@250   0.9211     0.0871       0.7542        K  (≈0.75 °C)
     21      u@250   0.9540     0.1299       2.3473      m/s
     22      v@250   0.9560     0.1709       2.2973      m/s
     23      q@250   0.7798     0.0784       0.0000    kg/kg
     24     z@1000   0.9797     0.0583       6.4903      gpm
     25     t@1000   0.9513     0.0629       1.0649        K  (≈1.06 °C)
     26     u@1000   0.9000     0.1005       0.6192      m/s
     27     v@1000   0.8875     0.1101       0.5850      m/s
     28     q@1000   0.9036     0.0737       0.0004    kg/kg
     29   sin_hour   0.0155     0.0000       0.0000        ?
     30   cos_hour   0.0155     0.0000       0.0000        ?
     31    sin_doy   0.0066     0.0000       0.0000        ?
     32    cos_doy   0.0067     0.0000       0.0000        ?
============================================================
