### PROVENANCE ###############################################
# tag: m4_global_v2 | started: 2026-08-06T12:02:08+00:00 | host: k8smr-macos-build--graphcast-v4-3510779436-task-0
# git commit: 5e5758b | gpu: NVIDIA H100 80GB HBM3
# COMMAND:
#   python -u scripts/predict.py experiments/wb2_512x256_19f_ar_v2 --data-dir /data/datasets/wb2_512x256_19f_ar --split test_only --ar-steps 4 --max-samples 100 --per-channel --no-residual --save /data/paper_heavy/m4_global_preds.pt
##############################################################

[predict] data_dir=/data/datasets/wb2_512x256_19f_ar (chunked=True, pred_steps=4)
[ChunkDataset] train: 14021 samples, grid=512×256, feat=19, obs=2, pred=4
[ChunkDataset] val: 1753 samples, grid=512×256, feat=19, obs=2, pred=4
[ChunkDataset] test_only: 1753 samples, grid=512×256, feat=19, obs=2, pred=4
Encoder summary: 
+---------------------------+----------------------------+----------------+----------+
| Layer                     | Input Shape                | Output Shape   | #Param   |
|---------------------------+----------------------------+----------------+----------|
| Model                     | [172034, 44], [2, 205302]  | [172034, 256]  | 340,994  |
| ├─(mlp)MLP                |                            | [172034, 256]  | 143,618  |
| │    └─(MLP)ModuleList    | --                         | --             | 143,618  |
| │    │    └─(0)Linear     | [172034, 44]               | [172034, 256]  | 11,520   |
| │    │    └─(1)PReLU      | [172034, 256]              | [172034, 256]  | 1        |
| │    │    └─(2)Linear     | [172034, 256]              | [172034, 256]  | 65,792   |
| │    │    └─(3)PReLU      | [172034, 256]              | [172034, 256]  | 1        |
| │    │    └─(4)Linear     | [172034, 256]              | [172034, 256]  | 65,792   |
| │    │    └─(5)LayerNorm  | [172034, 256]              | [172034, 256]  | 512      |
| ├─(graph_layer)GraphLayer |                            | [172034, 256]  | 197,376  |
| │    └─(activation)SiLU   | [172034, 256]              | [172034, 256]  | --       |
| │    └─(layers)ModuleList | --                         | --             | 197,376  |
| │    │    └─(0)GCNConv    | [172034, 256], [2, 205302] | [172034, 256]  | 65,792   |
| │    │    └─(1)SiLU       | [172034, 256]              | [172034, 256]  | --       |
| │    │    └─(2)GCNConv    | [172034, 256], [2, 205302] | [172034, 256]  | 65,792   |
| │    │    └─(3)SiLU       | --                         | --             | --       |
| │    │    └─(4)GCNConv    | [172034, 256], [2, 205302] | [172034, 256]  | 65,792   |
+---------------------------+----------------------------+----------------+----------+

Processor summary: 
  (summary skipped: Expected all tensors to be on the same device, but found at least two devices, cuda:0 and cpu! (when checking argument for argument mat1 in method wrapper_CUDA_addmm))

Decoder summary: 
+---------------------------+----------------------------+----------------+----------+
| Layer                     | Input Shape                | Output Shape   | #Param   |
|---------------------------+----------------------------+----------------+----------|
| Model                     | [172034, 256], [2, 393216] | [172034, 19]   | 150,677  |
| ├─(mlp)MLP                |                            | [172034, 128]  | 115,202  |
| │    └─(MLP)ModuleList    | --                         | --             | 115,202  |
| │    │    └─(0)Linear     | [172034, 256]              | [172034, 256]  | 65,792   |
| │    │    └─(1)PReLU      | [172034, 256]              | [172034, 256]  | 1        |
| │    │    └─(2)Linear     | [172034, 256]              | [172034, 128]  | 32,896   |
| │    │    └─(3)PReLU      | [172034, 128]              | [172034, 128]  | 1        |
| │    │    └─(4)Linear     | [172034, 128]              | [172034, 128]  | 16,512   |
| ├─(graph_layer)GraphLayer |                            | [172034, 19]   | 35,475   |
| │    └─(activation)SiLU   | [172034, 128]              | [172034, 128]  | --       |
| │    └─(layers)ModuleList | --                         | --             | 35,475   |
| │    │    └─(0)GCNConv    | [172034, 128], [2, 393216] | [172034, 128]  | 16,512   |
| │    │    └─(1)SiLU       | [172034, 128]              | [172034, 128]  | --       |
| │    │    └─(2)GCNConv    | [172034, 128], [2, 393216] | [172034, 128]  | 16,512   |
| │    │    └─(3)SiLU       | --                         | --             | --       |
| │    │    └─(4)GCNConv    | [172034, 128], [2, 393216] | [172034, 19]   | 2,451    |
+---------------------------+----------------------------+----------------+----------+

[AR-rollout] Модель выдаёт 1 шаг(ов), но мы прогоним 4 шагов авторегрессионно.
[predict] device=cuda | grid=512x256 | 100/1753 test samples
[Main] Инференс (100 samples, DA=none)...
  [50/100] RMSE=0.215860 ACC=0.9763
  [100/100] RMSE=0.218368 ACC=0.9761

[Save] predictions → /data/paper_heavy/m4_global_preds.pt (pred=torch.Size([100, 131072, 76]), gt=torch.Size([100, 131072, 76]))

============================================================
=== Inference summary (100 samples) ===
Grid: 512x256 (G=131072) | C=19 | AR=4 horizons
Overall: MSE=0.047684 | RMSE=0.218368 | MAE=0.101318
Baseline: RMSE=0.544519 | MAE=0.257629
Skill: 59.90%
ACC: 0.9761 | base: 0.8576 | Δ=+0.1184

Per-horizon:
  +06h: RMSE=0.132622 | base=0.368728 | skill=64.03% | ACC=0.9913 (base 0.9343)
  +12h: RMSE=0.189268 | base=0.515139 | skill=63.26% | ACC=0.9821 (base 0.8721)
  +18h: RMSE=0.238603 | base=0.598918 | skill=60.16% | ACC=0.9712 (base 0.8279)
  +24h: RMSE=0.283541 | base=0.652666 | skill=56.56% | ACC=0.9595 (base 0.7962)

Per-horizon per-channel RMSE (physical units):
         var   unit      +6h     +12h     +18h     +24h
         t2m      K    0.90°C    1.22°C    1.45°C    1.67°C
         10u    m/s     0.79     1.05     1.30     1.58
         10v    m/s     0.81     1.07     1.33     1.62
         msl    hPa     0.76     1.27     1.90     2.57
       t@850      K    0.70°C    0.99°C    1.26°C    1.52°C
       u@850    m/s     1.14     1.53     1.91     2.31
       v@850    m/s     1.14     1.53     1.89     2.30
       z@850    gpm      5.7     10.1     15.5     21.0
       z@500    gpm      8.4     15.7     24.0     32.7

Per-channel metrics overall (physical units, avg over 4 horizons):
    #        var      ACC  RMSE_norm    RMSE_phys     unit
    0        t2m   0.9978     0.0634       1.3398        K  (≈1.34 °C)
    1        10u   0.9770     0.2184       1.2150      m/s
    2        10v   0.9669     0.2612       1.2455      m/s
    3        msl   0.9953     0.1300       1.7599      hPa
    4         tp   0.8054     0.6027       0.0012        m
    5         sp   0.9997     0.0310       2.9543      hPa
    6       tcwv   0.9947     0.1080       1.7975    kg/m²
    7     z_surf   0.9998     0.0293      24.7968      gpm
    8        lsm   0.9999     0.0215       0.0098        -
    9      t@850   0.9973     0.0746       1.1570        K  (≈1.16 °C)
   10      u@850   0.9778     0.2154       1.7758      m/s
   11      v@850   0.9607     0.2819       1.7692      m/s
   12      z@850   0.9975     0.0936      14.2702      gpm
   13      q@850   0.9849     0.1727       0.0007    kg/kg
   14      t@500   0.9972     0.0774       1.0095        K  (≈1.01 °C)
   15      u@500   0.9764     0.2182       2.6248      m/s
   16      v@500   0.9574     0.2994       2.7567      m/s
   17      z@500   0.9986     0.0643      22.1646      gpm
   18      q@500   0.9608     0.2730       0.0003    kg/kg
============================================================
