### PROVENANCE ###############################################
# tag: seam_flagship_preds | started: 2026-08-06T14:21:11+00:00 | host: k8smr-macos-build--graphcast-v4-3510779436-task-0
# git commit: 803569e | gpu: NVIDIA H100 80GB HBM3
# dataset: /data/datasets/multires_krsk_19f_merge
# ckpt md5: 6ad5ade3178d63776ce79a12069270ad
# COMMAND:
#   python -u scripts/predict.py experiments/multires_merge_freeze6_v2 --data-dir /data/datasets/multires_krsk_19f_merge --split test_only --ar-steps 4 --max-samples 100 --per-channel --region 50 60 83 98 --save /data/paper_heavy/seam_flagship_preds.pt
##############################################################

[predict] data_dir=/data/datasets/multires_krsk_19f_merge (chunked=True, pred_steps=4)
[ChunkDataset] train: 12853 samples, flat_nodes=133279, feat=19, obs=2, pred=4
[ChunkDataset] val: 1607 samples, flat_nodes=133279, feat=19, obs=2, pred=4
[ChunkDataset] test_only: 1607 samples, flat_nodes=133279, feat=19, obs=2, pred=4
Encoder summary: 
+---------------------------+----------------------------+----------------+----------+
| Layer                     | Input Shape                | Output Shape   | #Param   |
|---------------------------+----------------------------+----------------+----------|
| Model                     | [174241, 44], [2, 207099]  | [174241, 256]  | 340,994  |
| ├─(mlp)MLP                |                            | [174241, 256]  | 143,618  |
| │    └─(MLP)ModuleList    | --                         | --             | 143,618  |
| │    │    └─(0)Linear     | [174241, 44]               | [174241, 256]  | 11,520   |
| │    │    └─(1)PReLU      | [174241, 256]              | [174241, 256]  | 1        |
| │    │    └─(2)Linear     | [174241, 256]              | [174241, 256]  | 65,792   |
| │    │    └─(3)PReLU      | [174241, 256]              | [174241, 256]  | 1        |
| │    │    └─(4)Linear     | [174241, 256]              | [174241, 256]  | 65,792   |
| │    │    └─(5)LayerNorm  | [174241, 256]              | [174241, 256]  | 512      |
| ├─(graph_layer)GraphLayer |                            | [174241, 256]  | 197,376  |
| │    └─(activation)SiLU   | [174241, 256]              | [174241, 256]  | --       |
| │    └─(layers)ModuleList | --                         | --             | 197,376  |
| │    │    └─(0)GCNConv    | [174241, 256], [2, 207099] | [174241, 256]  | 65,792   |
| │    │    └─(1)SiLU       | [174241, 256]              | [174241, 256]  | --       |
| │    │    └─(2)GCNConv    | [174241, 256], [2, 207099] | [174241, 256]  | 65,792   |
| │    │    └─(3)SiLU       | --                         | --             | --       |
| │    │    └─(4)GCNConv    | [174241, 256], [2, 207099] | [174241, 256]  | 65,792   |
+---------------------------+----------------------------+----------------+----------+

Processor summary: 
  (summary skipped: Expected all tensors to be on the same device, but found at least two devices, cuda:0 and cpu! (when checking argument for argument mat1 in method wrapper_CUDA_addmm))

Decoder summary: 
+---------------------------+----------------------------+----------------+----------+
| Layer                     | Input Shape                | Output Shape   | #Param   |
|---------------------------+----------------------------+----------------+----------|
| Model                     | [174241, 256], [2, 399837] | [174241, 19]   | 150,677  |
| ├─(mlp)MLP                |                            | [174241, 128]  | 115,202  |
| │    └─(MLP)ModuleList    | --                         | --             | 115,202  |
| │    │    └─(0)Linear     | [174241, 256]              | [174241, 256]  | 65,792   |
| │    │    └─(1)PReLU      | [174241, 256]              | [174241, 256]  | 1        |
| │    │    └─(2)Linear     | [174241, 256]              | [174241, 128]  | 32,896   |
| │    │    └─(3)PReLU      | [174241, 128]              | [174241, 128]  | 1        |
| │    │    └─(4)Linear     | [174241, 128]              | [174241, 128]  | 16,512   |
| ├─(graph_layer)GraphLayer |                            | [174241, 19]   | 35,475   |
| │    └─(activation)SiLU   | [174241, 128]              | [174241, 128]  | --       |
| │    └─(layers)ModuleList | --                         | --             | 35,475   |
| │    │    └─(0)GCNConv    | [174241, 128], [2, 399837] | [174241, 128]  | 16,512   |
| │    │    └─(1)SiLU       | [174241, 128]              | [174241, 128]  | --       |
| │    │    └─(2)GCNConv    | [174241, 128], [2, 399837] | [174241, 128]  | 16,512   |
| │    │    └─(3)SiLU       | --                         | --             | --       |
| │    │    └─(4)GCNConv    | [174241, 128], [2, 399837] | [174241, 19]   | 2,451    |
+---------------------------+----------------------------+----------------+----------+

[AR-rollout] Модель выдаёт 1 шаг(ов), но мы прогоним 4 шагов авторегрессионно.
[predict] device=cuda | grid=0x0 | 100/1607 test samples
[Region] 2501 nodes (--region [50.0,60.0]N x [83.0,98.0]E)
[Main] Инференс (100 samples, DA=none)...
  [50/100] RMSE=0.184616 ACC=0.9828
  [100/100] RMSE=0.179677 ACC=0.9828

[Save] predictions → /data/paper_heavy/seam_flagship_preds.pt (pred=torch.Size([100, 133279, 76]), gt=torch.Size([100, 133279, 76]))

============================================================
=== Inference summary (100 samples) ===
Grid: 0x0 (G=133279) | C=19 | AR=4 horizons
Overall: MSE=0.032284 | RMSE=0.179677 | MAE=0.076784
Baseline: RMSE=0.523567 | MAE=0.242131
Skill: 65.68%
ACC: 0.9828 | base: 0.8576 | Δ=+0.1251

Per-horizon:
  +06h: RMSE=0.122114 | base=0.354227 | skill=65.53% | ACC=0.9922 (base 0.9356)
  +12h: RMSE=0.158339 | base=0.493160 | skill=67.89% | ACC=0.9869 (base 0.8743)
  +18h: RMSE=0.197474 | base=0.575533 | skill=65.69% | ACC=0.9791 (base 0.8276)
  +24h: RMSE=0.223957 | base=0.629735 | skill=64.44% | ACC=0.9728 (base 0.7930)

Per-horizon per-channel RMSE (physical units):
         var   unit      +6h     +12h     +18h     +24h
         t2m      K    0.81°C    0.99°C    1.10°C    1.19°C
         10u    m/s     0.71     0.87     1.02     1.15
         10v    m/s     0.72     0.88     1.03     1.17
         msl    hPa     0.60     0.80     1.06     1.28
       t@850      K    0.62°C    0.77°C    0.88°C    0.97°C
       u@850    m/s     1.04     1.28     1.50     1.70
       v@850    m/s     1.05     1.29     1.50     1.71
       z@850    gpm      4.7      6.2      8.6     10.4
       z@500    gpm      5.6      7.7     10.8     13.5

Per-channel metrics overall (physical units, avg over 4 horizons):
    #        var      ACC  RMSE_norm    RMSE_phys     unit
    0        t2m   0.9986     0.0489       1.0338        K  (≈1.03 °C)
    1        10u   0.9837     0.1709       0.9510      m/s
    2        10v   0.9771     0.2028       0.9673      m/s
    3        msl   0.9967     0.0717       0.9704      hPa
    4         tp   0.8467     0.5368       0.0011        m
    5         sp   0.9999     0.0117       1.1129      hPa
    6       tcwv   0.9962     0.0859       1.4293    kg/m²
    7     z_surf   0.9999     0.0033       2.7909      gpm
    8        lsm   1.0000     0.0039       0.0018        -
    9      t@850   0.9983     0.0528       0.8184        K  (≈0.82 °C)
   10      u@850   0.9847     0.1701       1.4021      m/s
   11      v@850   0.9735     0.2243       1.4081      m/s
   12      z@850   0.9984     0.0510       7.7765      gpm
   13      q@850   0.9881     0.1527       0.0006    kg/kg
   14      t@500   0.9986     0.0522       0.6806        K  (≈0.68 °C)
   15      u@500   0.9866     0.1647       1.9805      m/s
   16      v@500   0.9763     0.2182       2.0087      m/s
   17      z@500   0.9995     0.0286       9.8557      gpm
   18      q@500   0.9697     0.2315       0.0003    kg/kg

--- Region [50.0,60.0]N x [83.0,98.0]E (2501 nodes) ---
RMSE=0.103603 | base=0.391299 | skill=73.52%
ACC=0.9343 | base=0.6590

  Per-horizon (region):
    +06h: RMSE=0.078453 | base=0.249095 | skill=68.50% | ACC=0.9561 (base 0.8204)
    +12h: RMSE=0.096412 | base=0.365800 | skill=73.64% | ACC=0.9389 (base 0.6736)
    +18h: RMSE=0.110969 | base=0.434445 | skill=74.46% | ACC=0.9263 (base 0.5908)
    +24h: RMSE=0.123168 | base=0.477346 | skill=74.20% | ACC=0.9159 (base 0.5512)

  Per-horizon per-channel RMSE — REGION (2501 nodes):
           var   unit      +6h     +12h     +18h     +24h
           t2m      K    1.48°C    1.84°C    1.96°C    2.05°C
           10u    m/s     0.47     0.57     0.64     0.68
           10v    m/s     0.45     0.55     0.61     0.64
           msl    hPa     0.77     1.05     1.39     1.66
         t@850      K    0.78°C    0.99°C    1.14°C    1.23°C
         u@850    m/s     1.11     1.36     1.56     1.72
         v@850    m/s     1.03     1.23     1.39     1.51
         z@850    gpm      4.2      6.5      9.4     11.8
         z@500    gpm      5.8      7.9     10.8     13.3

  Per-channel region (physical units, avg over 4 horizons):
      #        var      ACC  RMSE_norm    RMSE_phys     unit
      0        t2m   0.9379     0.0873       1.8442        K  (≈1.84 °C)
      1        10u   0.9187     0.1068       0.5940      m/s
      2        10v   0.8935     0.1188       0.5664      m/s
      3        msl   0.9760     0.0933       1.2623      hPa
      4         tp   0.6353     0.0617       0.0001        m
      5         sp   0.9999     0.0125       1.1889      hPa
      6       tcwv   0.9508     0.0344       0.5721    kg/m²
      7     z_surf   1.0000     0.0028       2.3714      gpm
      8        lsm   0.9998     0.0034       0.0016        -
      9      t@850   0.9411     0.0676       1.0486        K  (≈1.05 °C)
     10      u@850   0.9575     0.1764       1.4544      m/s
     11      v@850   0.9401     0.2073       1.3015      m/s
     12      z@850   0.9946     0.0554       8.4519      gpm
     13      q@850   0.8904     0.0589       0.0002    kg/kg
     14      t@500   0.9553     0.0497       0.6482        K  (≈0.65 °C)
     15      u@500   0.9394     0.1534       1.8452      m/s
     16      v@500   0.9524     0.2033       1.8716      m/s
     17      z@500   0.9942     0.0286       9.8415      gpm
     18      q@500   0.8748     0.0598       0.0001    kg/kg
============================================================
