### PROVENANCE ###############################################
# tag: a_chwb_long_oi10_first4 | started: 2026-08-25T08:01:51+00:00 | host: k8smr-macos-build--graphcast-v3-2600753541-task-0
# git commit: 6bba8df | gpu: NVIDIA H100 80GB HBM3
# dataset: /data/datasets/multires_krsk_33f
# ckpt md5: 1ae10134e831b0674245d51be3ba0344 (эпоха 29)
# COMMAND:
#   python -u scripts/predict.py experiments/multires_krsk_33f_chwb --data-dir /data/datasets/multires_krsk_33f --ckpt /data/paper_heavy/krsk_chwb_assim.pth --per-channel --no-save --save-sample-metrics /workdir/paper_results/a_chwb_long_oi10_first4_samples.npz --split test_only --ar-steps 56 --max-samples 200 --region 50 60 83 98 --assim-method oi --obs-sparsity 0.1 --obs-roi-only --obs-seed 42 --oi-corr-len 100000 --oi-sigma-o 0.5 --oi-first-k 4
##############################################################

[predict] data_dir=/data/datasets/multires_krsk_33f (chunked=True, pred_steps=56)
[ChunkDataset] склеиваем data.npy (19ch) + data_extra.npy (14ch) → 33ch
[ChunkDataset] train: 12812 samples, flat_nodes=133279, feat=33, obs=2, pred=56
[ChunkDataset] склеиваем data.npy (19ch) + data_extra.npy (14ch) → 33ch
[ChunkDataset] val: 1601 samples, flat_nodes=133279, feat=33, obs=2, pred=56
[ChunkDataset] склеиваем data.npy (19ch) + data_extra.npy (14ch) → 33ch
[ChunkDataset] test_only: 1602 samples, flat_nodes=133279, feat=33, obs=2, pred=56
[graph] уровни меша [4, 6], признаки рёбер: legacy
[processor] InteractionNet: 12 шагов, агрегация 'mean'
Encoder summary: 
+---------------------------+----------------------------+----------------+----------+
| Layer                     | Input Shape                | Output Shape   | #Param   |
|---------------------------+----------------------------+----------------+----------|
| Model                     | [174241, 72], [2, 207099]  | [174241, 256]  | 348,162  |
| ├─(mlp)MLP                |                            | [174241, 256]  | 150,786  |
| │    └─(MLP)ModuleList    | --                         | --             | 150,786  |
| │    │    └─(0)Linear     | [174241, 72]               | [174241, 256]  | 18,688   |
| │    │    └─(1)PReLU      | [174241, 256]              | [174241, 256]  | 1        |
| │    │    └─(2)Linear     | [174241, 256]              | [174241, 256]  | 65,792   |
| │    │    └─(3)PReLU      | [174241, 256]              | [174241, 256]  | 1        |
| │    │    └─(4)Linear     | [174241, 256]              | [174241, 256]  | 65,792   |
| │    │    └─(5)LayerNorm  | [174241, 256]              | [174241, 256]  | 512      |
| ├─(graph_layer)GraphLayer |                            | [174241, 256]  | 197,376  |
| │    └─(activation)SiLU   | [174241, 256]              | [174241, 256]  | --       |
| │    └─(layers)ModuleList | --                         | --             | 197,376  |
| │    │    └─(0)GCNConv    | [174241, 256], [2, 207099] | [174241, 256]  | 65,792   |
| │    │    └─(1)SiLU       | [174241, 256]              | [174241, 256]  | --       |
| │    │    └─(2)GCNConv    | [174241, 256], [2, 207099] | [174241, 256]  | 65,792   |
| │    │    └─(3)SiLU       | --                         | --             | --       |
| │    │    └─(4)GCNConv    | [174241, 256], [2, 207099] | [174241, 256]  | 65,792   |
+---------------------------+----------------------------+----------------+----------+

Processor summary: 
  (summary skipped: Expected all tensors to be on the same device, but found at least two devices, cuda:0 and cpu! (when checking argument for argument mat1 in method wrapper_CUDA_addmm))

Decoder summary: 
+---------------------------+----------------------------+----------------+----------+
| Layer                     | Input Shape                | Output Shape   | #Param   |
|---------------------------+----------------------------+----------------+----------|
| Model                     | [174241, 256], [2, 399837] | [174241, 33]   | 152,483  |
| ├─(mlp)MLP                |                            | [174241, 128]  | 115,202  |
| │    └─(MLP)ModuleList    | --                         | --             | 115,202  |
| │    │    └─(0)Linear     | [174241, 256]              | [174241, 256]  | 65,792   |
| │    │    └─(1)PReLU      | [174241, 256]              | [174241, 256]  | 1        |
| │    │    └─(2)Linear     | [174241, 256]              | [174241, 128]  | 32,896   |
| │    │    └─(3)PReLU      | [174241, 128]              | [174241, 128]  | 1        |
| │    │    └─(4)Linear     | [174241, 128]              | [174241, 128]  | 16,512   |
| ├─(graph_layer)GraphLayer |                            | [174241, 33]   | 37,281   |
| │    └─(activation)SiLU   | [174241, 128]              | [174241, 128]  | --       |
| │    └─(layers)ModuleList | --                         | --             | 37,281   |
| │    │    └─(0)GCNConv    | [174241, 128], [2, 399837] | [174241, 128]  | 16,512   |
| │    │    └─(1)SiLU       | [174241, 128]              | [174241, 128]  | --       |
| │    │    └─(2)GCNConv    | [174241, 128], [2, 399837] | [174241, 128]  | 16,512   |
| │    │    └─(3)SiLU       | --                         | --             | --       |
| │    │    └─(4)GCNConv    | [174241, 128], [2, 399837] | [174241, 33]   | 4,257    |
+---------------------------+----------------------------+----------------+----------+

[AR-rollout] Модель выдаёт 1 шаг(ов), но мы прогоним 56 шагов авторегрессионно.
[static] Каналы [7, 8] — статика, carry-forward при AR
[forcing] Каналы [29, 30, 31, 32] — форсинг (из ground truth при AR)
[predict] device=cuda | grid=0x0 | 200/1602 test samples
[Region] 2501 nodes (--region [50.0,60.0]N x [83.0,98.0]E)
[OI] ROI mode: B matrix 2501×2501 (25 MB)
[Inline-obs] 250 станций (10.0% от 2501 узлов, seed=42)
[metrics] Исключены из aggregate метрик: каналы [7, 8, 29, 30, 31, 32] (static+forcing)
[metrics] per-sample MSE будут сохранены в /workdir/paper_results/a_chwb_long_oi10_first4_samples.npz
[assim] Residual-модель: ОИ применяется пошагово в AR-цикле (первые 4 шагов)
[Main] Инференс (200 samples, DA=oi)...
  [50/200] RMSE=0.616744 ACC=0.7954
  [100/200] RMSE=0.606100 ACC=0.7967
  [150/200] RMSE=0.601739 ACC=0.7997
  [200/200] RMSE=0.600875 ACC=0.8023
[Save] per-sample metrics → /workdir/paper_results/a_chwb_long_oi10_first4_samples.npz (N=200, AR=56, C=33)

============================================================
=== Inference summary (200 samples) ===
Grid: 0x0 (G=133279) | C=33 | AR=56 horizons
Overall: MSE=0.361051 | RMSE=0.600875 | MAE=0.317813
Baseline: RMSE=0.831300 | MAE=0.488264
Skill: 27.72%
ACC: 0.8023 | base: 0.6345 | Δ=+0.1678

Per-horizon:
  +06h: RMSE=0.124156 | base=0.353267 | skill=64.85% | ACC=0.9919 (base 0.9355)
  +12h: RMSE=0.155486 | base=0.501430 | skill=68.99% | ACC=0.9873 (base 0.8690)
  +18h: RMSE=0.183034 | base=0.592491 | skill=69.11% | ACC=0.9822 (base 0.8160)
  +24h: RMSE=0.201231 | base=0.651720 | skill=69.12% | ACC=0.9783 (base 0.7767)
  +30h: RMSE=0.216737 | base=0.700992 | skill=69.08% | ACC=0.9746 (base 0.7411)
  +36h: RMSE=0.231500 | base=0.734049 | skill=68.46% | ACC=0.9709 (base 0.7157)
  +42h: RMSE=0.246470 | base=0.756769 | skill=67.43% | ACC=0.9669 (base 0.6975)
  +48h: RMSE=0.261490 | base=0.770750 | skill=66.07% | ACC=0.9626 (base 0.6861)
  +54h: RMSE=0.277143 | base=0.786815 | skill=64.78% | ACC=0.9579 (base 0.6726)
  +60h: RMSE=0.293500 | base=0.797070 | skill=63.18% | ACC=0.9527 (base 0.6639)
  +66h: RMSE=0.310386 | base=0.803549 | skill=61.37% | ACC=0.9470 (base 0.6581)
  +72h: RMSE=0.327822 | base=0.805774 | skill=59.32% | ACC=0.9408 (base 0.6561)
  +78h: RMSE=0.345810 | base=0.811859 | skill=57.41% | ACC=0.9340 (base 0.6506)
  +84h: RMSE=0.364125 | base=0.814022 | skill=55.27% | ACC=0.9267 (base 0.6487)
  +90h: RMSE=0.382852 | base=0.814287 | skill=52.98% | ACC=0.9189 (base 0.6483)
  +96h: RMSE=0.401854 | base=0.813067 | skill=50.58% | ACC=0.9106 (base 0.6494)
  +102h: RMSE=0.421074 | base=0.819458 | skill=48.62% | ACC=0.9018 (base 0.6438)
  +108h: RMSE=0.440231 | base=0.826220 | skill=46.72% | ACC=0.8927 (base 0.6380)
  +114h: RMSE=0.459193 | base=0.833532 | skill=44.91% | ACC=0.8832 (base 0.6315)
  +120h: RMSE=0.477801 | base=0.838668 | skill=43.03% | ACC=0.8736 (base 0.6271)
  +126h: RMSE=0.495962 | base=0.848178 | skill=41.53% | ACC=0.8637 (base 0.6185)
  +132h: RMSE=0.513915 | base=0.853947 | skill=39.82% | ACC=0.8537 (base 0.6134)
  +138h: RMSE=0.531721 | base=0.857172 | skill=37.97% | ACC=0.8434 (base 0.6104)
  +144h: RMSE=0.549034 | base=0.857010 | skill=35.94% | ACC=0.8329 (base 0.6107)
  +150h: RMSE=0.565741 | base=0.860816 | skill=34.28% | ACC=0.8226 (base 0.6071)
  +156h: RMSE=0.582079 | base=0.861687 | skill=32.45% | ACC=0.8122 (base 0.6064)
  +162h: RMSE=0.598235 | base=0.861030 | skill=30.52% | ACC=0.8017 (base 0.6070)
  +168h: RMSE=0.614105 | base=0.858442 | skill=28.46% | ACC=0.7912 (base 0.6095)
  +174h: RMSE=0.629423 | base=0.861150 | skill=26.91% | ACC=0.7809 (base 0.6070)
  +180h: RMSE=0.644076 | base=0.862006 | skill=25.28% | ACC=0.7709 (base 0.6064)
  +186h: RMSE=0.657858 | base=0.862110 | skill=23.69% | ACC=0.7612 (base 0.6063)
  +192h: RMSE=0.670540 | base=0.860414 | skill=22.07% | ACC=0.7522 (base 0.6081)
  +198h: RMSE=0.682274 | base=0.864198 | skill=21.05% | ACC=0.7437 (base 0.6047)
  +204h: RMSE=0.693050 | base=0.866006 | skill=19.97% | ACC=0.7358 (base 0.6032)
  +210h: RMSE=0.703194 | base=0.866899 | skill=18.88% | ACC=0.7282 (base 0.6025)
  +216h: RMSE=0.712681 | base=0.865905 | skill=17.70% | ACC=0.7210 (base 0.6036)
  +222h: RMSE=0.721660 | base=0.870217 | skill=17.07% | ACC=0.7142 (base 0.5996)
  +228h: RMSE=0.730359 | base=0.872731 | skill=16.31% | ACC=0.7075 (base 0.5975)
  +234h: RMSE=0.738697 | base=0.874726 | skill=15.55% | ACC=0.7012 (base 0.5958)
  +240h: RMSE=0.746344 | base=0.874987 | skill=14.70% | ACC=0.6953 (base 0.5957)
  +246h: RMSE=0.753516 | base=0.880083 | skill=14.38% | ACC=0.6899 (base 0.5910)
  +252h: RMSE=0.760057 | base=0.882676 | skill=13.89% | ACC=0.6849 (base 0.5888)
  +258h: RMSE=0.765704 | base=0.883826 | skill=13.36% | ACC=0.6805 (base 0.5877)
  +264h: RMSE=0.770370 | base=0.882353 | skill=12.69% | ACC=0.6768 (base 0.5892)
  +270h: RMSE=0.774160 | base=0.885103 | skill=12.53% | ACC=0.6737 (base 0.5865)
  +276h: RMSE=0.777504 | base=0.884968 | skill=12.14% | ACC=0.6710 (base 0.5866)
  +282h: RMSE=0.781014 | base=0.883161 | skill=11.57% | ACC=0.6682 (base 0.5882)
  +288h: RMSE=0.784456 | base=0.879355 | skill=10.79% | ACC=0.6654 (base 0.5917)
  +294h: RMSE=0.787800 | base=0.881746 | skill=10.65% | ACC=0.6626 (base 0.5893)
  +300h: RMSE=0.791003 | base=0.883536 | skill=10.47% | ACC=0.6599 (base 0.5876)
  +306h: RMSE=0.794324 | base=0.884933 | skill=10.24% | ACC=0.6570 (base 0.5862)
  +312h: RMSE=0.797189 | base=0.883943 | skill=9.81% | ACC=0.6546 (base 0.5871)
  +318h: RMSE=0.799740 | base=0.887324 | skill=9.87% | ACC=0.6524 (base 0.5838)
  +324h: RMSE=0.802470 | base=0.888451 | skill=9.68% | ACC=0.6502 (base 0.5828)
  +330h: RMSE=0.805168 | base=0.888550 | skill=9.38% | ACC=0.6480 (base 0.5827)
  +336h: RMSE=0.807826 | base=0.886160 | skill=8.84% | ACC=0.6460 (base 0.5851)

Per-horizon per-channel RMSE (physical units):
         var   unit      +6h     +12h     +18h     +24h     +30h     +36h     +42h     +48h     +54h     +60h     +66h     +72h     +78h     +84h     +90h     +96h    +102h    +108h    +114h    +120h    +126h    +132h    +138h    +144h    +150h    +156h    +162h    +168h    +174h    +180h    +186h    +192h    +198h    +204h    +210h    +216h    +222h    +228h    +234h    +240h    +246h    +252h    +258h    +264h    +270h    +276h    +282h    +288h    +294h    +300h    +306h    +312h    +318h    +324h    +330h    +336h
         t2m      K    0.71°C    0.85°C    0.93°C    0.99°C    1.09°C    1.16°C    1.22°C    1.28°C    1.35°C    1.42°C    1.49°C    1.56°C    1.65°C    1.73°C    1.82°C    1.91°C    2.01°C    2.11°C    2.21°C    2.31°C    2.41°C    2.51°C    2.60°C    2.70°C    2.80°C    2.89°C    2.99°C    3.08°C    3.17°C    3.26°C    3.35°C    3.43°C    3.51°C    3.59°C    3.67°C    3.74°C    3.82°C    3.89°C    3.95°C    4.01°C    4.06°C    4.11°C    4.15°C    4.20°C    4.24°C    4.28°C    4.31°C    4.34°C    4.37°C    4.39°C    4.41°C    4.44°C    4.46°C    4.48°C    4.50°C    4.51°C
         10u    m/s     0.70     0.84     0.95     1.04     1.15     1.25     1.37     1.48     1.61     1.73     1.87     2.01     2.15     2.30     2.45     2.60     2.74     2.89     3.03     3.17     3.31     3.44     3.57     3.69     3.81     3.92     4.03     4.13     4.23     4.33     4.42     4.51     4.59     4.67     4.74     4.81     4.86     4.91     4.96     5.00     5.03     5.06     5.09     5.11     5.14     5.16     5.18     5.20     5.22     5.24     5.26     5.28     5.29     5.31     5.32     5.34
         10v    m/s     0.71     0.85     0.96     1.06     1.17     1.27     1.38     1.50     1.62     1.75     1.89     2.03     2.18     2.33     2.48     2.64     2.79     2.95     3.11     3.25     3.40     3.53     3.67     3.80     3.91     4.03     4.13     4.24     4.34     4.45     4.55     4.63     4.71     4.78     4.85     4.91     4.97     5.03     5.08     5.12     5.17     5.21     5.25     5.27     5.28     5.28     5.30     5.32     5.34     5.36     5.38     5.39     5.41     5.43     5.44     5.45
         msl    hPa     0.54     0.67     0.81     0.93     1.08     1.23     1.39     1.56     1.76     1.97     2.19     2.44     2.70     2.98     3.27     3.57     3.88     4.20     4.52     4.83     5.13     5.43     5.73     6.03     6.33     6.62     6.91     7.20     7.49     7.78     8.05     8.30     8.54     8.75     8.96     9.15     9.32     9.48     9.62     9.75     9.86     9.96    10.05    10.13    10.22    10.30    10.40    10.50    10.59    10.67    10.74    10.78    10.82    10.87    10.92    10.97
       t@850      K    0.59°C    0.72°C    0.81°C    0.87°C    0.95°C    1.01°C    1.08°C    1.15°C    1.22°C    1.31°C    1.39°C    1.49°C    1.59°C    1.69°C    1.80°C    1.91°C    2.02°C    2.14°C    2.26°C    2.38°C    2.50°C    2.63°C    2.75°C    2.87°C    3.00°C    3.12°C    3.25°C    3.37°C    3.49°C    3.61°C    3.71°C    3.80°C    3.89°C    3.97°C    4.05°C    4.13°C    4.21°C    4.29°C    4.37°C    4.44°C    4.50°C    4.56°C    4.61°C    4.66°C    4.71°C    4.75°C    4.78°C    4.81°C    4.84°C    4.87°C    4.90°C    4.93°C    4.96°C    4.99°C    5.01°C    5.04°C
       u@850    m/s     1.08     1.28     1.44     1.58     1.73     1.88     2.03     2.19     2.36     2.54     2.73     2.92     3.12     3.32     3.53     3.74     3.95     4.17     4.37     4.57     4.77     4.96     5.14     5.32     5.48     5.65     5.81     5.97     6.12     6.26     6.40     6.53     6.66     6.77     6.88     6.97     7.05     7.13     7.21     7.27     7.33     7.38     7.43     7.47     7.51     7.54     7.57     7.60     7.63     7.67     7.70     7.72     7.73     7.75     7.78     7.81
       v@850    m/s     1.09     1.29     1.45     1.59     1.73     1.88     2.03     2.19     2.36     2.53     2.72     2.92     3.12     3.34     3.56     3.77     3.99     4.21     4.43     4.64     4.83     5.02     5.20     5.38     5.55     5.71     5.85     6.00     6.15     6.29     6.41     6.53     6.63     6.73     6.83     6.92     7.01     7.09     7.17     7.23     7.30     7.36     7.41     7.44     7.46     7.47     7.50     7.53     7.56     7.59     7.63     7.65     7.68     7.70     7.72     7.73
       z@850    gpm      3.8      4.7      5.7      6.7      7.8      9.0     10.3     11.6     13.1     14.7     16.4     18.2     20.2     22.3     24.4     26.7     29.1     31.5     33.9     36.2     38.6     40.9     43.2     45.6     47.8     50.1     52.3     54.6     56.9     59.0     61.1     63.0     64.7     66.4     67.9     69.4     70.8     72.1     73.3     74.3     75.1     76.0     76.7     77.4     78.0     78.7     79.3     80.0     80.7     81.3     81.8     82.2     82.5     82.9     83.3     83.8
       z@500    gpm      4.4      5.7      7.0      8.4     10.0     11.6     13.4     15.3     17.4     19.7     22.1     24.6     27.4     30.3     33.2     36.3     39.5     42.8     46.1     49.4     52.8     56.2     59.7     63.2     66.7     70.1     73.5     76.9     80.1     83.2     86.0     88.5     90.9     93.2     95.3     97.5     99.7    101.9    103.9    105.8    107.4    108.9    110.2    111.3    112.2    113.0    113.7    114.3    114.8    115.3    115.8    116.4    116.9    117.5    118.2    119.0

Per-channel metrics overall (physical units, avg over 56 horizons):
    #        var      ACC  RMSE_norm    RMSE_phys     unit
    0        t2m   0.9868     0.1506       3.1824        K  (≈3.18 °C)
    1        10u   0.7145     0.7160       3.9839      m/s
    2        10v   0.5873     0.8556       4.0801      m/s
    3        msl   0.8142     0.5533       7.4890      hPa
    4         tp   0.3905     1.0362       0.0020        m
    5         sp   0.9967     0.0791       7.5404      hPa
    6       tcwv   0.9484     0.3223       5.3625    kg/m²
    7     z_surf   0.9998     0.0000       0.0000      gpm
    8        lsm   1.0000     0.0000       0.0000        -
    9      t@850   0.9712     0.2245       3.4799        K  (≈3.48 °C)
   10      u@850   0.7374     0.7031       5.7961      m/s
   11      v@850   0.5318     0.9207       5.7792      m/s
   12      z@850   0.9085     0.3736      56.9496      gpm
   13      q@850   0.9220     0.3960       0.0016    kg/kg
   14      t@500   0.9692     0.2521       3.2890        K  (≈3.29 °C)
   15      u@500   0.7580     0.6934       8.3397      m/s
   16      v@500   0.5335     0.9384       8.6403      m/s
   17      z@500   0.9696     0.2338      80.5699      gpm
   18      q@500   0.7818     0.6265       0.0007    kg/kg
   19      z@250   0.9815     0.1887     107.1924      gpm
   20      t@250   0.9122     0.3808       3.2979        K  (≈3.30 °C)
   21      u@250   0.7951     0.6433      11.6270      m/s
   22      v@250   0.5633     0.9268      12.4590      m/s
   23      q@250   0.8031     0.6071       0.0000    kg/kg
   24     z@1000   0.8232     0.5270      58.7166      gpm
   25     t@1000   0.9825     0.1836       3.1075        K  (≈3.11 °C)
   26     u@1000   0.7170     0.7152       4.4079      m/s
   27     v@1000   0.5832     0.8624       4.5833      m/s
   28     q@1000   0.9798     0.2035       0.0012    kg/kg
   29   sin_hour   0.2155     0.0000       0.0000        ?
   30   cos_hour   0.2155     0.0000       0.0000        ?
   31    sin_doy   0.0812     0.0000       0.0000        ?
   32    cos_doy   0.2285     0.0000       0.0000        ?

--- Region [50.0,60.0]N x [83.0,98.0]E (2501 nodes) ---
RMSE=0.471409 | base=0.663002 | skill=28.90%
ACC=0.5814 | base=0.3366

  Per-horizon (region):
    +06h: RMSE=0.048243 | base=0.251263 | skill=80.80% | ACC=0.9779 (base 0.8078)
    +12h: RMSE=0.056647 | base=0.377203 | skill=84.98% | ACC=0.9729 (base 0.6451)
    +18h: RMSE=0.060838 | base=0.460143 | skill=86.78% | ACC=0.9702 (base 0.5407)
    +24h: RMSE=0.063679 | base=0.517356 | skill=87.69% | ACC=0.9683 (base 0.4779)
    +30h: RMSE=0.098109 | base=0.560485 | skill=82.50% | ACC=0.9276 (base 0.4330)
    +36h: RMSE=0.114224 | base=0.594986 | skill=80.80% | ACC=0.9112 (base 0.3996)
    +42h: RMSE=0.129076 | base=0.623375 | skill=79.29% | ACC=0.8983 (base 0.3731)
    +48h: RMSE=0.144152 | base=0.646586 | skill=77.71% | ACC=0.8855 (base 0.3491)
    +54h: RMSE=0.161259 | base=0.668853 | skill=75.89% | ACC=0.8719 (base 0.3195)
    +60h: RMSE=0.178634 | base=0.683858 | skill=73.88% | ACC=0.8574 (base 0.2964)
    +66h: RMSE=0.197867 | base=0.695377 | skill=71.55% | ACC=0.8418 (base 0.2839)
    +72h: RMSE=0.217313 | base=0.702140 | skill=69.05% | ACC=0.8250 (base 0.2799)
    +78h: RMSE=0.235218 | base=0.707096 | skill=66.73% | ACC=0.8072 (base 0.2789)
    +84h: RMSE=0.250835 | base=0.709482 | skill=64.65% | ACC=0.7910 (base 0.2810)
    +90h: RMSE=0.266772 | base=0.710787 | skill=62.47% | ACC=0.7736 (base 0.2832)
    +96h: RMSE=0.282917 | base=0.710183 | skill=60.16% | ACC=0.7547 (base 0.2859)
    +102h: RMSE=0.302678 | base=0.706347 | skill=57.15% | ACC=0.7322 (base 0.2948)
    +108h: RMSE=0.323901 | base=0.699409 | skill=53.69% | ACC=0.7093 (base 0.3125)
    +114h: RMSE=0.345914 | base=0.694635 | skill=50.20% | ACC=0.6836 (base 0.3316)
    +120h: RMSE=0.365083 | base=0.690937 | skill=47.16% | ACC=0.6565 (base 0.3424)
    +126h: RMSE=0.381557 | base=0.692337 | skill=44.89% | ACC=0.6326 (base 0.3326)
    +132h: RMSE=0.396301 | base=0.692908 | skill=42.81% | ACC=0.6117 (base 0.3189)
    +138h: RMSE=0.411868 | base=0.690994 | skill=40.39% | ACC=0.5919 (base 0.3103)
    +144h: RMSE=0.428139 | base=0.687156 | skill=37.69% | ACC=0.5761 (base 0.3048)
    +150h: RMSE=0.446197 | base=0.682097 | skill=34.58% | ACC=0.5589 (base 0.2981)
    +156h: RMSE=0.465397 | base=0.671256 | skill=30.67% | ACC=0.5367 (base 0.3030)
    +162h: RMSE=0.481516 | base=0.657541 | skill=26.77% | ACC=0.5149 (base 0.3147)
    +168h: RMSE=0.494280 | base=0.644121 | skill=23.26% | ACC=0.5004 (base 0.3287)
    +174h: RMSE=0.505884 | base=0.638126 | skill=20.72% | ACC=0.4853 (base 0.3345)
    +180h: RMSE=0.516267 | base=0.638114 | skill=19.09% | ACC=0.4742 (base 0.3336)
    +186h: RMSE=0.524036 | base=0.644373 | skill=18.68% | ACC=0.4678 (base 0.3299)
    +192h: RMSE=0.526857 | base=0.649721 | skill=18.91% | ACC=0.4666 (base 0.3264)
    +198h: RMSE=0.526618 | base=0.652601 | skill=19.30% | ACC=0.4633 (base 0.3222)
    +204h: RMSE=0.531116 | base=0.649834 | skill=18.27% | ACC=0.4540 (base 0.3262)
    +210h: RMSE=0.539110 | base=0.644826 | skill=16.39% | ACC=0.4404 (base 0.3351)
    +216h: RMSE=0.545704 | base=0.641761 | skill=14.97% | ACC=0.4293 (base 0.3404)
    +222h: RMSE=0.547533 | base=0.644661 | skill=15.07% | ACC=0.4202 (base 0.3398)
    +228h: RMSE=0.552895 | base=0.651040 | skill=15.08% | ACC=0.4160 (base 0.3329)
    +234h: RMSE=0.564683 | base=0.661963 | skill=14.70% | ACC=0.4105 (base 0.3203)
    +240h: RMSE=0.580764 | base=0.671395 | skill=13.50% | ACC=0.4055 (base 0.3153)
    +246h: RMSE=0.596266 | base=0.681015 | skill=12.44% | ACC=0.4023 (base 0.3089)
    +252h: RMSE=0.606807 | base=0.690167 | skill=12.08% | ACC=0.3956 (base 0.3042)
    +258h: RMSE=0.617523 | base=0.698155 | skill=11.55% | ACC=0.3815 (base 0.3005)
    +264h: RMSE=0.627406 | base=0.703011 | skill=10.75% | ACC=0.3748 (base 0.2972)
    +270h: RMSE=0.634182 | base=0.706980 | skill=10.30% | ACC=0.3778 (base 0.2900)
    +276h: RMSE=0.640016 | base=0.707588 | skill=9.55% | ACC=0.3750 (base 0.2898)
    +282h: RMSE=0.646981 | base=0.706284 | skill=8.40% | ACC=0.3705 (base 0.2949)
    +288h: RMSE=0.648181 | base=0.703027 | skill=7.80% | ACC=0.3705 (base 0.3052)
    +294h: RMSE=0.645209 | base=0.702634 | skill=8.17% | ACC=0.3684 (base 0.3097)
    +300h: RMSE=0.645252 | base=0.704405 | skill=8.40% | ACC=0.3619 (base 0.3080)
    +306h: RMSE=0.648344 | base=0.707758 | skill=8.39% | ACC=0.3547 (base 0.2997)
    +312h: RMSE=0.649329 | base=0.708848 | skill=8.40% | ACC=0.3473 (base 0.2903)
    +318h: RMSE=0.644264 | base=0.708842 | skill=9.11% | ACC=0.3455 (base 0.2821)
    +324h: RMSE=0.641696 | base=0.705357 | skill=9.03% | ACC=0.3483 (base 0.2833)
    +330h: RMSE=0.642503 | base=0.698722 | skill=8.05% | ACC=0.3505 (base 0.2961)
    +336h: RMSE=0.642643 | base=0.692018 | skill=7.13% | ACC=0.3591 (base 0.3062)

  Per-horizon per-channel RMSE — REGION (2501 nodes):
           var   unit      +6h     +12h     +18h     +24h     +30h     +36h     +42h     +48h     +54h     +60h     +66h     +72h     +78h     +84h     +90h     +96h    +102h    +108h    +114h    +120h    +126h    +132h    +138h    +144h    +150h    +156h    +162h    +168h    +174h    +180h    +186h    +192h    +198h    +204h    +210h    +216h    +222h    +228h    +234h    +240h    +246h    +252h    +258h    +264h    +270h    +276h    +282h    +288h    +294h    +300h    +306h    +312h    +318h    +324h    +330h    +336h
           t2m      K    0.79°C    0.96°C    1.02°C    1.06°C    1.46°C    1.66°C    1.80°C    1.94°C    2.10°C    2.24°C    2.39°C    2.56°C    2.75°C    2.93°C    3.10°C    3.27°C    3.47°C    3.70°C    3.97°C    4.24°C    4.56°C    4.88°C    5.14°C    5.39°C    5.60°C    5.78°C    6.01°C    6.25°C    6.34°C    6.49°C    6.68°C    6.72°C    6.68°C    6.81°C    7.06°C    7.35°C    7.65°C    7.97°C    8.15°C    8.28°C    8.39°C    8.53°C    8.72°C    8.94°C    9.18°C    9.32°C    9.45°C    9.62°C    9.74°C    9.83°C    9.97°C   10.09°C   10.13°C   10.16°C   10.14°C   10.10°C
           10u    m/s     0.34     0.40     0.44     0.45     0.57     0.63     0.69     0.75     0.81     0.88     0.94     1.01     1.06     1.10     1.15     1.21     1.28     1.38     1.49     1.57     1.63     1.68     1.73     1.80     1.91     1.99     2.05     2.06     2.09     2.11     2.10     2.09     2.10     2.13     2.20     2.30     2.38     2.42     2.43     2.42     2.40     2.43     2.48     2.48     2.46     2.45     2.45     2.40     2.36     2.41     2.51     2.54     2.53     2.54     2.53     2.53
           10v    m/s     0.33     0.40     0.44     0.46     0.56     0.61     0.65     0.69     0.74     0.78     0.83     0.88     0.94     0.99     1.04     1.09     1.15     1.20     1.27     1.34     1.41     1.48     1.57     1.64     1.70     1.78     1.82     1.80     1.77     1.76     1.74     1.76     1.80     1.87     1.93     1.96     1.98     2.00     2.02     2.04     2.03     2.02     2.03     2.05     2.03     2.01     2.03     2.08     2.11     2.14     2.17     2.16     2.14     2.15     2.15     2.15
           msl    hPa     0.46     0.58     0.66     0.72     1.03     1.26     1.50     1.76     2.03     2.31     2.60     2.90     3.20     3.48     3.77     4.07     4.39     4.78     5.13     5.45     5.75     6.05     6.38     6.67     6.92     7.22     7.49     7.79     8.10     8.45     8.82     9.03     9.16     9.30     9.53     9.78     9.85     9.76     9.69     9.74     9.98    10.25    10.42    10.64    10.97    11.19    11.29    11.40    11.68    12.00    12.18    12.15    11.99    11.88    11.82    11.81
         t@850      K    0.45°C    0.57°C    0.65°C    0.69°C    0.92°C    1.05°C    1.15°C    1.23°C    1.33°C    1.44°C    1.57°C    1.72°C    1.87°C    2.00°C    2.13°C    2.26°C    2.41°C    2.60°C    2.78°C    2.97°C    3.12°C    3.34°C    3.58°C    3.78°C    4.00°C    4.19°C    4.35°C    4.48°C    4.57°C    4.65°C    4.64°C    4.48°C    4.38°C    4.44°C    4.63°C    4.89°C    5.17°C    5.40°C    5.53°C    5.59°C    5.65°C    5.79°C    5.98°C    6.19°C    6.35°C    6.45°C    6.52°C    6.60°C    6.69°C    6.72°C    6.72°C    6.70°C    6.66°C    6.67°C    6.69°C    6.67°C
         u@850    m/s     0.71     0.85     0.93     0.98     1.41     1.61     1.81     2.00     2.20     2.40     2.62     2.83     2.99     3.12     3.27     3.46     3.70     4.00     4.28     4.49     4.62     4.78     4.96     5.21     5.48     5.75     6.02     6.16     6.27     6.34     6.31     6.27     6.31     6.49     6.73     6.93     7.06     7.12     7.16     7.13     7.05     7.05     7.10     7.12     7.10     7.07     7.10     7.10     7.05     7.13     7.34     7.44     7.32     7.23     7.12     7.11
         v@850    m/s     0.64     0.76     0.83     0.87     1.29     1.43     1.59     1.74     1.90     2.05     2.23     2.40     2.57     2.72     2.87     3.03     3.22     3.36     3.52     3.66     3.82     3.92     4.03     4.19     4.36     4.58     4.68     4.70     4.74     4.75     4.72     4.69     4.69     4.80     4.93     4.96     4.95     5.02     5.28     5.48     5.50     5.50     5.68     5.80     5.75     5.69     5.75     5.83     5.81     5.92     6.06     5.96     5.85     5.97     6.05     6.05
         z@850    gpm      1.6      2.4      2.9      3.3      6.0      7.7      9.6     11.5     13.5     15.5     17.4     19.4     21.3     23.0     24.9     26.9     28.9     31.2     33.5     35.5     37.3     39.3     41.4     43.1     44.5     46.7     49.1     51.6     54.3     57.0     59.3     60.6     61.4     62.4     63.9     65.3     65.5     64.9     64.5     64.7     66.1     67.6     68.1     68.9     70.5     72.1     73.0     73.6     74.9     76.6     77.7     77.3     75.4     74.0     73.0     72.9
         z@500    gpm      2.7      3.7      4.3      4.9      7.7     10.2     12.9     15.7     18.9     22.1     25.4     28.7     31.3     33.6     35.9     38.5     41.3     44.8     49.0     52.8     56.4     60.7     65.4     69.7     73.6     77.8     82.7     87.3     91.7     94.9     96.5     96.4     96.3     96.9     98.8    102.6    106.6    109.7    112.1    113.0    113.4    114.4    115.4    116.8    119.1    122.4    125.2    126.6    127.2    127.9    128.1    127.5    125.8    124.0    122.0    120.2

  Per-channel region (physical units, avg over 56 horizons):
      #        var      ACC  RMSE_norm    RMSE_phys     unit
      0        t2m   0.6996     0.3132       6.6183        K  (≈6.62 °C)
      1        10u   0.5663     0.3434       1.9107      m/s
      2        10v   0.5517     0.3432       1.6368      m/s
      3        msl   0.6912     0.5974       8.0857      hPa
      4         tp   0.2425     0.0776       0.0002        m
      5         sp   0.9989     0.0751       7.1621      hPa
      6       tcwv   0.6525     0.1183       1.9681    kg/m²
      7     z_surf   1.0000     0.0000       0.0000      gpm
      8        lsm   1.0000     0.0000       0.0000        -
      9      t@850   0.6534     0.2902       4.4993        K  (≈4.50 °C)
     10      u@850   0.7090     0.6759       5.5715      m/s
     11      v@850   0.5280     0.7030       4.4129      m/s
     12      z@850   0.8640     0.3445      52.5199      gpm
     13      q@850   0.5029     0.1408       0.0006    kg/kg
     14      t@500   0.5704     0.3026       3.9480        K  (≈3.95 °C)
     15      u@500   0.4233     0.7731       9.2984      m/s
     16      v@500   0.4411     1.0051       9.2544      m/s
     17      z@500   0.8084     0.2519      86.7964      gpm
     18      q@500   0.3170     0.1618       0.0002    kg/kg
     19      z@250   0.7708     0.2127     120.8111      gpm
     20      t@250   0.3705     0.3891       3.3703        K  (≈3.37 °C)
     21      u@250   0.4233     0.7191      12.9978      m/s
     22      v@250   0.4140     1.0036      13.4922      m/s
     23      q@250   0.2345     0.0652       0.0000    kg/kg
     24     z@1000   0.7359     0.5262      58.6234      gpm
     25     t@1000   0.7834     0.3382       5.7252        K  (≈5.73 °C)
     26     u@1000   0.5635     0.3054       1.8824      m/s
     27     v@1000   0.5597     0.3175       1.6874      m/s
     28     q@1000   0.6210     0.1012       0.0006    kg/kg
     29   sin_hour   0.0155     0.0000       0.0000        ?
     30   cos_hour   0.0155     0.0000       0.0000        ?
     31    sin_doy   0.0021     0.0000       0.0000        ?
     32    cos_doy   0.0094     0.0000       0.0000        ?
============================================================
