[predict] data_dir=/data/datasets/wb2_512x256_33f_v3 (chunked=True, pred_steps=14)
[ChunkDataset] склеиваем data.npy (19ch) + data_extra.npy (14ch) → 33ch
[ChunkDataset] train: 13977 samples, grid=512×256, feat=33, obs=2, pred=14
[ChunkDataset] склеиваем data.npy (19ch) + data_extra.npy (14ch) → 33ch
[ChunkDataset] val: 1747 samples, grid=512×256, feat=33, obs=2, pred=14
[ChunkDataset] склеиваем data.npy (19ch) + data_extra.npy (14ch) → 33ch
[ChunkDataset] test_only: 1748 samples, grid=512×256, feat=33, obs=2, pred=14
[ChunkDataset] шаг по времени 4 сроков = 24 ч (вход и цель на одной сетке)
[graph] уровни меша [4, 6], признаки рёбер: legacy
[processor] InteractionNet: 12 шагов, агрегация 'mean'
Encoder summary: 
+---------------------------+----------------------------+----------------+----------+
| Layer                     | Input Shape                | Output Shape   | #Param   |
|---------------------------+----------------------------+----------------+----------|
| Model                     | [172034, 72], [2, 205302]  | [172034, 256]  | 348,162  |
| ├─(mlp)MLP                |                            | [172034, 256]  | 150,786  |
| │    └─(MLP)ModuleList    | --                         | --             | 150,786  |
| │    │    └─(0)Linear     | [172034, 72]               | [172034, 256]  | 18,688   |
| │    │    └─(1)PReLU      | [172034, 256]              | [172034, 256]  | 1        |
| │    │    └─(2)Linear     | [172034, 256]              | [172034, 256]  | 65,792   |
| │    │    └─(3)PReLU      | [172034, 256]              | [172034, 256]  | 1        |
| │    │    └─(4)Linear     | [172034, 256]              | [172034, 256]  | 65,792   |
| │    │    └─(5)LayerNorm  | [172034, 256]              | [172034, 256]  | 512      |
| ├─(graph_layer)GraphLayer |                            | [172034, 256]  | 197,376  |
| │    └─(activation)SiLU   | [172034, 256]              | [172034, 256]  | --       |
| │    └─(layers)ModuleList | --                         | --             | 197,376  |
| │    │    └─(0)GCNConv    | [172034, 256], [2, 205302] | [172034, 256]  | 65,792   |
| │    │    └─(1)SiLU       | [172034, 256]              | [172034, 256]  | --       |
| │    │    └─(2)GCNConv    | [172034, 256], [2, 205302] | [172034, 256]  | 65,792   |
| │    │    └─(3)SiLU       | --                         | --             | --       |
| │    │    └─(4)GCNConv    | [172034, 256], [2, 205302] | [172034, 256]  | 65,792   |
+---------------------------+----------------------------+----------------+----------+

Processor summary: 
  (summary skipped: Expected all tensors to be on the same device, but found at least two devices, cuda:0 and cpu! (when checking argument for argument mat1 in method wrapper_CUDA_addmm))

Decoder summary: 
+---------------------------+----------------------------+----------------+----------+
| Layer                     | Input Shape                | Output Shape   | #Param   |
|---------------------------+----------------------------+----------------+----------|
| Model                     | [172034, 256], [2, 393216] | [172034, 33]   | 152,483  |
| ├─(mlp)MLP                |                            | [172034, 128]  | 115,202  |
| │    └─(MLP)ModuleList    | --                         | --             | 115,202  |
| │    │    └─(0)Linear     | [172034, 256]              | [172034, 256]  | 65,792   |
| │    │    └─(1)PReLU      | [172034, 256]              | [172034, 256]  | 1        |
| │    │    └─(2)Linear     | [172034, 256]              | [172034, 128]  | 32,896   |
| │    │    └─(3)PReLU      | [172034, 128]              | [172034, 128]  | 1        |
| │    │    └─(4)Linear     | [172034, 128]              | [172034, 128]  | 16,512   |
| ├─(graph_layer)GraphLayer |                            | [172034, 33]   | 37,281   |
| │    └─(activation)SiLU   | [172034, 128]              | [172034, 128]  | --       |
| │    └─(layers)ModuleList | --                         | --             | 37,281   |
| │    │    └─(0)GCNConv    | [172034, 128], [2, 393216] | [172034, 128]  | 16,512   |
| │    │    └─(1)SiLU       | [172034, 128]              | [172034, 128]  | --       |
| │    │    └─(2)GCNConv    | [172034, 128], [2, 393216] | [172034, 128]  | 16,512   |
| │    │    └─(3)SiLU       | --                         | --             | --       |
| │    │    └─(4)GCNConv    | [172034, 128], [2, 393216] | [172034, 33]   | 4,257    |
+---------------------------+----------------------------+----------------+----------+

[config] pred_window_used=3, но декодировщик выдаёт 33 каналов при C=33 → модель одношаговая (1). Беру 1.
[predict] шаг модели 24 ч, горизонты будут кратны ему
[AR-rollout] Модель выдаёт 1 шаг(ов), но мы прогоним 14 шагов авторегрессионно.
[static] Каналы [7, 8] — статика, carry-forward при AR
[forcing] Каналы [29, 30, 31, 32] — форсинг (из ground truth при AR)
[predict] device=cuda | grid=512x256 | 200/1748 test samples
[metrics] Исключены из aggregate метрик: каналы [7, 8, 29, 30, 31, 32] (static+forcing)
[metrics] per-sample MSE будут сохранены в /workdir/paper_results/d14_v5ext_samples.npz
[Main] Инференс (200 samples, DA=none)...
  [50/200] RMSE=0.613087 ACC=0.7966
  [100/200] RMSE=0.617966 ACC=0.7976
  [150/200] RMSE=0.611409 ACC=0.8005
  [200/200] RMSE=0.611565 ACC=0.7991
[Save] per-sample metrics → /workdir/paper_results/d14_v5ext_samples.npz (N=200, AR=14, C=33)

============================================================
=== Inference summary (200 samples) ===
Grid: 512x256 (G=131072) | C=33 | AR=14 horizons
Overall: MSE=0.374012 | RMSE=0.611565 | MAE=0.339835
Baseline: RMSE=0.857946 | MAE=0.511130
Skill: 28.72%
ACC: 0.7991 | base: 0.6426 | Δ=+0.1565

Per-horizon:
  +24h: RMSE=0.246215 | base=0.669568 | skill=63.23% | ACC=0.9678 (base 0.7792)
  +48h: RMSE=0.304144 | base=0.788369 | skill=61.42% | ACC=0.9504 (base 0.6958)
  +72h: RMSE=0.365070 | base=0.828253 | skill=55.92% | ACC=0.9281 (base 0.6651)
  +96h: RMSE=0.428446 | base=0.851942 | skill=49.71% | ACC=0.9005 (base 0.6464)
  +120h: RMSE=0.492719 | base=0.860117 | skill=42.71% | ACC=0.8683 (base 0.6402)
  +144h: RMSE=0.554396 | base=0.867633 | skill=36.10% | ACC=0.8337 (base 0.6342)
  +168h: RMSE=0.610072 | base=0.877258 | skill=30.46% | ACC=0.7988 (base 0.6266)
  +192h: RMSE=0.659608 | base=0.886775 | skill=25.62% | ACC=0.7655 (base 0.6189)
  +216h: RMSE=0.697820 | base=0.888101 | skill=21.43% | ACC=0.7381 (base 0.6177)
  +240h: RMSE=0.726369 | base=0.886146 | skill=18.03% | ACC=0.7169 (base 0.6194)
  +264h: RMSE=0.750942 | base=0.887796 | skill=15.42% | ACC=0.6983 (base 0.6185)
  +288h: RMSE=0.768539 | base=0.893038 | skill=13.94% | ACC=0.6842 (base 0.6144)
  +312h: RMSE=0.782338 | base=0.899844 | skill=13.06% | ACC=0.6728 (base 0.6090)
  +336h: RMSE=0.792224 | base=0.897442 | skill=11.72% | ACC=0.6646 (base 0.6112)

Per-horizon per-channel RMSE (physical units):
         var   unit     +24h     +48h     +72h     +96h    +120h    +144h    +168h    +192h    +216h    +240h    +264h    +288h    +312h    +336h
         t2m      K    1.32°C    1.61°C    1.87°C    2.15°C    2.44°C    2.73°C    3.01°C    3.27°C    3.50°C    3.68°C    3.85°C    4.02°C    4.17°C    4.31°C
         10u    m/s     1.47     1.95     2.46     2.95     3.40     3.82     4.19     4.51     4.75     4.94     5.08     5.20     5.28     5.32
         10v    m/s     1.47     1.96     2.48     2.98     3.50     3.98     4.40     4.75     4.99     5.16     5.30     5.40     5.47     5.51
         msl    hPa     1.64     2.40     3.30     4.32     5.38     6.47     7.53     8.54     9.29     9.96    10.55    10.90    11.12    11.37
       t@850      K    1.30°C    1.56°C    1.85°C    2.21°C    2.61°C    3.00°C    3.37°C    3.72°C    4.01°C    4.23°C    4.41°C    4.57°C    4.72°C    4.83°C
       u@850    m/s     2.14     2.77     3.43     4.09     4.73     5.35     5.90     6.39     6.76     7.06     7.30     7.49     7.60     7.69
       v@850    m/s     2.11     2.74     3.42     4.11     4.80     5.45     6.02     6.48     6.83     7.09     7.30     7.43     7.53     7.60
       z@850    gpm     12.3     18.1     25.0     32.7     40.8     49.4     57.7     65.8     72.0     77.3     81.9     84.8     86.8     88.9
       z@500    gpm     15.6     23.3     32.7     43.6     55.6     68.1     79.8     91.1    100.1    107.0    113.0    117.2    121.1    124.5

Per-channel metrics overall (physical units, avg over 14 horizons):
    #        var      ACC  RMSE_norm    RMSE_phys     unit
    0        t2m   0.9873     0.1487       3.1429        K  (≈3.14 °C)
    1        10u   0.7204     0.7453       4.1471      m/s
    2        10v   0.5568     0.9037       4.3096      m/s
    3        msl   0.8583     0.5948       8.0502      hPa
    4         tp   0.3753     0.9774       0.0019        m
    5         sp   0.9965     0.0860       8.2061      hPa
    6       tcwv   0.9474     0.3194       5.3138    kg/m²
    7     z_surf   0.9999     0.0000       0.0000      gpm
    8        lsm   1.0001     0.0000       0.0000        -
    9      t@850   0.9710     0.2270       3.5190        K  (≈3.52 °C)
   10      u@850   0.7432     0.7172       5.9121      m/s
   11      v@850   0.4952     0.9437       5.9235      m/s
   12      z@850   0.9314     0.4090      62.3502      gpm
   13      q@850   0.9214     0.3852       0.0016    kg/kg
   14      t@500   0.9666     0.2604       3.3979        K  (≈3.40 °C)
   15      u@500   0.7510     0.6991       8.4078      m/s
   16      v@500   0.4922     0.9543       8.7866      m/s
   17      z@500   0.9712     0.2505      86.3116      gpm
   18      q@500   0.7914     0.6004       0.0007    kg/kg
   19      z@250   0.9802     0.2058     116.8922      gpm
   20      t@250   0.9338     0.3673       3.1816        K  (≈3.18 °C)
   21      u@250   0.7658     0.6681      12.0758      m/s
   22      v@250   0.5164     0.9547      12.8351      m/s
   23      q@250   0.8082     0.5548       0.0000    kg/kg
   24     z@1000   0.8679     0.5765      64.2285      gpm
   25     t@1000   0.9806     0.1812       3.0684        K  (≈3.07 °C)
   26     u@1000   0.7200     0.7426       4.5766      m/s
   27     v@1000   0.5511     0.9040       4.8045      m/s
   28     q@1000   0.9764     0.2144       0.0013    kg/kg
   29   sin_hour   0.2135     0.0000       0.0000        ?
   30   cos_hour   0.2135     0.0000       0.0000        ?
   31    sin_doy   0.1786     0.0000       0.0000        ?
   32    cos_doy   0.2004     0.0000       0.0000        ?
============================================================
