[predict] data_dir=/data/datasets/wb2_512x256_33f_v3 (chunked=True, pred_steps=12)
[ChunkDataset] склеиваем data.npy (19ch) + data_extra.npy (14ch) → 33ch
[ChunkDataset] train: 14015 samples, grid=512×256, feat=33, obs=2, pred=12
[ChunkDataset] склеиваем data.npy (19ch) + data_extra.npy (14ch) → 33ch
[ChunkDataset] val: 1752 samples, grid=512×256, feat=33, obs=2, pred=12
[ChunkDataset] склеиваем data.npy (19ch) + data_extra.npy (14ch) → 33ch
[ChunkDataset] test_only: 1752 samples, grid=512×256, feat=33, obs=2, pred=12
[graph] уровни меша [4, 6], признаки рёбер: legacy
[processor] InteractionNet: 12 шагов, агрегация 'mean'
Encoder summary: 
+---------------------------+----------------------------+----------------+----------+
| Layer                     | Input Shape                | Output Shape   | #Param   |
|---------------------------+----------------------------+----------------+----------|
| Model                     | [172034, 72], [2, 205302]  | [172034, 256]  | 348,162  |
| ├─(mlp)MLP                |                            | [172034, 256]  | 150,786  |
| │    └─(MLP)ModuleList    | --                         | --             | 150,786  |
| │    │    └─(0)Linear     | [172034, 72]               | [172034, 256]  | 18,688   |
| │    │    └─(1)PReLU      | [172034, 256]              | [172034, 256]  | 1        |
| │    │    └─(2)Linear     | [172034, 256]              | [172034, 256]  | 65,792   |
| │    │    └─(3)PReLU      | [172034, 256]              | [172034, 256]  | 1        |
| │    │    └─(4)Linear     | [172034, 256]              | [172034, 256]  | 65,792   |
| │    │    └─(5)LayerNorm  | [172034, 256]              | [172034, 256]  | 512      |
| ├─(graph_layer)GraphLayer |                            | [172034, 256]  | 197,376  |
| │    └─(activation)SiLU   | [172034, 256]              | [172034, 256]  | --       |
| │    └─(layers)ModuleList | --                         | --             | 197,376  |
| │    │    └─(0)GCNConv    | [172034, 256], [2, 205302] | [172034, 256]  | 65,792   |
| │    │    └─(1)SiLU       | [172034, 256]              | [172034, 256]  | --       |
| │    │    └─(2)GCNConv    | [172034, 256], [2, 205302] | [172034, 256]  | 65,792   |
| │    │    └─(3)SiLU       | --                         | --             | --       |
| │    │    └─(4)GCNConv    | [172034, 256], [2, 205302] | [172034, 256]  | 65,792   |
+---------------------------+----------------------------+----------------+----------+

Processor summary: 
  (summary skipped: Expected all tensors to be on the same device, but found at least two devices, cuda:0 and cpu! (when checking argument for argument mat1 in method wrapper_CUDA_addmm))

Decoder summary: 
+---------------------------+----------------------------+----------------+----------+
| Layer                     | Input Shape                | Output Shape   | #Param   |
|---------------------------+----------------------------+----------------+----------|
| Model                     | [172034, 256], [2, 393216] | [172034, 33]   | 152,483  |
| ├─(mlp)MLP                |                            | [172034, 128]  | 115,202  |
| │    └─(MLP)ModuleList    | --                         | --             | 115,202  |
| │    │    └─(0)Linear     | [172034, 256]              | [172034, 256]  | 65,792   |
| │    │    └─(1)PReLU      | [172034, 256]              | [172034, 256]  | 1        |
| │    │    └─(2)Linear     | [172034, 256]              | [172034, 128]  | 32,896   |
| │    │    └─(3)PReLU      | [172034, 128]              | [172034, 128]  | 1        |
| │    │    └─(4)Linear     | [172034, 128]              | [172034, 128]  | 16,512   |
| ├─(graph_layer)GraphLayer |                            | [172034, 33]   | 37,281   |
| │    └─(activation)SiLU   | [172034, 128]              | [172034, 128]  | --       |
| │    └─(layers)ModuleList | --                         | --             | 37,281   |
| │    │    └─(0)GCNConv    | [172034, 128], [2, 393216] | [172034, 128]  | 16,512   |
| │    │    └─(1)SiLU       | [172034, 128]              | [172034, 128]  | --       |
| │    │    └─(2)GCNConv    | [172034, 128], [2, 393216] | [172034, 128]  | 16,512   |
| │    │    └─(3)SiLU       | --                         | --             | --       |
| │    │    └─(4)GCNConv    | [172034, 128], [2, 393216] | [172034, 33]   | 4,257    |
+---------------------------+----------------------------+----------------+----------+

[config] pred_window_used=8, но декодировщик выдаёт 33 каналов при C=33 → модель одношаговая (1). Беру 1.
[AR-rollout] Модель выдаёт 1 шаг(ов), но мы прогоним 12 шагов авторегрессионно.
[static] Каналы [7, 8] — статика, carry-forward при AR
[forcing] Каналы [29, 30, 31, 32] — форсинг (из ground truth при AR)
[predict] device=cuda | grid=512x256 | 200/1752 test samples
[metrics] Исключены из aggregate метрик: каналы [7, 8, 29, 30, 31, 32] (static+forcing)
[metrics] per-sample MSE будут сохранены в /workdir/paper_results/v3_ar12_samples.npz
[Main] Инференс (200 samples, DA=none)...
  [50/200] RMSE=0.314673 ACC=0.9489
  [100/200] RMSE=0.315236 ACC=0.9494
  [150/200] RMSE=0.313809 ACC=0.9492
  [200/200] RMSE=0.311859 ACC=0.9497
[Save] per-sample metrics → /workdir/paper_results/v3_ar12_samples.npz (N=200, AR=12, C=33)

============================================================
=== Inference summary (200 samples) ===
Grid: 512x256 (G=131072) | C=33 | AR=12 horizons
Overall: MSE=0.097256 | RMSE=0.311859 | MAE=0.161320
Baseline: RMSE=0.722317 | MAE=0.401248
Skill: 56.83%
ACC: 0.9497 | base: 0.7451 | Δ=+0.2046

Per-horizon:
  +06h: RMSE=0.132217 | base=0.365149 | skill=63.79% | ACC=0.9911 (base 0.9338)
  +12h: RMSE=0.174700 | base=0.521058 | skill=66.47% | ACC=0.9844 (base 0.8657)
  +18h: RMSE=0.208548 | base=0.615004 | skill=66.09% | ACC=0.9774 (base 0.8137)
  +24h: RMSE=0.239242 | base=0.675036 | skill=64.56% | ACC=0.9700 (base 0.7762)
  +30h: RMSE=0.261600 | base=0.725239 | skill=63.93% | ACC=0.9641 (base 0.7423)
  +36h: RMSE=0.289548 | base=0.758646 | skill=61.83% | ACC=0.9561 (base 0.7184)
  +42h: RMSE=0.311540 | base=0.781260 | skill=60.12% | ACC=0.9494 (base 0.7020)
  +48h: RMSE=0.339721 | base=0.793999 | skill=57.21% | ACC=0.9400 (base 0.6926)
  +54h: RMSE=0.363393 | base=0.808111 | skill=55.03% | ACC=0.9317 (base 0.6819)
  +60h: RMSE=0.391484 | base=0.816335 | skill=52.04% | ACC=0.9210 (base 0.6756)
  +66h: RMSE=0.415257 | base=0.822722 | skill=49.53% | ACC=0.9114 (base 0.6709)
  +72h: RMSE=0.442553 | base=0.826764 | skill=46.47% | ACC=0.8998 (base 0.6679)

Per-horizon per-channel RMSE (physical units):
         var   unit      +6h     +12h     +18h     +24h     +30h     +36h     +42h     +48h     +54h     +60h     +66h     +72h
         t2m      K    0.85°C    1.05°C    1.12°C    1.24°C    1.35°C    1.48°C    1.56°C    1.69°C    1.78°C    1.91°C    1.99°C    2.11°C
         10u    m/s     0.78     1.00     1.16     1.33     1.49     1.68     1.86     2.07     2.26     2.47     2.66     2.87
         10v    m/s     0.80     1.02     1.18     1.36     1.52     1.71     1.88     2.09     2.28     2.50     2.70     2.92
         msl    hPa     0.72     1.06     1.34     1.64     1.92     2.25     2.55     2.89     3.22     3.59     3.94     4.32
       t@850      K    0.73°C    0.96°C    1.06°C    1.21°C    1.28°C    1.43°C    1.51°C    1.67°C    1.76°C    1.92°C    2.02°C    2.18°C
       u@850    m/s     1.17     1.50     1.73     1.98     2.20     2.48     2.72     3.01     3.27     3.56     3.82     4.10
       v@850    m/s     1.17     1.50     1.72     1.97     2.17     2.43     2.66     2.95     3.21     3.51     3.77     4.07
       z@850    gpm      5.9      8.6     10.2     12.7     14.5     17.4     19.4     22.3     24.5     27.5     30.0     33.1
       z@500    gpm      7.9     11.9     12.9     16.9     18.0     22.6     24.4     29.0     31.6     36.2     39.2     43.8

Per-channel metrics overall (physical units, avg over 12 horizons):
    #        var      ACC  RMSE_norm    RMSE_phys     unit
    0        t2m   0.9969     0.0738       1.5585        K  (≈1.56 °C)
    1        10u   0.9426     0.3444       1.9161      m/s
    2        10v   0.9171     0.4076       1.9435      m/s
    3        msl   0.9844     0.1991       2.6954      hPa
    4         tp   0.6560     0.7772       0.0015        m
    5         sp   0.9995     0.0355       3.3853      hPa
    6       tcwv   0.9863     0.1632       2.7153    kg/m²
    7     z_surf   0.9999     0.0000       0.0000      gpm
    8        lsm   1.0001     0.0000       0.0000        -
    9      t@850   0.9945     0.0994       1.5409        K  (≈1.54 °C)
   10      u@850   0.9457     0.3371       2.7788      m/s
   11      v@850   0.9038     0.4368       2.7420      m/s
   12      z@850   0.9925     0.1355      20.6596      gpm
   13      q@850   0.9674     0.2498       0.0010    kg/kg
   14      t@500   0.9946     0.1118       1.4586        K  (≈1.46 °C)
   15      u@500   0.9504     0.3211       3.8616      m/s
   16      v@500   0.9095     0.4288       3.9479      m/s
   17      z@500   0.9972     0.0781      26.9067      gpm
   18      q@500   0.9096     0.3995       0.0004    kg/kg
   19      z@250   0.9976     0.0908      51.5690      gpm
   20      t@250   0.9817     0.2020       1.7493        K  (≈1.75 °C)
   21      u@250   0.9580     0.2952       5.3360      m/s
   22      v@250   0.9242     0.3974       5.3427      m/s
   23      q@250   0.8950     0.4228       0.0000    kg/kg
   24     z@1000   0.9854     0.1923      21.4296      gpm
   25     t@1000   0.9958     0.0900       1.5231        K  (≈1.52 °C)
   26     u@1000   0.9435     0.3381       2.0839      m/s
   27     v@1000   0.9189     0.3995       2.1231      m/s
   28     q@1000   0.9938     0.1098       0.0006    kg/kg
   29   sin_hour   0.2135     0.0000       0.0000        ?
   30   cos_hour   0.2135     0.0000       0.0000        ?
   31    sin_doy   0.1796     0.0000       0.0000        ?
   32    cos_doy   0.2117     0.0000       0.0000        ?
============================================================
