[clim] датасет 16072 сроков от 2010-01-01, каналов 33
[clim] сроков для оценки 1607, горизонтов 4
[clim] узлов в области: 2501
[clim] подгонка по срокам [0, 12853) — это до 2018-10-19
[clim] подгонка 200/2572
[clim] подгонка 400/2572
[clim] подгонка 600/2572
[clim] подгонка 800/2572
[clim] подгонка 1000/2572
[clim] подгонка 1200/2572
[clim] датасет 16072 сроков от 2010-01-01, каналов 33
[clim] сроков для оценки 1607, горизонтов 4
[clim] узлов в области: 2501
[clim] подгонка по срокам [0, 12853) — это до 2018-10-19
[clim] подгонка 1400/2572
[clim] подгонка 200/2572
[clim] датасет 16072 сроков от 2010-01-01, каналов 33
[clim] сроков для оценки 1607, горизонтов 4
[clim] узлов в области: 2501
[clim] подгонка по срокам [0, 12853) — это до 2018-10-19
[clim] подгонка 200/2572
[clim] подгонка 400/2572
[clim] подгонка 600/2572
[clim] подгонка 800/2572
[clim] подгонка 1000/2572
[clim] подгонка 1200/2572
[clim] подгонка 1400/2572
[clim] подгонка 1600/2572
[clim] подгонка 1800/2572
[clim] подгонка 2000/2572
[clim] подгонка 2200/2572
[clim] подгонка 2400/2572
[clim] коэффициенты найдены по 2572 срокам
[clim] оценка 200/1607
[clim] оценка 400/1607
[clim] оценка 600/1607
[clim] оценка 800/1607
[clim] оценка 1000/1607
[clim] оценка 1200/1607
[clim] оценка 1400/1607
[clim] оценка 1600/1607
[clim] сохранено → /workdir/paper_results/clim_krsk.npz

Климатологический эталон, область, физические единицы:
   канал       +6ч      +12ч      +18ч      +24ч
     t2m      6.25      6.25      6.25      6.24
     msl      9.19      9.18      9.17      9.17
     10u      2.05      2.05      2.05      2.05
     10v      1.74      1.74      1.74      1.74
   t@850      5.42      5.42      5.42      5.42

Успешность модели относительно климатологии (%), область:
   канал       +6ч      +12ч      +18ч      +24ч
     t2m      78.9      75.5      74.5      73.4
     msl      92.5      90.6      88.9      87.5
     10u      71.1      67.3      65.6      64.0
     10v      66.9      62.4      60.7      59.2
   t@850      86.2      83.4      81.7      80.6

Положительное значение — модель лучше климатологии.
Отрицательное — на этом горизонте прогноз уже бесполезен.
