[24.08 07:26:47] === АНСАМБЛЬ ИЗ ГОТОВЫХ МОДЕЛЕЙ ===
[24.08 07:26:47] карта занята: 5434 python -u scripts/predict.py experiments/multires_krsk_33f_noisech03 --data-dir /data/datasets/multires_krsk_33f --split test_only --ar-steps 4 --max-samples 2000 --per-channel --no-save --region 50 60 83 98 --ckpt /data/paper_heavy/krsk_noisech03_last.pth --save-sample-metrics /workdir/paper_results/noisech03_krsk_roi_samples.npz — стоп
[24.08 08:25:21] === АНСАМБЛЬ ИЗ ГОТОВЫХ МОДЕЛЕЙ ===
[prep] /data/paper_heavy/ens_roiw30.pth эпоха 8
[prep] /data/paper_heavy/ens_roiw10.pth эпоха 8
[prep] /data/paper_heavy/ens_drop8.pth эпоха 8
[24.08 08:25:25] нет experiments/multires_krsk_33f_roiw100/checkpoint.pth — участник multires_krsk_33f_roiw100 пропущен
[24.08 08:25:25] нет experiments/multires_krsk_33f_chw/checkpoint.pth — участник multires_krsk_33f_chw пропущен
[24.08 08:25:25] нет experiments/multires_krsk_33f_chwb/checkpoint.pth — участник multires_krsk_33f_chwb пропущен
[24.08 08:25:25] участников найдено: 3 — multires_krsk_33f_roiw30 multires_krsk_33f_roiw10 multires_krsk_33f_drop8
[24.08 08:25:25] START solo_roiw30
[24.08 09:11:45] DONE solo_roiw30 rc=0 | агрегат по области skill=74.85%
           t2m      K    1.23°C    1.43°C    1.47°C    1.53°C
           msl    hPa     0.64     0.79     0.93     1.04
[24.08 09:11:45] ожидалось для roiw30: 74.85 %, t2m 1.23/1.43/1.47/1.53 — если не совпало, дальше не верить
[24.08 09:11:45] START ens2
[24.08 10:05:38] DONE ens2 rc=0 | агрегат по области skill=74.80%
           t2m      K    1.24°C    1.44°C    1.48°C    1.54°C
           msl    hPa     0.65     0.80     0.93     1.04
[24.08 10:05:38] START ens3
[24.08 11:14:45] DONE ens3 rc=0 | агрегат по области skill=74.63%
           t2m      K    1.26°C    1.46°C    1.50°C    1.55°C
           msl    hPa     0.65     0.80     0.94     1.05
[24.08 11:14:45] лучший одиночный результат: roiw30, агрегат 74.85 %, t2m 1.23/1.43/1.47/1.53 °C
[24.08 11:14:45] === ALL DONE ===
