[predict] data_dir=/data/datasets/multires_krsk_33f (chunked=True, pred_steps=20)
[ChunkDataset] склеиваем data.npy (19ch) + data_extra.npy (14ch) → 33ch
[ChunkDataset] train: 12840 samples, flat_nodes=133279, feat=33, obs=2, pred=20
[ChunkDataset] склеиваем data.npy (19ch) + data_extra.npy (14ch) → 33ch
[ChunkDataset] val: 1605 samples, flat_nodes=133279, feat=33, obs=2, pred=20
[ChunkDataset] склеиваем data.npy (19ch) + data_extra.npy (14ch) → 33ch
[ChunkDataset] test_only: 1606 samples, flat_nodes=133279, feat=33, obs=2, pred=20
[graph] уровни меша [4, 6], признаки рёбер: legacy
[processor] InteractionNet: 12 шагов, агрегация 'mean'
Encoder summary: 
+---------------------------+----------------------------+----------------+----------+
| Layer                     | Input Shape                | Output Shape   | #Param   |
|---------------------------+----------------------------+----------------+----------|
| Model                     | [174241, 72], [2, 207099]  | [174241, 256]  | 348,162  |
| ├─(mlp)MLP                |                            | [174241, 256]  | 150,786  |
| │    └─(MLP)ModuleList    | --                         | --             | 150,786  |
| │    │    └─(0)Linear     | [174241, 72]               | [174241, 256]  | 18,688   |
| │    │    └─(1)PReLU      | [174241, 256]              | [174241, 256]  | 1        |
| │    │    └─(2)Linear     | [174241, 256]              | [174241, 256]  | 65,792   |
| │    │    └─(3)PReLU      | [174241, 256]              | [174241, 256]  | 1        |
| │    │    └─(4)Linear     | [174241, 256]              | [174241, 256]  | 65,792   |
| │    │    └─(5)LayerNorm  | [174241, 256]              | [174241, 256]  | 512      |
| ├─(graph_layer)GraphLayer |                            | [174241, 256]  | 197,376  |
| │    └─(activation)SiLU   | [174241, 256]              | [174241, 256]  | --       |
| │    └─(layers)ModuleList | --                         | --             | 197,376  |
| │    │    └─(0)GCNConv    | [174241, 256], [2, 207099] | [174241, 256]  | 65,792   |
| │    │    └─(1)SiLU       | [174241, 256]              | [174241, 256]  | --       |
| │    │    └─(2)GCNConv    | [174241, 256], [2, 207099] | [174241, 256]  | 65,792   |
| │    │    └─(3)SiLU       | --                         | --             | --       |
| │    │    └─(4)GCNConv    | [174241, 256], [2, 207099] | [174241, 256]  | 65,792   |
+---------------------------+----------------------------+----------------+----------+

Processor summary: 
  (summary skipped: Expected all tensors to be on the same device, but found at least two devices, cuda:0 and cpu! (when checking argument for argument mat1 in method wrapper_CUDA_addmm))

Decoder summary: 
+---------------------------+----------------------------+----------------+----------+
| Layer                     | Input Shape                | Output Shape   | #Param   |
|---------------------------+----------------------------+----------------+----------|
| Model                     | [174241, 256], [2, 399837] | [174241, 33]   | 152,483  |
| ├─(mlp)MLP                |                            | [174241, 128]  | 115,202  |
| │    └─(MLP)ModuleList    | --                         | --             | 115,202  |
| │    │    └─(0)Linear     | [174241, 256]              | [174241, 256]  | 65,792   |
| │    │    └─(1)PReLU      | [174241, 256]              | [174241, 256]  | 1        |
| │    │    └─(2)Linear     | [174241, 256]              | [174241, 128]  | 32,896   |
| │    │    └─(3)PReLU      | [174241, 128]              | [174241, 128]  | 1        |
| │    │    └─(4)Linear     | [174241, 128]              | [174241, 128]  | 16,512   |
| ├─(graph_layer)GraphLayer |                            | [174241, 33]   | 37,281   |
| │    └─(activation)SiLU   | [174241, 128]              | [174241, 128]  | --       |
| │    └─(layers)ModuleList | --                         | --             | 37,281   |
| │    │    └─(0)GCNConv    | [174241, 128], [2, 399837] | [174241, 128]  | 16,512   |
| │    │    └─(1)SiLU       | [174241, 128]              | [174241, 128]  | --       |
| │    │    └─(2)GCNConv    | [174241, 128], [2, 399837] | [174241, 128]  | 16,512   |
| │    │    └─(3)SiLU       | --                         | --             | --       |
| │    │    └─(4)GCNConv    | [174241, 128], [2, 399837] | [174241, 33]   | 4,257    |
+---------------------------+----------------------------+----------------+----------+

[AR-rollout] Модель выдаёт 1 шаг(ов), но мы прогоним 20 шагов авторегрессионно.
[static] Каналы [7, 8] — статика, carry-forward при AR
[forcing] Каналы [29, 30, 31, 32] — форсинг (из ground truth при AR)
[predict] device=cuda | grid=0x0 | 500/1606 test samples
[Region] 2501 nodes (--region [50.0,60.0]N x [83.0,98.0]E)
[metrics] Исключены из aggregate метрик: каналы [7, 8, 29, 30, 31, 32] (static+forcing)
[metrics] per-sample MSE будут сохранены в /workdir/paper_results/krsk5d_main_samples.npz
[Main] Инференс (500 samples, DA=none)...
  [50/500] RMSE=0.340122 ACC=0.9398
  [100/500] RMSE=0.327715 ACC=0.9412
  [150/500] RMSE=0.332073 ACC=0.9404
  [200/500] RMSE=0.331541 ACC=0.9409
  [250/500] RMSE=0.332636 ACC=0.9410
  [300/500] RMSE=0.332651 ACC=0.9413
  [350/500] RMSE=0.333706 ACC=0.9415
  [400/500] RMSE=0.333789 ACC=0.9415
  [450/500] RMSE=0.335680 ACC=0.9410
  [500/500] RMSE=0.337510 ACC=0.9403
[Save] per-sample metrics → /workdir/paper_results/krsk5d_main_samples.npz (N=500, AR=20, C=33)

============================================================
=== Inference summary (500 samples) ===
Grid: 0x0 (G=133279) | C=33 | AR=20 horizons
Overall: MSE=0.113913 | RMSE=0.337510 | MAE=0.166161
Baseline: RMSE=0.764486 | MAE=0.433413
Skill: 55.85%
ACC: 0.9403 | base: 0.7038 | Δ=+0.2364

Per-horizon:
  +06h: RMSE=0.124490 | base=0.360278 | skill=65.45% | ACC=0.9922 (base 0.9350)
  +12h: RMSE=0.156912 | base=0.512375 | skill=69.38% | ACC=0.9875 (base 0.8677)
  +18h: RMSE=0.185418 | base=0.604349 | skill=69.32% | ACC=0.9823 (base 0.8152)
  +24h: RMSE=0.204697 | base=0.662609 | skill=69.11% | ACC=0.9783 (base 0.7775)
  +30h: RMSE=0.221238 | base=0.710823 | skill=68.88% | ACC=0.9745 (base 0.7437)
  +36h: RMSE=0.237333 | base=0.743130 | skill=68.06% | ACC=0.9705 (base 0.7199)
  +42h: RMSE=0.253766 | base=0.765574 | skill=66.85% | ACC=0.9662 (base 0.7026)
  +48h: RMSE=0.270549 | base=0.779594 | skill=65.30% | ACC=0.9615 (base 0.6917)
  +54h: RMSE=0.287941 | base=0.795698 | skill=63.81% | ACC=0.9564 (base 0.6789)
  +60h: RMSE=0.305887 | base=0.805789 | skill=62.04% | ACC=0.9508 (base 0.6708)
  +66h: RMSE=0.324426 | base=0.812383 | skill=60.06% | ACC=0.9446 (base 0.6653)
  +72h: RMSE=0.343398 | base=0.815372 | skill=57.88% | ACC=0.9379 (base 0.6629)
  +78h: RMSE=0.362805 | base=0.823792 | skill=55.96% | ACC=0.9307 (base 0.6560)
  +84h: RMSE=0.382589 | base=0.829550 | skill=53.88% | ACC=0.9230 (base 0.6513)
  +90h: RMSE=0.402689 | base=0.833842 | skill=51.71% | ACC=0.9147 (base 0.6477)
  +96h: RMSE=0.422995 | base=0.835420 | skill=49.37% | ACC=0.9060 (base 0.6464)
  +102h: RMSE=0.443495 | base=0.842417 | skill=47.35% | ACC=0.8968 (base 0.6404)
  +108h: RMSE=0.463870 | base=0.847130 | skill=45.24% | ACC=0.8872 (base 0.6364)
  +114h: RMSE=0.484109 | base=0.850338 | skill=43.07% | ACC=0.8773 (base 0.6336)
  +120h: RMSE=0.504016 | base=0.850395 | skill=40.73% | ACC=0.8672 (base 0.6335)

Per-horizon per-channel RMSE (physical units):
         var   unit      +6h     +12h     +18h     +24h     +30h     +36h     +42h     +48h     +54h     +60h     +66h     +72h     +78h     +84h     +90h     +96h    +102h    +108h    +114h    +120h
         t2m      K    0.80°C    0.95°C    1.03°C    1.10°C    1.20°C    1.28°C    1.34°C    1.41°C    1.50°C    1.57°C    1.65°C    1.73°C    1.83°C    1.92°C    2.01°C    2.11°C    2.22°C    2.32°C    2.43°C    2.54°C
         10u    m/s     0.70     0.84     0.95     1.05     1.16     1.27     1.40     1.53     1.66     1.80     1.95     2.09     2.25     2.40     2.56     2.71     2.87     3.02     3.17     3.31
         10v    m/s     0.71     0.85     0.96     1.07     1.18     1.30     1.42     1.55     1.69     1.83     1.98     2.13     2.29     2.45     2.61     2.78     2.94     3.10     3.25     3.41
         msl    hPa     0.59     0.74     0.91     1.06     1.24     1.42     1.62     1.84     2.07     2.31     2.57     2.84     3.12     3.41     3.72     4.04     4.37     4.71     5.06     5.41
       t@850      K    0.64°C    0.76°C    0.85°C    0.92°C    1.00°C    1.07°C    1.14°C    1.22°C    1.31°C    1.40°C    1.50°C    1.61°C    1.71°C    1.83°C    1.95°C    2.07°C    2.20°C    2.32°C    2.46°C    2.59°C
       u@850    m/s     1.07     1.29     1.45     1.60     1.76     1.92     2.09     2.28     2.47     2.67     2.87     3.08     3.30     3.52     3.75     3.98     4.20     4.43     4.64     4.86
       v@850    m/s     1.07     1.28     1.44     1.59     1.74     1.91     2.08     2.26     2.44     2.64     2.85     3.07     3.29     3.51     3.74     3.98     4.21     4.44     4.67     4.89
       z@850    gpm      4.3      5.3      6.5      7.7      9.1     10.5     12.0     13.6     15.4     17.2     19.2     21.2     23.3     25.6     27.9     30.3     32.9     35.5     38.1     40.7
       z@500    gpm      5.8      6.8      8.2      9.7     11.5     13.4     15.4     17.6     20.0     22.5     25.2     28.0     31.0     34.1     37.3     40.6     44.1     47.6     51.2     54.8

Per-channel metrics overall (physical units, avg over 20 horizons):
    #        var      ACC  RMSE_norm    RMSE_phys     unit
    0        t2m   0.9966     0.0815       1.7223        K  (≈1.72 °C)
    1        10u   0.9250     0.3764       2.0947      m/s
    2        10v   0.8932     0.4491       2.1417      m/s
    3        msl   0.9730     0.2242       3.0344      hPa
    4         tp   0.6285     0.8160       0.0016        m
    5         sp   0.9995     0.0331       3.1528      hPa
    6       tcwv   0.9837     0.1840       3.0610    kg/m²
    7     z_surf   0.9998     0.0000       0.0000      gpm
    8        lsm   1.0000     0.0000       0.0000        -
    9      t@850   0.9943     0.1053       1.6331        K  (≈1.63 °C)
   10      u@850   0.9291     0.3742       3.0848      m/s
   11      v@850   0.8760     0.4911       3.0829      m/s
   12      z@850   0.9879     0.1493      22.7637      gpm
   13      q@850   0.9660     0.2650       0.0011    kg/kg
   14      t@500   0.9941     0.1153       1.5043        K  (≈1.50 °C)
   15      u@500   0.9353     0.3557       4.2785      m/s
   16      v@500   0.8862     0.4724       4.3495      m/s
   17      z@500   0.9962     0.0880      30.3398      gpm
   18      q@500   0.9056     0.4256       0.0005    kg/kg
   19      z@250   0.9977     0.0705      40.0134      gpm
   20      t@250   0.9754     0.2216       1.9197        K  (≈1.92 °C)
   21      u@250   0.9510     0.3090       5.5857      m/s
   22      v@250   0.9087     0.4255       5.7198      m/s
   23      q@250   0.8968     0.4519       0.0000    kg/kg
   24     z@1000   0.9754     0.2125      23.6738      gpm
   25     t@1000   0.9958     0.0944       1.5982        K  (≈1.60 °C)
   26     u@1000   0.9271     0.3718       2.2917      m/s
   27     v@1000   0.8951     0.4454       2.3670      m/s
   28     q@1000   0.9943     0.1105       0.0007    kg/kg
   29   sin_hour   0.2155     0.0000       0.0000        ?
   30   cos_hour   0.2155     0.0000       0.0000        ?
   31    sin_doy   0.1458     0.0000       0.0000        ?
   32    cos_doy   0.2208     0.0000       0.0000        ?

--- Region [50.0,60.0]N x [83.0,98.0]E (2501 nodes) ---
RMSE=0.236074 | base=0.648701 | skill=63.61%
ACC=0.8072 | base=0.3832

  Per-horizon (region):
    +06h: RMSE=0.080797 | base=0.264498 | skill=69.45% | ACC=0.9443 (base 0.7933)
    +12h: RMSE=0.095387 | base=0.400644 | skill=76.19% | ACC=0.9262 (base 0.6243)
    +18h: RMSE=0.106004 | base=0.488123 | skill=78.28% | ACC=0.9145 (base 0.5165)
    +24h: RMSE=0.115023 | base=0.542531 | skill=78.80% | ACC=0.9051 (base 0.4551)
    +30h: RMSE=0.125711 | base=0.581367 | skill=78.38% | ACC=0.8939 (base 0.4121)
    +36h: RMSE=0.136393 | base=0.610465 | skill=77.66% | ACC=0.8833 (base 0.3860)
    +42h: RMSE=0.147833 | base=0.636339 | skill=76.77% | ACC=0.8729 (base 0.3659)
    +48h: RMSE=0.160991 | base=0.660313 | skill=75.62% | ACC=0.8610 (base 0.3485)
    +54h: RMSE=0.176201 | base=0.683326 | skill=74.21% | ACC=0.8470 (base 0.3241)
    +60h: RMSE=0.193092 | base=0.696721 | skill=72.29% | ACC=0.8311 (base 0.3124)
    +66h: RMSE=0.210951 | base=0.703313 | skill=70.01% | ACC=0.8141 (base 0.3139)
    +72h: RMSE=0.229760 | base=0.706254 | skill=67.47% | ACC=0.7966 (base 0.3191)
    +78h: RMSE=0.247314 | base=0.711402 | skill=65.24% | ACC=0.7785 (base 0.3139)
    +84h: RMSE=0.264290 | base=0.714773 | skill=63.02% | ACC=0.7608 (base 0.3102)
    +90h: RMSE=0.283176 | base=0.717358 | skill=60.53% | ACC=0.7416 (base 0.3078)
    +96h: RMSE=0.303192 | base=0.719850 | skill=57.88% | ACC=0.7206 (base 0.3065)
    +102h: RMSE=0.324276 | base=0.724055 | skill=55.21% | ACC=0.6989 (base 0.3031)
    +108h: RMSE=0.347025 | base=0.725580 | skill=52.17% | ACC=0.6763 (base 0.3078)
    +114h: RMSE=0.372664 | base=0.726588 | skill=48.71% | ACC=0.6518 (base 0.3179)
    +120h: RMSE=0.398926 | base=0.726187 | skill=45.07% | ACC=0.6267 (base 0.3253)

  Per-horizon per-channel RMSE — REGION (2501 nodes):
           var   unit      +6h     +12h     +18h     +24h     +30h     +36h     +42h     +48h     +54h     +60h     +66h     +72h     +78h     +84h     +90h     +96h    +102h    +108h    +114h    +120h
           t2m      K    1.40°C    1.70°C    1.79°C    1.87°C    2.02°C    2.12°C    2.19°C    2.26°C    2.37°C    2.46°C    2.56°C    2.68°C    2.80°C    2.92°C    3.06°C    3.19°C    3.37°C    3.55°C    3.78°C    3.93°C
           10u    m/s     0.53     0.61     0.65     0.68     0.72     0.76     0.79     0.84     0.91     0.97     1.03     1.09     1.14     1.19     1.25     1.34     1.43     1.52     1.62     1.73
           10v    m/s     0.49     0.58     0.61     0.64     0.68     0.72     0.75     0.78     0.84     0.89     0.94     0.99     1.05     1.10     1.18     1.25     1.31     1.39     1.48     1.57
           msl    hPa     0.73     0.94     1.14     1.28     1.45     1.63     1.81     2.03     2.23     2.48     2.77     3.09     3.41     3.70     3.98     4.33     4.78     5.26     5.74     6.23
         t@850      K    0.78°C    0.96°C    1.08°C    1.16°C    1.24°C    1.31°C    1.38°C    1.46°C    1.56°C    1.67°C    1.79°C    1.91°C    2.02°C    2.11°C    2.22°C    2.34°C    2.48°C    2.64°C    2.81°C    3.01°C
         u@850    m/s     1.18     1.39     1.54     1.65     1.76     1.88     2.03     2.19     2.38     2.59     2.80     2.99     3.13     3.29     3.49     3.70     3.94     4.23     4.52     4.80
         v@850    m/s     1.05     1.21     1.33     1.43     1.53     1.64     1.75     1.88     2.02     2.18     2.35     2.51     2.66     2.82     3.07     3.34     3.56     3.74     3.99     4.25
         z@850    gpm      4.1      5.9      7.5      8.6      9.9     11.3     12.7     14.3     15.7     17.4     19.4     21.4     23.4     25.2     27.2     29.5     32.5     35.8     39.2     42.7
         z@500    gpm      5.8      7.3      9.0     10.5     12.3     14.3     16.5     19.0     21.6     24.3     27.1     29.8     32.2     34.8     37.9     41.5     45.3     49.7     54.4     59.5

  Per-channel region (physical units, avg over 20 horizons):
      #        var      ACC  RMSE_norm    RMSE_phys     unit
      0        t2m   0.8766     0.1274       2.6914        K  (≈2.69 °C)
      1        10u   0.8025     0.1969       1.0958      m/s
      2        10v   0.7693     0.2119       1.0105      m/s
      3        msl   0.9147     0.2489       3.3693      hPa
      4         tp   0.4393     0.0600       0.0001        m
      5         sp   0.9997     0.0363       3.4643      hPa
      6       tcwv   0.8445     0.0653       1.0859    kg/m²
      7     z_surf   1.0000     0.0000       0.0000      gpm
      8        lsm   1.0000     0.0000       0.0000        -
      9      t@850   0.8673     0.1228       1.9043        K  (≈1.90 °C)
     10      u@850   0.8690     0.3604       2.9708      m/s
     11      v@850   0.7789     0.4137       2.5970      m/s
     12      z@850   0.9588     0.1514      23.0749      gpm
     13      q@850   0.7474     0.0841       0.0003    kg/kg
     14      t@500   0.8585     0.1410       1.8403        K  (≈1.84 °C)
     15      u@500   0.7570     0.4033       4.8499      m/s
     16      v@500   0.7617     0.4975       4.5810      m/s
     17      z@500   0.9565     0.0926      31.9127      gpm
     18      q@500   0.6262     0.1173       0.0001    kg/kg
     19      z@250   0.9484     0.0825      46.8271      gpm
     20      t@250   0.7243     0.2714       2.3508        K  (≈2.35 °C)
     21      u@250   0.7923     0.3383       6.1155      m/s
     22      v@250   0.7977     0.4508       6.0607      m/s
     23      q@250   0.4585     0.0591       0.0000    kg/kg
     24     z@1000   0.9246     0.2256      25.1380      gpm
     25     t@1000   0.9071     0.1246       2.1101        K  (≈2.11 °C)
     26     u@1000   0.7945     0.1750       1.0783      m/s
     27     v@1000   0.7860     0.1841       0.9787      m/s
     28     q@1000   0.8346     0.0503       0.0003    kg/kg
     29   sin_hour   0.0155     0.0000       0.0000        ?
     30   cos_hour   0.0155     0.0000       0.0000        ?
     31    sin_doy   0.0048     0.0000       0.0000        ?
     32    cos_doy   0.0076     0.0000       0.0000        ?
============================================================
