[predict] data_dir=/data/datasets/multires_krsk_33f (chunked=True, pred_steps=20)
[ChunkDataset] склеиваем data.npy (19ch) + data_extra.npy (14ch) → 33ch
[ChunkDataset] train: 12840 samples, flat_nodes=133279, feat=33, obs=2, pred=20
[ChunkDataset] склеиваем data.npy (19ch) + data_extra.npy (14ch) → 33ch
[ChunkDataset] val: 1605 samples, flat_nodes=133279, feat=33, obs=2, pred=20
[ChunkDataset] склеиваем data.npy (19ch) + data_extra.npy (14ch) → 33ch
[ChunkDataset] test_only: 1606 samples, flat_nodes=133279, feat=33, obs=2, pred=20
[graph] уровни меша [4, 6], признаки рёбер: legacy
[processor] InteractionNet: 12 шагов, агрегация 'mean'
Encoder summary: 
+---------------------------+----------------------------+----------------+----------+
| Layer                     | Input Shape                | Output Shape   | #Param   |
|---------------------------+----------------------------+----------------+----------|
| Model                     | [174241, 72], [2, 207099]  | [174241, 256]  | 348,162  |
| ├─(mlp)MLP                |                            | [174241, 256]  | 150,786  |
| │    └─(MLP)ModuleList    | --                         | --             | 150,786  |
| │    │    └─(0)Linear     | [174241, 72]               | [174241, 256]  | 18,688   |
| │    │    └─(1)PReLU      | [174241, 256]              | [174241, 256]  | 1        |
| │    │    └─(2)Linear     | [174241, 256]              | [174241, 256]  | 65,792   |
| │    │    └─(3)PReLU      | [174241, 256]              | [174241, 256]  | 1        |
| │    │    └─(4)Linear     | [174241, 256]              | [174241, 256]  | 65,792   |
| │    │    └─(5)LayerNorm  | [174241, 256]              | [174241, 256]  | 512      |
| ├─(graph_layer)GraphLayer |                            | [174241, 256]  | 197,376  |
| │    └─(activation)SiLU   | [174241, 256]              | [174241, 256]  | --       |
| │    └─(layers)ModuleList | --                         | --             | 197,376  |
| │    │    └─(0)GCNConv    | [174241, 256], [2, 207099] | [174241, 256]  | 65,792   |
| │    │    └─(1)SiLU       | [174241, 256]              | [174241, 256]  | --       |
| │    │    └─(2)GCNConv    | [174241, 256], [2, 207099] | [174241, 256]  | 65,792   |
| │    │    └─(3)SiLU       | --                         | --             | --       |
| │    │    └─(4)GCNConv    | [174241, 256], [2, 207099] | [174241, 256]  | 65,792   |
+---------------------------+----------------------------+----------------+----------+

Processor summary: 
  (summary skipped: Expected all tensors to be on the same device, but found at least two devices, cuda:0 and cpu! (when checking argument for argument mat1 in method wrapper_CUDA_addmm))

Decoder summary: 
+---------------------------+----------------------------+----------------+----------+
| Layer                     | Input Shape                | Output Shape   | #Param   |
|---------------------------+----------------------------+----------------+----------|
| Model                     | [174241, 256], [2, 399837] | [174241, 33]   | 152,483  |
| ├─(mlp)MLP                |                            | [174241, 128]  | 115,202  |
| │    └─(MLP)ModuleList    | --                         | --             | 115,202  |
| │    │    └─(0)Linear     | [174241, 256]              | [174241, 256]  | 65,792   |
| │    │    └─(1)PReLU      | [174241, 256]              | [174241, 256]  | 1        |
| │    │    └─(2)Linear     | [174241, 256]              | [174241, 128]  | 32,896   |
| │    │    └─(3)PReLU      | [174241, 128]              | [174241, 128]  | 1        |
| │    │    └─(4)Linear     | [174241, 128]              | [174241, 128]  | 16,512   |
| ├─(graph_layer)GraphLayer |                            | [174241, 33]   | 37,281   |
| │    └─(activation)SiLU   | [174241, 128]              | [174241, 128]  | --       |
| │    └─(layers)ModuleList | --                         | --             | 37,281   |
| │    │    └─(0)GCNConv    | [174241, 128], [2, 399837] | [174241, 128]  | 16,512   |
| │    │    └─(1)SiLU       | [174241, 128]              | [174241, 128]  | --       |
| │    │    └─(2)GCNConv    | [174241, 128], [2, 399837] | [174241, 128]  | 16,512   |
| │    │    └─(3)SiLU       | --                         | --             | --       |
| │    │    └─(4)GCNConv    | [174241, 128], [2, 399837] | [174241, 33]   | 4,257    |
+---------------------------+----------------------------+----------------+----------+

[AR-rollout] Модель выдаёт 1 шаг(ов), но мы прогоним 20 шагов авторегрессионно.
[static] Каналы [7, 8] — статика, carry-forward при AR
[forcing] Каналы [29, 30, 31, 32] — форсинг (из ground truth при AR)
[predict] device=cuda | grid=0x0 | 500/1606 test samples
[Region] 2501 nodes (--region [50.0,60.0]N x [83.0,98.0]E)
[metrics] Исключены из aggregate метрик: каналы [7, 8, 29, 30, 31, 32] (static+forcing)
[metrics] per-sample MSE будут сохранены в /workdir/paper_results/krsk5d_w30_samples.npz
[Main] Инференс (500 samples, DA=none)...
  [50/500] RMSE=0.335972 ACC=0.9408
  [100/500] RMSE=0.323284 ACC=0.9423
  [150/500] RMSE=0.326027 ACC=0.9422
  [200/500] RMSE=0.325485 ACC=0.9426
  [250/500] RMSE=0.326137 ACC=0.9429
  [300/500] RMSE=0.326642 ACC=0.9430
  [350/500] RMSE=0.327871 ACC=0.9431
  [400/500] RMSE=0.327588 ACC=0.9433
  [450/500] RMSE=0.329372 ACC=0.9428
  [500/500] RMSE=0.330725 ACC=0.9423
[Save] per-sample metrics → /workdir/paper_results/krsk5d_w30_samples.npz (N=500, AR=20, C=33)

============================================================
=== Inference summary (500 samples) ===
Grid: 0x0 (G=133279) | C=33 | AR=20 horizons
Overall: MSE=0.109379 | RMSE=0.330725 | MAE=0.161407
Baseline: RMSE=0.764486 | MAE=0.433413
Skill: 56.74%
ACC: 0.9423 | base: 0.7038 | Δ=+0.2384

Per-horizon:
  +06h: RMSE=0.124757 | base=0.360278 | skill=65.37% | ACC=0.9921 (base 0.9350)
  +12h: RMSE=0.157063 | base=0.512375 | skill=69.35% | ACC=0.9875 (base 0.8677)
  +18h: RMSE=0.185532 | base=0.604349 | skill=69.30% | ACC=0.9823 (base 0.8152)
  +24h: RMSE=0.204425 | base=0.662609 | skill=69.15% | ACC=0.9783 (base 0.7775)
  +30h: RMSE=0.220153 | base=0.710823 | skill=69.03% | ACC=0.9747 (base 0.7437)
  +36h: RMSE=0.235476 | base=0.743130 | skill=68.31% | ACC=0.9709 (base 0.7199)
  +42h: RMSE=0.251123 | base=0.765574 | skill=67.20% | ACC=0.9668 (base 0.7026)
  +48h: RMSE=0.267118 | base=0.779594 | skill=65.74% | ACC=0.9624 (base 0.6917)
  +54h: RMSE=0.283738 | base=0.795698 | skill=64.34% | ACC=0.9575 (base 0.6789)
  +60h: RMSE=0.300849 | base=0.805789 | skill=62.66% | ACC=0.9522 (base 0.6708)
  +66h: RMSE=0.318543 | base=0.812383 | skill=60.79% | ACC=0.9463 (base 0.6653)
  +72h: RMSE=0.336641 | base=0.815372 | skill=58.71% | ACC=0.9400 (base 0.6629)
  +78h: RMSE=0.355189 | base=0.823792 | skill=56.88% | ACC=0.9332 (base 0.6560)
  +84h: RMSE=0.374109 | base=0.829550 | skill=54.90% | ACC=0.9258 (base 0.6513)
  +90h: RMSE=0.393407 | base=0.833842 | skill=52.82% | ACC=0.9180 (base 0.6477)
  +96h: RMSE=0.413008 | base=0.835420 | skill=50.56% | ACC=0.9097 (base 0.6464)
  +102h: RMSE=0.432819 | base=0.842417 | skill=48.62% | ACC=0.9008 (base 0.6404)
  +108h: RMSE=0.452447 | base=0.847130 | skill=46.59% | ACC=0.8917 (base 0.6364)
  +114h: RMSE=0.471794 | base=0.850338 | skill=44.52% | ACC=0.8823 (base 0.6336)
  +120h: RMSE=0.490809 | base=0.850395 | skill=42.28% | ACC=0.8727 (base 0.6335)

Per-horizon per-channel RMSE (physical units):
         var   unit      +6h     +12h     +18h     +24h     +30h     +36h     +42h     +48h     +54h     +60h     +66h     +72h     +78h     +84h     +90h     +96h    +102h    +108h    +114h    +120h
         t2m      K    0.80°C    0.95°C    1.03°C    1.10°C    1.19°C    1.27°C    1.33°C    1.40°C    1.48°C    1.55°C    1.62°C    1.70°C    1.78°C    1.87°C    1.96°C    2.05°C    2.15°C    2.25°C    2.35°C    2.45°C
         10u    m/s     0.70     0.84     0.95     1.05     1.15     1.26     1.38     1.50     1.63     1.77     1.91     2.05     2.19     2.34     2.49     2.64     2.79     2.94     3.09     3.22
         10v    m/s     0.71     0.85     0.96     1.06     1.17     1.28     1.40     1.53     1.66     1.79     1.94     2.08     2.23     2.38     2.54     2.70     2.86     3.01     3.17     3.31
         msl    hPa     0.58     0.73     0.88     1.02     1.18     1.35     1.53     1.72     1.92     2.14     2.38     2.63     2.89     3.16     3.44     3.74     4.06     4.39     4.71     5.04
       t@850      K    0.63°C    0.76°C    0.85°C    0.92°C    0.99°C    1.06°C    1.13°C    1.21°C    1.29°C    1.38°C    1.47°C    1.57°C    1.67°C    1.78°C    1.90°C    2.01°C    2.14°C    2.26°C    2.39°C    2.52°C
       u@850    m/s     1.08     1.29     1.45     1.59     1.74     1.90     2.06     2.23     2.41     2.60     2.80     3.00     3.21     3.42     3.63     3.85     4.07     4.28     4.49     4.70
       v@850    m/s     1.08     1.28     1.44     1.58     1.73     1.88     2.05     2.22     2.40     2.59     2.79     2.99     3.20     3.42     3.64     3.86     4.09     4.31     4.53     4.73
       z@850    gpm      4.3      5.2      6.4      7.4      8.7      9.9     11.3     12.8     14.3     16.0     17.8     19.6     21.6     23.7     25.8     28.1     30.5     32.9     35.4     37.8
       z@500    gpm      5.4      6.5      8.0      9.4     11.1     12.8     14.7     16.7     18.9     21.2     23.7     26.3     29.1     32.0     35.0     38.2     41.4     44.8     48.2     51.6

Per-channel metrics overall (physical units, avg over 20 horizons):
    #        var      ACC  RMSE_norm    RMSE_phys     unit
    0        t2m   0.9967     0.0796       1.6814        K  (≈1.68 °C)
    1        10u   0.9279     0.3678       2.0464      m/s
    2        10v   0.8974     0.4381       2.0891      m/s
    3        msl   0.9764     0.2087       2.8247      hPa
    4         tp   0.6305     0.8164       0.0016        m
    5         sp   0.9995     0.0314       2.9959      hPa
    6       tcwv   0.9845     0.1796       2.9875    kg/m²
    7     z_surf   0.9998     0.0000       0.0000      gpm
    8        lsm   1.0000     0.0000       0.0000        -
    9      t@850   0.9945     0.1030       1.5965        K  (≈1.60 °C)
   10      u@850   0.9325     0.3638       2.9986      m/s
   11      v@850   0.8803     0.4785       3.0037      m/s
   12      z@850   0.9895     0.1388      21.1505      gpm
   13      q@850   0.9670     0.2615       0.0011    kg/kg
   14      t@500   0.9944     0.1109       1.4474        K  (≈1.45 °C)
   15      u@500   0.9381     0.3471       4.1747      m/s
   16      v@500   0.8900     0.4614       4.2487      m/s
   17      z@500   0.9966     0.0829      28.5656      gpm
   18      q@500   0.9094     0.4154       0.0005    kg/kg
   19      z@250   0.9980     0.0658      37.3459      gpm
   20      t@250   0.9756     0.2117       1.8333        K  (≈1.83 °C)
   21      u@250   0.9532     0.3012       5.4444      m/s
   22      v@250   0.9120     0.4149       5.5772      m/s
   23      q@250   0.8992     0.4471       0.0000    kg/kg
   24     z@1000   0.9783     0.1988      22.1458      gpm
   25     t@1000   0.9959     0.0922       1.5615        K  (≈1.56 °C)
   26     u@1000   0.9300     0.3632       2.2382      m/s
   27     v@1000   0.8992     0.4339       2.3063      m/s
   28     q@1000   0.9945     0.1082       0.0006    kg/kg
   29   sin_hour   0.2155     0.0000       0.0000        ?
   30   cos_hour   0.2155     0.0000       0.0000        ?
   31    sin_doy   0.1458     0.0000       0.0000        ?
   32    cos_doy   0.2208     0.0000       0.0000        ?

--- Region [50.0,60.0]N x [83.0,98.0]E (2501 nodes) ---
RMSE=0.230331 | base=0.648701 | skill=64.49%
ACC=0.8212 | base=0.3832

  Per-horizon (region):
    +06h: RMSE=0.076020 | base=0.264498 | skill=71.26% | ACC=0.9511 (base 0.7933)
    +12h: RMSE=0.088984 | base=0.400644 | skill=77.79% | ACC=0.9366 (base 0.6243)
    +18h: RMSE=0.098610 | base=0.488123 | skill=79.80% | ACC=0.9271 (base 0.5165)
    +24h: RMSE=0.107337 | base=0.542531 | skill=80.22% | ACC=0.9189 (base 0.4551)
    +30h: RMSE=0.117707 | base=0.581367 | skill=79.75% | ACC=0.9089 (base 0.4121)
    +36h: RMSE=0.128352 | base=0.610465 | skill=78.97% | ACC=0.8991 (base 0.3860)
    +42h: RMSE=0.139909 | base=0.636339 | skill=78.01% | ACC=0.8890 (base 0.3659)
    +48h: RMSE=0.153284 | base=0.660313 | skill=76.79% | ACC=0.8771 (base 0.3485)
    +54h: RMSE=0.168723 | base=0.683326 | skill=75.31% | ACC=0.8634 (base 0.3241)
    +60h: RMSE=0.186367 | base=0.696721 | skill=73.25% | ACC=0.8468 (base 0.3124)
    +66h: RMSE=0.204922 | base=0.703313 | skill=70.86% | ACC=0.8291 (base 0.3139)
    +72h: RMSE=0.224516 | base=0.706254 | skill=68.21% | ACC=0.8114 (base 0.3191)
    +78h: RMSE=0.243217 | base=0.711402 | skill=65.81% | ACC=0.7936 (base 0.3139)
    +84h: RMSE=0.260709 | base=0.714773 | skill=63.53% | ACC=0.7754 (base 0.3102)
    +90h: RMSE=0.279290 | base=0.717358 | skill=61.07% | ACC=0.7561 (base 0.3078)
    +96h: RMSE=0.298063 | base=0.719850 | skill=58.59% | ACC=0.7358 (base 0.3065)
    +102h: RMSE=0.318852 | base=0.724055 | skill=55.96% | ACC=0.7129 (base 0.3031)
    +108h: RMSE=0.340448 | base=0.725580 | skill=53.08% | ACC=0.6898 (base 0.3078)
    +114h: RMSE=0.364984 | base=0.726588 | skill=49.77% | ACC=0.6646 (base 0.3179)
    +120h: RMSE=0.390324 | base=0.726187 | skill=46.25% | ACC=0.6371 (base 0.3253)

  Per-horizon per-channel RMSE — REGION (2501 nodes):
           var   unit      +6h     +12h     +18h     +24h     +30h     +36h     +42h     +48h     +54h     +60h     +66h     +72h     +78h     +84h     +90h     +96h    +102h    +108h    +114h    +120h
           t2m      K    1.32°C    1.58°C    1.64°C    1.71°C    1.84°C    1.92°C    1.98°C    2.05°C    2.16°C    2.27°C    2.39°C    2.53°C    2.67°C    2.79°C    2.93°C    3.06°C    3.23°C    3.40°C    3.61°C    3.79°C
           10u    m/s     0.49     0.56     0.60     0.62     0.66     0.70     0.74     0.79     0.86     0.93     1.00     1.06     1.11     1.17     1.24     1.32     1.41     1.51     1.60     1.71
           10v    m/s     0.46     0.53     0.56     0.58     0.63     0.66     0.69     0.73     0.78     0.84     0.89     0.94     1.00     1.07     1.14     1.21     1.28     1.34     1.44     1.53
           msl    hPa     0.67     0.85     1.00     1.14     1.30     1.47     1.66     1.88     2.09     2.36     2.66     2.99     3.33     3.64     3.93     4.24     4.62     5.04     5.49     5.97
         t@850      K    0.72°C    0.89°C    0.99°C    1.06°C    1.14°C    1.20°C    1.28°C    1.36°C    1.45°C    1.56°C    1.68°C    1.80°C    1.92°C    2.03°C    2.15°C    2.26°C    2.39°C    2.54°C    2.72°C    2.95°C
         u@850    m/s     1.11     1.28     1.42     1.52     1.63     1.75     1.90     2.07     2.27     2.47     2.69     2.89     3.06     3.23     3.41     3.61     3.86     4.16     4.44     4.73
         v@850    m/s     0.99     1.14     1.25     1.34     1.45     1.56     1.67     1.80     1.94     2.10     2.26     2.41     2.56     2.74     2.99     3.26     3.48     3.66     3.91     4.17
         z@850    gpm      3.7      5.0      6.3      7.4      8.6      9.9     11.4     13.0     14.6     16.4     18.4     20.5     22.6     24.6     26.6     28.8     31.4     34.3     37.3     40.5
         z@500    gpm      5.0      6.6      8.2      9.8     11.6     13.6     15.8     18.4     21.1     24.0     26.7     29.5     32.0     34.7     37.9     41.1     44.5     48.5     52.9     57.6

  Per-channel region (physical units, avg over 20 horizons):
      #        var      ACC  RMSE_norm    RMSE_phys     unit
      0        t2m   0.8888     0.1203       2.5427        K  (≈2.54 °C)
      1        10u   0.8193     0.1918       1.0670      m/s
      2        10v   0.7961     0.2030       0.9681      m/s
      3        msl   0.9205     0.2394       3.2398      hPa
      4         tp   0.5083     0.0502       0.0001        m
      5         sp   0.9997     0.0333       3.1787      hPa
      6       tcwv   0.8550     0.0631       1.0496    kg/m²
      7     z_surf   1.0000     0.0000       0.0000      gpm
      8        lsm   1.0000     0.0000       0.0000        -
      9      t@850   0.8771     0.1172       1.8174        K  (≈1.82 °C)
     10      u@850   0.8787     0.3499       2.8847      m/s
     11      v@850   0.7877     0.4016       2.5206      m/s
     12      z@850   0.9587     0.1444      22.0061      gpm
     13      q@850   0.7650     0.0817       0.0003    kg/kg
     14      t@500   0.8651     0.1364       1.7802        K  (≈1.78 °C)
     15      u@500   0.7587     0.4046       4.8666      m/s
     16      v@500   0.7638     0.4922       4.5321      m/s
     17      z@500   0.9574     0.0907      31.2635      gpm
     18      q@500   0.6458     0.1153       0.0001    kg/kg
     19      z@250   0.9507     0.0749      42.5193      gpm
     20      t@250   0.7310     0.2528       2.1891        K  (≈2.19 °C)
     21      u@250   0.7987     0.3373       6.0965      m/s
     22      v@250   0.8017     0.4412       5.9311      m/s
     23      q@250   0.5203     0.0517       0.0000    kg/kg
     24     z@1000   0.9295     0.2171      24.1901      gpm
     25     t@1000   0.9206     0.1189       2.0127        K  (≈2.01 °C)
     26     u@1000   0.8144     0.1681       1.0362      m/s
     27     v@1000   0.8101     0.1774       0.9428      m/s
     28     q@1000   0.8499     0.0481       0.0003    kg/kg
     29   sin_hour   0.0155     0.0000       0.0000        ?
     30   cos_hour   0.0155     0.0000       0.0000        ?
     31    sin_doy   0.0048     0.0000       0.0000        ?
     32    cos_doy   0.0076     0.0000       0.0000        ?
============================================================
