[predict] data_dir=/data/datasets/multires_krsk_33f (chunked=True, pred_steps=20)
[ChunkDataset] склеиваем data.npy (19ch) + data_extra.npy (14ch) → 33ch
[ChunkDataset] train: 12840 samples, flat_nodes=133279, feat=33, obs=2, pred=20
[ChunkDataset] склеиваем data.npy (19ch) + data_extra.npy (14ch) → 33ch
[ChunkDataset] val: 1605 samples, flat_nodes=133279, feat=33, obs=2, pred=20
[ChunkDataset] склеиваем data.npy (19ch) + data_extra.npy (14ch) → 33ch
[ChunkDataset] test_only: 1606 samples, flat_nodes=133279, feat=33, obs=2, pred=20
[graph] уровни меша [4, 6], признаки рёбер: legacy
[processor] InteractionNet: 12 шагов, агрегация 'mean'
Encoder summary: 
+---------------------------+----------------------------+----------------+----------+
| Layer                     | Input Shape                | Output Shape   | #Param   |
|---------------------------+----------------------------+----------------+----------|
| Model                     | [174241, 72], [2, 207099]  | [174241, 256]  | 348,162  |
| ├─(mlp)MLP                |                            | [174241, 256]  | 150,786  |
| │    └─(MLP)ModuleList    | --                         | --             | 150,786  |
| │    │    └─(0)Linear     | [174241, 72]               | [174241, 256]  | 18,688   |
| │    │    └─(1)PReLU      | [174241, 256]              | [174241, 256]  | 1        |
| │    │    └─(2)Linear     | [174241, 256]              | [174241, 256]  | 65,792   |
| │    │    └─(3)PReLU      | [174241, 256]              | [174241, 256]  | 1        |
| │    │    └─(4)Linear     | [174241, 256]              | [174241, 256]  | 65,792   |
| │    │    └─(5)LayerNorm  | [174241, 256]              | [174241, 256]  | 512      |
| ├─(graph_layer)GraphLayer |                            | [174241, 256]  | 197,376  |
| │    └─(activation)SiLU   | [174241, 256]              | [174241, 256]  | --       |
| │    └─(layers)ModuleList | --                         | --             | 197,376  |
| │    │    └─(0)GCNConv    | [174241, 256], [2, 207099] | [174241, 256]  | 65,792   |
| │    │    └─(1)SiLU       | [174241, 256]              | [174241, 256]  | --       |
| │    │    └─(2)GCNConv    | [174241, 256], [2, 207099] | [174241, 256]  | 65,792   |
| │    │    └─(3)SiLU       | --                         | --             | --       |
| │    │    └─(4)GCNConv    | [174241, 256], [2, 207099] | [174241, 256]  | 65,792   |
+---------------------------+----------------------------+----------------+----------+

Processor summary: 
  (summary skipped: Expected all tensors to be on the same device, but found at least two devices, cuda:0 and cpu! (when checking argument for argument mat1 in method wrapper_CUDA_addmm))

Decoder summary: 
+---------------------------+----------------------------+----------------+----------+
| Layer                     | Input Shape                | Output Shape   | #Param   |
|---------------------------+----------------------------+----------------+----------|
| Model                     | [174241, 256], [2, 399837] | [174241, 33]   | 152,483  |
| ├─(mlp)MLP                |                            | [174241, 128]  | 115,202  |
| │    └─(MLP)ModuleList    | --                         | --             | 115,202  |
| │    │    └─(0)Linear     | [174241, 256]              | [174241, 256]  | 65,792   |
| │    │    └─(1)PReLU      | [174241, 256]              | [174241, 256]  | 1        |
| │    │    └─(2)Linear     | [174241, 256]              | [174241, 128]  | 32,896   |
| │    │    └─(3)PReLU      | [174241, 128]              | [174241, 128]  | 1        |
| │    │    └─(4)Linear     | [174241, 128]              | [174241, 128]  | 16,512   |
| ├─(graph_layer)GraphLayer |                            | [174241, 33]   | 37,281   |
| │    └─(activation)SiLU   | [174241, 128]              | [174241, 128]  | --       |
| │    └─(layers)ModuleList | --                         | --             | 37,281   |
| │    │    └─(0)GCNConv    | [174241, 128], [2, 399837] | [174241, 128]  | 16,512   |
| │    │    └─(1)SiLU       | [174241, 128]              | [174241, 128]  | --       |
| │    │    └─(2)GCNConv    | [174241, 128], [2, 399837] | [174241, 128]  | 16,512   |
| │    │    └─(3)SiLU       | --                         | --             | --       |
| │    │    └─(4)GCNConv    | [174241, 128], [2, 399837] | [174241, 33]   | 4,257    |
+---------------------------+----------------------------+----------------+----------+

[AR-rollout] Модель выдаёт 1 шаг(ов), но мы прогоним 20 шагов авторегрессионно.
[static] Каналы [7, 8] — статика, carry-forward при AR
[forcing] Каналы [29, 30, 31, 32] — форсинг (из ground truth при AR)
[predict] device=cuda | grid=0x0 | 500/1606 test samples
[Region] 2501 nodes (--region [50.0,60.0]N x [83.0,98.0]E)
[metrics] Исключены из aggregate метрик: каналы [7, 8, 29, 30, 31, 32] (static+forcing)
[metrics] per-sample MSE будут сохранены в /workdir/paper_results/ar12_krsk_roi_samples.npz
[Main] Инференс (500 samples, DA=none)...
  [50/500] RMSE=0.323961 ACC=0.9432
  [100/500] RMSE=0.313188 ACC=0.9441
  [150/500] RMSE=0.316364 ACC=0.9436
  [200/500] RMSE=0.315942 ACC=0.9441
  [250/500] RMSE=0.315743 ACC=0.9446
  [300/500] RMSE=0.316085 ACC=0.9447
  [350/500] RMSE=0.317588 ACC=0.9448
  [400/500] RMSE=0.317025 ACC=0.9451
  [450/500] RMSE=0.318834 ACC=0.9446
  [500/500] RMSE=0.320245 ACC=0.9440
[Save] per-sample metrics → /workdir/paper_results/ar12_krsk_roi_samples.npz (N=500, AR=20, C=33)

============================================================
=== Inference summary (500 samples) ===
Grid: 0x0 (G=133279) | C=33 | AR=20 horizons
Overall: MSE=0.102557 | RMSE=0.320245 | MAE=0.160888
Baseline: RMSE=0.764486 | MAE=0.433413
Skill: 58.11%
ACC: 0.9440 | base: 0.7038 | Δ=+0.2402

Per-horizon:
  +06h: RMSE=0.126680 | base=0.360278 | skill=64.84% | ACC=0.9919 (base 0.9350)
  +12h: RMSE=0.160902 | base=0.512375 | skill=68.60% | ACC=0.9868 (base 0.8677)
  +18h: RMSE=0.189608 | base=0.604349 | skill=68.63% | ACC=0.9815 (base 0.8152)
  +24h: RMSE=0.208915 | base=0.662609 | skill=68.47% | ACC=0.9773 (base 0.7775)
  +30h: RMSE=0.224864 | base=0.710823 | skill=68.37% | ACC=0.9735 (base 0.7437)
  +36h: RMSE=0.239867 | base=0.743130 | skill=67.72% | ACC=0.9696 (base 0.7199)
  +42h: RMSE=0.254646 | base=0.765574 | skill=66.74% | ACC=0.9656 (base 0.7026)
  +48h: RMSE=0.269359 | base=0.779594 | skill=65.45% | ACC=0.9613 (base 0.6917)
  +54h: RMSE=0.284263 | base=0.795698 | skill=64.27% | ACC=0.9568 (base 0.6789)
  +60h: RMSE=0.299362 | base=0.805789 | skill=62.85% | ACC=0.9518 (base 0.6708)
  +66h: RMSE=0.314763 | base=0.812383 | skill=61.25% | ACC=0.9465 (base 0.6653)
  +72h: RMSE=0.330313 | base=0.815372 | skill=59.49% | ACC=0.9408 (base 0.6629)
  +78h: RMSE=0.346027 | base=0.823792 | skill=58.00% | ACC=0.9347 (base 0.6560)
  +84h: RMSE=0.361885 | base=0.829550 | skill=56.38% | ACC=0.9283 (base 0.6513)
  +90h: RMSE=0.377926 | base=0.833842 | skill=54.68% | ACC=0.9215 (base 0.6477)
  +96h: RMSE=0.394098 | base=0.835420 | skill=52.83% | ACC=0.9143 (base 0.6464)
  +102h: RMSE=0.410381 | base=0.842417 | skill=51.29% | ACC=0.9067 (base 0.6404)
  +108h: RMSE=0.426590 | base=0.847130 | skill=49.64% | ACC=0.8988 (base 0.6364)
  +114h: RMSE=0.442671 | base=0.850338 | skill=47.94% | ACC=0.8907 (base 0.6336)
  +120h: RMSE=0.458593 | base=0.850395 | skill=46.07% | ACC=0.8824 (base 0.6335)

Per-horizon per-channel RMSE (physical units):
         var   unit      +6h     +12h     +18h     +24h     +30h     +36h     +42h     +48h     +54h     +60h     +66h     +72h     +78h     +84h     +90h     +96h    +102h    +108h    +114h    +120h
         t2m      K    0.79°C    0.96°C    1.05°C    1.13°C    1.23°C    1.30°C    1.37°C    1.43°C    1.51°C    1.58°C    1.65°C    1.72°C    1.80°C    1.88°C    1.96°C    2.05°C    2.14°C    2.23°C    2.33°C    2.42°C
         10u    m/s     0.72     0.87     0.98     1.09     1.19     1.31     1.42     1.53     1.65     1.78     1.90     2.03     2.15     2.27     2.40     2.52     2.65     2.77     2.89     3.01
         10v    m/s     0.73     0.88     0.99     1.10     1.21     1.33     1.44     1.56     1.68     1.80     1.93     2.06     2.19     2.32     2.45     2.59     2.72     2.85     2.98     3.10
         msl    hPa     0.60     0.77     0.94     1.09     1.26     1.43     1.61     1.81     2.01     2.23     2.46     2.70     2.95     3.20     3.46     3.73     4.01     4.29     4.58     4.87
       t@850      K    0.64°C    0.78°C    0.87°C    0.95°C    1.02°C    1.10°C    1.17°C    1.24°C    1.32°C    1.41°C    1.50°C    1.59°C    1.69°C    1.79°C    1.89°C    2.00°C    2.11°C    2.23°C    2.34°C    2.46°C
       u@850    m/s     1.10     1.33     1.50     1.65     1.81     1.97     2.13     2.29     2.46     2.63     2.81     2.99     3.16     3.34     3.52     3.70     3.88     4.06     4.23     4.40
       v@850    m/s     1.10     1.32     1.49     1.64     1.80     1.95     2.11     2.28     2.45     2.62     2.80     2.98     3.16     3.35     3.54     3.72     3.91     4.09     4.27     4.45
       z@850    gpm      4.2      5.4      6.8      8.0      9.3     10.6     12.0     13.5     15.1     16.7     18.4     20.2     22.1     24.0     25.9     27.9     30.0     32.2     34.4     36.5
       z@500    gpm      5.3      6.9      8.6     10.2     12.0     13.8     15.8     17.8     20.0     22.3     24.8     27.3     29.9     32.6     35.4     38.2     41.2     44.2     47.3     50.3

Per-channel metrics overall (physical units, avg over 20 horizons):
    #        var      ACC  RMSE_norm    RMSE_phys     unit
    0        t2m   0.9967     0.0800       1.6901        K  (≈1.69 °C)
    1        10u   0.9304     0.3560       1.9808      m/s
    2        10v   0.8995     0.4250       2.0268      m/s
    3        msl   0.9763     0.2084       2.8201      hPa
    4         tp   0.6502     0.7737       0.0015        m
    5         sp   0.9995     0.0310       2.9567      hPa
    6       tcwv   0.9857     0.1721       2.8628    kg/m²
    7     z_surf   0.9998     0.0000       0.0000      gpm
    8        lsm   1.0000     0.0000       0.0000        -
    9      t@850   0.9945     0.1030       1.5966        K  (≈1.60 °C)
   10      u@850   0.9344     0.3543       2.9203      m/s
   11      v@850   0.8813     0.4670       2.9316      m/s
   12      z@850   0.9895     0.1384      21.1005      gpm
   13      q@850   0.9690     0.2526       0.0010    kg/kg
   14      t@500   0.9945     0.1093       1.4257        K  (≈1.43 °C)
   15      u@500   0.9400     0.3388       4.0752      m/s
   16      v@500   0.8907     0.4510       4.1528      m/s
   17      z@500   0.9966     0.0834      28.7242      gpm
   18      q@500   0.9153     0.3992       0.0004    kg/kg
   19      z@250   0.9979     0.0655      37.1927      gpm
   20      t@250   0.9761     0.2083       1.8039        K  (≈1.80 °C)
   21      u@250   0.9541     0.2948       5.3286      m/s
   22      v@250   0.9109     0.4080       5.4855      m/s
   23      q@250   0.9041     0.4325       0.0000    kg/kg
   24     z@1000   0.9782     0.1981      22.0741      gpm
   25     t@1000   0.9959     0.0927       1.5686        K  (≈1.57 °C)
   26     u@1000   0.9321     0.3523       2.1711      m/s
   27     v@1000   0.9010     0.4214       2.2399      m/s
   28     q@1000   0.9947     0.1061       0.0006    kg/kg
   29   sin_hour   0.2155     0.0000       0.0000        ?
   30   cos_hour   0.2155     0.0000       0.0000        ?
   31    sin_doy   0.1458     0.0000       0.0000        ?
   32    cos_doy   0.2208     0.0000       0.0000        ?

--- Region [50.0,60.0]N x [83.0,98.0]E (2501 nodes) ---
RMSE=0.231079 | base=0.648701 | skill=64.38%
ACC=0.8185 | base=0.3832

  Per-horizon (region):
    +06h: RMSE=0.078367 | base=0.264498 | skill=70.37% | ACC=0.9488 (base 0.7933)
    +12h: RMSE=0.092892 | base=0.400644 | skill=76.81% | ACC=0.9329 (base 0.6243)
    +18h: RMSE=0.103879 | base=0.488123 | skill=78.72% | ACC=0.9224 (base 0.5165)
    +24h: RMSE=0.113669 | base=0.542531 | skill=79.05% | ACC=0.9134 (base 0.4551)
    +30h: RMSE=0.124615 | base=0.581367 | skill=78.57% | ACC=0.9032 (base 0.4121)
    +36h: RMSE=0.135533 | base=0.610465 | skill=77.80% | ACC=0.8930 (base 0.3860)
    +42h: RMSE=0.147506 | base=0.636339 | skill=76.82% | ACC=0.8823 (base 0.3659)
    +48h: RMSE=0.161438 | base=0.660313 | skill=75.55% | ACC=0.8698 (base 0.3485)
    +54h: RMSE=0.177331 | base=0.683326 | skill=74.05% | ACC=0.8559 (base 0.3241)
    +60h: RMSE=0.194755 | base=0.696721 | skill=72.05% | ACC=0.8397 (base 0.3124)
    +66h: RMSE=0.211712 | base=0.703313 | skill=69.90% | ACC=0.8232 (base 0.3139)
    +72h: RMSE=0.228878 | base=0.706254 | skill=67.59% | ACC=0.8069 (base 0.3191)
    +78h: RMSE=0.245694 | base=0.711402 | skill=65.46% | ACC=0.7907 (base 0.3139)
    +84h: RMSE=0.262288 | base=0.714773 | skill=63.30% | ACC=0.7737 (base 0.3102)
    +90h: RMSE=0.279293 | base=0.717358 | skill=61.07% | ACC=0.7559 (base 0.3078)
    +96h: RMSE=0.297846 | base=0.719850 | skill=58.62% | ACC=0.7365 (base 0.3065)
    +102h: RMSE=0.318364 | base=0.724055 | skill=56.03% | ACC=0.7140 (base 0.3031)
    +108h: RMSE=0.338012 | base=0.725580 | skill=53.41% | ACC=0.6913 (base 0.3078)
    +114h: RMSE=0.357344 | base=0.726588 | skill=50.82% | ACC=0.6697 (base 0.3179)
    +120h: RMSE=0.376818 | base=0.726187 | skill=48.11% | ACC=0.6470 (base 0.3253)

  Per-horizon per-channel RMSE — REGION (2501 nodes):
           var   unit      +6h     +12h     +18h     +24h     +30h     +36h     +42h     +48h     +54h     +60h     +66h     +72h     +78h     +84h     +90h     +96h    +102h    +108h    +114h    +120h
           t2m      K    1.32°C    1.59°C    1.66°C    1.73°C    1.84°C    1.92°C    1.98°C    2.06°C    2.17°C    2.27°C    2.40°C    2.55°C    2.70°C    2.84°C    2.98°C    3.13°C    3.30°C    3.49°C    3.71°C    3.92°C
           10u    m/s     0.50     0.57     0.61     0.64     0.68     0.72     0.76     0.82     0.89     0.96     1.03     1.09     1.15     1.21     1.27     1.35     1.43     1.51     1.58     1.66
           10v    m/s     0.46     0.54     0.57     0.60     0.64     0.67     0.71     0.75     0.80     0.86     0.91     0.96     1.02     1.08     1.14     1.21     1.28     1.34     1.40     1.46
           msl    hPa     0.70     0.92     1.10     1.26     1.44     1.63     1.84     2.08     2.34     2.62     2.94     3.28     3.62     3.94     4.25     4.59     4.95     5.32     5.69     6.05
         t@850      K    0.73°C    0.90°C    1.01°C    1.08°C    1.16°C    1.23°C    1.31°C    1.40°C    1.51°C    1.63°C    1.75°C    1.87°C    1.99°C    2.11°C    2.24°C    2.37°C    2.52°C    2.69°C    2.86°C    3.01°C
         u@850    m/s     1.13     1.31     1.45     1.56     1.68     1.80     1.95     2.13     2.34     2.56     2.77     2.95     3.10     3.25     3.42     3.62     3.87     4.12     4.37     4.62
         v@850    m/s     1.02     1.18     1.29     1.39     1.49     1.60     1.72     1.87     2.03     2.19     2.35     2.50     2.66     2.85     3.07     3.29     3.51     3.66     3.79     3.94
         z@850    gpm      4.0      5.6      7.1      8.5      9.8     11.3     12.9     14.6     16.4     18.3     20.3     22.3     24.4     26.3     28.3     30.5     32.8     35.1     37.3     39.5
         z@500    gpm      5.4      7.5      9.4     11.2     13.3     15.5     18.0     20.8     23.7     26.7     29.4     32.0     34.6     37.2     39.8     42.7     45.8     49.2     52.5     55.8

  Per-channel region (physical units, avg over 20 horizons):
      #        var      ACC  RMSE_norm    RMSE_phys     unit
      0        t2m   0.8872     0.1223       2.5851        K  (≈2.59 °C)
      1        10u   0.8155     0.1944       1.0816      m/s
      2        10v   0.7938     0.2033       0.9694      m/s
      3        msl   0.9159     0.2547       3.4476      hPa
      4         tp   0.5125     0.0483       0.0001        m
      5         sp   0.9997     0.0347       3.3085      hPa
      6       tcwv   0.8525     0.0629       1.0464    kg/m²
      7     z_surf   1.0000     0.0000       0.0000      gpm
      8        lsm   1.0000     0.0000       0.0000        -
      9      t@850   0.8757     0.1219       1.8900        K  (≈1.89 °C)
     10      u@850   0.8809     0.3513       2.8962      m/s
     11      v@850   0.7860     0.4046       2.5399      m/s
     12      z@850   0.9602     0.1507      22.9699      gpm
     13      q@850   0.7526     0.0817       0.0003    kg/kg
     14      t@500   0.8683     0.1358       1.7719        K  (≈1.77 °C)
     15      u@500   0.7529     0.3976       4.7820      m/s
     16      v@500   0.7637     0.4883       4.4964      m/s
     17      z@500   0.9594     0.0941      32.4177      gpm
     18      q@500   0.6425     0.1097       0.0001    kg/kg
     19      z@250   0.9540     0.0767      43.5551      gpm
     20      t@250   0.7117     0.2539       2.1992        K  (≈2.20 °C)
     21      u@250   0.7940     0.3307       5.9771      m/s
     22      v@250   0.7938     0.4432       5.9580      m/s
     23      q@250   0.5134     0.0510       0.0000    kg/kg
     24     z@1000   0.9258     0.2300      25.6300      gpm
     25     t@1000   0.9231     0.1219       2.0635        K  (≈2.06 °C)
     26     u@1000   0.8115     0.1680       1.0357      m/s
     27     v@1000   0.8071     0.1760       0.9355      m/s
     28     q@1000   0.8462     0.0476       0.0003    kg/kg
     29   sin_hour   0.0155     0.0000       0.0000        ?
     30   cos_hour   0.0155     0.0000       0.0000        ?
     31    sin_doy   0.0048     0.0000       0.0000        ?
     32    cos_doy   0.0076     0.0000       0.0000        ?
============================================================
