[predict] data_dir=/data/datasets/multires_krsk_33f (chunked=True, pred_steps=4)
[ChunkDataset] склеиваем data.npy (19ch) + data_extra.npy (14ch) → 33ch
[ChunkDataset] train: 12853 samples, flat_nodes=133279, feat=33, obs=2, pred=4
[ChunkDataset] склеиваем data.npy (19ch) + data_extra.npy (14ch) → 33ch
[ChunkDataset] val: 1607 samples, flat_nodes=133279, feat=33, obs=2, pred=4
[ChunkDataset] склеиваем data.npy (19ch) + data_extra.npy (14ch) → 33ch
[ChunkDataset] test_only: 1607 samples, flat_nodes=133279, feat=33, obs=2, pred=4
[graph] уровни меша [4, 6], признаки рёбер: legacy
[processor] InteractionNet: 12 шагов, агрегация 'mean'
Encoder summary: 
+---------------------------+----------------------------+----------------+----------+
| Layer                     | Input Shape                | Output Shape   | #Param   |
|---------------------------+----------------------------+----------------+----------|
| Model                     | [174241, 72], [2, 207099]  | [174241, 256]  | 348,162  |
| ├─(mlp)MLP                |                            | [174241, 256]  | 150,786  |
| │    └─(MLP)ModuleList    | --                         | --             | 150,786  |
| │    │    └─(0)Linear     | [174241, 72]               | [174241, 256]  | 18,688   |
| │    │    └─(1)PReLU      | [174241, 256]              | [174241, 256]  | 1        |
| │    │    └─(2)Linear     | [174241, 256]              | [174241, 256]  | 65,792   |
| │    │    └─(3)PReLU      | [174241, 256]              | [174241, 256]  | 1        |
| │    │    └─(4)Linear     | [174241, 256]              | [174241, 256]  | 65,792   |
| │    │    └─(5)LayerNorm  | [174241, 256]              | [174241, 256]  | 512      |
| ├─(graph_layer)GraphLayer |                            | [174241, 256]  | 197,376  |
| │    └─(activation)SiLU   | [174241, 256]              | [174241, 256]  | --       |
| │    └─(layers)ModuleList | --                         | --             | 197,376  |
| │    │    └─(0)GCNConv    | [174241, 256], [2, 207099] | [174241, 256]  | 65,792   |
| │    │    └─(1)SiLU       | [174241, 256]              | [174241, 256]  | --       |
| │    │    └─(2)GCNConv    | [174241, 256], [2, 207099] | [174241, 256]  | 65,792   |
| │    │    └─(3)SiLU       | --                         | --             | --       |
| │    │    └─(4)GCNConv    | [174241, 256], [2, 207099] | [174241, 256]  | 65,792   |
+---------------------------+----------------------------+----------------+----------+

Processor summary: 
  (summary skipped: Expected all tensors to be on the same device, but found at least two devices, cuda:0 and cpu! (when checking argument for argument mat1 in method wrapper_CUDA_addmm))

Decoder summary: 
+---------------------------+----------------------------+----------------+----------+
| Layer                     | Input Shape                | Output Shape   | #Param   |
|---------------------------+----------------------------+----------------+----------|
| Model                     | [174241, 256], [2, 399837] | [174241, 33]   | 152,483  |
| ├─(mlp)MLP                |                            | [174241, 128]  | 115,202  |
| │    └─(MLP)ModuleList    | --                         | --             | 115,202  |
| │    │    └─(0)Linear     | [174241, 256]              | [174241, 256]  | 65,792   |
| │    │    └─(1)PReLU      | [174241, 256]              | [174241, 256]  | 1        |
| │    │    └─(2)Linear     | [174241, 256]              | [174241, 128]  | 32,896   |
| │    │    └─(3)PReLU      | [174241, 128]              | [174241, 128]  | 1        |
| │    │    └─(4)Linear     | [174241, 128]              | [174241, 128]  | 16,512   |
| ├─(graph_layer)GraphLayer |                            | [174241, 33]   | 37,281   |
| │    └─(activation)SiLU   | [174241, 128]              | [174241, 128]  | --       |
| │    └─(layers)ModuleList | --                         | --             | 37,281   |
| │    │    └─(0)GCNConv    | [174241, 128], [2, 399837] | [174241, 128]  | 16,512   |
| │    │    └─(1)SiLU       | [174241, 128]              | [174241, 128]  | --       |
| │    │    └─(2)GCNConv    | [174241, 128], [2, 399837] | [174241, 128]  | 16,512   |
| │    │    └─(3)SiLU       | --                         | --             | --       |
| │    │    └─(4)GCNConv    | [174241, 128], [2, 399837] | [174241, 33]   | 4,257    |
+---------------------------+----------------------------+----------------+----------+

[AR-rollout] Модель выдаёт 1 шаг(ов), но мы прогоним 4 шагов авторегрессионно.
[static] Каналы [7, 8] — статика, carry-forward при AR
[forcing] Каналы [29, 30, 31, 32] — форсинг (из ground truth при AR)
[predict] device=cuda | grid=0x0 | 2000/1607 test samples
[Region] 2501 nodes (--region [50.0,60.0]N x [83.0,98.0]E)
[metrics] Исключены из aggregate метрик: каналы [7, 8, 29, 30, 31, 32] (static+forcing)
[metrics] per-sample MSE будут сохранены в /workdir/paper_results/drop8_krsk_roi_best_samples.npz
[Main] Инференс (2000 samples, DA=none)...
  [50/2000] RMSE=0.169501 ACC=0.9853
  [100/2000] RMSE=0.164936 ACC=0.9854
  [150/2000] RMSE=0.168036 ACC=0.9852
  [200/2000] RMSE=0.168610 ACC=0.9851
  [250/2000] RMSE=0.169083 ACC=0.9852
  [300/2000] RMSE=0.169467 ACC=0.9852
  [350/2000] RMSE=0.170074 ACC=0.9852
  [400/2000] RMSE=0.170138 ACC=0.9852
  [450/2000] RMSE=0.170347 ACC=0.9852
  [500/2000] RMSE=0.169973 ACC=0.9852
  [550/2000] RMSE=0.169899 ACC=0.9852
  [600/2000] RMSE=0.170071 ACC=0.9851
  [650/2000] RMSE=0.170110 ACC=0.9851
  [700/2000] RMSE=0.170513 ACC=0.9850
  [750/2000] RMSE=0.171057 ACC=0.9850
  [800/2000] RMSE=0.170922 ACC=0.9850
  [850/2000] RMSE=0.171118 ACC=0.9850
  [900/2000] RMSE=0.171226 ACC=0.9850
  [950/2000] RMSE=0.171302 ACC=0.9850
  [1000/2000] RMSE=0.171270 ACC=0.9850
  [1050/2000] RMSE=0.171515 ACC=0.9850
  [1100/2000] RMSE=0.171644 ACC=0.9850
  [1150/2000] RMSE=0.171689 ACC=0.9850
  [1200/2000] RMSE=0.171510 ACC=0.9850
  [1250/2000] RMSE=0.171208 ACC=0.9851
  [1300/2000] RMSE=0.170944 ACC=0.9851
  [1350/2000] RMSE=0.170615 ACC=0.9851
  [1400/2000] RMSE=0.170544 ACC=0.9852
  [1450/2000] RMSE=0.170336 ACC=0.9852
  [1500/2000] RMSE=0.170125 ACC=0.9852
  [1550/2000] RMSE=0.169854 ACC=0.9852
  [1600/2000] RMSE=0.169607 ACC=0.9852
[Save] per-sample metrics → /workdir/paper_results/drop8_krsk_roi_best_samples.npz (N=1607, AR=4, C=33)

============================================================
=== Inference summary (1607 samples) ===
Grid: 0x0 (G=133279) | C=33 | AR=4 horizons
Overall: MSE=0.028756 | RMSE=0.169575 | MAE=0.081203
Baseline: RMSE=0.548209 | MAE=0.281325
Skill: 69.07%
ACC: 0.9852 | base: 0.8500 | Δ=+0.1352

Per-horizon:
  +06h: RMSE=0.125104 | base=0.363277 | skill=65.56% | ACC=0.9921 (base 0.9343)
  +12h: RMSE=0.156238 | base=0.514900 | skill=69.66% | ACC=0.9876 (base 0.8677)
  +18h: RMSE=0.184137 | base=0.605222 | skill=69.58% | ACC=0.9826 (base 0.8171)
  +24h: RMSE=0.202620 | base=0.662380 | skill=69.41% | ACC=0.9786 (base 0.7808)

Per-horizon per-channel RMSE (physical units):
         var   unit      +6h     +12h     +18h     +24h
         t2m      K    0.80°C    0.93°C    1.00°C    1.06°C
         10u    m/s     0.71     0.85     0.95     1.05
         10v    m/s     0.72     0.85     0.96     1.06
         msl    hPa     0.61     0.75     0.89     1.02
       t@850      K    0.64°C    0.78°C    0.86°C    0.93°C
       u@850    m/s     1.08     1.29     1.44     1.58
       v@850    m/s     1.08     1.28     1.44     1.58
       z@850    gpm      4.3      5.2      6.3      7.3
       z@500    gpm      5.3      6.4      7.8      9.2

Per-channel metrics overall (physical units, avg over 4 horizons):
    #        var      ACC  RMSE_norm    RMSE_phys     unit
    0        t2m   0.9989     0.0450       0.9506        K  (≈0.95 °C)
    1        10u   0.9866     0.1614       0.8980      m/s
    2        10v   0.9815     0.1900       0.9061      m/s
    3        msl   0.9981     0.0613       0.8303      hPa
    4         tp   0.8586     0.5168       0.0010        m
    5         sp   1.0000     0.0101       0.9603      hPa
    6       tcwv   0.9964     0.0841       1.3984    kg/m²
    7     z_surf   0.9998     0.0000       0.0000      gpm
    8        lsm   1.0000     0.0000       0.0000        -
    9      t@850   0.9986     0.0524       0.8118        K  (≈0.81 °C)
   10      u@850   0.9862     0.1652       1.3621      m/s
   11      v@850   0.9763     0.2164       1.3581      m/s
   12      z@850   0.9993     0.0386       5.8835      gpm
   13      q@850   0.9883     0.1523       0.0006    kg/kg
   14      t@500   0.9989     0.0460       0.6002        K  (≈0.60 °C)
   15      u@500   0.9885     0.1504       1.8085      m/s
   16      v@500   0.9801     0.1983       1.8257      m/s
   17      z@500   0.9998     0.0213       7.3317      gpm
   18      q@500   0.9731     0.2325       0.0003    kg/kg
   19      z@250   0.9998     0.0184      10.4563      gpm
   20      t@250   0.9965     0.0846       0.7331        K  (≈0.73 °C)
   21      u@250   0.9911     0.1325       2.3954      m/s
   22      v@250   0.9839     0.1780       2.3925      m/s
   23      q@250   0.9575     0.2934       0.0000    kg/kg
   24     z@1000   0.9984     0.0565       6.2927      gpm
   25     t@1000   0.9987     0.0505       0.8555        K  (≈0.86 °C)
   26     u@1000   0.9868     0.1600       0.9861      m/s
   27     v@1000   0.9818     0.1881       0.9999      m/s
   28     q@1000   0.9977     0.0677       0.0004    kg/kg
   29   sin_hour   0.2155     0.0000       0.0000        ?
   30   cos_hour   0.2155     0.0000       0.0000        ?
   31    sin_doy   0.1761     0.0000       0.0000        ?
   32    cos_doy   0.1927     0.0000       0.0000        ?

--- Region [50.0,60.0]N x [83.0,98.0]E (2501 nodes) ---
RMSE=0.110348 | base=0.421000 | skill=73.79%
ACC=0.9158 | base=0.5746

  Per-horizon (region):
    +06h: RMSE=0.092446 | base=0.268288 | skill=65.54% | ACC=0.9359 (base 0.7685)
    +12h: RMSE=0.106101 | base=0.392209 | skill=72.95% | ACC=0.9190 (base 0.5945)
    +18h: RMSE=0.115555 | base=0.466936 | skill=75.25% | ACC=0.9089 (base 0.4955)
    +24h: RMSE=0.124700 | base=0.514906 | skill=75.78% | ACC=0.8996 (base 0.4398)

  Per-horizon per-channel RMSE — REGION (2501 nodes):
           var   unit      +6h     +12h     +18h     +24h
           t2m      K    1.31°C    1.51°C    1.56°C    1.62°C
           10u    m/s     0.59     0.66     0.70     0.73
           10v    m/s     0.57     0.65     0.68     0.70
           msl    hPa     0.68     0.84     0.98     1.10
         t@850      K    0.74°C    0.89°C    0.97°C    1.03°C
         u@850    m/s     1.23     1.42     1.54     1.64
         v@850    m/s     1.12     1.27     1.37     1.46
         z@850    gpm      4.0      5.1      6.2      7.1
         z@500    gpm      5.1      6.5      7.9      9.2

  Per-channel region (physical units, avg over 4 horizons):
      #        var      ACC  RMSE_norm    RMSE_phys     unit
      0        t2m   0.9383     0.0712       1.5037        K  (≈1.50 °C)
      1        10u   0.8981     0.1209       0.6726      m/s
      2        10v   0.8744     0.1368       0.6523      m/s
      3        msl   0.9738     0.0677       0.9162      hPa
      4         tp   0.5436     0.1038       0.0002        m
      5         sp   0.9999     0.0109       1.0375      hPa
      6       tcwv   0.9534     0.0573       0.9537    kg/m²
      7     z_surf   1.0000     0.0000       0.0000      gpm
      8        lsm   1.0000     0.0000       0.0000        -
      9      t@850   0.9533     0.0588       0.9109        K  (≈0.91 °C)
     10      u@850   0.9402     0.1779       1.4665      m/s
     11      v@850   0.9099     0.2085       1.3085      m/s
     12      z@850   0.9851     0.0375       5.7113      gpm
     13      q@850   0.8711     0.0986       0.0004    kg/kg
     14      t@500   0.9613     0.0443       0.5779        K  (≈0.58 °C)
     15      u@500   0.9406     0.1499       1.8034      m/s
     16      v@500   0.9446     0.1910       1.7586      m/s
     17      z@500   0.9922     0.0213       7.3334      gpm
     18      q@500   0.8802     0.1411       0.0002    kg/kg
     19      z@250   0.9915     0.0190      10.7739      gpm
     20      t@250   0.9178     0.0888       0.7691        K  (≈0.77 °C)
     21      u@250   0.9522     0.1319       2.3839      m/s
     22      v@250   0.9543     0.1741       2.3399      m/s
     23      q@250   0.7643     0.0797       0.0000    kg/kg
     24     z@1000   0.9776     0.0612       6.8155      gpm
     25     t@1000   0.9467     0.0662       1.1203        K  (≈1.12 °C)
     26     u@1000   0.8910     0.1052       0.6484      m/s
     27     v@1000   0.8765     0.1155       0.6139      m/s
     28     q@1000   0.8954     0.0765       0.0005    kg/kg
     29   sin_hour   0.0155     0.0000       0.0000        ?
     30   cos_hour   0.0155     0.0000       0.0000        ?
     31    sin_doy   0.0066     0.0000       0.0000        ?
     32    cos_doy   0.0067     0.0000       0.0000        ?
============================================================
