[15.08 13:16:59] === СБРОС ТЕМПА: основная модель статьи ===
[15.08 13:16:59] подготовка окружения и датасета (1-2 ч)
[15.08 13:30:39] подготовка rc=0
[15.08 13:30:39] собираю региональный датасет
[15.08 13:51:45] сборка rc=0
[15.08 13:51:45] состояние перенесено из multires_krsk_33f
[15.08 13:51:45] START обучения multires_krsk_33f_lrdrop (40 эпох, косинус, возобновление)
[15.08 13:51:58] DONE обучение rc=1
[15.08 13:51:58] START оценки по области интереса
[15.08 14:38:05] DONE оценка rc=0 | skill=74.62%
           t2m      K    1.30°C    1.54°C    1.63°C    1.71°C
           msl    hPa     0.68     0.87     1.04     1.19
[15.08 14:38:05] сравнивать: основная модель t2m 1.32/1.53/1.59/1.66 °C, успешность 73.41 %
[15.08 14:38:05] === ALL DONE ===
[15.08 19:35:28] === СБРОС ТЕМПА: основная модель статьи ===
[15.08 19:35:28] подготовка окружения и датасета (1-2 ч)
[15.08 19:43:08] === СБРОС ТЕМПА: основная модель статьи ===
[15.08 19:43:08] подготовка окружения и датасета (1-2 ч)
[15.08 19:49:50] подготовка rc=0
[15.08 19:49:50] собираю региональный датасет
[15.08 20:11:16] сборка rc=0
[15.08 20:11:16] START обучения multires_krsk_33f_lrdrop (40 эпох, косинус, возобновление)
[16.08 14:31:13] DONE обучение rc=0
[16.08 14:31:13] START оценки по области интереса
[16.08 15:02:21] DONE оценка rc=0 | skill=74.62%
           t2m      K    1.30°C    1.54°C    1.63°C    1.71°C
           msl    hPa     0.68     0.87     1.04     1.19
[16.08 15:02:21] сравнивать: основная модель t2m 1.32/1.53/1.59/1.66 °C, успешность 73.41 %
[16.08 15:02:21] === ALL DONE ===
[16.08 15:24:02] === СБРОС ТЕМПА: основная модель статьи ===
[16.08 15:24:02] START обучения multires_krsk_33f_lrdrop (40 эпох, косинус, возобновление)
[16.08 18:01:15] DONE обучение rc=0
[prep] последняя эпоха 37
[16.08 18:01:16] START оценки по области интереса --ckpt /data/paper_heavy/krsk_lrdrop_last.pth
[16.08 18:33:01] DONE оценка rc=0 | skill=75.64%
           t2m      K    1.31°C    1.52°C    1.57°C    1.63°C
           msl    hPa     0.68     0.85     0.99     1.11
[16.08 18:33:01] сравнивать: основная модель t2m 1.32/1.53/1.59/1.66 °C, успешность 73.41 %
[16.08 18:33:01] === ALL DONE ===
