[predict] data_dir=/data/datasets/multires_krsk_33f (chunked=True, pred_steps=4)
[ChunkDataset] склеиваем data.npy (19ch) + data_extra.npy (14ch) → 33ch
[ChunkDataset] train: 12853 samples, flat_nodes=133279, feat=33, obs=2, pred=4
[ChunkDataset] склеиваем data.npy (19ch) + data_extra.npy (14ch) → 33ch
[ChunkDataset] val: 1607 samples, flat_nodes=133279, feat=33, obs=2, pred=4
[ChunkDataset] склеиваем data.npy (19ch) + data_extra.npy (14ch) → 33ch
[ChunkDataset] test_only: 1607 samples, flat_nodes=133279, feat=33, obs=2, pred=4
[graph] уровни меша [4, 6], признаки рёбер: legacy
[processor] InteractionNet: 12 шагов, агрегация 'mean'
Encoder summary: 
+---------------------------+----------------------------+----------------+----------+
| Layer                     | Input Shape                | Output Shape   | #Param   |
|---------------------------+----------------------------+----------------+----------|
| Model                     | [174241, 72], [2, 207099]  | [174241, 256]  | 348,162  |
| ├─(mlp)MLP                |                            | [174241, 256]  | 150,786  |
| │    └─(MLP)ModuleList    | --                         | --             | 150,786  |
| │    │    └─(0)Linear     | [174241, 72]               | [174241, 256]  | 18,688   |
| │    │    └─(1)PReLU      | [174241, 256]              | [174241, 256]  | 1        |
| │    │    └─(2)Linear     | [174241, 256]              | [174241, 256]  | 65,792   |
| │    │    └─(3)PReLU      | [174241, 256]              | [174241, 256]  | 1        |
| │    │    └─(4)Linear     | [174241, 256]              | [174241, 256]  | 65,792   |
| │    │    └─(5)LayerNorm  | [174241, 256]              | [174241, 256]  | 512      |
| ├─(graph_layer)GraphLayer |                            | [174241, 256]  | 197,376  |
| │    └─(activation)SiLU   | [174241, 256]              | [174241, 256]  | --       |
| │    └─(layers)ModuleList | --                         | --             | 197,376  |
| │    │    └─(0)GCNConv    | [174241, 256], [2, 207099] | [174241, 256]  | 65,792   |
| │    │    └─(1)SiLU       | [174241, 256]              | [174241, 256]  | --       |
| │    │    └─(2)GCNConv    | [174241, 256], [2, 207099] | [174241, 256]  | 65,792   |
| │    │    └─(3)SiLU       | --                         | --             | --       |
| │    │    └─(4)GCNConv    | [174241, 256], [2, 207099] | [174241, 256]  | 65,792   |
+---------------------------+----------------------------+----------------+----------+

Processor summary: 
  (summary skipped: Expected all tensors to be on the same device, but found at least two devices, cuda:0 and cpu! (when checking argument for argument mat1 in method wrapper_CUDA_addmm))

Decoder summary: 
+---------------------------+----------------------------+----------------+----------+
| Layer                     | Input Shape                | Output Shape   | #Param   |
|---------------------------+----------------------------+----------------+----------|
| Model                     | [174241, 256], [2, 399837] | [174241, 33]   | 152,483  |
| ├─(mlp)MLP                |                            | [174241, 128]  | 115,202  |
| │    └─(MLP)ModuleList    | --                         | --             | 115,202  |
| │    │    └─(0)Linear     | [174241, 256]              | [174241, 256]  | 65,792   |
| │    │    └─(1)PReLU      | [174241, 256]              | [174241, 256]  | 1        |
| │    │    └─(2)Linear     | [174241, 256]              | [174241, 128]  | 32,896   |
| │    │    └─(3)PReLU      | [174241, 128]              | [174241, 128]  | 1        |
| │    │    └─(4)Linear     | [174241, 128]              | [174241, 128]  | 16,512   |
| ├─(graph_layer)GraphLayer |                            | [174241, 33]   | 37,281   |
| │    └─(activation)SiLU   | [174241, 128]              | [174241, 128]  | --       |
| │    └─(layers)ModuleList | --                         | --             | 37,281   |
| │    │    └─(0)GCNConv    | [174241, 128], [2, 399837] | [174241, 128]  | 16,512   |
| │    │    └─(1)SiLU       | [174241, 128]              | [174241, 128]  | --       |
| │    │    └─(2)GCNConv    | [174241, 128], [2, 399837] | [174241, 128]  | 16,512   |
| │    │    └─(3)SiLU       | --                         | --             | --       |
| │    │    └─(4)GCNConv    | [174241, 128], [2, 399837] | [174241, 33]   | 4,257    |
+---------------------------+----------------------------+----------------+----------+

[AR-rollout] Модель выдаёт 1 шаг(ов), но мы прогоним 4 шагов авторегрессионно.
[static] Каналы [7, 8] — статика, carry-forward при AR
[forcing] Каналы [29, 30, 31, 32] — форсинг (из ground truth при AR)
[predict] device=cuda | grid=0x0 | 2000/1607 test samples
[Region] 2501 nodes (--region [50.0,60.0]N x [83.0,98.0]E)
[metrics] Исключены из aggregate метрик: каналы [7, 8, 29, 30, 31, 32] (static+forcing)
[metrics] per-sample MSE будут сохранены в /workdir/paper_results/noise005_krsk_roi_samples.npz
[Main] Инференс (2000 samples, DA=none)...
  [50/2000] RMSE=0.184114 ACC=0.9827
  [100/2000] RMSE=0.179943 ACC=0.9827
  [150/2000] RMSE=0.182798 ACC=0.9825
  [200/2000] RMSE=0.182903 ACC=0.9825
  [250/2000] RMSE=0.183193 ACC=0.9827
  [300/2000] RMSE=0.183479 ACC=0.9827
  [350/2000] RMSE=0.184012 ACC=0.9827
  [400/2000] RMSE=0.184005 ACC=0.9827
  [450/2000] RMSE=0.184133 ACC=0.9827
  [500/2000] RMSE=0.183798 ACC=0.9827
  [550/2000] RMSE=0.183771 ACC=0.9827
  [600/2000] RMSE=0.183920 ACC=0.9826
  [650/2000] RMSE=0.184002 ACC=0.9826
  [700/2000] RMSE=0.184431 ACC=0.9825
  [750/2000] RMSE=0.184911 ACC=0.9825
  [800/2000] RMSE=0.184715 ACC=0.9825
  [850/2000] RMSE=0.184948 ACC=0.9825
  [900/2000] RMSE=0.185054 ACC=0.9825
  [950/2000] RMSE=0.185133 ACC=0.9825
  [1000/2000] RMSE=0.185092 ACC=0.9825
  [1050/2000] RMSE=0.185296 ACC=0.9825
  [1100/2000] RMSE=0.185444 ACC=0.9825
  [1150/2000] RMSE=0.185474 ACC=0.9825
  [1200/2000] RMSE=0.185318 ACC=0.9826
  [1250/2000] RMSE=0.185015 ACC=0.9826
  [1300/2000] RMSE=0.184762 ACC=0.9826
  [1350/2000] RMSE=0.184432 ACC=0.9827
  [1400/2000] RMSE=0.184334 ACC=0.9827
  [1450/2000] RMSE=0.184113 ACC=0.9827
  [1500/2000] RMSE=0.183901 ACC=0.9827
  [1550/2000] RMSE=0.183631 ACC=0.9828
  [1600/2000] RMSE=0.183395 ACC=0.9828
[Save] per-sample metrics → /workdir/paper_results/noise005_krsk_roi_samples.npz (N=1607, AR=4, C=33)

============================================================
=== Inference summary (1607 samples) ===
Grid: 0x0 (G=133279) | C=33 | AR=4 horizons
Overall: MSE=0.033623 | RMSE=0.183367 | MAE=0.090932
Baseline: RMSE=0.548209 | MAE=0.281325
Skill: 66.55%
ACC: 0.9828 | base: 0.8500 | Δ=+0.1328

Per-horizon:
  +06h: RMSE=0.127203 | base=0.363277 | skill=64.98% | ACC=0.9918 (base 0.9343)
  +12h: RMSE=0.168161 | base=0.514900 | skill=67.34% | ACC=0.9857 (base 0.8677)
  +18h: RMSE=0.196330 | base=0.605222 | skill=67.56% | ACC=0.9802 (base 0.8171)
  +24h: RMSE=0.226913 | base=0.662380 | skill=65.74% | ACC=0.9733 (base 0.7808)

Per-horizon per-channel RMSE (physical units):
         var   unit      +6h     +12h     +18h     +24h
         t2m      K    0.87°C    1.10°C    1.09°C    1.28°C
         10u    m/s     0.72     0.91     1.01     1.15
         10v    m/s     0.73     0.92     1.02     1.18
         msl    hPa     0.63     0.85     0.99     1.17
       t@850      K    0.70°C    0.91°C    0.95°C    1.12°C
       u@850    m/s     1.10     1.39     1.54     1.77
       v@850    m/s     1.10     1.40     1.54     1.77
       z@850    gpm      5.3      7.3      7.5      9.7
       z@500    gpm      8.8     14.0     11.7     19.0

Per-channel metrics overall (physical units, avg over 4 horizons):
    #        var      ACC  RMSE_norm    RMSE_phys     unit
    0        t2m   0.9986     0.0519       1.0973        K  (≈1.10 °C)
    1        10u   0.9847     0.1725       0.9598      m/s
    2        10v   0.9785     0.2049       0.9770      m/s
    3        msl   0.9976     0.0688       0.9318      hPa
    4         tp   0.8409     0.5480       0.0011        m
    5         sp   0.9999     0.0116       1.1019      hPa
    6       tcwv   0.9956     0.0938       1.5599    kg/m²
    7     z_surf   0.9998     0.0000       0.0000      gpm
    8        lsm   1.0000     0.0000       0.0000        -
    9      t@850   0.9981     0.0602       0.9338        K  (≈0.93 °C)
   10      u@850   0.9840     0.1784       1.4709      m/s
   11      v@850   0.9721     0.2351       1.4754      m/s
   12      z@850   0.9988     0.0499       7.6085      gpm
   13      q@850   0.9865     0.1633       0.0007    kg/kg
   14      t@500   0.9985     0.0561       0.7316        K  (≈0.73 °C)
   15      u@500   0.9855     0.1690       2.0330      m/s
   16      v@500   0.9744     0.2254       2.0749      m/s
   17      z@500   0.9993     0.0403      13.8732      gpm
   18      q@500   0.9692     0.2484       0.0003    kg/kg
   19      z@250   0.9993     0.0425      24.1461      gpm
   20      t@250   0.9953     0.0982       0.8502        K  (≈0.85 °C)
   21      u@250   0.9887     0.1497       2.7066      m/s
   22      v@250   0.9795     0.2016       2.7097      m/s
   23      q@250   0.9531     0.3093       0.0000    kg/kg
   24     z@1000   0.9978     0.0658       7.3286      gpm
   25     t@1000   0.9983     0.0571       0.9673        K  (≈0.97 °C)
   26     u@1000   0.9849     0.1714       1.0561      m/s
   27     v@1000   0.9787     0.2033       1.0804      m/s
   28     q@1000   0.9973     0.0727       0.0004    kg/kg
   29   sin_hour   0.2155     0.0000       0.0000        ?
   30   cos_hour   0.2155     0.0000       0.0000        ?
   31    sin_doy   0.1761     0.0000       0.0000        ?
   32    cos_doy   0.1927     0.0000       0.0000        ?

--- Region [50.0,60.0]N x [83.0,98.0]E (2501 nodes) ---
RMSE=0.114744 | base=0.421000 | skill=72.74%
ACC=0.9163 | base=0.5746

  Per-horizon (region):
    +06h: RMSE=0.090099 | base=0.268288 | skill=66.42% | ACC=0.9395 (base 0.7685)
    +12h: RMSE=0.108404 | base=0.392209 | skill=72.36% | ACC=0.9208 (base 0.5945)
    +18h: RMSE=0.119180 | base=0.466936 | skill=74.48% | ACC=0.9111 (base 0.4955)
    +24h: RMSE=0.136352 | base=0.514906 | skill=73.52% | ACC=0.8940 (base 0.4398)

  Per-horizon per-channel RMSE — REGION (2501 nodes):
           var   unit      +6h     +12h     +18h     +24h
           t2m      K    1.27°C    1.48°C    1.54°C    1.65°C
           10u    m/s     0.57     0.65     0.68     0.72
           10v    m/s     0.55     0.63     0.65     0.69
           msl    hPa     0.66     0.85     1.00     1.16
         t@850      K    0.74°C    0.90°C    0.98°C    1.10°C
         u@850    m/s     1.19     1.41     1.52     1.69
         v@850    m/s     1.09     1.29     1.39     1.56
         z@850    gpm      4.2      5.8      6.7      8.2
         z@500    gpm      6.9      9.9     10.1     14.3

  Per-channel region (physical units, avg over 4 horizons):
      #        var      ACC  RMSE_norm    RMSE_phys     unit
      0        t2m   0.9410     0.0704       1.4884        K  (≈1.49 °C)
      1        10u   0.9037     0.1182       0.6574      m/s
      2        10v   0.8835     0.1328       0.6333      m/s
      3        msl   0.9746     0.0691       0.9352      hPa
      4         tp   0.5869     0.0917       0.0002        m
      5         sp   0.9999     0.0109       1.0414      hPa
      6       tcwv   0.9506     0.0592       0.9844    kg/m²
      7     z_surf   1.0000     0.0000       0.0000      gpm
      8        lsm   1.0000     0.0000       0.0000        -
      9      t@850   0.9516     0.0606       0.9399        K  (≈0.94 °C)
     10      u@850   0.9403     0.1776       1.4644      m/s
     11      v@850   0.9091     0.2139       1.3425      m/s
     12      z@850   0.9819     0.0420       6.4087      gpm
     13      q@850   0.8736     0.0977       0.0004    kg/kg
     14      t@500   0.9542     0.0515       0.6721        K  (≈0.67 °C)
     15      u@500   0.9337     0.1617       1.9450      m/s
     16      v@500   0.9373     0.2119       1.9513      m/s
     17      z@500   0.9847     0.0308      10.6272      gpm
     18      q@500   0.8738     0.1465       0.0002    kg/kg
     19      z@250   0.9838     0.0359      20.4023      gpm
     20      t@250   0.9102     0.1029       0.8911        K  (≈0.89 °C)
     21      u@250   0.9456     0.1444       2.6102      m/s
     22      v@250   0.9476     0.1924       2.5864      m/s
     23      q@250   0.7654     0.0824       0.0000    kg/kg
     24     z@1000   0.9777     0.0630       7.0197      gpm
     25     t@1000   0.9489     0.0659       1.1152        K  (≈1.12 °C)
     26     u@1000   0.8972     0.1027       0.6331      m/s
     27     v@1000   0.8842     0.1127       0.5989      m/s
     28     q@1000   0.8999     0.0749       0.0004    kg/kg
     29   sin_hour   0.0155     0.0000       0.0000        ?
     30   cos_hour   0.0155     0.0000       0.0000        ?
     31    sin_doy   0.0066     0.0000       0.0000        ?
     32    cos_doy   0.0067     0.0000       0.0000        ?
============================================================
