[ChunkDataset] склеиваем data.npy (19ch) + data_extra.npy (14ch) → 33ch
[ChunkDataset] train: 12856 samples, flat_nodes=133279, feat=33, obs=2, pred=1
обучающая выборка: 12856 сроков, каналов 33, вне лосса [7, 8, 29, 30, 31, 32]
  100/400 сроков
  200/400 сроков
  300/400 сроков
  400/400 сроков

σ медианный 0.26016, степень 1.0, предел 25.0

    канал  σ невязки  доля было      вес  доля стало
       tp    0.93251     24.97%    0.078       3.81%
    v@850    0.54921      8.66%    0.224       3.81%
    v@500    0.52663      7.96%    0.244       3.81%
      10v    0.51634      7.65%    0.254       3.81%
   v@1000    0.50926      7.45%    0.261       3.81%
    v@250    0.48179      6.66%    0.292       3.81%
    q@250    0.42754      5.25%    0.370       3.81%
      10u    0.39990      4.59%    0.423       3.81%
   u@1000    0.39151      4.40%    0.442       3.81%
    q@500    0.38039      4.15%    0.468       3.81%
    u@850    0.37082      3.95%    0.492       3.81%
    u@500    0.33512      3.22%    0.603       3.81%
    u@250    0.29734      2.54%    0.766       3.81%
    q@850    0.26016      1.94%    1.000       3.81%
      msl    0.20140      1.16%    1.669       3.81%
   z@1000    0.19634      1.11%    1.756       3.81%
    t@250    0.18052      0.94%    2.077       3.81%
     tcwv    0.16351      0.77%    2.531       3.81%
    z@850    0.12907      0.48%    4.062       3.81%
      t2m    0.12691      0.46%    4.202       3.81%
   q@1000    0.12116      0.42%    4.611       3.81%
   t@1000    0.11047      0.35%    5.546       3.81%
    t@500    0.10818      0.34%    5.783       3.81%
    t@850    0.10485      0.32%    6.157       3.81%
    z@500    0.07242      0.15%   12.904       3.81%
    z@250    0.05606      0.09%   21.533       3.81%
       sp    0.02673      0.02%   25.000       1.00%

пять каналов из таблиц статьи: было 14.0 %, стало 19.0 %
самый тяжёлый канал: было 25.0 %, стало 3.8 %

сигмы шума (k=0.3) записаны в /workdir/paper_results/noisech03_sigmas.json
  диапазон 0.00802 … 0.27975, медиана 0.07805
  для сравнения, единая сигма 0,05 из прогона 22.08 была бы для самого спокойного канала в 6 раз больше нужной
