[predict] data_dir=/data/datasets/multires_krsk_33f (chunked=True, pred_steps=4)
[ChunkDataset] склеиваем data.npy (19ch) + data_extra.npy (14ch) → 33ch
[ChunkDataset] train: 12853 samples, flat_nodes=133279, feat=33, obs=2, pred=4
[ChunkDataset] склеиваем data.npy (19ch) + data_extra.npy (14ch) → 33ch
[ChunkDataset] val: 1607 samples, flat_nodes=133279, feat=33, obs=2, pred=4
[ChunkDataset] склеиваем data.npy (19ch) + data_extra.npy (14ch) → 33ch
[ChunkDataset] test_only: 1607 samples, flat_nodes=133279, feat=33, obs=2, pred=4
[graph] уровни меша [4, 6], признаки рёбер: legacy
[processor] InteractionNet: 12 шагов, агрегация 'mean'
Encoder summary: 
+---------------------------+----------------------------+----------------+----------+
| Layer                     | Input Shape                | Output Shape   | #Param   |
|---------------------------+----------------------------+----------------+----------|
| Model                     | [174241, 72], [2, 207099]  | [174241, 256]  | 348,162  |
| ├─(mlp)MLP                |                            | [174241, 256]  | 150,786  |
| │    └─(MLP)ModuleList    | --                         | --             | 150,786  |
| │    │    └─(0)Linear     | [174241, 72]               | [174241, 256]  | 18,688   |
| │    │    └─(1)PReLU      | [174241, 256]              | [174241, 256]  | 1        |
| │    │    └─(2)Linear     | [174241, 256]              | [174241, 256]  | 65,792   |
| │    │    └─(3)PReLU      | [174241, 256]              | [174241, 256]  | 1        |
| │    │    └─(4)Linear     | [174241, 256]              | [174241, 256]  | 65,792   |
| │    │    └─(5)LayerNorm  | [174241, 256]              | [174241, 256]  | 512      |
| ├─(graph_layer)GraphLayer |                            | [174241, 256]  | 197,376  |
| │    └─(activation)SiLU   | [174241, 256]              | [174241, 256]  | --       |
| │    └─(layers)ModuleList | --                         | --             | 197,376  |
| │    │    └─(0)GCNConv    | [174241, 256], [2, 207099] | [174241, 256]  | 65,792   |
| │    │    └─(1)SiLU       | [174241, 256]              | [174241, 256]  | --       |
| │    │    └─(2)GCNConv    | [174241, 256], [2, 207099] | [174241, 256]  | 65,792   |
| │    │    └─(3)SiLU       | --                         | --             | --       |
| │    │    └─(4)GCNConv    | [174241, 256], [2, 207099] | [174241, 256]  | 65,792   |
+---------------------------+----------------------------+----------------+----------+

Processor summary: 
  (summary skipped: Expected all tensors to be on the same device, but found at least two devices, cuda:0 and cpu! (when checking argument for argument mat1 in method wrapper_CUDA_addmm))

Decoder summary: 
+---------------------------+----------------------------+----------------+----------+
| Layer                     | Input Shape                | Output Shape   | #Param   |
|---------------------------+----------------------------+----------------+----------|
| Model                     | [174241, 256], [2, 399837] | [174241, 33]   | 152,483  |
| ├─(mlp)MLP                |                            | [174241, 128]  | 115,202  |
| │    └─(MLP)ModuleList    | --                         | --             | 115,202  |
| │    │    └─(0)Linear     | [174241, 256]              | [174241, 256]  | 65,792   |
| │    │    └─(1)PReLU      | [174241, 256]              | [174241, 256]  | 1        |
| │    │    └─(2)Linear     | [174241, 256]              | [174241, 128]  | 32,896   |
| │    │    └─(3)PReLU      | [174241, 128]              | [174241, 128]  | 1        |
| │    │    └─(4)Linear     | [174241, 128]              | [174241, 128]  | 16,512   |
| ├─(graph_layer)GraphLayer |                            | [174241, 33]   | 37,281   |
| │    └─(activation)SiLU   | [174241, 128]              | [174241, 128]  | --       |
| │    └─(layers)ModuleList | --                         | --             | 37,281   |
| │    │    └─(0)GCNConv    | [174241, 128], [2, 399837] | [174241, 128]  | 16,512   |
| │    │    └─(1)SiLU       | [174241, 128]              | [174241, 128]  | --       |
| │    │    └─(2)GCNConv    | [174241, 128], [2, 399837] | [174241, 128]  | 16,512   |
| │    │    └─(3)SiLU       | --                         | --             | --       |
| │    │    └─(4)GCNConv    | [174241, 128], [2, 399837] | [174241, 33]   | 4,257    |
+---------------------------+----------------------------+----------------+----------+

[AR-rollout] Модель выдаёт 1 шаг(ов), но мы прогоним 4 шагов авторегрессионно.
[static] Каналы [7, 8] — статика, carry-forward при AR
[forcing] Каналы [29, 30, 31, 32] — форсинг (из ground truth при AR)
[predict] device=cuda | grid=0x0 | 2000/1607 test samples
[Region] 2501 nodes (--region [50.0,60.0]N x [83.0,98.0]E)
[metrics] Исключены из aggregate метрик: каналы [7, 8, 29, 30, 31, 32] (static+forcing)
[metrics] per-sample MSE будут сохранены в /workdir/paper_results/roiw10_krsk_roi_last_samples.npz
[Main] Инференс (2000 samples, DA=none)...
  [50/2000] RMSE=0.169684 ACC=0.9853
  [100/2000] RMSE=0.165080 ACC=0.9853
  [150/2000] RMSE=0.168192 ACC=0.9852
  [200/2000] RMSE=0.168769 ACC=0.9851
  [250/2000] RMSE=0.169242 ACC=0.9852
  [300/2000] RMSE=0.169631 ACC=0.9852
  [350/2000] RMSE=0.170239 ACC=0.9852
  [400/2000] RMSE=0.170307 ACC=0.9852
  [450/2000] RMSE=0.170510 ACC=0.9852
  [500/2000] RMSE=0.170137 ACC=0.9851
  [550/2000] RMSE=0.170061 ACC=0.9852
  [600/2000] RMSE=0.170229 ACC=0.9851
  [650/2000] RMSE=0.170265 ACC=0.9851
  [700/2000] RMSE=0.170667 ACC=0.9850
  [750/2000] RMSE=0.171207 ACC=0.9850
  [800/2000] RMSE=0.171068 ACC=0.9850
  [850/2000] RMSE=0.171261 ACC=0.9850
  [900/2000] RMSE=0.171366 ACC=0.9850
  [950/2000] RMSE=0.171438 ACC=0.9850
  [1000/2000] RMSE=0.171403 ACC=0.9850
  [1050/2000] RMSE=0.171648 ACC=0.9850
  [1100/2000] RMSE=0.171778 ACC=0.9850
  [1150/2000] RMSE=0.171823 ACC=0.9850
  [1200/2000] RMSE=0.171642 ACC=0.9850
  [1250/2000] RMSE=0.171339 ACC=0.9851
  [1300/2000] RMSE=0.171075 ACC=0.9851
  [1350/2000] RMSE=0.170745 ACC=0.9851
  [1400/2000] RMSE=0.170674 ACC=0.9851
  [1450/2000] RMSE=0.170466 ACC=0.9851
  [1500/2000] RMSE=0.170254 ACC=0.9852
  [1550/2000] RMSE=0.169985 ACC=0.9852
  [1600/2000] RMSE=0.169739 ACC=0.9852
[Save] per-sample metrics → /workdir/paper_results/roiw10_krsk_roi_last_samples.npz (N=1607, AR=4, C=33)

============================================================
=== Inference summary (1607 samples) ===
Grid: 0x0 (G=133279) | C=33 | AR=4 horizons
Overall: MSE=0.028800 | RMSE=0.169707 | MAE=0.081258
Baseline: RMSE=0.548209 | MAE=0.281325
Skill: 69.04%
ACC: 0.9852 | base: 0.8500 | Δ=+0.1352

Per-horizon:
  +06h: RMSE=0.125166 | base=0.363277 | skill=65.55% | ACC=0.9921 (base 0.9343)
  +12h: RMSE=0.156339 | base=0.514900 | skill=69.64% | ACC=0.9876 (base 0.8677)
  +18h: RMSE=0.184291 | base=0.605222 | skill=69.55% | ACC=0.9825 (base 0.8171)
  +24h: RMSE=0.202806 | base=0.662380 | skill=69.38% | ACC=0.9786 (base 0.7808)

Per-horizon per-channel RMSE (physical units):
         var   unit      +6h     +12h     +18h     +24h
         t2m      K    0.80°C    0.93°C    1.00°C    1.06°C
         10u    m/s     0.71     0.85     0.95     1.05
         10v    m/s     0.72     0.85     0.96     1.06
         msl    hPa     0.61     0.75     0.89     1.02
       t@850      K    0.64°C    0.78°C    0.86°C    0.93°C
       u@850    m/s     1.08     1.29     1.44     1.58
       v@850    m/s     1.08     1.29     1.44     1.58
       z@850    gpm      4.3      5.2      6.3      7.3
       z@500    gpm      5.3      6.5      7.8      9.1

Per-channel metrics overall (physical units, avg over 4 horizons):
    #        var      ACC  RMSE_norm    RMSE_phys     unit
    0        t2m   0.9989     0.0450       0.9513        K  (≈0.95 °C)
    1        10u   0.9866     0.1616       0.8993      m/s
    2        10v   0.9814     0.1903       0.9076      m/s
    3        msl   0.9980     0.0614       0.8310      hPa
    4         tp   0.8584     0.5173       0.0010        m
    5         sp   1.0000     0.0101       0.9670      hPa
    6       tcwv   0.9964     0.0841       1.3990    kg/m²
    7     z_surf   0.9998     0.0000       0.0000      gpm
    8        lsm   1.0000     0.0000       0.0000        -
    9      t@850   0.9986     0.0522       0.8100        K  (≈0.81 °C)
   10      u@850   0.9862     0.1653       1.3626      m/s
   11      v@850   0.9763     0.2165       1.3590      m/s
   12      z@850   0.9993     0.0386       5.8853      gpm
   13      q@850   0.9882     0.1524       0.0006    kg/kg
   14      t@500   0.9989     0.0460       0.6005        K  (≈0.60 °C)
   15      u@500   0.9885     0.1504       1.8089      m/s
   16      v@500   0.9801     0.1983       1.8258      m/s
   17      z@500   0.9998     0.0213       7.3281      gpm
   18      q@500   0.9731     0.2325       0.0003    kg/kg
   19      z@250   0.9998     0.0183      10.4178      gpm
   20      t@250   0.9965     0.0847       0.7337        K  (≈0.73 °C)
   21      u@250   0.9911     0.1326       2.3964      m/s
   22      v@250   0.9839     0.1780       2.3934      m/s
   23      q@250   0.9575     0.2935       0.0000    kg/kg
   24     z@1000   0.9984     0.0565       6.2915      gpm
   25     t@1000   0.9987     0.0505       0.8555        K  (≈0.86 °C)
   26     u@1000   0.9868     0.1602       0.9875      m/s
   27     v@1000   0.9817     0.1885       1.0017      m/s
   28     q@1000   0.9977     0.0678       0.0004    kg/kg
   29   sin_hour   0.2155     0.0000       0.0000        ?
   30   cos_hour   0.2155     0.0000       0.0000        ?
   31    sin_doy   0.1761     0.0000       0.0000        ?
   32    cos_doy   0.1927     0.0000       0.0000        ?

--- Region [50.0,60.0]N x [83.0,98.0]E (2501 nodes) ---
RMSE=0.106675 | base=0.421000 | skill=74.66%
ACC=0.9217 | base=0.5746

  Per-horizon (region):
    +06h: RMSE=0.089162 | base=0.268288 | skill=66.77% | ACC=0.9400 (base 0.7685)
    +12h: RMSE=0.102405 | base=0.392209 | skill=73.89% | ACC=0.9248 (base 0.5945)
    +18h: RMSE=0.111665 | base=0.466936 | skill=76.09% | ACC=0.9153 (base 0.4955)
    +24h: RMSE=0.120883 | base=0.514906 | skill=76.52% | ACC=0.9064 (base 0.4398)

  Per-horizon per-channel RMSE — REGION (2501 nodes):
           var   unit      +6h     +12h     +18h     +24h
           t2m      K    1.26°C    1.46°C    1.50°C    1.56°C
           10u    m/s     0.57     0.64     0.67     0.70
           10v    m/s     0.55     0.62     0.65     0.67
           msl    hPa     0.65     0.80     0.93     1.05
         t@850      K    0.71°C    0.85°C    0.92°C    0.98°C
         u@850    m/s     1.19     1.36     1.48     1.58
         v@850    m/s     1.09     1.22     1.32     1.41
         z@850    gpm      3.8      4.8      5.9      6.8
         z@500    gpm      4.9      6.2      7.6      8.9

  Per-channel region (physical units, avg over 4 horizons):
      #        var      ACC  RMSE_norm    RMSE_phys     unit
      0        t2m   0.9424     0.0684       1.4460        K  (≈1.45 °C)
      1        10u   0.9057     0.1161       0.6459      m/s
      2        10v   0.8852     0.1310       0.6246      m/s
      3        msl   0.9763     0.0643       0.8705      hPa
      4         tp   0.5785     0.0923       0.0002        m
      5         sp   0.9999     0.0103       0.9826      hPa
      6       tcwv   0.9564     0.0557       0.9275    kg/m²
      7     z_surf   1.0000     0.0000       0.0000      gpm
      8        lsm   1.0000     0.0000       0.0000        -
      9      t@850   0.9570     0.0564       0.8737        K  (≈0.87 °C)
     10      u@850   0.9442     0.1708       1.4077      m/s
     11      v@850   0.9159     0.2016       1.2653      m/s
     12      z@850   0.9866     0.0356       5.4292      gpm
     13      q@850   0.8791     0.0961       0.0004    kg/kg
     14      t@500   0.9631     0.0429       0.5603        K  (≈0.56 °C)
     15      u@500   0.9431     0.1470       1.7675      m/s
     16      v@500   0.9468     0.1870       1.7218      m/s
     17      z@500   0.9928     0.0205       7.0471      gpm
     18      q@500   0.8859     0.1388       0.0002    kg/kg
     19      z@250   0.9922     0.0179      10.1450      gpm
     20      t@250   0.9212     0.0862       0.7470        K  (≈0.75 °C)
     21      u@250   0.9541     0.1291       2.3335      m/s
     22      v@250   0.9562     0.1704       2.2903      m/s
     23      q@250   0.7797     0.0782       0.0000    kg/kg
     24     z@1000   0.9798     0.0579       6.4561      gpm
     25     t@1000   0.9514     0.0628       1.0638        K  (≈1.06 °C)
     26     u@1000   0.9000     0.1004       0.6189      m/s
     27     v@1000   0.8877     0.1100       0.5847      m/s
     28     q@1000   0.9036     0.0737       0.0004    kg/kg
     29   sin_hour   0.0155     0.0000       0.0000        ?
     30   cos_hour   0.0155     0.0000       0.0000        ?
     31    sin_doy   0.0066     0.0000       0.0000        ?
     32    cos_doy   0.0067     0.0000       0.0000        ?
============================================================
