### PROVENANCE ###############################################
# tag: m1_oi1_ar28 | started: 2026-07-26T13:58:00+03:00 | host: k8smr-macos-build--graphcast-v3-750057806-task-0
# git commit: d62475f | gpu: NVIDIA H100 80GB HBM3
# dataset: /data/datasets/multires_krsk_19f_merge
#   info: {"time_start":"2010-01-01","time_end":"2021-12-31","n_time":16072,"n_nodes":133279,"n_feat":19,"flat":true,"n_global_kept":130778,"n_regional":2501,"roi":[50.0,60.0,83.0,98.0],"variables":["t2m","10u","10v","msl","tp","sp","tcwv","z_surf","lsm","t@850","u@850"
# experiment: experiments/multires_merge_freeze6_v2 (config md5 48fa48d6ff72346ef9ae4a9e7b2a5129)
#   ckpt: 6ad5ade3178d63776ce79a12069270ad  experiments/multires_merge_freeze6_v2/best_model.pth
# COMMAND:
#   python -u scripts/predict.py experiments/multires_merge_freeze6_v2 --data-dir /data/datasets/multires_krsk_19f_merge --split test_only --ar-steps 28 --max-samples 200 --per-channel --no-save --region 50 60 83 98 --save-sample-metrics /workdir/paper_results/m1_oi1_ar28_samples.npz --assim-method oi --obs-sparsity 0.01 --obs-roi-only --obs-seed 42 --oi-corr-len 200000 --oi-sigma-o 0.5
##############################################################

[predict] data_dir=/data/datasets/multires_krsk_19f_merge (chunked=True, pred_steps=28)
[ChunkDataset] train: 12834 samples, flat_nodes=133279, feat=19, obs=2, pred=28
[ChunkDataset] val: 1604 samples, flat_nodes=133279, feat=19, obs=2, pred=28
[ChunkDataset] test_only: 1605 samples, flat_nodes=133279, feat=19, obs=2, pred=28
Encoder summary: 
+---------------------------+----------------------------+----------------+----------+
| Layer                     | Input Shape                | Output Shape   | #Param   |
|---------------------------+----------------------------+----------------+----------|
| Model                     | [174241, 44], [2, 207099]  | [174241, 256]  | 340,994  |
| ├─(mlp)MLP                |                            | [174241, 256]  | 143,618  |
| │    └─(MLP)ModuleList    | --                         | --             | 143,618  |
| │    │    └─(0)Linear     | [174241, 44]               | [174241, 256]  | 11,520   |
| │    │    └─(1)PReLU      | [174241, 256]              | [174241, 256]  | 1        |
| │    │    └─(2)Linear     | [174241, 256]              | [174241, 256]  | 65,792   |
| │    │    └─(3)PReLU      | [174241, 256]              | [174241, 256]  | 1        |
| │    │    └─(4)Linear     | [174241, 256]              | [174241, 256]  | 65,792   |
| │    │    └─(5)LayerNorm  | [174241, 256]              | [174241, 256]  | 512      |
| ├─(graph_layer)GraphLayer |                            | [174241, 256]  | 197,376  |
| │    └─(activation)SiLU   | [174241, 256]              | [174241, 256]  | --       |
| │    └─(layers)ModuleList | --                         | --             | 197,376  |
| │    │    └─(0)GCNConv    | [174241, 256], [2, 207099] | [174241, 256]  | 65,792   |
| │    │    └─(1)SiLU       | [174241, 256]              | [174241, 256]  | --       |
| │    │    └─(2)GCNConv    | [174241, 256], [2, 207099] | [174241, 256]  | 65,792   |
| │    │    └─(3)SiLU       | --                         | --             | --       |
| │    │    └─(4)GCNConv    | [174241, 256], [2, 207099] | [174241, 256]  | 65,792   |
+---------------------------+----------------------------+----------------+----------+

Processor summary: 
  (summary skipped: Expected all tensors to be on the same device, but found at least two devices, cuda:0 and cpu! (when checking argument for argument mat1 in method wrapper_CUDA_addmm))

Decoder summary: 
+---------------------------+----------------------------+----------------+----------+
| Layer                     | Input Shape                | Output Shape   | #Param   |
|---------------------------+----------------------------+----------------+----------|
| Model                     | [174241, 256], [2, 399837] | [174241, 19]   | 150,677  |
| ├─(mlp)MLP                |                            | [174241, 128]  | 115,202  |
| │    └─(MLP)ModuleList    | --                         | --             | 115,202  |
| │    │    └─(0)Linear     | [174241, 256]              | [174241, 256]  | 65,792   |
| │    │    └─(1)PReLU      | [174241, 256]              | [174241, 256]  | 1        |
| │    │    └─(2)Linear     | [174241, 256]              | [174241, 128]  | 32,896   |
| │    │    └─(3)PReLU      | [174241, 128]              | [174241, 128]  | 1        |
| │    │    └─(4)Linear     | [174241, 128]              | [174241, 128]  | 16,512   |
| ├─(graph_layer)GraphLayer |                            | [174241, 19]   | 35,475   |
| │    └─(activation)SiLU   | [174241, 128]              | [174241, 128]  | --       |
| │    └─(layers)ModuleList | --                         | --             | 35,475   |
| │    │    └─(0)GCNConv    | [174241, 128], [2, 399837] | [174241, 128]  | 16,512   |
| │    │    └─(1)SiLU       | [174241, 128]              | [174241, 128]  | --       |
| │    │    └─(2)GCNConv    | [174241, 128], [2, 399837] | [174241, 128]  | 16,512   |
| │    │    └─(3)SiLU       | --                         | --             | --       |
| │    │    └─(4)GCNConv    | [174241, 128], [2, 399837] | [174241, 19]   | 2,451    |
+---------------------------+----------------------------+----------------+----------+

[AR-rollout] Модель выдаёт 1 шаг(ов), но мы прогоним 28 шагов авторегрессионно.
[predict] device=cuda | grid=0x0 | 200/1605 test samples
[Region] 2501 nodes (--region [50.0,60.0]N x [83.0,98.0]E)
[OI] ROI mode: B matrix 2501×2501 (25 MB)
[Inline-obs] 25 станций (1.0% от 2501 узлов, seed=42)
[metrics] per-sample MSE будут сохранены в /workdir/paper_results/m1_oi1_ar28_samples.npz
[assim] Residual-модель: ОИ применяется пошагово в AR-цикле
[Main] Инференс (200 samples, DA=oi)...
  [50/200] RMSE=0.491900 ACC=0.8734
  [100/200] RMSE=0.471202 ACC=0.8782
  [150/200] RMSE=0.473995 ACC=0.8779
  [200/200] RMSE=0.474481 ACC=0.8781
[Save] per-sample metrics → /workdir/paper_results/m1_oi1_ar28_samples.npz (N=200, AR=28, C=19)

============================================================
=== Inference summary (200 samples) ===
Grid: 0x0 (G=133279) | C=19 | AR=28 horizons
Overall: MSE=0.225132 | RMSE=0.474481 | MAE=0.223766
Baseline: RMSE=0.749148 | MAE=0.396584
Skill: 36.66%
ACC: 0.8781 | base: 0.7080 | Δ=+0.1701

Per-horizon:
  +06h: RMSE=0.123537 | base=0.357652 | skill=65.46% | ACC=0.9922 (base 0.9352)
  +12h: RMSE=0.160808 | base=0.496977 | skill=67.64% | ACC=0.9867 (base 0.8737)
  +18h: RMSE=0.200465 | base=0.578048 | skill=65.32% | ACC=0.9789 (base 0.8279)
  +24h: RMSE=0.227432 | base=0.629793 | skill=63.89% | ACC=0.9726 (base 0.7950)
  +30h: RMSE=0.252463 | base=0.674076 | skill=62.55% | ACC=0.9660 (base 0.7644)
  +36h: RMSE=0.275911 | base=0.704374 | skill=60.83% | ACC=0.9593 (base 0.7424)
  +42h: RMSE=0.299651 | base=0.725490 | skill=58.70% | ACC=0.9519 (base 0.7263)
  +48h: RMSE=0.322151 | base=0.738404 | skill=56.37% | ACC=0.9442 (base 0.7164)
  +54h: RMSE=0.345928 | base=0.753452 | skill=54.09% | ACC=0.9356 (base 0.7046)
  +60h: RMSE=0.368440 | base=0.762871 | skill=51.70% | ACC=0.9268 (base 0.6971)
  +66h: RMSE=0.391546 | base=0.768436 | skill=49.05% | ACC=0.9172 (base 0.6925)
  +72h: RMSE=0.413380 | base=0.769775 | skill=46.30% | ACC=0.9075 (base 0.6914)
  +78h: RMSE=0.435736 | base=0.775236 | skill=43.79% | ACC=0.8972 (base 0.6869)
  +84h: RMSE=0.456759 | base=0.777581 | skill=41.26% | ACC=0.8870 (base 0.6851)
  +90h: RMSE=0.477544 | base=0.778660 | skill=38.67% | ACC=0.8765 (base 0.6841)
  +96h: RMSE=0.497019 | base=0.778385 | skill=36.15% | ACC=0.8662 (base 0.6845)
  +102h: RMSE=0.515999 | base=0.785192 | skill=34.28% | ACC=0.8558 (base 0.6789)
  +108h: RMSE=0.533821 | base=0.791771 | skill=32.58% | ACC=0.8455 (base 0.6735)
  +114h: RMSE=0.551682 | base=0.797933 | skill=30.86% | ACC=0.8350 (base 0.6683)
  +120h: RMSE=0.568284 | base=0.801293 | skill=29.08% | ACC=0.8248 (base 0.6656)
  +126h: RMSE=0.584505 | base=0.808703 | skill=27.72% | ACC=0.8146 (base 0.6593)
  +132h: RMSE=0.599345 | base=0.812771 | skill=26.26% | ACC=0.8049 (base 0.6559)
  +138h: RMSE=0.614123 | base=0.814721 | skill=24.62% | ACC=0.7953 (base 0.6541)
  +144h: RMSE=0.627713 | base=0.813916 | skill=22.88% | ACC=0.7861 (base 0.6549)
  +150h: RMSE=0.641022 | base=0.817467 | skill=21.58% | ACC=0.7770 (base 0.6517)
  +156h: RMSE=0.652712 | base=0.818516 | skill=20.26% | ACC=0.7687 (base 0.6509)
  +162h: RMSE=0.664316 | base=0.818095 | skill=18.80% | ACC=0.7605 (base 0.6511)
  +168h: RMSE=0.674715 | base=0.815721 | skill=17.29% | ACC=0.7528 (base 0.6532)

Per-horizon per-channel RMSE (physical units):
         var   unit      +6h     +12h     +18h     +24h     +30h     +36h     +42h     +48h     +54h     +60h     +66h     +72h     +78h     +84h     +90h     +96h    +102h    +108h    +114h    +120h    +126h    +132h    +138h    +144h    +150h    +156h    +162h    +168h
         t2m      K    0.80°C    0.98°C    1.10°C    1.19°C    1.33°C    1.43°C    1.54°C    1.63°C    1.75°C    1.85°C    1.97°C    2.07°C    2.20°C    2.31°C    2.45°C    2.56°C    2.69°C    2.79°C    2.91°C    3.01°C    3.13°C    3.24°C    3.37°C    3.47°C    3.60°C    3.71°C    3.84°C    3.95°C
         10u    m/s     0.71     0.88     1.02     1.16     1.31     1.48     1.66     1.83     2.02     2.21     2.40     2.58     2.76     2.94     3.11     3.27     3.43     3.58     3.72     3.85     3.97     4.09     4.19     4.29     4.39     4.48     4.56     4.63
         10v    m/s     0.73     0.89     1.04     1.18     1.34     1.51     1.69     1.87     2.05     2.24     2.42     2.60     2.78     2.96     3.13     3.30     3.46     3.61     3.76     3.89     4.02     4.14     4.25     4.36     4.46     4.55     4.64     4.73
         msl    hPa     0.60     0.80     1.05     1.28     1.56     1.84     2.13     2.44     2.75     3.08     3.41     3.75     4.09     4.44     4.78     5.13     5.47     5.80     6.12     6.44     6.74     7.04     7.32     7.60     7.86     8.12     8.37     8.60
       t@850      K    0.62°C    0.77°C    0.88°C    0.98°C    1.09°C    1.19°C    1.31°C    1.43°C    1.56°C    1.68°C    1.83°C    1.95°C    2.10°C    2.24°C    2.38°C    2.52°C    2.67°C    2.80°C    2.95°C    3.08°C    3.23°C    3.36°C    3.50°C    3.63°C    3.76°C    3.88°C    4.00°C    4.11°C
       u@850    m/s     1.04     1.29     1.50     1.71     1.94     2.16     2.42     2.67     2.94     3.19     3.47     3.72     3.99     4.24     4.50     4.73     4.97     5.18     5.39     5.58     5.78     5.94     6.10     6.24     6.39     6.51     6.64     6.75
       v@850    m/s     1.05     1.29     1.51     1.71     1.94     2.18     2.43     2.68     2.95     3.20     3.46     3.71     3.98     4.22     4.47     4.69     4.92     5.13     5.35     5.54     5.73     5.90     6.07     6.21     6.37     6.49     6.63     6.73
       z@850    gpm      4.7      6.1      8.3     10.0     12.6     14.7     17.3     19.5     22.1     24.4     27.2     29.6     32.4     34.8     37.7     40.2     43.0     45.5     48.3     50.6     53.2     55.4     57.8     59.7     62.0     63.7     65.8     67.4
       z@500    gpm      5.5      7.6     10.5     13.0     16.2     19.3     22.6     25.8     29.2     32.6     36.1     39.7     43.4     47.0     50.8     54.5     58.4     62.1     66.0     69.7     73.4     76.9     80.3     83.5     86.6     89.5     92.3     95.0

Per-channel metrics overall (physical units, avg over 28 horizons):
    #        var      ACC  RMSE_norm    RMSE_phys     unit
    0        t2m   0.9922     0.1213       2.5623        K  (≈2.56 °C)
    1        10u   0.8256     0.5629       3.1323      m/s
    2        10v   0.7509     0.6661       3.1766      m/s
    3        msl   0.9078     0.3873       5.2416      hPa
    4         tp   0.4575     1.0142       0.0020        m
    5         sp   0.9984     0.0559       5.3273      hPa
    6       tcwv   0.9632     0.2716       4.5188    kg/m²
    7     z_surf   0.9999     0.0141      11.9653      gpm
    8        lsm   0.9999     0.0195       0.0089        -
    9      t@850   0.9842     0.1659       2.5722        K  (≈2.57 °C)
   10      u@850   0.8394     0.5522       4.5516      m/s
   11      v@850   0.7125     0.7217       4.5303      m/s
   12      z@850   0.9534     0.2707      41.2582      gpm
   13      q@850   0.9387     0.3500       0.0014    kg/kg
   14      t@500   0.9838     0.1854       2.4187        K  (≈2.42 °C)
   15      u@500   0.8513     0.5369       6.4569      m/s
   16      v@500   0.7235     0.7153       6.5856      m/s
   17      z@500   0.9851     0.1653      56.9631      gpm
   18      q@500   0.8168     0.5792       0.0007    kg/kg

--- Region [50.0,60.0]N x [83.0,98.0]E (2501 nodes) ---
RMSE=0.142385 | base=0.584754 | skill=75.65%
ACC=0.8866 | base=0.4707

  Per-horizon (region):
    +06h: RMSE=0.070742 | base=0.230602 | skill=69.32% | ACC=0.9607 (base 0.8358)
    +12h: RMSE=0.083548 | base=0.342377 | skill=75.60% | ACC=0.9474 (base 0.6970)
    +18h: RMSE=0.090990 | base=0.414247 | skill=78.03% | ACC=0.9396 (base 0.6095)
    +24h: RMSE=0.096134 | base=0.460955 | skill=79.14% | ACC=0.9347 (base 0.5610)
    +30h: RMSE=0.100963 | base=0.497241 | skill=79.70% | ACC=0.9293 (base 0.5274)
    +36h: RMSE=0.104929 | base=0.525559 | skill=80.03% | ACC=0.9250 (base 0.5041)
    +42h: RMSE=0.108672 | base=0.548571 | skill=80.19% | ACC=0.9205 (base 0.4847)
    +48h: RMSE=0.111906 | base=0.567253 | skill=80.27% | ACC=0.9169 (base 0.4691)
    +54h: RMSE=0.116005 | base=0.587693 | skill=80.26% | ACC=0.9121 (base 0.4472)
    +60h: RMSE=0.119959 | base=0.603239 | skill=80.11% | ACC=0.9082 (base 0.4302)
    +66h: RMSE=0.124555 | base=0.614913 | skill=79.74% | ACC=0.9036 (base 0.4222)
    +72h: RMSE=0.127766 | base=0.622718 | skill=79.48% | ACC=0.8999 (base 0.4224)
    +78h: RMSE=0.132140 | base=0.628362 | skill=78.97% | ACC=0.8950 (base 0.4232)
    +84h: RMSE=0.135635 | base=0.631186 | skill=78.51% | ACC=0.8909 (base 0.4241)
    +90h: RMSE=0.140131 | base=0.635741 | skill=77.96% | ACC=0.8858 (base 0.4194)
    +96h: RMSE=0.143597 | base=0.640387 | skill=77.58% | ACC=0.8814 (base 0.4151)
    +102h: RMSE=0.148840 | base=0.642978 | skill=76.85% | ACC=0.8761 (base 0.4174)
    +108h: RMSE=0.153002 | base=0.641424 | skill=76.15% | ACC=0.8719 (base 0.4282)
    +114h: RMSE=0.158982 | base=0.641489 | skill=75.22% | ACC=0.8651 (base 0.4379)
    +120h: RMSE=0.163264 | base=0.641792 | skill=74.56% | ACC=0.8605 (base 0.4390)
    +126h: RMSE=0.168583 | base=0.644668 | skill=73.85% | ACC=0.8532 (base 0.4261)
    +132h: RMSE=0.173435 | base=0.644122 | skill=73.07% | ACC=0.8492 (base 0.4161)
    +138h: RMSE=0.177795 | base=0.640329 | skill=72.23% | ACC=0.8434 (base 0.4130)
    +144h: RMSE=0.180199 | base=0.634629 | skill=71.61% | ACC=0.8390 (base 0.4128)
    +150h: RMSE=0.184280 | base=0.629112 | skill=70.71% | ACC=0.8328 (base 0.4099)
    +156h: RMSE=0.184953 | base=0.618992 | skill=70.12% | ACC=0.8297 (base 0.4167)
    +162h: RMSE=0.185603 | base=0.606685 | skill=69.41% | ACC=0.8268 (base 0.4283)
    +168h: RMSE=0.184724 | base=0.593643 | skill=68.88% | ACC=0.8266 (base 0.4430)

  Per-horizon per-channel RMSE — REGION (2501 nodes):
           var   unit      +6h     +12h     +18h     +24h     +30h     +36h     +42h     +48h     +54h     +60h     +66h     +72h     +78h     +84h     +90h     +96h    +102h    +108h    +114h    +120h    +126h    +132h    +138h    +144h    +150h    +156h    +162h    +168h
           t2m      K    1.22°C    1.53°C    1.65°C    1.74°C    1.87°C    1.96°C    2.01°C    2.05°C    2.11°C    2.16°C    2.20°C    2.24°C    2.29°C    2.33°C    2.37°C    2.40°C    2.44°C    2.48°C    2.54°C    2.58°C    2.64°C    2.68°C    2.73°C    2.77°C    2.82°C    2.86°C    2.91°C    2.94°C
           10u    m/s     0.46     0.57     0.63     0.67     0.71     0.74     0.76     0.78     0.80     0.82     0.84     0.86     0.88     0.89     0.90     0.91     0.93     0.94     0.96     0.97     1.00     1.02     1.04     1.05     1.06     1.07     1.08     1.07
           10v    m/s     0.45     0.55     0.61     0.65     0.70     0.73     0.75     0.77     0.79     0.81     0.83     0.84     0.87     0.89     0.91     0.92     0.94     0.96     0.98     0.99     1.02     1.03     1.05     1.06     1.07     1.07     1.07     1.06
           msl    hPa     0.64     0.86     1.02     1.13     1.23     1.33     1.41     1.50     1.57     1.67     1.73     1.83     1.89     1.98     2.02     2.12     2.19     2.31     2.39     2.53     2.61     2.75     2.81     2.93     2.95     2.99     2.94     2.96
         t@850      K    0.71°C    0.92°C    1.05°C    1.13°C    1.20°C    1.24°C    1.28°C    1.30°C    1.33°C    1.36°C    1.39°C    1.42°C    1.45°C    1.48°C    1.51°C    1.53°C    1.56°C    1.59°C    1.62°C    1.66°C    1.71°C    1.75°C    1.79°C    1.83°C    1.85°C    1.88°C    1.90°C    1.93°C
         u@850    m/s     1.05     1.26     1.38     1.46     1.53     1.57     1.63     1.66     1.72     1.76     1.83     1.87     1.94     1.97     2.03     2.07     2.14     2.17     2.25     2.31     2.40     2.47     2.55     2.57     2.62     2.60     2.56     2.52
         v@850    m/s     0.93     1.09     1.19     1.27     1.32     1.37     1.42     1.46     1.52     1.56     1.62     1.65     1.70     1.74     1.80     1.85     1.93     1.98     2.08     2.09     2.13     2.18     2.22     2.25     2.31     2.29     2.31     2.29
         z@850    gpm      2.6      3.8      4.9      5.7      6.3      7.2      7.7      8.7      9.2     10.1     10.6     11.6     11.9     12.8     13.1     14.0     14.5     15.5     16.2     17.4     18.1     19.3     20.0     21.1     21.4     22.1     21.9     22.3
         z@500    gpm      4.1      5.3      6.4      7.3      8.1      8.9      9.6     10.7     11.5     12.7     13.6     15.0     15.7     17.1     17.9     19.2     20.0     21.6     22.8     24.6     26.0     28.1     29.6     31.7     33.0     34.8     35.5     36.8

  Per-channel region (physical units, avg over 28 horizons):
      #        var      ACC  RMSE_norm    RMSE_phys     unit
      0        t2m   0.9086     0.1110       2.3446        K  (≈2.34 °C)
      1        10u   0.8204     0.1593       0.8863      m/s
      2        10v   0.7569     0.1859       0.8865      m/s
      3        msl   0.9183     0.1572       2.1279      hPa
      4         tp   0.5363     0.0593       0.0001        m
      5         sp   0.9996     0.0238       2.2704      hPa
      6       tcwv   0.9327     0.0345       0.5747    kg/m²
      7     z_surf   1.0000     0.0063       5.3091      gpm
      8        lsm   0.9980     0.0071       0.0032        -
      9      t@850   0.8786     0.0973       1.5082        K  (≈1.51 °C)
     10      u@850   0.9191     0.2481       2.0451      m/s
     11      v@850   0.8604     0.2894       1.8163      m/s
     12      z@850   0.9491     0.0952      14.5160      gpm
     13      q@850   0.8630     0.0549       0.0002    kg/kg
     14      t@500   0.9245     0.0659       0.8592        K  (≈0.86 °C)
     15      u@500   0.9080     0.1946       2.3399      m/s
     16      v@500   0.8976     0.2580       2.3755      m/s
     17      z@500   0.9432     0.0618      21.2806      gpm
     18      q@500   0.8313     0.0589       0.0001    kg/kg
============================================================

### finished: 2026-07-26T14:20:13+03:00, exit=0 ###
