[predict] data_dir=/data/datasets/wb2_512x256_33f_v3 (chunked=True, pred_steps=3)
[ChunkDataset] склеиваем data.npy (19ch) + data_extra.npy (14ch) → 33ch
[ChunkDataset] train: 14012 samples, grid=512×256, feat=33, obs=2, pred=3
[ChunkDataset] склеиваем data.npy (19ch) + data_extra.npy (14ch) → 33ch
[ChunkDataset] val: 1752 samples, grid=512×256, feat=33, obs=2, pred=3
[ChunkDataset] склеиваем data.npy (19ch) + data_extra.npy (14ch) → 33ch
[ChunkDataset] test_only: 1752 samples, grid=512×256, feat=33, obs=2, pred=3
[ChunkDataset] шаг по времени 4 сроков = 24 ч (вход и цель на одной сетке)
[graph] уровни меша [4, 6], признаки рёбер: legacy
[processor] InteractionNet: 12 шагов, агрегация 'mean'
Encoder summary: 
+---------------------------+----------------------------+----------------+----------+
| Layer                     | Input Shape                | Output Shape   | #Param   |
|---------------------------+----------------------------+----------------+----------|
| Model                     | [172034, 72], [2, 205302]  | [172034, 256]  | 348,162  |
| ├─(mlp)MLP                |                            | [172034, 256]  | 150,786  |
| │    └─(MLP)ModuleList    | --                         | --             | 150,786  |
| │    │    └─(0)Linear     | [172034, 72]               | [172034, 256]  | 18,688   |
| │    │    └─(1)PReLU      | [172034, 256]              | [172034, 256]  | 1        |
| │    │    └─(2)Linear     | [172034, 256]              | [172034, 256]  | 65,792   |
| │    │    └─(3)PReLU      | [172034, 256]              | [172034, 256]  | 1        |
| │    │    └─(4)Linear     | [172034, 256]              | [172034, 256]  | 65,792   |
| │    │    └─(5)LayerNorm  | [172034, 256]              | [172034, 256]  | 512      |
| ├─(graph_layer)GraphLayer |                            | [172034, 256]  | 197,376  |
| │    └─(activation)SiLU   | [172034, 256]              | [172034, 256]  | --       |
| │    └─(layers)ModuleList | --                         | --             | 197,376  |
| │    │    └─(0)GCNConv    | [172034, 256], [2, 205302] | [172034, 256]  | 65,792   |
| │    │    └─(1)SiLU       | [172034, 256]              | [172034, 256]  | --       |
| │    │    └─(2)GCNConv    | [172034, 256], [2, 205302] | [172034, 256]  | 65,792   |
| │    │    └─(3)SiLU       | --                         | --             | --       |
| │    │    └─(4)GCNConv    | [172034, 256], [2, 205302] | [172034, 256]  | 65,792   |
+---------------------------+----------------------------+----------------+----------+

Processor summary: 
  (summary skipped: Expected all tensors to be on the same device, but found at least two devices, cuda:0 and cpu! (when checking argument for argument mat1 in method wrapper_CUDA_addmm))

Decoder summary: 
+---------------------------+----------------------------+----------------+----------+
| Layer                     | Input Shape                | Output Shape   | #Param   |
|---------------------------+----------------------------+----------------+----------|
| Model                     | [172034, 256], [2, 393216] | [172034, 33]   | 152,483  |
| ├─(mlp)MLP                |                            | [172034, 128]  | 115,202  |
| │    └─(MLP)ModuleList    | --                         | --             | 115,202  |
| │    │    └─(0)Linear     | [172034, 256]              | [172034, 256]  | 65,792   |
| │    │    └─(1)PReLU      | [172034, 256]              | [172034, 256]  | 1        |
| │    │    └─(2)Linear     | [172034, 256]              | [172034, 128]  | 32,896   |
| │    │    └─(3)PReLU      | [172034, 128]              | [172034, 128]  | 1        |
| │    │    └─(4)Linear     | [172034, 128]              | [172034, 128]  | 16,512   |
| ├─(graph_layer)GraphLayer |                            | [172034, 33]   | 37,281   |
| │    └─(activation)SiLU   | [172034, 128]              | [172034, 128]  | --       |
| │    └─(layers)ModuleList | --                         | --             | 37,281   |
| │    │    └─(0)GCNConv    | [172034, 128], [2, 393216] | [172034, 128]  | 16,512   |
| │    │    └─(1)SiLU       | [172034, 128]              | [172034, 128]  | --       |
| │    │    └─(2)GCNConv    | [172034, 128], [2, 393216] | [172034, 128]  | 16,512   |
| │    │    └─(3)SiLU       | --                         | --             | --       |
| │    │    └─(4)GCNConv    | [172034, 128], [2, 393216] | [172034, 33]   | 4,257    |
+---------------------------+----------------------------+----------------+----------+

[config] pred_window_used=3, но декодировщик выдаёт 33 каналов при C=33 → модель одношаговая (1). Беру 1.
[predict] шаг модели 24 ч, горизонты будут кратны ему
[AR-rollout] Модель выдаёт 1 шаг(ов), но мы прогоним 3 шагов авторегрессионно.
[static] Каналы [7, 8] — статика, carry-forward при AR
[forcing] Каналы [29, 30, 31, 32] — форсинг (из ground truth при AR)
[predict] device=cuda | grid=512x256 | 200/1752 test samples
[metrics] Исключены из aggregate метрик: каналы [7, 8, 29, 30, 31, 32] (static+forcing)
[metrics] per-sample MSE будут сохранены в /workdir/paper_results/v5_global_samples.npz
[Main] Инференс (200 samples, DA=none)...
  [50/200] RMSE=0.328069 ACC=0.9426
  [100/200] RMSE=0.333685 ACC=0.9418
  [150/200] RMSE=0.331986 ACC=0.9416
  [200/200] RMSE=0.331669 ACC=0.9415
[Save] per-sample metrics → /workdir/paper_results/v5_global_samples.npz (N=200, AR=3, C=33)

============================================================
=== Inference summary (200 samples) ===
Grid: 512x256 (G=131072) | C=33 | AR=3 horizons
Overall: MSE=0.110004 | RMSE=0.331669 | MAE=0.182427
Baseline: RMSE=0.768038 | MAE=0.435721
Skill: 56.82%
ACC: 0.9415 | base: 0.7122 | Δ=+0.2292

Per-horizon:
  +24h: RMSE=0.257020 | base=0.675036 | skill=61.93% | ACC=0.9653 (base 0.7762)
  +48h: RMSE=0.325793 | base=0.793999 | skill=58.97% | ACC=0.9437 (base 0.6926)
  +72h: RMSE=0.397256 | base=0.826764 | skill=51.95% | ACC=0.9155 (base 0.6679)

Per-horizon per-channel RMSE (physical units):
         var   unit     +24h     +48h     +72h
         t2m      K    1.39°C    1.73°C    2.06°C
         10u    m/s     1.56     2.12     2.68
         10v    m/s     1.56     2.10     2.67
         msl    hPa     1.87     2.87     3.99
       t@850      K    1.44°C    1.79°C    2.16°C
       u@850    m/s     2.26     3.00     3.77
       v@850    m/s     2.22     2.94     3.69
       z@850    gpm     13.8     21.7     30.3
       z@500    gpm     17.7     28.3     40.0

Per-channel metrics overall (physical units, avg over 3 horizons):
    #        var      ACC  RMSE_norm    RMSE_phys     unit
    0        t2m   0.9959     0.0829       1.7512        K  (≈1.75 °C)
    1        10u   0.9262     0.3899       2.1697      m/s
    2        10v   0.8941     0.4521       2.1559      m/s
    3        msl   0.9808     0.2241       3.0329      hPa
    4         tp   0.6414     0.7713       0.0015        m
    5         sp   0.9994     0.0338       3.2276      hPa
    6       tcwv   0.9846     0.1737       2.8904    kg/m²
    7     z_surf   0.9999     0.0000       0.0000      gpm
    8        lsm   1.0001     0.0000       0.0000        -
    9      t@850   0.9924     0.1176       1.8229        K  (≈1.82 °C)
   10      u@850   0.9328     0.3728       3.0728      m/s
   11      v@850   0.8776     0.4797       3.0112      m/s
   12      z@850   0.9910     0.1506      22.9628      gpm
   13      q@850   0.9641     0.2642       0.0011    kg/kg
   14      t@500   0.9930     0.1192       1.5553        K  (≈1.56 °C)
   15      u@500   0.9381     0.3543       4.2607      m/s
   16      v@500   0.8884     0.4624       4.2577      m/s
   17      z@500   0.9966     0.0873      30.0930      gpm
   18      q@500   0.9104     0.3995       0.0004    kg/kg
   19      z@250   0.9975     0.0741      42.0945      gpm
   20      t@250   0.9745     0.2307       1.9977        K  (≈2.00 °C)
   21      u@250   0.9483     0.3174       5.7378      m/s
   22      v@250   0.9065     0.4288       5.7651      m/s
   23      q@250   0.8937     0.4190       0.0000    kg/kg
   24     z@1000   0.9824     0.2148      23.9357      gpm
   25     t@1000   0.9937     0.1049       1.7767        K  (≈1.78 °C)
   26     u@1000   0.9277     0.3824       2.3568      m/s
   27     v@1000   0.8957     0.4453       2.3665      m/s
   28     q@1000   0.9930     0.1169       0.0007    kg/kg
   29   sin_hour   0.2135     0.0000       0.0000        ?
   30   cos_hour   0.2135     0.0000       0.0000        ?
   31    sin_doy   0.1779     0.0000       0.0000        ?
   32    cos_doy   0.2130     0.0000       0.0000        ?
============================================================
