[11.08 10:32:31] === V5 (суточный шаг) START ===
[11.08 10:32:31] нет окружения или базового датасета — подготовка (1-2 ч)
[11.08 12:24:06] === V5 (суточный шаг) START ===
[11.08 12:24:06] нет окружения или базового датасета — подготовка (1-2 ч)
[11.08 12:38:00] подготовка rc=0
[11.08 12:38:00] собираю глобальный 33-канальный датасет (часы CPU)
[11.08 12:40:20] сборка rc=0 размер 60G
[11.08 12:40:20] коммит: e92ce06
[11.08 12:40:20] ВНИМАНИЕ: незакоммиченные изменения
[11.08 12:40:20] START обучения wb2_512x256_33f_ar_v5_24h (шаг 24 ч, с нуля, без pretrained)
[13.08 08:22:43] DONE обучение rc=0
[13.08 08:22:43] START оценки (3 шага = +24/+48/+72 ч)
[13.08 08:26:14] DONE оценка rc=0 | skill=51.95%
         t2m      K    1.39°C    1.73°C    2.06°C
         msl    hPa     1.87     2.87     3.99
[13.08 08:26:14] --- ГЛАВНОЕ СРАВНЕНИЕ ---
[13.08 08:26:14] v5, +24 ч ОДНИМ шагом — см. первую колонку таблицы по горизонтам выше
[13.08 08:26:14] v3, +24 ч ЧЕТЫРЬМЯ шагами: t2m 1.24 °C (200 сроков, 11.08.2026)
[13.08 08:26:14] если v5 заметно ниже 1.24 — накопление ошибки доминирует, идею разворачиваем
[13.08 08:26:14] === ALL DONE ===
[13.08 11:07:51] === V5 (суточный шаг) START ===
[13.08 11:07:51] нет окружения или базового датасета — подготовка (1-2 ч)
