### PROVENANCE ###############################################
# tag: m33_last_inner | started: 2026-07-27T15:46:56+03:00 | host: k8smr-macos-build--graphcast-v4-4171633564-task-0
# git commit: fc29897 | gpu: NVIDIA H100 80GB HBM3
# dataset: /data/datasets/multires_krsk_33f
#   info: {"time_start":"2010-01-01","time_end":"2021-12-31","n_time":16072,"n_nodes":133279,"n_feat":33,"flat":true,"n_global_kept":130778,"n_regional":2501,"roi":[50.0,60.0,83.0,98.0],"variables":["t2m","10u","10v","msl","tp","sp","tcwv","z_surf","lsm","t@850","u@850"
# experiment: experiments/multires_krsk_33f (config md5 4a638a82e12feaae9cce5f166d3314b4)
#   ckpt(--ckpt): d813295b852259016749d0ee43a1b8f3  /workdir/paper_results/krsk33f_last_epoch.pth
# COMMAND:
#   python -u scripts/predict.py experiments/multires_krsk_33f --data-dir /data/datasets/multires_krsk_33f --split test_only --ar-steps 4 --max-samples 2000 --per-channel --no-save --region 55.5 56.5 92 94 --save-sample-metrics /workdir/paper_results/m33_last_inner_samples.npz --ckpt /workdir/paper_results/krsk33f_last_epoch.pth
##############################################################

[predict] data_dir=/data/datasets/multires_krsk_33f (chunked=True, pred_steps=4)
[ChunkDataset] склеиваем data.npy (19ch) + data_extra.npy (14ch) → 33ch
[ChunkDataset] train: 12853 samples, flat_nodes=133279, feat=33, obs=2, pred=4
[ChunkDataset] склеиваем data.npy (19ch) + data_extra.npy (14ch) → 33ch
[ChunkDataset] val: 1607 samples, flat_nodes=133279, feat=33, obs=2, pred=4
[ChunkDataset] склеиваем data.npy (19ch) + data_extra.npy (14ch) → 33ch
[ChunkDataset] test_only: 1607 samples, flat_nodes=133279, feat=33, obs=2, pred=4
Encoder summary: 
+---------------------------+----------------------------+----------------+----------+
| Layer                     | Input Shape                | Output Shape   | #Param   |
|---------------------------+----------------------------+----------------+----------|
| Model                     | [174241, 72], [2, 207099]  | [174241, 256]  | 348,162  |
| ├─(mlp)MLP                |                            | [174241, 256]  | 150,786  |
| │    └─(MLP)ModuleList    | --                         | --             | 150,786  |
| │    │    └─(0)Linear     | [174241, 72]               | [174241, 256]  | 18,688   |
| │    │    └─(1)PReLU      | [174241, 256]              | [174241, 256]  | 1        |
| │    │    └─(2)Linear     | [174241, 256]              | [174241, 256]  | 65,792   |
| │    │    └─(3)PReLU      | [174241, 256]              | [174241, 256]  | 1        |
| │    │    └─(4)Linear     | [174241, 256]              | [174241, 256]  | 65,792   |
| │    │    └─(5)LayerNorm  | [174241, 256]              | [174241, 256]  | 512      |
| ├─(graph_layer)GraphLayer |                            | [174241, 256]  | 197,376  |
| │    └─(activation)SiLU   | [174241, 256]              | [174241, 256]  | --       |
| │    └─(layers)ModuleList | --                         | --             | 197,376  |
| │    │    └─(0)GCNConv    | [174241, 256], [2, 207099] | [174241, 256]  | 65,792   |
| │    │    └─(1)SiLU       | [174241, 256]              | [174241, 256]  | --       |
| │    │    └─(2)GCNConv    | [174241, 256], [2, 207099] | [174241, 256]  | 65,792   |
| │    │    └─(3)SiLU       | --                         | --             | --       |
| │    │    └─(4)GCNConv    | [174241, 256], [2, 207099] | [174241, 256]  | 65,792   |
+---------------------------+----------------------------+----------------+----------+

Processor summary: 
  (summary skipped: Expected all tensors to be on the same device, but found at least two devices, cuda:0 and cpu! (when checking argument for argument mat1 in method wrapper_CUDA_addmm))

Decoder summary: 
+---------------------------+----------------------------+----------------+----------+
| Layer                     | Input Shape                | Output Shape   | #Param   |
|---------------------------+----------------------------+----------------+----------|
| Model                     | [174241, 256], [2, 399837] | [174241, 33]   | 152,483  |
| ├─(mlp)MLP                |                            | [174241, 128]  | 115,202  |
| │    └─(MLP)ModuleList    | --                         | --             | 115,202  |
| │    │    └─(0)Linear     | [174241, 256]              | [174241, 256]  | 65,792   |
| │    │    └─(1)PReLU      | [174241, 256]              | [174241, 256]  | 1        |
| │    │    └─(2)Linear     | [174241, 256]              | [174241, 128]  | 32,896   |
| │    │    └─(3)PReLU      | [174241, 128]              | [174241, 128]  | 1        |
| │    │    └─(4)Linear     | [174241, 128]              | [174241, 128]  | 16,512   |
| ├─(graph_layer)GraphLayer |                            | [174241, 33]   | 37,281   |
| │    └─(activation)SiLU   | [174241, 128]              | [174241, 128]  | --       |
| │    └─(layers)ModuleList | --                         | --             | 37,281   |
| │    │    └─(0)GCNConv    | [174241, 128], [2, 399837] | [174241, 128]  | 16,512   |
| │    │    └─(1)SiLU       | [174241, 128]              | [174241, 128]  | --       |
| │    │    └─(2)GCNConv    | [174241, 128], [2, 399837] | [174241, 128]  | 16,512   |
| │    │    └─(3)SiLU       | --                         | --             | --       |
| │    │    └─(4)GCNConv    | [174241, 128], [2, 399837] | [174241, 33]   | 4,257    |
+---------------------------+----------------------------+----------------+----------+

[AR-rollout] Модель выдаёт 1 шаг(ов), но мы прогоним 4 шагов авторегрессионно.
[static] Каналы [7, 8] — статика, carry-forward при AR
[forcing] Каналы [29, 30, 31, 32] — форсинг (из ground truth при AR)
[predict] device=cuda | grid=0x0 | 2000/1607 test samples
[Region] 45 nodes (--region [55.5,56.5]N x [92.0,94.0]E)
[metrics] Исключены из aggregate метрик: каналы [7, 8, 29, 30, 31, 32] (static+forcing)
[metrics] per-sample MSE будут сохранены в /workdir/paper_results/m33_last_inner_samples.npz
[Main] Инференс (2000 samples, DA=none)...
  [50/2000] RMSE=0.169912 ACC=0.9853
  [100/2000] RMSE=0.165541 ACC=0.9853
  [150/2000] RMSE=0.168630 ACC=0.9851
  [200/2000] RMSE=0.169235 ACC=0.9850
  [250/2000] RMSE=0.169766 ACC=0.9851
  [300/2000] RMSE=0.170140 ACC=0.9851
  [350/2000] RMSE=0.170753 ACC=0.9851
  [400/2000] RMSE=0.170844 ACC=0.9851
  [450/2000] RMSE=0.171088 ACC=0.9851
  [500/2000] RMSE=0.170748 ACC=0.9851
  [550/2000] RMSE=0.170694 ACC=0.9851
  [600/2000] RMSE=0.170838 ACC=0.9850
  [650/2000] RMSE=0.170840 ACC=0.9850
  [700/2000] RMSE=0.171221 ACC=0.9849
  [750/2000] RMSE=0.171723 ACC=0.9849
  [800/2000] RMSE=0.171585 ACC=0.9849
  [850/2000] RMSE=0.171786 ACC=0.9849
  [900/2000] RMSE=0.171892 ACC=0.9849
  [950/2000] RMSE=0.171969 ACC=0.9849
  [1000/2000] RMSE=0.171940 ACC=0.9849
  [1050/2000] RMSE=0.172187 ACC=0.9849
  [1100/2000] RMSE=0.172320 ACC=0.9849
  [1150/2000] RMSE=0.172369 ACC=0.9849
  [1200/2000] RMSE=0.172201 ACC=0.9850
  [1250/2000] RMSE=0.171910 ACC=0.9850
  [1300/2000] RMSE=0.171659 ACC=0.9850
  [1350/2000] RMSE=0.171345 ACC=0.9850
  [1400/2000] RMSE=0.171280 ACC=0.9851
  [1450/2000] RMSE=0.171072 ACC=0.9851
  [1500/2000] RMSE=0.170869 ACC=0.9851
  [1550/2000] RMSE=0.170610 ACC=0.9851
  [1600/2000] RMSE=0.170363 ACC=0.9851
[Save] per-sample metrics → /workdir/paper_results/m33_last_inner_samples.npz (N=1607, AR=4, C=33)

============================================================
=== Inference summary (1607 samples) ===
Grid: 0x0 (G=133279) | C=33 | AR=4 horizons
Overall: MSE=0.029012 | RMSE=0.170330 | MAE=0.082443
Baseline: RMSE=0.548209 | MAE=0.281325
Skill: 68.93%
ACC: 0.9851 | base: 0.8500 | Δ=+0.1351

Per-horizon:
  +06h: RMSE=0.125360 | base=0.363277 | skill=65.49% | ACC=0.9921 (base 0.9343)
  +12h: RMSE=0.156780 | base=0.514900 | skill=69.55% | ACC=0.9876 (base 0.8677)
  +18h: RMSE=0.184867 | base=0.605222 | skill=69.45% | ACC=0.9825 (base 0.8171)
  +24h: RMSE=0.203909 | base=0.662380 | skill=69.22% | ACC=0.9784 (base 0.7808)

Per-horizon per-channel RMSE (physical units):
         var   unit      +6h     +12h     +18h     +24h
         t2m      K    0.80°C    0.94°C    1.01°C    1.07°C
         10u    m/s     0.71     0.85     0.96     1.06
         10v    m/s     0.72     0.86     0.97     1.08
         msl    hPa     0.62     0.78     0.93     1.08
       t@850      K    0.65°C    0.78°C    0.87°C    0.94°C
       u@850    m/s     1.09     1.30     1.46     1.60
       v@850    m/s     1.09     1.29     1.45     1.60
       z@850    gpm      4.4      5.4      6.6      7.6
       z@500    gpm      5.8      6.8      8.2      9.6

Per-channel metrics overall (physical units, avg over 4 horizons):
    #        var      ACC  RMSE_norm    RMSE_phys     unit
    0        t2m   0.9989     0.0454       0.9602        K  (≈0.96 °C)
    1        10u   0.9864     0.1628       0.9058      m/s
    2        10v   0.9811     0.1921       0.9160      m/s
    3        msl   0.9979     0.0641       0.8681      hPa
    4         tp   0.8607     0.5132       0.0010        m
    5         sp   0.9999     0.0106       1.0086      hPa
    6       tcwv   0.9964     0.0850       1.4140    kg/m²
    7     z_surf   0.9998     0.0000       0.0000      gpm
    8        lsm   1.0000     0.0000       0.0000        -
    9      t@850   0.9985     0.0527       0.8177        K  (≈0.82 °C)
   10      u@850   0.9860     0.1667       1.3741      m/s
   11      v@850   0.9759     0.2183       1.3703      m/s
   12      z@850   0.9992     0.0402       6.1331      gpm
   13      q@850   0.9881     0.1533       0.0006    kg/kg
   14      t@500   0.9989     0.0469       0.6114        K  (≈0.61 °C)
   15      u@500   0.9884     0.1516       1.8230      m/s
   16      v@500   0.9797     0.1998       1.8400      m/s
   17      z@500   0.9998     0.0225       7.7417      gpm
   18      q@500   0.9727     0.2345       0.0003    kg/kg
   19      z@250   0.9998     0.0195      11.0716      gpm
   20      t@250   0.9963     0.0872       0.7548        K  (≈0.75 °C)
   21      u@250   0.9909     0.1343       2.4276      m/s
   22      v@250   0.9835     0.1803       2.4238      m/s
   23      q@250   0.9570     0.2958       0.0000    kg/kg
   24     z@1000   0.9983     0.0588       6.5478      gpm
   25     t@1000   0.9987     0.0511       0.8658        K  (≈0.87 °C)
   26     u@1000   0.9866     0.1614       0.9950      m/s
   27     v@1000   0.9814     0.1906       1.0130      m/s
   28     q@1000   0.9976     0.0684       0.0004    kg/kg
   29   sin_hour   0.2155     0.0000       0.0000        ?
   30   cos_hour   0.2155     0.0000       0.0000        ?
   31    sin_doy   0.1761     0.0000       0.0000        ?
   32    cos_doy   0.1927     0.0000       0.0000        ?

--- Region [55.5,56.5]N x [92.0,94.0]E (45 nodes) ---
RMSE=0.110393 | base=0.433576 | skill=74.54%
ACC=0.6172 | base=0.3937

  Per-horizon (region):
    +06h: RMSE=0.092154 | base=0.274631 | skill=66.44% | ACC=0.6786 (base 0.5363)
    +12h: RMSE=0.105211 | base=0.403502 | skill=73.93% | ACC=0.6216 (base 0.3928)
    +18h: RMSE=0.115339 | base=0.481172 | skill=76.03% | ACC=0.5949 (base 0.3342)
    +24h: RMSE=0.126021 | base=0.531217 | skill=76.28% | ACC=0.5737 (base 0.3116)

  Per-horizon per-channel RMSE — REGION (45 nodes):
           var   unit      +6h     +12h     +18h     +24h
           t2m      K    1.21°C    1.41°C    1.47°C    1.53°C
           10u    m/s     0.58     0.66     0.70     0.75
           10v    m/s     0.52     0.57     0.61     0.65
           msl    hPa     0.58     0.76     0.91     1.04
         t@850      K    0.63°C    0.76°C    0.85°C    0.93°C
         u@850    m/s     1.28     1.45     1.60     1.73
         v@850    m/s     1.21     1.35     1.45     1.57
         z@850    gpm      3.8      5.0      6.2      7.2
         z@500    gpm      5.5      6.8      8.3      9.6

  Per-channel region (physical units, avg over 4 horizons):
      #        var      ACC  RMSE_norm    RMSE_phys     unit
      0        t2m   0.6692     0.0668       1.4114        K  (≈1.41 °C)
      1        10u   0.5966     0.1210       0.6731      m/s
      2        10v   0.4950     0.1236       0.5895      m/s
      3        msl   0.7220     0.0620       0.8387      hPa
      4         tp   0.1694     0.0970       0.0002        m
      5         sp   0.9994     0.0092       0.8765      hPa
      6       tcwv   0.7057     0.0587       0.9768    kg/m²
      7     z_surf   1.0000     0.0000       0.0000      gpm
      8        lsm   1.0000     0.0000       0.0000        -
      9      t@850   0.6303     0.0516       0.7997        K  (≈0.80 °C)
     10      u@850   0.5949     0.1844       1.5205      m/s
     11      v@850   0.5797     0.2231       1.4004      m/s
     12      z@850   0.8501     0.0372       5.6708      gpm
     13      q@850   0.4384     0.0939       0.0004    kg/kg
     14      t@500   0.6539     0.0459       0.5994        K  (≈0.60 °C)
     15      u@500   0.6041     0.1553       1.8673      m/s
     16      v@500   0.6496     0.1986       1.8282      m/s
     17      z@500   0.8592     0.0224       7.7055      gpm
     18      q@500   0.4637     0.1430       0.0002    kg/kg
     19      z@250   0.8397     0.0199      11.2917      gpm
     20      t@250   0.5663     0.0936       0.8103        K  (≈0.81 °C)
     21      u@250   0.6653     0.1329       2.4027      m/s
     22      v@250   0.6964     0.1747       2.3483      m/s
     23      q@250   0.3066     0.0824       0.0000    kg/kg
     24     z@1000   0.8040     0.0552       6.1501      gpm
     25     t@1000   0.6019     0.0632       1.0693        K  (≈1.07 °C)
     26     u@1000   0.5900     0.0941       0.5798      m/s
     27     v@1000   0.4893     0.0962       0.5112      m/s
     28     q@1000   0.4241     0.0732       0.0004    kg/kg
     29   sin_hour   0.0000     0.0000       0.0000        ?
     30   cos_hour   0.0000     0.0000       0.0000        ?
     31    sin_doy   0.0000     0.0000       0.0000        ?
     32    cos_doy   0.0000     0.0000       0.0000        ?
============================================================

### finished: 2026-07-27T16:22:55+03:00, exit=0 ###
