[11.08 08:06:03] === V3 vs V4 COMPARE START (ждём эпоху 21) ===
[11.08 08:06:03] достигнута эпоха 21
[11.08 08:06:03] останавливаю обучение v4 на эпохе 21
[11.08 08:06:33] GPU: 0 MiB, 0 %
[prep] v4 чекпойнт эпохи 20
[11.08 08:06:34] START v4_global
[11.08 08:06:47] DONE  v4_global rc=1 | 
[11.08 08:06:47] START v3_global
[11.08 08:06:58] DONE  v3_global rc=1 | 
[11.08 08:06:58] --- ИТОГ (одно окно, 200 сроков, +6…+24 ч, глобальная сетка) ---
[11.08 08:06:58] v3_global:   
[11.08 08:06:59] v4_global:   
[11.08 08:06:59] напоминание: у v4 эпоха 21, у v3 — лучшая эпоха 30, бюджет в пользу v3
[11.08 08:06:59] === ALL DONE ===
[11.08 08:29:44] === V3 vs V4 COMPARE START (ждём эпоху 24) ===
[11.08 08:29:44] обучение уже не идёт (эпоха 21) — продолжаю
[11.08 08:29:44] GPU: 0 MiB, 0 %
[prep] v4 чекпойнт эпохи 20
[11.08 08:29:46] START v4_global
[11.08 08:34:21] DONE  v4_global rc=0 | skill=56.45%
         t2m      K    0.96°C    1.28°C    1.54°C    1.81°C
         msl    hPa     0.78     1.16     1.58     2.02
[11.08 08:34:21] START v3_global
[11.08 08:38:18] DONE  v3_global rc=0 | skill=64.60%
         t2m      K    0.85°C    1.04°C    1.12°C    1.24°C
         msl    hPa     0.72     1.05     1.34     1.63
[11.08 08:38:18] --- ИТОГ (одно окно, 200 сроков, +6…+24 ч, глобальная сетка) ---
[11.08 08:38:18] v3_global: skill=64.60%   t2m K 0.85°C 1.04°C 1.12°C 1.24°C
[11.08 08:38:18] v4_global: skill=56.45%   t2m K 0.96°C 1.28°C 1.54°C 1.81°C
[11.08 08:38:18] напоминание: у v4 эпоха 24, у v3 — лучшая эпоха 30, бюджет в пользу v3
[11.08 08:38:18] === ALL DONE ===
[11.08 08:48:39] === V3 vs V4 COMPARE START (ждём эпоху 24) ===
[11.08 08:48:39] обучение уже не идёт (эпоха 21) — продолжаю
[11.08 08:48:39] GPU: 0 MiB, 0 %
[prep] v4 чекпойнт эпохи 20
[11.08 08:48:40] START v4_global
[11.08 08:54:05] DONE  v4_global rc=0 | skill=56.45%
         t2m      K    0.96°C    1.28°C    1.54°C    1.81°C
         msl    hPa     0.78     1.16     1.58     2.02
         t2m      K    0.96°C    1.28°C    1.54°C    1.81°C
         msl    hPa     0.78     1.16     1.58     2.02
[11.08 08:54:05] START v3_global
[11.08 08:59:28] DONE  v3_global rc=0 | skill=64.60%
         t2m      K    0.85°C    1.04°C    1.12°C    1.24°C
         msl    hPa     0.72     1.05     1.34     1.63
         t2m      K    0.85°C    1.04°C    1.12°C    1.24°C
         msl    hPa     0.72     1.05     1.34     1.63
[11.08 08:59:28] --- ИТОГ (одно окно, 200 сроков, +6…+24 ч, глобальная сетка) ---
[11.08 08:59:28] v3_global: skill=64.60%   t2m K 0.85°C 1.04°C 1.12°C 1.24°C
[11.08 08:59:28] v4_global: skill=56.45%   t2m K 0.96°C 1.28°C 1.54°C 1.81°C
[11.08 08:59:28] напоминание: у v4 эпоха 24, у v3 — лучшая эпоха 30, бюджет в пользу v3
[11.08 08:59:28] === ALL DONE ===
